#
# There is insufficient memory for the Java Runtime Environment to continue.
# Native memory allocation (mmap) failed to map 65536 bytes for Failed to commit metaspace.
# Possible reasons:
#   The system is out of physical RAM or swap space
#   The process is running with CompressedOops enabled, and the Java Heap may be blocking the growth of the native heap
# Possible solutions:
#   Reduce memory load on the system
#   Increase physical memory or swap space
#   Check if swap backing store is full
#   Decrease Java heap size (-Xmx/-Xms)
#   Decrease number of Java threads
#   Decrease Java thread stack sizes (-Xss)
#   Set larger code cache with -XX:ReservedCodeCacheSize=
#   JVM is running with Unscaled Compressed Oops mode in which the Java heap is
#     placed in the first 4GB address space. The Java Heap base address is the
#     maximum limit for the native heap growth. Please use -XX:HeapBaseMinAddress
#     to set the Java Heap base and to place the Java Heap above 4GB virtual address.
# This output file may be truncated or incomplete.
#
#  Out of Memory Error (virtualSpaceNode.cpp:110), pid=23764, tid=26204
#
# JRE version: OpenJDK Runtime Environment Temurin-17.0.4.1+1 (17.0.4.1+1) (build 17.0.4.1+1)
# Java VM: OpenJDK 64-Bit Server VM Temurin-17.0.4.1+1 (17.0.4.1+1, mixed mode, tiered, compressed oops, compressed class ptrs, parallel gc, windows-amd64)
# No core dump will be written. Minidumps are not enabled by default on client versions of Windows
#

---------------  S U M M A R Y ------------

Command Line: --add-modules=ALL-SYSTEM --add-opens=java.base/java.util=ALL-UNNAMED --add-opens=java.base/java.lang=ALL-UNNAMED --add-opens=java.base/sun.nio.fs=ALL-UNNAMED -Declipse.application=org.eclipse.jdt.ls.core.id1 -Dosgi.bundles.defaultStartLevel=4 -Declipse.product=org.eclipse.jdt.ls.core.product -Djava.import.generatesMetadataFilesAtProjectRoot=false -Dfile.encoding=utf8 -XX:+UseParallelGC -XX:GCTimeRatio=4 -XX:AdaptiveSizePolicyWeight=90 -Dsun.zip.disableMemoryMapping=true -Xmx1G -Xms100m -Xlog:disable -javaagent:c:\Users\Razza\.kiro\extensions\redhat.java-1.12.0-win32-x64\lombok\lombok-1.18.24.jar c:\Users\Razza\.kiro\extensions\redhat.java-1.12.0-win32-x64\server\plugins\org.eclipse.equinox.launcher_1.6.400.v20210924-0641.jar -configuration c:\Users\Razza\AppData\Roaming\Kiro\User\globalStorage\redhat.java\1.12.0\config_ss_win -data c:\Users\Razza\AppData\Roaming\Kiro\User\workspaceStorage\258973467f62c406ef5ee91e612777d0\redhat.java\ss_ws

Host: AMD Ryzen 5 7520U with Radeon Graphics         , 8 cores, 15G,  Windows 11 , 64 bit Build 26100 (10.0.26100.7019)
Time: Fri Apr 24 11:10:45 2026 Malay Peninsula Standard Time elapsed time: 4.406103 seconds (0d 0h 0m 4s)

---------------  T H R E A D  ---------------

Current thread (0x000001d2058b3a30):  JavaThread "main" [_thread_in_vm, id=26204, stack(0x0000006a52100000,0x0000006a52200000)]

Stack: [0x0000006a52100000,0x0000006a52200000]
Native frames: (J=compiled Java code, j=interpreted, Vv=VM code, C=native code)
V  [jvm.dll+0x67731a]
V  [jvm.dll+0x832284]
V  [jvm.dll+0x833a2e]
V  [jvm.dll+0x834093]
V  [jvm.dll+0x245775]
V  [jvm.dll+0x82e22b]
V  [jvm.dll+0x61bdf6]
V  [jvm.dll+0x61be5a]
V  [jvm.dll+0x61e67a]
V  [jvm.dll+0x61c796]
V  [jvm.dll+0x6265e7]
V  [jvm.dll+0x1ea5db]
V  [jvm.dll+0x1eab15]
V  [jvm.dll+0x1eb54f]
V  [jvm.dll+0x1e09f1]
V  [jvm.dll+0x53c910]
V  [jvm.dll+0x1f11e7]
V  [jvm.dll+0x7ac56b]
V  [jvm.dll+0x7ad912]
V  [jvm.dll+0x413f45]
C  [java.dll+0x1a55]

Java frames: (J=compiled Java code, j=interpreted, Vv=VM code)
j  java.lang.ClassLoader.findBootstrapClass(Ljava/lang/String;)Ljava/lang/Class;+0 java.base@17.0.4.1
j  java.lang.ClassLoader.findBootstrapClassOrNull(Ljava/lang/String;)Ljava/lang/Class;+10 java.base@17.0.4.1
j  java.lang.System$2.findBootstrapClassOrNull(Ljava/lang/String;)Ljava/lang/Class;+1 java.base@17.0.4.1
j  jdk.internal.loader.ClassLoaders$BootClassLoader.loadClassOrNull(Ljava/lang/String;Z)Ljava/lang/Class;+4 java.base@17.0.4.1
j  jdk.internal.loader.BuiltinClassLoader.loadClassOrNull(Ljava/lang/String;)Ljava/lang/Class;+3 java.base@17.0.4.1
j  jdk.internal.loader.BuiltinClassLoader.loadClassOrNull(Ljava/lang/String;Z)Ljava/lang/Class;+66 java.base@17.0.4.1
j  jdk.internal.loader.BuiltinClassLoader.loadClass(Ljava/lang/String;Z)Ljava/lang/Class;+3 java.base@17.0.4.1
j  java.lang.ClassLoader.loadClass(Ljava/lang/String;Z)Ljava/lang/Class;+38 java.base@17.0.4.1
J 798 c1 java.lang.ClassLoader.loadClass(Ljava/lang/String;)Ljava/lang/Class; java.base@17.0.4.1 (7 bytes) @ 0x000001d208c2b03c [0x000001d208c2af40+0x00000000000000fc]
v  ~StubRoutines::call_stub
j  org.eclipse.osgi.internal.framework.EquinoxConfiguration.<init>(Ljava/util/Map;Lorg/eclipse/osgi/internal/hookregistry/HookRegistry;)V+73
j  org.eclipse.osgi.internal.framework.EquinoxContainer.<init>(Ljava/util/Map;Lorg/osgi/framework/connect/ModuleConnector;)V+81
j  org.eclipse.osgi.launch.Equinox.<init>(Ljava/util/Map;Lorg/osgi/framework/connect/ModuleConnector;)V+10
j  org.eclipse.osgi.launch.Equinox.<init>(Ljava/util/Map;)V+3
j  org.eclipse.core.runtime.adaptor.EclipseStarter.startup([Ljava/lang/String;Ljava/lang/Runnable;)Lorg/osgi/framework/BundleContext;+28
j  org.eclipse.core.runtime.adaptor.EclipseStarter.run([Ljava/lang/String;Ljava/lang/Runnable;)Ljava/lang/Object;+21
v  ~StubRoutines::call_stub
j  jdk.internal.reflect.NativeMethodAccessorImpl.invoke0(Ljava/lang/reflect/Method;Ljava/lang/Object;[Ljava/lang/Object;)Ljava/lang/Object;+0 java.base@17.0.4.1
j  jdk.internal.reflect.NativeMethodAccessorImpl.invoke(Ljava/lang/Object;[Ljava/lang/Object;)Ljava/lang/Object;+133 java.base@17.0.4.1
j  jdk.internal.reflect.DelegatingMethodAccessorImpl.invoke(Ljava/lang/Object;[Ljava/lang/Object;)Ljava/lang/Object;+6 java.base@17.0.4.1
j  java.lang.reflect.Method.invoke(Ljava/lang/Object;[Ljava/lang/Object;)Ljava/lang/Object;+59 java.base@17.0.4.1
j  org.eclipse.equinox.launcher.Main.invokeFramework([Ljava/lang/String;[Ljava/net/URL;)V+201
j  org.eclipse.equinox.launcher.Main.basicRun([Ljava/lang/String;)V+159
j  org.eclipse.equinox.launcher.Main.run([Ljava/lang/String;)I+4
j  org.eclipse.equinox.launcher.Main.main([Ljava/lang/String;)V+10
v  ~StubRoutines::call_stub

---------------  P R O C E S S  ---------------

Threads class SMR info:
_java_thread_list=0x000001d21c48ca40, length=12, elements={
0x000001d2058b3a30, 0x000001d21b251fe0, 0x000001d219725ee0, 0x000001d21b25af40,
0x000001d219736d50, 0x000001d21b27f020, 0x000001d21b27f4f0, 0x000001d21b2800e0,
0x000001d21b2d2000, 0x000001d21b2fba40, 0x000001d21b34de00, 0x000001d21b5700d0
}

Java Threads: ( => current thread )
=>0x000001d2058b3a30 JavaThread "main" [_thread_in_vm, id=26204, stack(0x0000006a52100000,0x0000006a52200000)]
  0x000001d21b251fe0 JavaThread "Reference Handler" daemon [_thread_blocked, id=24820, stack(0x0000006a52400000,0x0000006a52500000)]
  0x000001d219725ee0 JavaThread "Finalizer" daemon [_thread_blocked, id=15540, stack(0x0000006a52500000,0x0000006a52600000)]
  0x000001d21b25af40 JavaThread "Signal Dispatcher" daemon [_thread_blocked, id=27252, stack(0x0000006a52600000,0x0000006a52700000)]
  0x000001d219736d50 JavaThread "Attach Listener" daemon [_thread_blocked, id=12180, stack(0x0000006a52700000,0x0000006a52800000)]
  0x000001d21b27f020 JavaThread "Service Thread" daemon [_thread_blocked, id=8752, stack(0x0000006a52800000,0x0000006a52900000)]
  0x000001d21b27f4f0 JavaThread "Monitor Deflation Thread" daemon [_thread_blocked, id=5896, stack(0x0000006a52900000,0x0000006a52a00000)]
  0x000001d21b2800e0 JavaThread "C2 CompilerThread0" daemon [_thread_blocked, id=21620, stack(0x0000006a52a00000,0x0000006a52b00000)]
  0x000001d21b2d2000 JavaThread "C1 CompilerThread0" daemon [_thread_blocked, id=22104, stack(0x0000006a52b00000,0x0000006a52c00000)]
  0x000001d21b2fba40 JavaThread "Sweeper thread" daemon [_thread_blocked, id=26036, stack(0x0000006a52c00000,0x0000006a52d00000)]
  0x000001d21b34de00 JavaThread "Common-Cleaner" daemon [_thread_blocked, id=24068, stack(0x0000006a52d00000,0x0000006a52e00000)]
  0x000001d21b5700d0 JavaThread "Notification Thread" daemon [_thread_blocked, id=13232, stack(0x0000006a52e00000,0x0000006a52f00000)]

Other Threads:
  0x000001d21b241c30 VMThread "VM Thread" [stack: 0x0000006a52300000,0x0000006a52400000] [id=25252]
  0x000001d21b557050 WatcherThread [stack: 0x0000006a52f00000,0x0000006a53000000] [id=9080]
  0x000001d2058c9a30 GCTaskThread "GC Thread#0" [stack: 0x0000006a52200000,0x0000006a52300000] [id=26884]

Threads with active compile tasks:

VM state: not at safepoint (normal execution)

VM Mutex/Monitor currently owned by a thread:  ([mutex/lock_event])
[0x000001d2058afe80] Metaspace_lock - owner thread: 0x000001d2058b3a30

Heap address: 0x00000000c0000000, size: 1024 MB, Compressed Oops mode: 32-bit

CDS archive(s) not mapped
Compressed class space mapped at: 0x0000000100000000-0x0000000140000000, reserved size: 1073741824
Narrow klass base: 0x0000000000000000, Narrow klass shift: 3, Narrow klass range: 0x140000000

GC Precious Log:
 CPUs: 8 total, 8 available
 Memory: 15610M
 Large Page Support: Disabled
 NUMA Support: Disabled
 Compressed Oops: Enabled (32-bit)
 Alignments: Space 512K, Generation 512K, Heap 2M
 Heap Min Capacity: 100M
 Heap Initial Capacity: 100M
 Heap Max Capacity: 1G
 Pre-touch: Disabled
 Parallel Workers: 8

Heap:
 PSYoungGen      total 29696K, used 20751K [0x00000000eab00000, 0x00000000ecc00000, 0x0000000100000000)
  eden space 25600K, 81% used [0x00000000eab00000,0x00000000ebf43fb0,0x00000000ec400000)
  from space 4096K, 0% used [0x00000000ec800000,0x00000000ec800000,0x00000000ecc00000)
  to   space 4096K, 0% used [0x00000000ec400000,0x00000000ec400000,0x00000000ec800000)
 ParOldGen       total 68608K, used 0K [0x00000000c0000000, 0x00000000c4300000, 0x00000000eab00000)
  object space 68608K, 0% used [0x00000000c0000000,0x00000000c0000000,0x00000000c4300000)
 Metaspace       used 9634K, committed 9728K, reserved 1064960K
  class space    used 962K, committed 1024K, reserved 1048576K

Card table byte_map: [0x000001d205260000,0x000001d205470000] _byte_map_base: 0x000001d204c60000

Marking Bits: (ParMarkBitMap*) 0x00007ff9fcb62cc0
 Begin Bits: [0x000001d217540000, 0x000001d218540000)
 End Bits:   [0x000001d218540000, 0x000001d219540000)

Polling page: 0x000001d2037f0000

Metaspace:

Usage:
  Non-class:      8.47 MB used.
      Class:    962.82 KB used.
       Both:      9.41 MB used.

Virtual space:
  Non-class space:       16.00 MB reserved,       8.50 MB ( 53%) committed,  2 nodes.
      Class space:        1.00 GB reserved,       1.00 MB ( <1%) committed,  1 nodes.
             Both:        1.02 GB reserved,       9.50 MB ( <1%) committed. 

Chunk freelists:
   Non-Class:  2.62 MB
       Class:  3.00 MB
        Both:  5.62 MB

MaxMetaspaceSize: unlimited
CompressedClassSpaceSize: 1.00 GB
Initial GC threshold: 21.00 MB
Current GC threshold: 21.00 MB
CDS: off
MetaspaceReclaimPolicy: balanced
 - commit_granule_bytes: 65536.
 - commit_granule_words: 8192.
 - virtual_space_node_default_size: 1048576.
 - enlarge_chunks_in_place: 1.
 - new_chunks_are_fully_committed: 0.
 - uncommit_free_chunks: 1.
 - use_allocation_guard: 0.
 - handle_deallocations: 1.


Internal statistics:

num_allocs_failed_limit: 0.
num_arena_births: 16.
num_arena_deaths: 0.
num_vsnodes_births: 3.
num_vsnodes_deaths: 0.
num_space_committed: 152.
num_space_uncommitted: 0.
num_chunks_returned_to_freelist: 0.
num_chunks_taken_from_freelist: 66.
num_chunk_merges: 0.
num_chunk_splits: 39.
num_chunks_enlarged: 35.
num_purges: 0.
num_inconsistent_stats: 0.

CodeHeap 'non-profiled nmethods': size=120000Kb used=355Kb max_used=355Kb free=119644Kb
 bounds [0x000001d210010000, 0x000001d210280000, 0x000001d217540000]
CodeHeap 'profiled nmethods': size=120000Kb used=1358Kb max_used=1358Kb free=118641Kb
 bounds [0x000001d208ae0000, 0x000001d208d50000, 0x000001d210010000]
CodeHeap 'non-nmethods': size=5760Kb used=1131Kb max_used=1166Kb free=4628Kb
 bounds [0x000001d208540000, 0x000001d2087b0000, 0x000001d208ae0000]
 total_blobs=1231 nmethods=811 adapters=335
 compilation: enabled
              stopped_count=0, restarted_count=0
 full_count=0

Compilation events (20 events):
Event: 4.341 Thread 0x000001d21b2800e0  802       4       java.nio.Buffer::scope (17 bytes)
Event: 4.341 Thread 0x000001d21b2d2000  803       3       jdk.internal.jimage.ImageStringsReader::stringFromByteBufferMatches (138 bytes)
Event: 4.342 Thread 0x000001d21b2800e0 nmethod 802 0x000001d210068390 code [0x000001d210068500, 0x000001d210068598]
Event: 4.343 Thread 0x000001d21b2d2000 nmethod 803 0x000001d208c2c510 code [0x000001d208c2c800, 0x000001d208c2d968]
Event: 4.343 Thread 0x000001d21b2d2000  805       3       jdk.internal.jimage.ImageLocation::verify (218 bytes)
Event: 4.344 Thread 0x000001d21b2d2000 nmethod 805 0x000001d208c2e110 code [0x000001d208c2e3c0, 0x000001d208c2f118]
Event: 4.344 Thread 0x000001d21b2d2000  806       3       jdk.internal.jimage.BasicImageReader::getLocationIndex (52 bytes)
Event: 4.345 Thread 0x000001d21b2d2000 nmethod 806 0x000001d208c2f690 code [0x000001d208c2f880, 0x000001d208c2fd18]
Event: 4.345 Thread 0x000001d21b2d2000  807       3       jdk.internal.jimage.ImageStringsReader::hashCode (8 bytes)
Event: 4.345 Thread 0x000001d21b2d2000 nmethod 807 0x000001d208c2ff90 code [0x000001d208c30140, 0x000001d208c302f8]
Event: 4.345 Thread 0x000001d21b2d2000  804       3       jdk.internal.jimage.ImageLocation::verifyName (161 bytes)
Event: 4.347 Thread 0x000001d21b2d2000 nmethod 804 0x000001d208c30410 code [0x000001d208c30740, 0x000001d208c31cf8]
Event: 4.347 Thread 0x000001d21b2d2000  808       3       jdk.internal.module.SystemModuleFinders$SystemModuleReader::find (59 bytes)
Event: 4.348 Thread 0x000001d21b2d2000 nmethod 808 0x000001d208c32690 code [0x000001d208c32940, 0x000001d208c333e8]
Event: 4.348 Thread 0x000001d21b2d2000  809       1       java.nio.Buffer::position (5 bytes)
Event: 4.348 Thread 0x000001d21b2d2000 nmethod 809 0x000001d210068690 code [0x000001d210068820, 0x000001d2100688f8]
Event: 4.348 Thread 0x000001d21b2d2000  810       3       java.util.ArrayList::isEmpty (13 bytes)
Event: 4.349 Thread 0x000001d21b2d2000 nmethod 810 0x000001d208c33810 code [0x000001d208c339a0, 0x000001d208c33b18]
Event: 4.354 Thread 0x000001d21b2d2000  811       1       java.security.CodeSource::getLocationNoFragString (5 bytes)
Event: 4.354 Thread 0x000001d21b2d2000 nmethod 811 0x000001d210068990 code [0x000001d210068b20, 0x000001d210068bf8]

GC Heap History (0 events):
No events

Deoptimization events (20 events):
Event: 4.247 Thread 0x000001d2058b3a30 DEOPT PACKING pc=0x000001d21004fba4 sp=0x0000006a521fd040
Event: 4.247 Thread 0x000001d2058b3a30 DEOPT UNPACKING pc=0x000001d2085920a3 sp=0x0000006a521fcfc8 mode 2
Event: 4.262 Thread 0x000001d2058b3a30 Uncommon trap: trap_request=0xffffffc6 fr.pc=0x000001d21004fba4 relative=0x0000000000000264
Event: 4.262 Thread 0x000001d2058b3a30 Uncommon trap: reason=bimorphic_or_optimized_type_check action=maybe_recompile pc=0x000001d21004fba4 method=java.util.HashMap.getNode(Ljava/lang/Object;)Ljava/util/HashMap$Node; @ 128 c2
Event: 4.262 Thread 0x000001d2058b3a30 DEOPT PACKING pc=0x000001d21004fba4 sp=0x0000006a521fcce0
Event: 4.262 Thread 0x000001d2058b3a30 DEOPT UNPACKING pc=0x000001d2085920a3 sp=0x0000006a521fcc68 mode 2
Event: 4.275 Thread 0x000001d2058b3a30 DEOPT PACKING pc=0x000001d208be9409 sp=0x0000006a521fcd40
Event: 4.275 Thread 0x000001d2058b3a30 DEOPT UNPACKING pc=0x000001d208592843 sp=0x0000006a521fc1c8 mode 0
Event: 4.275 Thread 0x000001d2058b3a30 DEOPT PACKING pc=0x000001d208be9409 sp=0x0000006a521fcd40
Event: 4.275 Thread 0x000001d2058b3a30 DEOPT UNPACKING pc=0x000001d208592843 sp=0x0000006a521fc1c8 mode 0
Event: 4.275 Thread 0x000001d2058b3a30 DEOPT PACKING pc=0x000001d208be9409 sp=0x0000006a521fcd40
Event: 4.275 Thread 0x000001d2058b3a30 DEOPT UNPACKING pc=0x000001d208592843 sp=0x0000006a521fc1c8 mode 0
Event: 4.289 Thread 0x000001d2058b3a30 DEOPT PACKING pc=0x000001d208be9409 sp=0x0000006a521fcd40
Event: 4.289 Thread 0x000001d2058b3a30 DEOPT UNPACKING pc=0x000001d208592843 sp=0x0000006a521fc1c8 mode 0
Event: 4.290 Thread 0x000001d2058b3a30 DEOPT PACKING pc=0x000001d208be9409 sp=0x0000006a521fcd40
Event: 4.290 Thread 0x000001d2058b3a30 DEOPT UNPACKING pc=0x000001d208592843 sp=0x0000006a521fc1c8 mode 0
Event: 4.291 Thread 0x000001d2058b3a30 DEOPT PACKING pc=0x000001d208be9409 sp=0x0000006a521fcd40
Event: 4.291 Thread 0x000001d2058b3a30 DEOPT UNPACKING pc=0x000001d208592843 sp=0x0000006a521fc1c8 mode 0
Event: 4.291 Thread 0x000001d2058b3a30 DEOPT PACKING pc=0x000001d208be9409 sp=0x0000006a521fcd40
Event: 4.291 Thread 0x000001d2058b3a30 DEOPT UNPACKING pc=0x000001d208592843 sp=0x0000006a521fc1c8 mode 0

Classes unloaded (0 events):
No events

Classes redefined (0 events):
No events

Internal exceptions (9 events):
Event: 0.510 Thread 0x000001d2058b3a30 Exception <a 'java/lang/NoSuchMethodError'{0x00000000eacb25c8}: 'void java.lang.invoke.DirectMethodHandle$Holder.invokeStatic(java.lang.Object, java.lang.Object, java.lang.Object)'> (0x00000000eacb25c8) 
thrown [s\src\hotspot\share\interpreter\linkResolver.cpp, line 759]
Event: 1.725 Thread 0x000001d2058b3a30 Exception <a 'java/lang/reflect/InvocationTargetException'{0x00000000eaf77fc8}> (0x00000000eaf77fc8) 
thrown [s\src\hotspot\share\runtime\reflection.cpp, line 1121]
Event: 3.181 Thread 0x000001d2058b3a30 Exception <a 'java/lang/ClassNotFoundException'{0x00000000eb709a50}: sun/net/www/protocol/c/Handler> (0x00000000eb709a50) 
thrown [s\src\hotspot\share\classfile\systemDictionary.cpp, line 256]
Event: 3.190 Thread 0x000001d2058b3a30 Exception <a 'java/io/FileNotFoundException'{0x00000000eb71ce68}> (0x00000000eb71ce68) 
thrown [s\src\hotspot\share\prims\jni.cpp, line 516]
Event: 3.191 Thread 0x000001d2058b3a30 Exception <a 'java/io/FileNotFoundException'{0x00000000eb71db60}> (0x00000000eb71db60) 
thrown [s\src\hotspot\share\prims\jni.cpp, line 516]
Event: 3.192 Thread 0x000001d2058b3a30 Exception <a 'java/io/FileNotFoundException'{0x00000000eb71e838}> (0x00000000eb71e838) 
thrown [s\src\hotspot\share\prims\jni.cpp, line 516]
Event: 3.193 Thread 0x000001d2058b3a30 Exception <a 'java/io/FileNotFoundException'{0x00000000eb71f4e8}> (0x00000000eb71f4e8) 
thrown [s\src\hotspot\share\prims\jni.cpp, line 516]
Event: 3.222 Thread 0x000001d2058b3a30 Implicit null exception at 0x000001d2100433f2 to 0x000001d210043910
Event: 3.260 Thread 0x000001d2058b3a30 Exception <a 'java/io/FileNotFoundException'{0x00000000eb75dc90}> (0x00000000eb75dc90) 
thrown [s\src\hotspot\share\prims\jni.cpp, line 516]

VM Operations (16 events):
Event: 0.516 Executing VM operation: HandshakeAllThreads
Event: 0.516 Executing VM operation: HandshakeAllThreads done
Event: 1.193 Executing VM operation: HandshakeAllThreads
Event: 1.193 Executing VM operation: HandshakeAllThreads done
Event: 1.193 Executing VM operation: Cleanup
Event: 1.193 Executing VM operation: Cleanup done
Event: 2.201 Executing VM operation: Cleanup
Event: 2.221 Executing VM operation: Cleanup done
Event: 2.965 Executing VM operation: HandshakeAllThreads
Event: 2.966 Executing VM operation: HandshakeAllThreads done
Event: 3.165 Executing VM operation: HandshakeAllThreads
Event: 3.165 Executing VM operation: HandshakeAllThreads done
Event: 4.167 Executing VM operation: Cleanup
Event: 4.168 Executing VM operation: Cleanup done
Event: 4.327 Executing VM operation: HandshakeAllThreads
Event: 4.327 Executing VM operation: HandshakeAllThreads done

Events (20 events):
Event: 4.178 loading class java/util/NoSuchElementException done
Event: 4.200 loading class jdk/internal/misc/ScopedMemoryAccess$Scope
Event: 4.200 loading class jdk/internal/misc/ScopedMemoryAccess$Scope done
Event: 4.201 loading class java/net/URLClassLoader$2
Event: 4.201 loading class java/net/URLClassLoader$2 done
Event: 4.323 loading class java/io/BufferedReader
Event: 4.323 loading class java/io/BufferedReader done
Event: 4.323 loading class sun/nio/cs/StreamDecoder
Event: 4.324 loading class sun/nio/cs/StreamDecoder done
Event: 4.324 loading class sun/nio/cs/UTF_8$Decoder
Event: 4.327 loading class sun/nio/cs/UTF_8$Decoder done
Event: 4.328 loading class java/nio/charset/CoderResult
Event: 4.328 loading class java/nio/charset/CoderResult done
Event: 4.376 loading class java/util/Random
Event: 4.376 loading class java/util/random/RandomGenerator
Event: 4.376 loading class java/util/random/RandomGenerator done
Event: 4.376 loading class java/util/Random done
Event: 4.377 loading class java/util/UUID
Event: 4.377 loading class java/util/UUID done
Event: 4.377 loading class java/util/concurrent/atomic/AtomicBoolean


Dynamic libraries:
0x00007ff7dabf0000 - 0x00007ff7dabfe000 	c:\Users\Razza\.kiro\extensions\redhat.java-1.12.0-win32-x64\jre\17.0.4.1-win32-x86_64\bin\java.exe
0x00007ffa76cc0000 - 0x00007ffa76f28000 	C:\WINDOWS\SYSTEM32\ntdll.dll
0x00007ffa74f80000 - 0x00007ffa75049000 	C:\WINDOWS\System32\KERNEL32.DLL
0x00007ffa74010000 - 0x00007ffa74408000 	C:\WINDOWS\System32\KERNELBASE.dll
0x00007ffa73ec0000 - 0x00007ffa7400b000 	C:\WINDOWS\System32\ucrtbase.dll
0x00007ffa3e6e0000 - 0x00007ffa3e6f8000 	c:\Users\Razza\.kiro\extensions\redhat.java-1.12.0-win32-x64\jre\17.0.4.1-win32-x86_64\bin\jli.dll
0x00007ffa75960000 - 0x00007ffa75b27000 	C:\WINDOWS\System32\USER32.dll
0x00007ffa74900000 - 0x00007ffa74927000 	C:\WINDOWS\System32\win32u.dll
0x00007ffa74de0000 - 0x00007ffa74e0b000 	C:\WINDOWS\System32\GDI32.dll
0x00007ffa74930000 - 0x00007ffa74a5c000 	C:\WINDOWS\System32\gdi32full.dll
0x00007ffa74850000 - 0x00007ffa748f3000 	C:\WINDOWS\System32\msvcp_win.dll
0x00007ffa3dbb0000 - 0x00007ffa3dbc9000 	c:\Users\Razza\.kiro\extensions\redhat.java-1.12.0-win32-x64\jre\17.0.4.1-win32-x86_64\bin\VCRUNTIME140.dll
0x00007ffa5b980000 - 0x00007ffa5bc14000 	C:\WINDOWS\WinSxS\amd64_microsoft.windows.common-controls_6595b64144ccf1df_6.0.26100.7019_none_3e06ffa0e335b8a8\COMCTL32.dll
0x00007ffa75ba0000 - 0x00007ffa75c49000 	C:\WINDOWS\System32\msvcrt.dll
0x00007ffa75b60000 - 0x00007ffa75b91000 	C:\WINDOWS\System32\IMM32.DLL
0x00007ffa6eb90000 - 0x00007ffa6eb9c000 	c:\Users\Razza\.kiro\extensions\redhat.java-1.12.0-win32-x64\jre\17.0.4.1-win32-x86_64\bin\vcruntime140_1.dll
0x00007ffa2df80000 - 0x00007ffa2e011000 	c:\Users\Razza\.kiro\extensions\redhat.java-1.12.0-win32-x64\jre\17.0.4.1-win32-x86_64\bin\msvcp140.dll
0x00007ff9fbfe0000 - 0x00007ff9fcc26000 	c:\Users\Razza\.kiro\extensions\redhat.java-1.12.0-win32-x64\jre\17.0.4.1-win32-x86_64\bin\server\jvm.dll
0x00007ffa75060000 - 0x00007ffa75114000 	C:\WINDOWS\System32\ADVAPI32.dll
0x00007ffa76020000 - 0x00007ffa760c6000 	C:\WINDOWS\System32\sechost.dll
0x00007ffa74cc0000 - 0x00007ffa74dd8000 	C:\WINDOWS\System32\RPCRT4.dll
0x00007ffa76130000 - 0x00007ffa76138000 	C:\WINDOWS\System32\PSAPI.DLL
0x00007ffa6ea60000 - 0x00007ffa6ea6a000 	C:\WINDOWS\SYSTEM32\WSOCK32.dll
0x00007ffa74bb0000 - 0x00007ffa74c24000 	C:\WINDOWS\System32\WS2_32.dll
0x00007ffa6a110000 - 0x00007ffa6a145000 	C:\WINDOWS\SYSTEM32\WINMM.dll
0x00007ffa69b70000 - 0x00007ffa69b7b000 	C:\WINDOWS\SYSTEM32\VERSION.dll
0x00007ffa72bd0000 - 0x00007ffa72beb000 	C:\WINDOWS\SYSTEM32\kernel.appcore.dll
0x00007ffa694d0000 - 0x00007ffa694da000 	c:\Users\Razza\.kiro\extensions\redhat.java-1.12.0-win32-x64\jre\17.0.4.1-win32-x86_64\bin\jimage.dll
0x00007ffa66080000 - 0x00007ffa662c2000 	C:\WINDOWS\SYSTEM32\DBGHELP.DLL
0x00007ffa768a0000 - 0x00007ffa76c2b000 	C:\WINDOWS\System32\combase.dll
0x00007ffa75140000 - 0x00007ffa75217000 	C:\WINDOWS\System32\OLEAUT32.dll
0x00007ffa50d30000 - 0x00007ffa50d6c000 	C:\WINDOWS\SYSTEM32\dbgcore.DLL
0x00007ffa73e10000 - 0x00007ffa73eb5000 	C:\WINDOWS\System32\bcryptPrimitives.dll
0x00007ffa688f0000 - 0x00007ffa688fe000 	c:\Users\Razza\.kiro\extensions\redhat.java-1.12.0-win32-x64\jre\17.0.4.1-win32-x86_64\bin\instrument.dll
0x00007ffa3fae0000 - 0x00007ffa3fb05000 	c:\Users\Razza\.kiro\extensions\redhat.java-1.12.0-win32-x64\jre\17.0.4.1-win32-x86_64\bin\java.dll
0x00007ffa409a0000 - 0x00007ffa409b8000 	c:\Users\Razza\.kiro\extensions\redhat.java-1.12.0-win32-x64\jre\17.0.4.1-win32-x86_64\bin\zip.dll
0x00007ffa76140000 - 0x00007ffa7688f000 	C:\WINDOWS\System32\SHELL32.dll
0x00007ffa74410000 - 0x00007ffa7457b000 	C:\WINDOWS\System32\wintypes.dll
0x00007ffa71a30000 - 0x00007ffa7228d000 	C:\WINDOWS\SYSTEM32\windows.storage.dll
0x00007ffa75c50000 - 0x00007ffa75d42000 	C:\WINDOWS\System32\SHCORE.dll
0x00007ffa75d50000 - 0x00007ffa75db7000 	C:\WINDOWS\System32\shlwapi.dll
0x00007ffa73d30000 - 0x00007ffa73d59000 	C:\WINDOWS\SYSTEM32\profapi.dll
0x00007ffa39fa0000 - 0x00007ffa39fb9000 	C:\Users\Razza\.kiro\extensions\redhat.java-1.12.0-win32-x64\jre\17.0.4.1-win32-x86_64\bin\net.dll
0x00007ffa68d20000 - 0x00007ffa68e48000 	C:\WINDOWS\SYSTEM32\WINHTTP.dll
0x00007ffa73140000 - 0x00007ffa731ab000 	C:\WINDOWS\system32\mswsock.dll
0x00007ffa39890000 - 0x00007ffa398a5000 	C:\Users\Razza\.kiro\extensions\redhat.java-1.12.0-win32-x64\jre\17.0.4.1-win32-x86_64\bin\nio.dll
0x00007ffa685d0000 - 0x00007ffa685e0000 	c:\Users\Razza\.kiro\extensions\redhat.java-1.12.0-win32-x64\jre\17.0.4.1-win32-x86_64\bin\verify.dll

dbghelp: loaded successfully - version: 4.0.5 - missing functions: none
symbol engine: initialized successfully - sym options: 0x614 - pdb path: .;c:\Users\Razza\.kiro\extensions\redhat.java-1.12.0-win32-x64\jre\17.0.4.1-win32-x86_64\bin;C:\WINDOWS\SYSTEM32;C:\WINDOWS\WinSxS\amd64_microsoft.windows.common-controls_6595b64144ccf1df_6.0.26100.7019_none_3e06ffa0e335b8a8;c:\Users\Razza\.kiro\extensions\redhat.java-1.12.0-win32-x64\jre\17.0.4.1-win32-x86_64\bin\server

VM Arguments:
jvm_args: --add-modules=ALL-SYSTEM --add-opens=java.base/java.util=ALL-UNNAMED --add-opens=java.base/java.lang=ALL-UNNAMED --add-opens=java.base/sun.nio.fs=ALL-UNNAMED -Declipse.application=org.eclipse.jdt.ls.core.id1 -Dosgi.bundles.defaultStartLevel=4 -Declipse.product=org.eclipse.jdt.ls.core.product -Djava.import.generatesMetadataFilesAtProjectRoot=false -Dfile.encoding=utf8 -XX:+UseParallelGC -XX:GCTimeRatio=4 -XX:AdaptiveSizePolicyWeight=90 -Dsun.zip.disableMemoryMapping=true -Xmx1G -Xms100m -Xlog:disable -javaagent:c:\Users\Razza\.kiro\extensions\redhat.java-1.12.0-win32-x64\lombok\lombok-1.18.24.jar 
java_command: c:\Users\Razza\.kiro\extensions\redhat.java-1.12.0-win32-x64\server\plugins\org.eclipse.equinox.launcher_1.6.400.v20210924-0641.jar -configuration c:\Users\Razza\AppData\Roaming\Kiro\User\globalStorage\redhat.java\1.12.0\config_ss_win -data c:\Users\Razza\AppData\Roaming\Kiro\User\workspaceStorage\258973467f62c406ef5ee91e612777d0\redhat.java\ss_ws
java_class_path (initial): c:\Users\Razza\.kiro\extensions\redhat.java-1.12.0-win32-x64\server\plugins\org.eclipse.equinox.launcher_1.6.400.v20210924-0641.jar
Launcher Type: SUN_STANDARD

[Global flags]
    uintx AdaptiveSizePolicyWeight                 = 90                                        {product} {command line}
     intx CICompilerCount                          = 4                                         {product} {ergonomic}
    uintx GCTimeRatio                              = 4                                         {product} {command line}
   size_t InitialHeapSize                          = 104857600                                 {product} {command line}
   size_t MaxHeapSize                              = 1073741824                                {product} {command line}
   size_t MaxNewSize                               = 357564416                                 {product} {ergonomic}
   size_t MinHeapDeltaBytes                        = 524288                                    {product} {ergonomic}
   size_t MinHeapSize                              = 104857600                                 {product} {command line}
   size_t NewSize                                  = 34603008                                  {product} {ergonomic}
    uintx NonNMethodCodeHeapSize                   = 5839372                                {pd product} {ergonomic}
    uintx NonProfiledCodeHeapSize                  = 122909434                              {pd product} {ergonomic}
   size_t OldSize                                  = 70254592                                  {product} {ergonomic}
    uintx ProfiledCodeHeapSize                     = 122909434                              {pd product} {ergonomic}
    uintx ReservedCodeCacheSize                    = 251658240                              {pd product} {ergonomic}
     bool SegmentedCodeCache                       = true                                      {product} {ergonomic}
   size_t SoftMaxHeapSize                          = 1073741824                             {manageable} {ergonomic}
     bool UseCompressedClassPointers               = true                           {product lp64_product} {ergonomic}
     bool UseCompressedOops                        = true                           {product lp64_product} {ergonomic}
     bool UseLargePagesIndividualAllocation        = false                                  {pd product} {ergonomic}
     bool UseParallelGC                            = true                                      {product} {command line}

Logging:
Log output configuration:
 #0: stdout all=off uptime,level,tags
 #1: stderr all=off uptime,level,tags

Environment Variables:
PATH=C:\Program Files\Common Files\Oracle\Java\javapath;C:\WINDOWS\system32;C:\WINDOWS;C:\WINDOWS\System32\Wbem;C:\WINDOWS\System32\WindowsPowerShell\v1.0\;C:\WINDOWS\System32\OpenSSH\;C:\Program Files\nodejs\;C:\Program Files\Git\cmd;C:\Program Files\dotnet\;C:\Program Files\PuTTY\;C:\Program Files\Cloudflare\Cloudflare WARP\;C:\Users\Razza\.local\bin;C:\Users\Razza\AppData\Local\Programs\Eclipse Adoptium\jdk-25.0.2.10-hotspot\bin;C:\Users\Razza\AppData\Local\Programs\Python\Launcher\;C:\Program Files\Common Files\Oracle\Java\javapath;C:\WINDOWS\system32;C:\WINDOWS;C:\WINDOWS\System32\Wbem;C:\WINDOWS\System32\WindowsPowerShell\v1.0\;C:\WINDOWS\System32\OpenSSH\;C:\Program Files\PuTTY\;C:\Program Files\nodejs\;C:\Program Files\Git\cmd;C:\Program Files\Cloudflare\Cloudflare WARP\;C:\Program Files\dotnet\;C:\Users\Razza\AppData\Local\Microsoft\WindowsApps;C:\xampp\php;C:\Users\Razza\AppData\Local\ComposerSetup\bin;C:\Users\Razza\AppData\Roaming\Composer\vendor\bin;C:\Users\Razza\AppData\Roaming\npm;C:\Users\Razza\AppData\Local\Python\PythonCore-3.14-64\Scripts;C:\Program Files (x86)\Nmap;C:\Users\Razza\AppData\Local\Programs\Windsurf\bin;C:\Users\Razza\AppData\Local\Kiro-Cli\;C:\Users\Razza\AppData\Local\Programs\Microsoft VS Code\bin;C:\Users\Razza\AppData\Local\Programs\Kiro\bin
USERNAME=Razza
OS=Windows_NT
PROCESSOR_IDENTIFIER=AMD64 Family 23 Model 160 Stepping 0, AuthenticAMD
TMP=C:\Users\Razza\AppData\Local\Temp
TEMP=C:\Users\Razza\AppData\Local\Temp



---------------  S Y S T E M  ---------------

OS:
 Windows 11 , 64 bit Build 26100 (10.0.26100.7019)
OS uptime: 0 days 1:37 hours
Hyper-V role detected

CPU: total 8 (initial active 8) (8 cores per cpu, 2 threads per core) family 23 model 160 stepping 0 microcode 0x8a0000a, cx8, cmov, fxsr, ht, mmx, 3dnowpref, sse, sse2, sse3, ssse3, sse4a, sse4.1, sse4.2, popcnt, lzcnt, tsc, tscinvbit, avx, avx2, aes, clmul, bmi1, bmi2, adx, sha, fma, vzeroupper, clflush, clflushopt, hv

Memory: 4k page, system-wide physical 15610M (2521M free)
TotalPageFile size 24045M (AvailPageFile size 271M)
current process WorkingSet (physical memory assigned to process): 70M, peak: 70M
current process commit charge ("private bytes"): 199M, peak: 200M

vm_info: OpenJDK 64-Bit Server VM (17.0.4.1+1) for windows-amd64 JRE (17.0.4.1+1), built on Aug 17 2022 07:42:43 by "temurin" with MS VC++ 16.7 (VS2019)

END.
