#
# There is insufficient memory for the Java Runtime Environment to continue.
# Native memory allocation (malloc) failed to allocate 32744 bytes for ChunkPool::allocate
# Possible reasons:
#   The system is out of physical RAM or swap space
#   The process is running with CompressedOops enabled, and the Java Heap may be blocking the growth of the native heap
# Possible solutions:
#   Reduce memory load on the system
#   Increase physical memory or swap space
#   Check if swap backing store is full
#   Decrease Java heap size (-Xmx/-Xms)
#   Decrease number of Java threads
#   Decrease Java thread stack sizes (-Xss)
#   Set larger code cache with -XX:ReservedCodeCacheSize=
#   JVM is running with Unscaled Compressed Oops mode in which the Java heap is
#     placed in the first 4GB address space. The Java Heap base address is the
#     maximum limit for the native heap growth. Please use -XX:HeapBaseMinAddress
#     to set the Java Heap base and to place the Java Heap above 4GB virtual address.
# This output file may be truncated or incomplete.
#
#  Out of Memory Error (arena.cpp:78), pid=14468, tid=19096
#
# JRE version: OpenJDK Runtime Environment Temurin-17.0.4.1+1 (17.0.4.1+1) (build 17.0.4.1+1)
# Java VM: OpenJDK 64-Bit Server VM Temurin-17.0.4.1+1 (17.0.4.1+1, mixed mode, tiered, compressed oops, compressed class ptrs, parallel gc, windows-amd64)
# No core dump will be written. Minidumps are not enabled by default on client versions of Windows
#

---------------  S U M M A R Y ------------

Command Line: --add-modules=ALL-SYSTEM --add-opens=java.base/java.util=ALL-UNNAMED --add-opens=java.base/java.lang=ALL-UNNAMED --add-opens=java.base/sun.nio.fs=ALL-UNNAMED -Declipse.application=org.eclipse.jdt.ls.core.id1 -Dosgi.bundles.defaultStartLevel=4 -Declipse.product=org.eclipse.jdt.ls.core.product -Djava.import.generatesMetadataFilesAtProjectRoot=false -Dfile.encoding=utf8 -XX:+UseParallelGC -XX:GCTimeRatio=4 -XX:AdaptiveSizePolicyWeight=90 -Dsun.zip.disableMemoryMapping=true -Xmx1G -Xms100m -Xlog:disable -javaagent:c:\Users\Razza\.kiro\extensions\redhat.java-1.12.0-win32-x64\lombok\lombok-1.18.24.jar c:\Users\Razza\.kiro\extensions\redhat.java-1.12.0-win32-x64\server\plugins\org.eclipse.equinox.launcher_1.6.400.v20210924-0641.jar -configuration c:\Users\Razza\AppData\Roaming\Kiro\User\globalStorage\redhat.java\1.12.0\config_ss_win -data c:\Users\Razza\AppData\Roaming\Kiro\User\workspaceStorage\258973467f62c406ef5ee91e612777d0\redhat.java\ss_ws

Host: AMD Ryzen 5 7520U with Radeon Graphics         , 8 cores, 15G,  Windows 11 , 64 bit Build 26100 (10.0.26100.7019)
Time: Fri Apr 24 11:08:37 2026 Malay Peninsula Standard Time elapsed time: 0.840669 seconds (0d 0h 0m 0s)

---------------  T H R E A D  ---------------

Current thread (0x000001e2e5f4fb00):  JavaThread "C2 CompilerThread0" daemon [_thread_in_native, id=19096, stack(0x000000b187100000,0x000000b187200000)]


Current CompileTask:
C2:    840  517       4       lombok.patcher.scripts.MethodLevelPatchScript::patch (21 bytes)

Stack: [0x000000b187100000,0x000000b187200000]
Native frames: (J=compiled Java code, j=interpreted, Vv=VM code, C=native code)
V  [jvm.dll+0x67731a]
V  [jvm.dll+0x832284]
V  [jvm.dll+0x833a2e]
V  [jvm.dll+0x834093]
V  [jvm.dll+0x245775]
V  [jvm.dll+0xabfc0]
V  [jvm.dll+0xac30c]
V  [jvm.dll+0xaa7c]
V  [jvm.dll+0x2b2e21]
V  [jvm.dll+0x2b3e1b]
V  [jvm.dll+0x2b4dcc]
V  [jvm.dll+0x2b541c]
V  [jvm.dll+0x219e2a]
V  [jvm.dll+0x21799b]
V  [jvm.dll+0x1a3f8d]
V  [jvm.dll+0x227498]
V  [jvm.dll+0x2255e5]
V  [jvm.dll+0x7e7e9b]
V  [jvm.dll+0x7e240a]
V  [jvm.dll+0x6761a5]
C  [ucrtbase.dll+0x37b0]
C  [KERNEL32.DLL+0x2e8d7]
C  [ntdll.dll+0x8c53c]


---------------  P R O C E S S  ---------------

Threads class SMR info:
_java_thread_list=0x000001e2e6ef10a0, length=13, elements={
0x000001e2ce5d4990, 0x000001e2e44129a0, 0x000001e2e4413620, 0x000001e2e5f23c10,
0x000001e2e4415f90, 0x000001e2e4419f70, 0x000001e2e441b3a0, 0x000001e2e5f4fb00,
0x000001e2e5f5b0a0, 0x000001e2e5f5c530, 0x000001e2ce695aa0, 0x000001e2e620fcc0,
0x000001e2e6f17040
}

Java Threads: ( => current thread )
  0x000001e2ce5d4990 JavaThread "main" [_thread_in_vm, id=9744, stack(0x000000b186800000,0x000000b186900000)]
  0x000001e2e44129a0 JavaThread "Reference Handler" daemon [_thread_blocked, id=27224, stack(0x000000b186b00000,0x000000b186c00000)]
  0x000001e2e4413620 JavaThread "Finalizer" daemon [_thread_blocked, id=7372, stack(0x000000b186c00000,0x000000b186d00000)]
  0x000001e2e5f23c10 JavaThread "Signal Dispatcher" daemon [_thread_blocked, id=25216, stack(0x000000b186d00000,0x000000b186e00000)]
  0x000001e2e4415f90 JavaThread "Attach Listener" daemon [_thread_blocked, id=26720, stack(0x000000b186e00000,0x000000b186f00000)]
  0x000001e2e4419f70 JavaThread "Service Thread" daemon [_thread_blocked, id=23896, stack(0x000000b186f00000,0x000000b187000000)]
  0x000001e2e441b3a0 JavaThread "Monitor Deflation Thread" daemon [_thread_blocked, id=24464, stack(0x000000b187000000,0x000000b187100000)]
=>0x000001e2e5f4fb00 JavaThread "C2 CompilerThread0" daemon [_thread_in_native, id=19096, stack(0x000000b187100000,0x000000b187200000)]
  0x000001e2e5f5b0a0 JavaThread "C1 CompilerThread0" daemon [_thread_in_native, id=4080, stack(0x000000b187200000,0x000000b187300000)]
  0x000001e2e5f5c530 JavaThread "Sweeper thread" daemon [_thread_blocked, id=24216, stack(0x000000b187300000,0x000000b187400000)]
  0x000001e2ce695aa0 JavaThread "Common-Cleaner" daemon [_thread_blocked, id=27544, stack(0x000000b187400000,0x000000b187500000)]
  0x000001e2e620fcc0 JavaThread "Notification Thread" daemon [_thread_blocked, id=26792, stack(0x000000b187500000,0x000000b187600000)]
  0x000001e2e6f17040 JavaThread "C2 CompilerThread1" daemon [_thread_in_native, id=12904, stack(0x000000b187700000,0x000000b187800000)]

Other Threads:
  0x000001e2e5f10c20 VMThread "VM Thread" [stack: 0x000000b186a00000,0x000000b186b00000] [id=25888]
  0x000001e2e611d440 WatcherThread [stack: 0x000000b187600000,0x000000b187700000] [id=26244]
  0x000001e2ce5ea810 GCTaskThread "GC Thread#0" [stack: 0x000000b186900000,0x000000b186a00000] [id=4300]

Threads with active compile tasks:
C2 CompilerThread0      864  517       4       lombok.patcher.scripts.MethodLevelPatchScript::patch (21 bytes)
C1 CompilerThread0      864  532       3       sun.security.provider.ByteArrayAccess::b2iBig64 (231 bytes)
C2 CompilerThread1      864  518       4       lombok.patcher.PatchScript::classMatches (41 bytes)

VM state: not at safepoint (normal execution)

VM Mutex/Monitor currently owned by a thread: None

Heap address: 0x00000000c0000000, size: 1024 MB, Compressed Oops mode: 32-bit

CDS archive(s) not mapped
Compressed class space mapped at: 0x0000000100000000-0x0000000140000000, reserved size: 1073741824
Narrow klass base: 0x0000000000000000, Narrow klass shift: 3, Narrow klass range: 0x140000000

GC Precious Log:
 CPUs: 8 total, 8 available
 Memory: 15610M
 Large Page Support: Disabled
 NUMA Support: Disabled
 Compressed Oops: Enabled (32-bit)
 Alignments: Space 512K, Generation 512K, Heap 2M
 Heap Min Capacity: 100M
 Heap Initial Capacity: 100M
 Heap Max Capacity: 1G
 Pre-touch: Disabled
 Parallel Workers: 8

Heap:
 PSYoungGen      total 29696K, used 12794K [0x00000000eab00000, 0x00000000ecc00000, 0x0000000100000000)
  eden space 25600K, 49% used [0x00000000eab00000,0x00000000eb77ead8,0x00000000ec400000)
  from space 4096K, 0% used [0x00000000ec800000,0x00000000ec800000,0x00000000ecc00000)
  to   space 4096K, 0% used [0x00000000ec400000,0x00000000ec400000,0x00000000ec800000)
 ParOldGen       total 68608K, used 0K [0x00000000c0000000, 0x00000000c4300000, 0x00000000eab00000)
  object space 68608K, 0% used [0x00000000c0000000,0x00000000c0000000,0x00000000c4300000)
 Metaspace       used 8590K, committed 8704K, reserved 1064960K
  class space    used 861K, committed 896K, reserved 1048576K

Card table byte_map: [0x000001e2e1cb0000,0x000001e2e1ec0000] _byte_map_base: 0x000001e2e16b0000

Marking Bits: (ParMarkBitMap*) 0x00007ff9fd132cc0
 Begin Bits: [0x000001e2e2020000, 0x000001e2e3020000)
 End Bits:   [0x000001e2e3020000, 0x000001e2e4020000)

Polling page: 0x000001e2ce6a0000

Metaspace:

Usage:
  Non-class:      7.55 MB used.
      Class:    861.14 KB used.
       Both:      8.39 MB used.

Virtual space:
  Non-class space:       16.00 MB reserved,       7.62 MB ( 48%) committed,  2 nodes.
      Class space:        1.00 GB reserved,     896.00 KB ( <1%) committed,  1 nodes.
             Both:        1.02 GB reserved,       8.50 MB ( <1%) committed. 

Chunk freelists:
   Non-Class:  3.92 MB
       Class:  3.09 MB
        Both:  7.01 MB

MaxMetaspaceSize: unlimited
CompressedClassSpaceSize: 1.00 GB
Initial GC threshold: 21.00 MB
Current GC threshold: 21.00 MB
CDS: off
MetaspaceReclaimPolicy: balanced
 - commit_granule_bytes: 65536.
 - commit_granule_words: 8192.
 - virtual_space_node_default_size: 1048576.
 - enlarge_chunks_in_place: 1.
 - new_chunks_are_fully_committed: 0.
 - uncommit_free_chunks: 1.
 - use_allocation_guard: 0.
 - handle_deallocations: 1.


Internal statistics:

num_allocs_failed_limit: 0.
num_arena_births: 10.
num_arena_deaths: 0.
num_vsnodes_births: 3.
num_vsnodes_deaths: 0.
num_space_committed: 136.
num_space_uncommitted: 0.
num_chunks_returned_to_freelist: 0.
num_chunks_taken_from_freelist: 44.
num_chunk_merges: 0.
num_chunk_splits: 24.
num_chunks_enlarged: 19.
num_purges: 0.
num_inconsistent_stats: 0.

CodeHeap 'non-profiled nmethods': size=120000Kb used=183Kb max_used=183Kb free=119816Kb
 bounds [0x000001e2da5a0000, 0x000001e2da810000, 0x000001e2e1ad0000]
CodeHeap 'profiled nmethods': size=120000Kb used=732Kb max_used=732Kb free=119268Kb
 bounds [0x000001e2d3070000, 0x000001e2d32e0000, 0x000001e2da5a0000]
CodeHeap 'non-nmethods': size=5760Kb used=1128Kb max_used=1144Kb free=4631Kb
 bounds [0x000001e2d2ad0000, 0x000001e2d2d40000, 0x000001e2d3070000]
 total_blobs=939 nmethods=525 adapters=329
 compilation: enabled
              stopped_count=0, restarted_count=0
 full_count=0

Compilation events (20 events):
Event: 0.829 Thread 0x000001e2e6f17040  518       4       lombok.patcher.PatchScript::classMatches (41 bytes)
Event: 0.831 Thread 0x000001e2e5f5b0a0  520       2       java.util.HashSet::iterator (13 bytes)
Event: 0.832 Thread 0x000001e2e5f5b0a0 nmethod 520 0x000001e2d3124190 code [0x000001e2d3124340, 0x000001e2d3124498]
Event: 0.832 Thread 0x000001e2e5f5b0a0  521  s    3       java.util.Properties::put (10 bytes)
Event: 0.832 Thread 0x000001e2e5f5b0a0 nmethod 521 0x000001e2d3124590 code [0x000001e2d3124740, 0x000001e2d31249a8]
Event: 0.832 Thread 0x000001e2e5f5b0a0  523       3       java.util.HashMap$EntryIterator::next (5 bytes)
Event: 0.833 Thread 0x000001e2e5f5b0a0 nmethod 523 0x000001e2d3124a90 code [0x000001e2d3124c40, 0x000001e2d3124dc8]
Event: 0.833 Thread 0x000001e2e5f5b0a0  524       3       java.util.HashMap$EntryIterator::next (5 bytes)
Event: 0.833 Thread 0x000001e2e5f5b0a0 nmethod 524 0x000001e2d3124e90 code [0x000001e2d3125020, 0x000001e2d3125168]
Event: 0.833 Thread 0x000001e2e5f5b0a0  522       3       java.util.Arrays::copyOf (40 bytes)
Event: 0.833 Thread 0x000001e2e5f5b0a0 nmethod 522 0x000001e2d3125210 code [0x000001e2d3125400, 0x000001e2d3125aa8]
Event: 0.833 Thread 0x000001e2e5f5b0a0  526       3       java.security.Provider$ServiceKey::hashCode (19 bytes)
Event: 0.833 Thread 0x000001e2e5f5b0a0 nmethod 526 0x000001e2d3125c90 code [0x000001e2d3125e40, 0x000001e2d3125fd8]
Event: 0.833 Thread 0x000001e2e5f5b0a0  529       1       java.security.Provider$UString::toString (5 bytes)
Event: 0.833 Thread 0x000001e2e5f5b0a0 nmethod 529 0x000001e2da5cd710 code [0x000001e2da5cd8a0, 0x000001e2da5cd978]
Event: 0.833 Thread 0x000001e2e5f5b0a0  530       1       java.security.Provider$Service::getProvider (5 bytes)
Event: 0.833 Thread 0x000001e2e5f5b0a0 nmethod 530 0x000001e2da5cda10 code [0x000001e2da5cdba0, 0x000001e2da5cdc78]
Event: 0.833 Thread 0x000001e2e5f5b0a0  531       3       sun.security.provider.SHA2::implCompress0 (490 bytes)
Event: 0.834 Thread 0x000001e2e5f5b0a0 nmethod 531 0x000001e2d3126110 code [0x000001e2d3126300, 0x000001e2d3126b68]
Event: 0.834 Thread 0x000001e2e5f5b0a0  532       3       sun.security.provider.ByteArrayAccess::b2iBig64 (231 bytes)

GC Heap History (0 events):
No events

Deoptimization events (20 events):
Event: 0.739 Thread 0x000001e2ce5d4990 Uncommon trap: trap_request=0xffffff45 fr.pc=0x000001e2da5c246c relative=0x000000000000060c
Event: 0.739 Thread 0x000001e2ce5d4990 Uncommon trap: reason=unstable_if action=reinterpret pc=0x000001e2da5c246c method=java.lang.String.replace(Ljava/lang/CharSequence;Ljava/lang/CharSequence;)Ljava/lang/String; @ 48 c2
Event: 0.740 Thread 0x000001e2ce5d4990 DEOPT PACKING pc=0x000001e2da5c246c sp=0x000000b1868fcb80
Event: 0.740 Thread 0x000001e2ce5d4990 DEOPT UNPACKING pc=0x000001e2d2b220a3 sp=0x000000b1868fcb00 mode 2
Event: 0.804 Thread 0x000001e2ce5d4990 Uncommon trap: trap_request=0xffffffde fr.pc=0x000001e2da5c1aa4 relative=0x0000000000000104
Event: 0.804 Thread 0x000001e2ce5d4990 Uncommon trap: reason=class_check action=maybe_recompile pc=0x000001e2da5c1aa4 method=jdk.internal.misc.Unsafe.allocateUninitializedArray(Ljava/lang/Class;I)Ljava/lang/Object; @ 51 c2
Event: 0.804 Thread 0x000001e2ce5d4990 DEOPT PACKING pc=0x000001e2da5c1aa4 sp=0x000000b1868fdb20
Event: 0.804 Thread 0x000001e2ce5d4990 DEOPT UNPACKING pc=0x000001e2d2b220a3 sp=0x000000b1868fdac0 mode 2
Event: 0.804 Thread 0x000001e2ce5d4990 Uncommon trap: trap_request=0xffffffde fr.pc=0x000001e2da5c1aa4 relative=0x0000000000000104
Event: 0.804 Thread 0x000001e2ce5d4990 Uncommon trap: reason=class_check action=maybe_recompile pc=0x000001e2da5c1aa4 method=jdk.internal.misc.Unsafe.allocateUninitializedArray(Ljava/lang/Class;I)Ljava/lang/Object; @ 51 c2
Event: 0.804 Thread 0x000001e2ce5d4990 DEOPT PACKING pc=0x000001e2da5c1aa4 sp=0x000000b1868fdb20
Event: 0.804 Thread 0x000001e2ce5d4990 DEOPT UNPACKING pc=0x000001e2d2b220a3 sp=0x000000b1868fdac0 mode 2
Event: 0.816 Thread 0x000001e2ce5d4990 Uncommon trap: trap_request=0xffffffde fr.pc=0x000001e2da5c1aa4 relative=0x0000000000000104
Event: 0.816 Thread 0x000001e2ce5d4990 Uncommon trap: reason=class_check action=maybe_recompile pc=0x000001e2da5c1aa4 method=jdk.internal.misc.Unsafe.allocateUninitializedArray(Ljava/lang/Class;I)Ljava/lang/Object; @ 51 c2
Event: 0.816 Thread 0x000001e2ce5d4990 DEOPT PACKING pc=0x000001e2da5c1aa4 sp=0x000000b1868fdcb0
Event: 0.816 Thread 0x000001e2ce5d4990 DEOPT UNPACKING pc=0x000001e2d2b220a3 sp=0x000000b1868fdc50 mode 2
Event: 0.816 Thread 0x000001e2ce5d4990 Uncommon trap: trap_request=0xffffffde fr.pc=0x000001e2da5c1aa4 relative=0x0000000000000104
Event: 0.816 Thread 0x000001e2ce5d4990 Uncommon trap: reason=class_check action=maybe_recompile pc=0x000001e2da5c1aa4 method=jdk.internal.misc.Unsafe.allocateUninitializedArray(Ljava/lang/Class;I)Ljava/lang/Object; @ 51 c2
Event: 0.816 Thread 0x000001e2ce5d4990 DEOPT PACKING pc=0x000001e2da5c1aa4 sp=0x000000b1868fdcb0
Event: 0.816 Thread 0x000001e2ce5d4990 DEOPT UNPACKING pc=0x000001e2d2b220a3 sp=0x000000b1868fdc50 mode 2

Classes unloaded (0 events):
No events

Classes redefined (0 events):
No events

Internal exceptions (2 events):
Event: 0.215 Thread 0x000001e2ce5d4990 Exception <a 'java/lang/NoSuchMethodError'{0x00000000eacb25c8}: 'void java.lang.invoke.DirectMethodHandle$Holder.invokeStatic(java.lang.Object, java.lang.Object, java.lang.Object)'> (0x00000000eacb25c8) 
thrown [s\src\hotspot\share\interpreter\linkResolver.cpp, line 759]
Event: 0.425 Thread 0x000001e2ce5d4990 Exception <a 'java/lang/reflect/InvocationTargetException'{0x00000000eaf77fc8}> (0x00000000eaf77fc8) 
thrown [s\src\hotspot\share\runtime\reflection.cpp, line 1121]

VM Operations (4 events):
Event: 0.221 Executing VM operation: HandshakeAllThreads
Event: 0.221 Executing VM operation: HandshakeAllThreads done
Event: 0.828 Executing VM operation: HandshakeAllThreads
Event: 0.828 Executing VM operation: HandshakeAllThreads done

Events (20 events):
Event: 0.824 loading class sun/security/util/KeyUtil
Event: 0.824 loading class sun/security/util/KeyUtil done
Event: 0.824 loading class sun/security/util/Length
Event: 0.824 loading class sun/security/util/Length done
Event: 0.824 loading class javax/crypto/SecretKey
Event: 0.824 loading class javax/crypto/SecretKey done
Event: 0.827 loading class java/util/LinkedHashMap$LinkedEntrySet
Event: 0.827 loading class java/util/LinkedHashMap$LinkedEntrySet done
Event: 0.827 loading class java/util/LinkedHashMap$LinkedEntryIterator
Event: 0.827 loading class java/util/LinkedHashMap$LinkedEntryIterator done
Event: 0.829 loading class java/util/Base64
Event: 0.829 loading class java/util/Base64 done
Event: 0.829 loading class java/util/Base64$Decoder
Event: 0.830 loading class java/util/Base64$Decoder done
Event: 0.830 loading class java/util/Base64$Encoder
Event: 0.830 loading class java/util/Base64$Encoder done
Event: 0.830 loading class java/util/jar/JarVerifier$VerifierStream
Event: 0.831 loading class java/util/jar/JarVerifier$VerifierStream done
Event: 0.831 loading class sun/security/util/ManifestEntryVerifier$SunProviderHolder
Event: 0.831 loading class sun/security/util/ManifestEntryVerifier$SunProviderHolder done


Dynamic libraries:
0x00007ff7dabf0000 - 0x00007ff7dabfe000 	c:\Users\Razza\.kiro\extensions\redhat.java-1.12.0-win32-x64\jre\17.0.4.1-win32-x86_64\bin\java.exe
0x00007ffa76cc0000 - 0x00007ffa76f28000 	C:\WINDOWS\SYSTEM32\ntdll.dll
0x00007ffa74f80000 - 0x00007ffa75049000 	C:\WINDOWS\System32\KERNEL32.DLL
0x00007ffa74010000 - 0x00007ffa74408000 	C:\WINDOWS\System32\KERNELBASE.dll
0x00007ffa73ec0000 - 0x00007ffa7400b000 	C:\WINDOWS\System32\ucrtbase.dll
0x00007ffa5a4b0000 - 0x00007ffa5a4c9000 	c:\Users\Razza\.kiro\extensions\redhat.java-1.12.0-win32-x64\jre\17.0.4.1-win32-x86_64\bin\VCRUNTIME140.dll
0x00007ffa60fa0000 - 0x00007ffa60fb8000 	c:\Users\Razza\.kiro\extensions\redhat.java-1.12.0-win32-x64\jre\17.0.4.1-win32-x86_64\bin\jli.dll
0x00007ffa75960000 - 0x00007ffa75b27000 	C:\WINDOWS\System32\USER32.dll
0x00007ffa74900000 - 0x00007ffa74927000 	C:\WINDOWS\System32\win32u.dll
0x00007ffa5b980000 - 0x00007ffa5bc14000 	C:\WINDOWS\WinSxS\amd64_microsoft.windows.common-controls_6595b64144ccf1df_6.0.26100.7019_none_3e06ffa0e335b8a8\COMCTL32.dll
0x00007ffa74de0000 - 0x00007ffa74e0b000 	C:\WINDOWS\System32\GDI32.dll
0x00007ffa75ba0000 - 0x00007ffa75c49000 	C:\WINDOWS\System32\msvcrt.dll
0x00007ffa74930000 - 0x00007ffa74a5c000 	C:\WINDOWS\System32\gdi32full.dll
0x00007ffa74850000 - 0x00007ffa748f3000 	C:\WINDOWS\System32\msvcp_win.dll
0x00007ffa75b60000 - 0x00007ffa75b91000 	C:\WINDOWS\System32\IMM32.DLL
0x00007ffa6eb90000 - 0x00007ffa6eb9c000 	c:\Users\Razza\.kiro\extensions\redhat.java-1.12.0-win32-x64\jre\17.0.4.1-win32-x86_64\bin\vcruntime140_1.dll
0x00007ffa401d0000 - 0x00007ffa40261000 	c:\Users\Razza\.kiro\extensions\redhat.java-1.12.0-win32-x64\jre\17.0.4.1-win32-x86_64\bin\msvcp140.dll
0x00007ff9fc5b0000 - 0x00007ff9fd1f6000 	c:\Users\Razza\.kiro\extensions\redhat.java-1.12.0-win32-x64\jre\17.0.4.1-win32-x86_64\bin\server\jvm.dll
0x00007ffa75060000 - 0x00007ffa75114000 	C:\WINDOWS\System32\ADVAPI32.dll
0x00007ffa76020000 - 0x00007ffa760c6000 	C:\WINDOWS\System32\sechost.dll
0x00007ffa74cc0000 - 0x00007ffa74dd8000 	C:\WINDOWS\System32\RPCRT4.dll
0x00007ffa76130000 - 0x00007ffa76138000 	C:\WINDOWS\System32\PSAPI.DLL
0x00007ffa6ead0000 - 0x00007ffa6eada000 	C:\WINDOWS\SYSTEM32\WSOCK32.dll
0x00007ffa69b70000 - 0x00007ffa69b7b000 	C:\WINDOWS\SYSTEM32\VERSION.dll
0x00007ffa6a110000 - 0x00007ffa6a145000 	C:\WINDOWS\SYSTEM32\WINMM.dll
0x00007ffa74bb0000 - 0x00007ffa74c24000 	C:\WINDOWS\System32\WS2_32.dll
0x00007ffa72bd0000 - 0x00007ffa72beb000 	C:\WINDOWS\SYSTEM32\kernel.appcore.dll
0x00007ffa694d0000 - 0x00007ffa694da000 	c:\Users\Razza\.kiro\extensions\redhat.java-1.12.0-win32-x64\jre\17.0.4.1-win32-x86_64\bin\jimage.dll
0x00007ffa66080000 - 0x00007ffa662c2000 	C:\WINDOWS\SYSTEM32\DBGHELP.DLL
0x00007ffa768a0000 - 0x00007ffa76c2b000 	C:\WINDOWS\System32\combase.dll
0x00007ffa75140000 - 0x00007ffa75217000 	C:\WINDOWS\System32\OLEAUT32.dll
0x00007ffa50d30000 - 0x00007ffa50d6c000 	C:\WINDOWS\SYSTEM32\dbgcore.DLL
0x00007ffa73e10000 - 0x00007ffa73eb5000 	C:\WINDOWS\System32\bcryptPrimitives.dll
0x00007ffa685d0000 - 0x00007ffa685de000 	c:\Users\Razza\.kiro\extensions\redhat.java-1.12.0-win32-x64\jre\17.0.4.1-win32-x86_64\bin\instrument.dll
0x00007ffa5a480000 - 0x00007ffa5a4a5000 	c:\Users\Razza\.kiro\extensions\redhat.java-1.12.0-win32-x64\jre\17.0.4.1-win32-x86_64\bin\java.dll
0x00007ffa5a460000 - 0x00007ffa5a478000 	c:\Users\Razza\.kiro\extensions\redhat.java-1.12.0-win32-x64\jre\17.0.4.1-win32-x86_64\bin\zip.dll
0x00007ffa76140000 - 0x00007ffa7688f000 	C:\WINDOWS\System32\SHELL32.dll
0x00007ffa74410000 - 0x00007ffa7457b000 	C:\WINDOWS\System32\wintypes.dll
0x00007ffa71a30000 - 0x00007ffa7228d000 	C:\WINDOWS\SYSTEM32\windows.storage.dll
0x00007ffa75c50000 - 0x00007ffa75d42000 	C:\WINDOWS\System32\SHCORE.dll
0x00007ffa75d50000 - 0x00007ffa75db7000 	C:\WINDOWS\System32\shlwapi.dll
0x00007ffa73d30000 - 0x00007ffa73d59000 	C:\WINDOWS\SYSTEM32\profapi.dll
0x00007ffa69ab0000 - 0x00007ffa69ac9000 	C:\Users\Razza\.kiro\extensions\redhat.java-1.12.0-win32-x64\jre\17.0.4.1-win32-x86_64\bin\net.dll
0x00007ffa68d20000 - 0x00007ffa68e48000 	C:\WINDOWS\SYSTEM32\WINHTTP.dll
0x00007ffa73140000 - 0x00007ffa731ab000 	C:\WINDOWS\system32\mswsock.dll
0x00007ffa62e90000 - 0x00007ffa62ea5000 	C:\Users\Razza\.kiro\extensions\redhat.java-1.12.0-win32-x64\jre\17.0.4.1-win32-x86_64\bin\nio.dll
0x00007ffa70390000 - 0x00007ffa703a0000 	c:\Users\Razza\.kiro\extensions\redhat.java-1.12.0-win32-x64\jre\17.0.4.1-win32-x86_64\bin\verify.dll

dbghelp: loaded successfully - version: 4.0.5 - missing functions: none
symbol engine: initialized successfully - sym options: 0x614 - pdb path: .;c:\Users\Razza\.kiro\extensions\redhat.java-1.12.0-win32-x64\jre\17.0.4.1-win32-x86_64\bin;C:\WINDOWS\SYSTEM32;C:\WINDOWS\WinSxS\amd64_microsoft.windows.common-controls_6595b64144ccf1df_6.0.26100.7019_none_3e06ffa0e335b8a8;c:\Users\Razza\.kiro\extensions\redhat.java-1.12.0-win32-x64\jre\17.0.4.1-win32-x86_64\bin\server

VM Arguments:
jvm_args: --add-modules=ALL-SYSTEM --add-opens=java.base/java.util=ALL-UNNAMED --add-opens=java.base/java.lang=ALL-UNNAMED --add-opens=java.base/sun.nio.fs=ALL-UNNAMED -Declipse.application=org.eclipse.jdt.ls.core.id1 -Dosgi.bundles.defaultStartLevel=4 -Declipse.product=org.eclipse.jdt.ls.core.product -Djava.import.generatesMetadataFilesAtProjectRoot=false -Dfile.encoding=utf8 -XX:+UseParallelGC -XX:GCTimeRatio=4 -XX:AdaptiveSizePolicyWeight=90 -Dsun.zip.disableMemoryMapping=true -Xmx1G -Xms100m -Xlog:disable -javaagent:c:\Users\Razza\.kiro\extensions\redhat.java-1.12.0-win32-x64\lombok\lombok-1.18.24.jar 
java_command: c:\Users\Razza\.kiro\extensions\redhat.java-1.12.0-win32-x64\server\plugins\org.eclipse.equinox.launcher_1.6.400.v20210924-0641.jar -configuration c:\Users\Razza\AppData\Roaming\Kiro\User\globalStorage\redhat.java\1.12.0\config_ss_win -data c:\Users\Razza\AppData\Roaming\Kiro\User\workspaceStorage\258973467f62c406ef5ee91e612777d0\redhat.java\ss_ws
java_class_path (initial): c:\Users\Razza\.kiro\extensions\redhat.java-1.12.0-win32-x64\server\plugins\org.eclipse.equinox.launcher_1.6.400.v20210924-0641.jar
Launcher Type: SUN_STANDARD

[Global flags]
    uintx AdaptiveSizePolicyWeight                 = 90                                        {product} {command line}
     intx CICompilerCount                          = 4                                         {product} {ergonomic}
    uintx GCTimeRatio                              = 4                                         {product} {command line}
   size_t InitialHeapSize                          = 104857600                                 {product} {command line}
   size_t MaxHeapSize                              = 1073741824                                {product} {command line}
   size_t MaxNewSize                               = 357564416                                 {product} {ergonomic}
   size_t MinHeapDeltaBytes                        = 524288                                    {product} {ergonomic}
   size_t MinHeapSize                              = 104857600                                 {product} {command line}
   size_t NewSize                                  = 34603008                                  {product} {ergonomic}
    uintx NonNMethodCodeHeapSize                   = 5839372                                {pd product} {ergonomic}
    uintx NonProfiledCodeHeapSize                  = 122909434                              {pd product} {ergonomic}
   size_t OldSize                                  = 70254592                                  {product} {ergonomic}
    uintx ProfiledCodeHeapSize                     = 122909434                              {pd product} {ergonomic}
    uintx ReservedCodeCacheSize                    = 251658240                              {pd product} {ergonomic}
     bool SegmentedCodeCache                       = true                                      {product} {ergonomic}
   size_t SoftMaxHeapSize                          = 1073741824                             {manageable} {ergonomic}
     bool UseCompressedClassPointers               = true                           {product lp64_product} {ergonomic}
     bool UseCompressedOops                        = true                           {product lp64_product} {ergonomic}
     bool UseLargePagesIndividualAllocation        = false                                  {pd product} {ergonomic}
     bool UseParallelGC                            = true                                      {product} {command line}

Logging:
Log output configuration:
 #0: stdout all=off uptime,level,tags
 #1: stderr all=off uptime,level,tags

Environment Variables:
PATH=C:\Program Files\Common Files\Oracle\Java\javapath;C:\WINDOWS\system32;C:\WINDOWS;C:\WINDOWS\System32\Wbem;C:\WINDOWS\System32\WindowsPowerShell\v1.0\;C:\WINDOWS\System32\OpenSSH\;C:\Program Files\nodejs\;C:\Program Files\Git\cmd;C:\Program Files\dotnet\;C:\Program Files\PuTTY\;C:\Program Files\Cloudflare\Cloudflare WARP\;C:\Users\Razza\.local\bin;C:\Users\Razza\AppData\Local\Programs\Eclipse Adoptium\jdk-25.0.2.10-hotspot\bin;C:\Users\Razza\AppData\Local\Programs\Python\Launcher\;C:\Program Files\Common Files\Oracle\Java\javapath;C:\WINDOWS\system32;C:\WINDOWS;C:\WINDOWS\System32\Wbem;C:\WINDOWS\System32\WindowsPowerShell\v1.0\;C:\WINDOWS\System32\OpenSSH\;C:\Program Files\PuTTY\;C:\Program Files\nodejs\;C:\Program Files\Git\cmd;C:\Program Files\Cloudflare\Cloudflare WARP\;C:\Program Files\dotnet\;C:\Users\Razza\AppData\Local\Microsoft\WindowsApps;C:\xampp\php;C:\Users\Razza\AppData\Local\ComposerSetup\bin;C:\Users\Razza\AppData\Roaming\Composer\vendor\bin;C:\Users\Razza\AppData\Roaming\npm;C:\Users\Razza\AppData\Local\Python\PythonCore-3.14-64\Scripts;C:\Program Files (x86)\Nmap;C:\Users\Razza\AppData\Local\Programs\Windsurf\bin;C:\Users\Razza\AppData\Local\Kiro-Cli\;C:\Users\Razza\AppData\Local\Programs\Microsoft VS Code\bin;C:\Users\Razza\AppData\Local\Programs\Kiro\bin
USERNAME=Razza
OS=Windows_NT
PROCESSOR_IDENTIFIER=AMD64 Family 23 Model 160 Stepping 0, AuthenticAMD
TMP=C:\Users\Razza\AppData\Local\Temp
TEMP=C:\Users\Razza\AppData\Local\Temp



---------------  S Y S T E M  ---------------

OS:
 Windows 11 , 64 bit Build 26100 (10.0.26100.7019)
OS uptime: 0 days 1:35 hours
Hyper-V role detected

CPU: total 8 (initial active 8) (8 cores per cpu, 2 threads per core) family 23 model 160 stepping 0 microcode 0x8a0000a, cx8, cmov, fxsr, ht, mmx, 3dnowpref, sse, sse2, sse3, ssse3, sse4a, sse4.1, sse4.2, popcnt, lzcnt, tsc, tscinvbit, avx, avx2, aes, clmul, bmi1, bmi2, adx, sha, fma, vzeroupper, clflush, clflushopt, hv

Memory: 4k page, system-wide physical 15610M (2431M free)
TotalPageFile size 23281M (AvailPageFile size 1M)
current process WorkingSet (physical memory assigned to process): 58M, peak: 58M
current process commit charge ("private bytes"): 196M, peak: 196M

vm_info: OpenJDK 64-Bit Server VM (17.0.4.1+1) for windows-amd64 JRE (17.0.4.1+1), built on Aug 17 2022 07:42:43 by "temurin" with MS VC++ 16.7 (VS2019)

END.
