#
# There is insufficient memory for the Java Runtime Environment to continue.
# Native memory allocation (malloc) failed to allocate 32744 bytes for Chunk::new
# Possible reasons:
#   The system is out of physical RAM or swap space
#   The process is running with CompressedOops enabled, and the Java Heap may be blocking the growth of the native heap
# Possible solutions:
#   Reduce memory load on the system
#   Increase physical memory or swap space
#   Check if swap backing store is full
#   Decrease Java heap size (-Xmx/-Xms)
#   Decrease number of Java threads
#   Decrease Java thread stack sizes (-Xss)
#   Set larger code cache with -XX:ReservedCodeCacheSize=
#   JVM is running with Zero Based Compressed Oops mode in which the Java heap is
#     placed in the first 32GB address space. The Java Heap base address is the
#     maximum limit for the native heap growth. Please use -XX:HeapBaseMinAddress
#     to set the Java Heap base and to place the Java Heap above 32GB virtual address.
# This output file may be truncated or incomplete.
#
#  Out of Memory Error (arena.cpp:168), pid=21700, tid=22932
#
# JRE version: Java(TM) SE Runtime Environment (21.0.10+8) (build 21.0.10+8-LTS-217)
# Java VM: Java HotSpot(TM) 64-Bit Server VM (21.0.10+8-LTS-217, mixed mode, sharing, tiered, compressed oops, compressed class ptrs, g1 gc, windows-amd64)
# No core dump will be written. Minidumps are not enabled by default on client versions of Windows
#

---------------  S U M M A R Y ------------

Command Line: --enable-native-access=ALL-UNNAMED -Dclassworlds.conf=C:\Users\Razza\apache-maven-3.9.15\bin\m2.conf -Dmaven.home=C:\Users\Razza\apache-maven-3.9.15 -Dlibrary.jansi.path=C:\Users\Razza\apache-maven-3.9.15\lib\jansi-native -Dmaven.multiModuleProjectDirectory=C:\Users\Razza\OneDrive\Desktop\Java-FX-BDMS org.codehaus.plexus.classworlds.launcher.Launcher javafx:run

Host: AMD Ryzen 5 7520U with Radeon Graphics         , 8 cores, 15G,  Windows 11 , 64 bit Build 26100 (10.0.26100.7019)
Time: Tue Apr 21 16:45:11 2026 Malay Peninsula Standard Time elapsed time: 15.789333 seconds (0d 0h 0m 15s)

---------------  T H R E A D  ---------------

Current thread (0x000002782f7f7790):  JavaThread "C2 CompilerThread0" daemon [_thread_in_native, id=22932, stack(0x000000ab32600000,0x000000ab32700000) (1024K)]


Current CompileTask:
C2:  15789 8841       4       org.fusesource.jansi.io.AnsiOutputStream::write (898 bytes)

Stack: [0x000000ab32600000,0x000000ab32700000]
Native frames: (J=compiled Java code, j=interpreted, Vv=VM code, C=native code)
V  [jvm.dll+0x6d0b59]
V  [jvm.dll+0x85fd56]
V  [jvm.dll+0x86224e]
V  [jvm.dll+0x862923]
V  [jvm.dll+0x282a16]
V  [jvm.dll+0xc662d]
V  [jvm.dll+0xc6b71]
V  [jvm.dll+0xc6755]
V  [jvm.dll+0x6adf5c]
V  [jvm.dll+0xd3646]
V  [jvm.dll+0x399448]
V  [jvm.dll+0x396dfe]
V  [jvm.dll+0x6e7999]
V  [jvm.dll+0x6eb1bd]
V  [jvm.dll+0x6e3389]
V  [jvm.dll+0x6e2a89]
V  [jvm.dll+0x6e0b1e]
V  [jvm.dll+0x1cdd4c]
V  [jvm.dll+0x1ce902]
V  [jvm.dll+0x2f723c]
V  [jvm.dll+0x6eb30b]
V  [jvm.dll+0x6e3389]
V  [jvm.dll+0x6e2a89]
V  [jvm.dll+0x6e0b1e]
V  [jvm.dll+0x1cdd4c]
V  [jvm.dll+0x1ce902]
V  [jvm.dll+0x2f723c]
V  [jvm.dll+0x6eb30b]
V  [jvm.dll+0x6e3389]
V  [jvm.dll+0x6e2a89]
V  [jvm.dll+0x6e0b1e]
V  [jvm.dll+0x1cdd4c]
V  [jvm.dll+0x1ce902]
V  [jvm.dll+0x2f723c]
V  [jvm.dll+0x6eb30b]
V  [jvm.dll+0x6e3389]
V  [jvm.dll+0x6e2a89]
V  [jvm.dll+0x6e0b1e]
V  [jvm.dll+0x1cdd4c]
V  [jvm.dll+0x1ce902]
V  [jvm.dll+0x2f723c]
V  [jvm.dll+0x6eb30b]
V  [jvm.dll+0x6e3389]
V  [jvm.dll+0x6e2a89]
V  [jvm.dll+0x6e0b1e]
V  [jvm.dll+0x1cdd4c]
V  [jvm.dll+0x24a4ef]
V  [jvm.dll+0x1cacfe]
V  [jvm.dll+0x25a629]
V  [jvm.dll+0x258bb5]
V  [jvm.dll+0x3f4da1]
V  [jvm.dll+0x80a83d]
V  [jvm.dll+0x6cf3fd]
C  [ucrtbase.dll+0x37b0]
C  [KERNEL32.DLL+0x2e8d7]
C  [ntdll.dll+0x8c53c]


---------------  P R O C E S S  ---------------

Threads class SMR info:
_java_thread_list=0x00000278773bf720, length=15, elements={
0x000002780e6cea60, 0x000002782f7dff50, 0x000002782f7e1520, 0x000002782f7ea0e0,
0x000002782f7eab40, 0x000002782f7f2130, 0x000002782f7f3700, 0x000002782f7f7790,
0x000002782f7f7e40, 0x000002782fa50c10, 0x000002782fa81490, 0x0000027875c9e1e0,
0x0000027878741220, 0x0000027876147210, 0x0000027876a09fb0
}

Java Threads: ( => current thread )
  0x000002780e6cea60 JavaThread "main"                              [_thread_in_native, id=14464, stack(0x000000ab31800000,0x000000ab31900000) (1024K)]
  0x000002782f7dff50 JavaThread "Reference Handler"          daemon [_thread_blocked, id=23544, stack(0x000000ab32000000,0x000000ab32100000) (1024K)]
  0x000002782f7e1520 JavaThread "Finalizer"                  daemon [_thread_blocked, id=19760, stack(0x000000ab32100000,0x000000ab32200000) (1024K)]
  0x000002782f7ea0e0 JavaThread "Signal Dispatcher"          daemon [_thread_blocked, id=23416, stack(0x000000ab32200000,0x000000ab32300000) (1024K)]
  0x000002782f7eab40 JavaThread "Attach Listener"            daemon [_thread_blocked, id=24832, stack(0x000000ab32300000,0x000000ab32400000) (1024K)]
  0x000002782f7f2130 JavaThread "Service Thread"             daemon [_thread_blocked, id=4244, stack(0x000000ab32400000,0x000000ab32500000) (1024K)]
  0x000002782f7f3700 JavaThread "Monitor Deflation Thread"   daemon [_thread_blocked, id=22124, stack(0x000000ab32500000,0x000000ab32600000) (1024K)]
=>0x000002782f7f7790 JavaThread "C2 CompilerThread0"         daemon [_thread_in_native, id=22932, stack(0x000000ab32600000,0x000000ab32700000) (1024K)]
  0x000002782f7f7e40 JavaThread "C1 CompilerThread0"         daemon [_thread_blocked, id=24176, stack(0x000000ab32700000,0x000000ab32800000) (1024K)]
  0x000002782fa50c10 JavaThread "Notification Thread"        daemon [_thread_blocked, id=10964, stack(0x000000ab32800000,0x000000ab32900000) (1024K)]
  0x000002782fa81490 JavaThread "Common-Cleaner"             daemon [_thread_blocked, id=22452, stack(0x000000ab32900000,0x000000ab32a00000) (1024K)]
  0x0000027875c9e1e0 JavaThread "Thread-1"                   daemon [_thread_blocked, id=22824, stack(0x000000ab32b00000,0x000000ab32c00000) (1024K)]
  0x0000027878741220 JavaThread "Exec Stream Pumper"         daemon [_thread_in_native, id=11224, stack(0x000000ab33500000,0x000000ab33600000) (1024K)]
  0x0000027876147210 JavaThread "Exec Stream Pumper"         daemon [_thread_in_native, id=19588, stack(0x000000ab33600000,0x000000ab33700000) (1024K)]
  0x0000027876a09fb0 JavaThread "Exec Input Stream Pumper"   daemon [_thread_blocked, id=6644, stack(0x000000ab33700000,0x000000ab33800000) (1024K)]
Total: 15

Other Threads:
  0x000002782f7c1d70 VMThread "VM Thread"                           [id=13652, stack(0x000000ab31f00000,0x000000ab32000000) (1024K)]
  0x000002782f7aee50 WatcherThread "VM Periodic Task Thread"        [id=25216, stack(0x000000ab31e00000,0x000000ab31f00000) (1024K)]
  0x0000027810afc8a0 WorkerThread "GC Thread#0"                     [id=17932, stack(0x000000ab31900000,0x000000ab31a00000) (1024K)]
  0x000002787587e8b0 WorkerThread "GC Thread#1"                     [id=22336, stack(0x000000ab32c00000,0x000000ab32d00000) (1024K)]
  0x0000027875fd9420 WorkerThread "GC Thread#2"                     [id=23724, stack(0x000000ab32d00000,0x000000ab32e00000) (1024K)]
  0x0000027875953dd0 WorkerThread "GC Thread#3"                     [id=23892, stack(0x000000ab32e00000,0x000000ab32f00000) (1024K)]
  0x0000027875954790 WorkerThread "GC Thread#4"                     [id=19636, stack(0x000000ab32f00000,0x000000ab33000000) (1024K)]
  0x0000027875a8c570 WorkerThread "GC Thread#5"                     [id=25156, stack(0x000000ab33000000,0x000000ab33100000) (1024K)]
  0x0000027875a8c920 WorkerThread "GC Thread#6"                     [id=25072, stack(0x000000ab33100000,0x000000ab33200000) (1024K)]
  0x0000027875a8ccd0 WorkerThread "GC Thread#7"                     [id=6096, stack(0x000000ab33200000,0x000000ab33300000) (1024K)]
  0x0000027810b0cc00 ConcurrentGCThread "G1 Main Marker"            [id=15736, stack(0x000000ab31a00000,0x000000ab31b00000) (1024K)]
  0x0000027810b0f0f0 WorkerThread "G1 Conc#0"                       [id=3928, stack(0x000000ab31b00000,0x000000ab31c00000) (1024K)]
  0x0000027875a8d080 WorkerThread "G1 Conc#1"                       [id=3228, stack(0x000000ab33300000,0x000000ab33400000) (1024K)]
  0x0000027810b5eb70 ConcurrentGCThread "G1 Refine#0"               [id=24728, stack(0x000000ab31c00000,0x000000ab31d00000) (1024K)]
  0x000002782f67e550 ConcurrentGCThread "G1 Service"                [id=25084, stack(0x000000ab31d00000,0x000000ab31e00000) (1024K)]
Total: 15

Threads with active compile tasks:
C2 CompilerThread0    15851 8841       4       org.fusesource.jansi.io.AnsiOutputStream::write (898 bytes)
Total: 1

VM state: not at safepoint (normal execution)

VM Mutex/Monitor currently owned by a thread: None

Heap address: 0x000000070c000000, size: 3904 MB, Compressed Oops mode: Zero based, Oop shift amount: 3

CDS archive(s) mapped at: [0x0000027830000000-0x0000027830c90000-0x0000027830c90000), size 13172736, SharedBaseAddress: 0x0000027830000000, ArchiveRelocationMode: 1.
Compressed class space mapped at: 0x0000027831000000-0x0000027871000000, reserved size: 1073741824
Narrow klass base: 0x0000027830000000, Narrow klass shift: 0, Narrow klass range: 0x100000000

GC Precious Log:
 CardTable entry size: 512
 Card Set container configuration: InlinePtr #cards 4 size 8 Array Of Cards #cards 16 size 48 Howl #buckets 8 coarsen threshold 3686 Howl Bitmap #cards 512 size 80 coarsen threshold 460 Card regions per heap region 1 cards per card region 4096
 CPUs: 8 total, 8 available
 Memory: 15610M
 Large Page Support: Disabled
 NUMA Support: Disabled
 Compressed Oops: Enabled (Zero based)
 Heap Region Size: 2M
 Heap Min Capacity: 8M
 Heap Initial Capacity: 244M
 Heap Max Capacity: 3904M
 Pre-touch: Disabled
 Parallel Workers: 8
 Concurrent Workers: 2
 Concurrent Refinement Workers: 8
 Periodic GC: Disabled

Heap:
 garbage-first heap   total 108544K, used 49275K [0x000000070c000000, 0x0000000800000000)
  region size 2048K, 9 young (18432K), 4 survivors (8192K)
 Metaspace       used 31200K, committed 31616K, reserved 1114112K
  class space    used 3475K, committed 3712K, reserved 1048576K

Heap Regions: E=young(eden), S=young(survivor), O=old, HS=humongous(starts), HC=humongous(continues), CS=collection set, F=free, TAMS=top-at-mark-start, PB=parsable bottom
|   0|0x000000070c000000, 0x000000070c200000, 0x000000070c200000|100%| O|  |TAMS 0x000000070c000000| PB 0x000000070c000000| Untracked 
|   1|0x000000070c200000, 0x000000070c400000, 0x000000070c400000|100%|HS|  |TAMS 0x000000070c200000| PB 0x000000070c200000| Complete 
|   2|0x000000070c400000, 0x000000070c600000, 0x000000070c600000|100%| O|  |TAMS 0x000000070c400000| PB 0x000000070c400000| Untracked 
|   3|0x000000070c600000, 0x000000070c800000, 0x000000070c800000|100%| O|  |TAMS 0x000000070c600000| PB 0x000000070c600000| Untracked 
|   4|0x000000070c800000, 0x000000070ca00000, 0x000000070ca00000|100%| O|  |TAMS 0x000000070c800000| PB 0x000000070c800000| Untracked 
|   5|0x000000070ca00000, 0x000000070cc00000, 0x000000070cc00000|100%| O|  |TAMS 0x000000070ca00000| PB 0x000000070ca00000| Untracked 
|   6|0x000000070cc00000, 0x000000070ce00000, 0x000000070ce00000|100%| O|  |TAMS 0x000000070cc00000| PB 0x000000070cc00000| Untracked 
|   7|0x000000070ce00000, 0x000000070d000000, 0x000000070d000000|100%| O|  |TAMS 0x000000070ce00000| PB 0x000000070ce00000| Untracked 
|   8|0x000000070d000000, 0x000000070d200000, 0x000000070d200000|100%| O|  |TAMS 0x000000070d000000| PB 0x000000070d000000| Untracked 
|   9|0x000000070d200000, 0x000000070d400000, 0x000000070d400000|100%| O|  |TAMS 0x000000070d200000| PB 0x000000070d200000| Untracked 
|  10|0x000000070d400000, 0x000000070d600000, 0x000000070d600000|100%| O|  |TAMS 0x000000070d400000| PB 0x000000070d400000| Untracked 
|  11|0x000000070d600000, 0x000000070d800000, 0x000000070d800000|100%| O|  |TAMS 0x000000070d600000| PB 0x000000070d600000| Untracked 
|  12|0x000000070d800000, 0x000000070da00000, 0x000000070da00000|100%| O|  |TAMS 0x000000070d800000| PB 0x000000070d800000| Untracked 
|  13|0x000000070da00000, 0x000000070db3ca30, 0x000000070dc00000| 61%| O|  |TAMS 0x000000070da00000| PB 0x000000070da00000| Untracked 
|  14|0x000000070dc00000, 0x000000070dc00000, 0x000000070de00000|  0%| F|  |TAMS 0x000000070dc00000| PB 0x000000070dc00000| Untracked 
|  15|0x000000070de00000, 0x000000070e000000, 0x000000070e000000|100%| O|  |TAMS 0x000000070de00000| PB 0x000000070de00000| Untracked 
|  16|0x000000070e000000, 0x000000070e200000, 0x000000070e200000|100%| O|  |TAMS 0x000000070e000000| PB 0x000000070e000000| Untracked 
|  17|0x000000070e200000, 0x000000070e400000, 0x000000070e400000|100%| O|  |TAMS 0x000000070e200000| PB 0x000000070e200000| Untracked 
|  18|0x000000070e400000, 0x000000070e400000, 0x000000070e600000|  0%| F|  |TAMS 0x000000070e400000| PB 0x000000070e400000| Untracked 
|  19|0x000000070e600000, 0x000000070e600000, 0x000000070e800000|  0%| F|  |TAMS 0x000000070e600000| PB 0x000000070e600000| Untracked 
|  20|0x000000070e800000, 0x000000070e800000, 0x000000070ea00000|  0%| F|  |TAMS 0x000000070e800000| PB 0x000000070e800000| Untracked 
|  21|0x000000070ea00000, 0x000000070ea00000, 0x000000070ec00000|  0%| F|  |TAMS 0x000000070ea00000| PB 0x000000070ea00000| Untracked 
|  22|0x000000070ec00000, 0x000000070ece2578, 0x000000070ee00000| 44%| S|CS|TAMS 0x000000070ec00000| PB 0x000000070ec00000| Complete 
|  23|0x000000070ee00000, 0x000000070f000000, 0x000000070f000000|100%| S|CS|TAMS 0x000000070ee00000| PB 0x000000070ee00000| Complete 
|  24|0x000000070f000000, 0x000000070f200000, 0x000000070f200000|100%| S|CS|TAMS 0x000000070f000000| PB 0x000000070f000000| Complete 
|  25|0x000000070f200000, 0x000000070f400000, 0x000000070f400000|100%| S|CS|TAMS 0x000000070f200000| PB 0x000000070f200000| Complete 
|  26|0x000000070f400000, 0x000000070f400000, 0x000000070f600000|  0%| F|  |TAMS 0x000000070f400000| PB 0x000000070f400000| Untracked 
|  27|0x000000070f600000, 0x000000070f600000, 0x000000070f800000|  0%| F|  |TAMS 0x000000070f600000| PB 0x000000070f600000| Untracked 
|  28|0x000000070f800000, 0x000000070f800000, 0x000000070fa00000|  0%| F|  |TAMS 0x000000070f800000| PB 0x000000070f800000| Untracked 
|  29|0x000000070fa00000, 0x000000070fa00000, 0x000000070fc00000|  0%| F|  |TAMS 0x000000070fa00000| PB 0x000000070fa00000| Untracked 
|  30|0x000000070fc00000, 0x000000070fc00000, 0x000000070fe00000|  0%| F|  |TAMS 0x000000070fc00000| PB 0x000000070fc00000| Untracked 
|  31|0x000000070fe00000, 0x000000070fe00000, 0x0000000710000000|  0%| F|  |TAMS 0x000000070fe00000| PB 0x000000070fe00000| Untracked 
|  32|0x0000000710000000, 0x0000000710000000, 0x0000000710200000|  0%| F|  |TAMS 0x0000000710000000| PB 0x0000000710000000| Untracked 
|  33|0x0000000710200000, 0x0000000710200000, 0x0000000710400000|  0%| F|  |TAMS 0x0000000710200000| PB 0x0000000710200000| Untracked 
|  34|0x0000000710400000, 0x0000000710400000, 0x0000000710600000|  0%| F|  |TAMS 0x0000000710400000| PB 0x0000000710400000| Untracked 
|  35|0x0000000710600000, 0x0000000710600000, 0x0000000710800000|  0%| F|  |TAMS 0x0000000710600000| PB 0x0000000710600000| Untracked 
|  36|0x0000000710800000, 0x0000000710800000, 0x0000000710a00000|  0%| F|  |TAMS 0x0000000710800000| PB 0x0000000710800000| Untracked 
|  37|0x0000000710a00000, 0x0000000710a00000, 0x0000000710c00000|  0%| F|  |TAMS 0x0000000710a00000| PB 0x0000000710a00000| Untracked 
|  38|0x0000000710c00000, 0x0000000710c00000, 0x0000000710e00000|  0%| F|  |TAMS 0x0000000710c00000| PB 0x0000000710c00000| Untracked 
|  39|0x0000000710e00000, 0x0000000710e00000, 0x0000000711000000|  0%| F|  |TAMS 0x0000000710e00000| PB 0x0000000710e00000| Untracked 
|  40|0x0000000711000000, 0x0000000711000000, 0x0000000711200000|  0%| F|  |TAMS 0x0000000711000000| PB 0x0000000711000000| Untracked 
|  41|0x0000000711200000, 0x0000000711200000, 0x0000000711400000|  0%| F|  |TAMS 0x0000000711200000| PB 0x0000000711200000| Untracked 
|  42|0x0000000711400000, 0x0000000711400000, 0x0000000711600000|  0%| F|  |TAMS 0x0000000711400000| PB 0x0000000711400000| Untracked 
|  43|0x0000000711600000, 0x0000000711600000, 0x0000000711800000|  0%| F|  |TAMS 0x0000000711600000| PB 0x0000000711600000| Untracked 
|  44|0x0000000711800000, 0x0000000711800000, 0x0000000711a00000|  0%| F|  |TAMS 0x0000000711800000| PB 0x0000000711800000| Untracked 
|  45|0x0000000711a00000, 0x0000000711a00000, 0x0000000711c00000|  0%| F|  |TAMS 0x0000000711a00000| PB 0x0000000711a00000| Untracked 
|  46|0x0000000711c00000, 0x0000000711c00000, 0x0000000711e00000|  0%| F|  |TAMS 0x0000000711c00000| PB 0x0000000711c00000| Untracked 
|  79|0x0000000715e00000, 0x0000000715e00000, 0x0000000716000000|  0%| F|  |TAMS 0x0000000715e00000| PB 0x0000000715e00000| Untracked 
|  80|0x0000000716000000, 0x00000007160a41f8, 0x0000000716200000| 32%| E|  |TAMS 0x0000000716000000| PB 0x0000000716000000| Complete 
|  81|0x0000000716200000, 0x0000000716400000, 0x0000000716400000|100%| E|CS|TAMS 0x0000000716200000| PB 0x0000000716200000| Complete 
|  82|0x0000000716400000, 0x0000000716600000, 0x0000000716600000|100%| E|CS|TAMS 0x0000000716400000| PB 0x0000000716400000| Complete 
|  83|0x0000000716600000, 0x0000000716800000, 0x0000000716800000|100%| E|CS|TAMS 0x0000000716600000| PB 0x0000000716600000| Complete 
| 121|0x000000071b200000, 0x000000071b400000, 0x000000071b400000|100%| E|CS|TAMS 0x000000071b200000| PB 0x000000071b200000| Complete 

Card table byte_map: [0x0000027828900000,0x00000278290a0000] _byte_map_base: 0x00000278250a0000

Marking Bits: (CMBitMap*) 0x0000027810afcdc0
 Bits: [0x00000278290a0000, 0x000002782cda0000)

Polling page: 0x000002780e8d0000

Metaspace:

Usage:
  Non-class:     27.07 MB used.
      Class:      3.39 MB used.
       Both:     30.47 MB used.

Virtual space:
  Non-class space:       64.00 MB reserved,      27.25 MB ( 43%) committed,  1 nodes.
      Class space:        1.00 GB reserved,       3.62 MB ( <1%) committed,  1 nodes.
             Both:        1.06 GB reserved,      30.88 MB (  3%) committed. 

Chunk freelists:
   Non-Class:  4.45 MB
       Class:  12.39 MB
        Both:  16.83 MB

MaxMetaspaceSize: unlimited
CompressedClassSpaceSize: 1.00 GB
Initial GC threshold: 21.00 MB
Current GC threshold: 35.44 MB
CDS: on
 - commit_granule_bytes: 65536.
 - commit_granule_words: 8192.
 - virtual_space_node_default_size: 8388608.
 - enlarge_chunks_in_place: 1.
 - use_allocation_guard: 0.


Internal statistics:

num_allocs_failed_limit: 3.
num_arena_births: 326.
num_arena_deaths: 0.
num_vsnodes_births: 2.
num_vsnodes_deaths: 0.
num_space_committed: 494.
num_space_uncommitted: 0.
num_chunks_returned_to_freelist: 3.
num_chunks_taken_from_freelist: 1439.
num_chunk_merges: 3.
num_chunk_splits: 1029.
num_chunks_enlarged: 807.
num_inconsistent_stats: 0.

CodeHeap 'non-profiled nmethods': size=120000Kb used=5182Kb max_used=5182Kb free=114818Kb
 bounds [0x0000027820a10000, 0x0000027820f20000, 0x0000027827f40000]
CodeHeap 'profiled nmethods': size=120000Kb used=20965Kb max_used=20965Kb free=99034Kb
 bounds [0x0000027818f40000, 0x000002781a3c0000, 0x0000027820470000]
CodeHeap 'non-nmethods': size=5760Kb used=1461Kb max_used=1538Kb free=4298Kb
 bounds [0x0000027820470000, 0x00000278206e0000, 0x0000027820a10000]
 total_blobs=9380 nmethods=8837 adapters=447
 compilation: enabled
              stopped_count=0, restarted_count=0
 full_count=0

Compilation events (20 events):
Event: 12.659 Thread 0x00000278770fbec0 8832       4       java.lang.String::indexOf (7 bytes)
Event: 12.659 Thread 0x000002782f7f7e40 nmethod 8828 0x000002781a3b6a10 code [0x000002781a3b6bc0, 0x000002781a3b6e90]
Event: 12.659 Thread 0x000002782f7f7e40 8830       3       java.lang.ProcessEnvironment$EntryComparator::compare (13 bytes)
Event: 12.660 Thread 0x000002782f7f7e40 nmethod 8830 0x000002781a3b6f90 code [0x000002781a3b71a0, 0x000002781a3b78f8]
Event: 12.660 Thread 0x000002782f7f7e40 8831       3       java.lang.ProcessEnvironment$EntryComparator::compare (25 bytes)
Event: 12.660 Thread 0x000002782f7f7e40 nmethod 8831 0x000002781a3b7a90 code [0x000002781a3b7c80, 0x000002781a3b8160]
Event: 12.660 Thread 0x000002782f7f7e40 8833       3       java.lang.Character::isSpaceChar (5 bytes)
Event: 12.660 Thread 0x000002782f7f7e40 nmethod 8833 0x000002781a3b8310 code [0x000002781a3b84e0, 0x000002781a3b87f8]
Event: 12.660 Thread 0x000002782f7f7e40 8834       3       java.lang.Character::isSpaceChar (19 bytes)
Event: 12.660 Thread 0x000002782f7f7e40 nmethod 8834 0x000002781a3b8910 code [0x000002781a3b8ae0, 0x000002781a3b8d90]
Event: 12.661 Thread 0x00000278770fbec0 nmethod 8832 0x0000027820f09a10 code [0x0000027820f09bc0, 0x0000027820f09e38]
Event: 12.661 Thread 0x00000278770fbec0 8835       4       java.lang.Character::getType (9 bytes)
Event: 12.662 Thread 0x00000278770fbec0 nmethod 8835 0x0000027820f0a010 code [0x0000027820f0a1c0, 0x0000027820f0a308]
Event: 12.680 Thread 0x000002782f7f7790 nmethod 8812 0x0000027820f0ad90 code [0x0000027820f0b160, 0x0000027820f0de88]
Event: 12.680 Thread 0x000002782f7f7e40 8839       3       java.lang.invoke.MemberName::isFinal (8 bytes)
Event: 12.680 Thread 0x000002782f7f7e40 nmethod 8839 0x000002781a3b8e90 code [0x000002781a3b9040, 0x000002781a3b9208]
Event: 13.558 Thread 0x0000027875f58910 nmethod 8678 0x0000027820f0f810 code [0x0000027820f101c0, 0x0000027820f18230]
Event: 15.650 Thread 0x000002782f7f7e40 8840   !   3       java.io.FileInputStream::available (24 bytes)
Event: 15.651 Thread 0x000002782f7f7e40 nmethod 8840 0x000002781a3b9290 code [0x000002781a3b9460, 0x000002781a3b9670]
Event: 15.776 Thread 0x000002782f7f7790 8841       4       org.fusesource.jansi.io.AnsiOutputStream::write (898 bytes)

GC Heap History (18 events):
Event: 1.339 GC heap before
{Heap before GC invocations=0 (full 0):
 garbage-first heap   total 249856K, used 22528K [0x000000070c000000, 0x0000000800000000)
  region size 2048K, 11 young (22528K), 0 survivors (0K)
 Metaspace       used 5635K, committed 5888K, reserved 1114112K
  class space    used 648K, committed 768K, reserved 1048576K
}
Event: 1.343 GC heap after
{Heap after GC invocations=1 (full 0):
 garbage-first heap   total 249856K, used 3889K [0x000000070c000000, 0x0000000800000000)
  region size 2048K, 2 young (4096K), 2 survivors (4096K)
 Metaspace       used 5635K, committed 5888K, reserved 1114112K
  class space    used 648K, committed 768K, reserved 1048576K
}
Event: 3.122 GC heap before
{Heap before GC invocations=1 (full 0):
 garbage-first heap   total 249856K, used 36657K [0x000000070c000000, 0x0000000800000000)
  region size 2048K, 18 young (36864K), 2 survivors (4096K)
 Metaspace       used 10152K, committed 10304K, reserved 1114112K
  class space    used 1195K, committed 1280K, reserved 1048576K
}
Event: 3.129 GC heap after
{Heap after GC invocations=2 (full 0):
 garbage-first heap   total 249856K, used 5688K [0x000000070c000000, 0x0000000800000000)
  region size 2048K, 1 young (2048K), 1 survivors (2048K)
 Metaspace       used 10152K, committed 10304K, reserved 1114112K
  class space    used 1195K, committed 1280K, reserved 1048576K
}
Event: 6.504 GC heap before
{Heap before GC invocations=2 (full 0):
 garbage-first heap   total 249856K, used 77368K [0x000000070c000000, 0x0000000800000000)
  region size 2048K, 38 young (77824K), 1 survivors (2048K)
 Metaspace       used 21261K, committed 21504K, reserved 1114112K
  class space    used 2492K, committed 2624K, reserved 1048576K
}
Event: 6.513 GC heap after
{Heap after GC invocations=3 (full 0):
 garbage-first heap   total 249856K, used 12995K [0x000000070c000000, 0x0000000800000000)
  region size 2048K, 5 young (10240K), 5 survivors (10240K)
 Metaspace       used 21261K, committed 21504K, reserved 1114112K
  class space    used 2492K, committed 2624K, reserved 1048576K
}
Event: 7.633 GC heap before
{Heap before GC invocations=4 (full 0):
 garbage-first heap   total 55296K, used 53955K [0x000000070c000000, 0x0000000800000000)
  region size 2048K, 24 young (49152K), 5 survivors (10240K)
 Metaspace       used 25802K, committed 26176K, reserved 1114112K
  class space    used 2955K, committed 3136K, reserved 1048576K
}
Event: 7.657 GC heap after
{Heap after GC invocations=5 (full 0):
 garbage-first heap   total 75776K, used 23197K [0x000000070c000000, 0x0000000800000000)
  region size 2048K, 10 young (20480K), 10 survivors (20480K)
 Metaspace       used 25802K, committed 26176K, reserved 1114112K
  class space    used 2955K, committed 3136K, reserved 1048576K
}
Event: 7.982 GC heap before
{Heap before GC invocations=5 (full 0):
 garbage-first heap   total 75776K, used 47773K [0x000000070c000000, 0x0000000800000000)
  region size 2048K, 22 young (45056K), 10 survivors (20480K)
 Metaspace       used 26086K, committed 26432K, reserved 1114112K
  class space    used 2958K, committed 3136K, reserved 1048576K
}
Event: 8.022 GC heap after
{Heap after GC invocations=6 (full 0):
 garbage-first heap   total 75776K, used 28672K [0x000000070c000000, 0x0000000800000000)
  region size 2048K, 3 young (6144K), 3 survivors (6144K)
 Metaspace       used 26086K, committed 26432K, reserved 1114112K
  class space    used 2958K, committed 3136K, reserved 1048576K
}
Event: 9.424 GC heap before
{Heap before GC invocations=6 (full 0):
 garbage-first heap   total 75776K, used 61440K [0x000000070c000000, 0x0000000800000000)
  region size 2048K, 18 young (36864K), 3 survivors (6144K)
 Metaspace       used 28411K, committed 28736K, reserved 1114112K
  class space    used 3208K, committed 3392K, reserved 1048576K
}
Event: 9.444 GC heap after
{Heap after GC invocations=7 (full 0):
 garbage-first heap   total 75776K, used 33792K [0x000000070c000000, 0x0000000800000000)
  region size 2048K, 2 young (4096K), 2 survivors (4096K)
 Metaspace       used 28411K, committed 28736K, reserved 1114112K
  class space    used 3208K, committed 3392K, reserved 1048576K
}
Event: 10.059 GC heap before
{Heap before GC invocations=7 (full 0):
 garbage-first heap   total 75776K, used 60416K [0x000000070c000000, 0x0000000800000000)
  region size 2048K, 15 young (30720K), 2 survivors (4096K)
 Metaspace       used 28636K, committed 29056K, reserved 1114112K
  class space    used 3215K, committed 3392K, reserved 1048576K
}
Event: 10.073 GC heap after
{Heap after GC invocations=8 (full 0):
 garbage-first heap   total 108544K, used 35855K [0x000000070c000000, 0x0000000800000000)
  region size 2048K, 1 young (2048K), 1 survivors (2048K)
 Metaspace       used 28636K, committed 29056K, reserved 1114112K
  class space    used 3215K, committed 3392K, reserved 1048576K
}
Event: 11.085 GC heap before
{Heap before GC invocations=8 (full 0):
 garbage-first heap   total 108544K, used 87055K [0x000000070c000000, 0x0000000800000000)
  region size 2048K, 26 young (53248K), 1 survivors (2048K)
 Metaspace       used 29326K, committed 29696K, reserved 1114112K
  class space    used 3252K, committed 3456K, reserved 1048576K
}
Event: 11.097 GC heap after
{Heap after GC invocations=9 (full 0):
 garbage-first heap   total 108544K, used 37945K [0x000000070c000000, 0x0000000800000000)
  region size 2048K, 2 young (4096K), 2 survivors (4096K)
 Metaspace       used 29326K, committed 29696K, reserved 1114112K
  class space    used 3252K, committed 3456K, reserved 1048576K
}
Event: 12.450 GC heap before
{Heap before GC invocations=9 (full 0):
 garbage-first heap   total 108544K, used 89145K [0x000000070c000000, 0x0000000800000000)
  region size 2048K, 27 young (55296K), 2 survivors (4096K)
 Metaspace       used 30414K, committed 30848K, reserved 1114112K
  class space    used 3361K, committed 3584K, reserved 1048576K
}
Event: 12.463 GC heap after
{Heap after GC invocations=10 (full 0):
 garbage-first heap   total 108544K, used 41083K [0x000000070c000000, 0x0000000800000000)
  region size 2048K, 4 young (8192K), 4 survivors (8192K)
 Metaspace       used 30414K, committed 30848K, reserved 1114112K
  class space    used 3361K, committed 3584K, reserved 1048576K
}

Dll operation events (8 events):
Event: 0.014 Loaded shared library C:\Program Files\Java\jdk-21.0.10\bin\java.dll
Event: 0.052 Loaded shared library C:\Program Files\Java\jdk-21.0.10\bin\jsvml.dll
Event: 0.085 Loaded shared library C:\Program Files\Java\jdk-21.0.10\bin\net.dll
Event: 0.089 Loaded shared library C:\Program Files\Java\jdk-21.0.10\bin\nio.dll
Event: 0.098 Loaded shared library C:\Program Files\Java\jdk-21.0.10\bin\zip.dll
Event: 0.427 Loaded shared library C:\Program Files\Java\jdk-21.0.10\bin\jimage.dll
Event: 0.429 Loaded shared library C:\Users\Razza\apache-maven-3.9.15\lib\jansi-native\Windows\x86_64\jansi.dll
Event: 0.481 Loaded shared library C:\Program Files\Java\jdk-21.0.10\bin\verify.dll

Deoptimization events (20 events):
Event: 12.579 Thread 0x000002780e6cea60 Uncommon trap: trap_request=0xffffffc6 fr.pc=0x0000027820bc6224 relative=0x00000000000016c4
Event: 12.579 Thread 0x000002780e6cea60 Uncommon trap: reason=bimorphic_or_optimized_type_check action=maybe_recompile pc=0x0000027820bc6224 method=java.io.DataInputStream.readFully([BII)V @ 30 c2
Event: 12.579 Thread 0x000002780e6cea60 DEOPT PACKING pc=0x0000027820bc6224 sp=0x000000ab318fdb90
Event: 12.579 Thread 0x000002780e6cea60 DEOPT UNPACKING pc=0x00000278204c46a2 sp=0x000000ab318fdb78 mode 2
Event: 12.580 Thread 0x000002780e6cea60 Uncommon trap: trap_request=0xffffffc6 fr.pc=0x0000027820bc6224 relative=0x00000000000016c4
Event: 12.580 Thread 0x000002780e6cea60 Uncommon trap: reason=bimorphic_or_optimized_type_check action=maybe_recompile pc=0x0000027820bc6224 method=java.io.DataInputStream.readFully([BII)V @ 30 c2
Event: 12.580 Thread 0x000002780e6cea60 DEOPT PACKING pc=0x0000027820bc6224 sp=0x000000ab318fdab0
Event: 12.580 Thread 0x000002780e6cea60 DEOPT UNPACKING pc=0x00000278204c46a2 sp=0x000000ab318fda98 mode 2
Event: 12.658 Thread 0x000002780e6cea60 Uncommon trap: trap_request=0xffffffbe fr.pc=0x0000027820b11570 relative=0x00000000000011d0
Event: 12.658 Thread 0x000002780e6cea60 Uncommon trap: reason=profile_predicate action=maybe_recompile pc=0x0000027820b11570 method=java.util.TimSort.binarySort([Ljava/lang/Object;IIILjava/util/Comparator;)V @ 34 c2
Event: 12.658 Thread 0x000002780e6cea60 DEOPT PACKING pc=0x0000027820b11570 sp=0x000000ab318fda80
Event: 12.658 Thread 0x000002780e6cea60 DEOPT UNPACKING pc=0x00000278204c46a2 sp=0x000000ab318fda50 mode 2
Event: 12.658 Thread 0x000002780e6cea60 Uncommon trap: trap_request=0xffffffbe fr.pc=0x0000027820b11570 relative=0x00000000000011d0
Event: 12.658 Thread 0x000002780e6cea60 Uncommon trap: reason=profile_predicate action=maybe_recompile pc=0x0000027820b11570 method=java.util.TimSort.binarySort([Ljava/lang/Object;IIILjava/util/Comparator;)V @ 34 c2
Event: 12.658 Thread 0x000002780e6cea60 DEOPT PACKING pc=0x0000027820b11570 sp=0x000000ab318fda80
Event: 12.658 Thread 0x000002780e6cea60 DEOPT UNPACKING pc=0x00000278204c46a2 sp=0x000000ab318fda50 mode 2
Event: 12.658 Thread 0x000002780e6cea60 Uncommon trap: trap_request=0xffffffbe fr.pc=0x0000027820b11570 relative=0x00000000000011d0
Event: 12.658 Thread 0x000002780e6cea60 Uncommon trap: reason=profile_predicate action=maybe_recompile pc=0x0000027820b11570 method=java.util.TimSort.binarySort([Ljava/lang/Object;IIILjava/util/Comparator;)V @ 34 c2
Event: 12.658 Thread 0x000002780e6cea60 DEOPT PACKING pc=0x0000027820b11570 sp=0x000000ab318fda80
Event: 12.658 Thread 0x000002780e6cea60 DEOPT UNPACKING pc=0x00000278204c46a2 sp=0x000000ab318fda50 mode 2

Classes loaded (20 events):
Event: 12.683 Loading class jdk/internal/logger/LazyLoggers
Event: 12.683 Loading class jdk/internal/logger/LazyLoggers done
Event: 12.683 Loading class jdk/internal/logger/LazyLoggers$1
Event: 12.683 Loading class jdk/internal/logger/LazyLoggers$1 done
Event: 12.683 Loading class jdk/internal/logger/LazyLoggers$LazyLoggerFactories
Event: 12.683 Loading class jdk/internal/logger/LazyLoggers$LazyLoggerFactories done
Event: 12.684 Loading class jdk/internal/logger/LoggerFinderLoader
Event: 12.684 Loading class jdk/internal/logger/LoggerFinderLoader done
Event: 12.684 Loading class jdk/internal/logger/LoggerFinderLoader$TemporaryLoggerFinder
Event: 12.685 Loading class jdk/internal/logger/LoggerFinderLoader$TemporaryLoggerFinder done
Event: 12.685 Loading class sun/util/logging/internal/LoggingProviderImpl$JULWrapper
Event: 12.685 Loading class sun/util/logging/PlatformLogger$ConfigurableBridge$LoggerConfiguration
Event: 12.685 Loading class sun/util/logging/PlatformLogger$ConfigurableBridge$LoggerConfiguration done
Event: 12.685 Loading class sun/util/logging/internal/LoggingProviderImpl$JULWrapper done
Event: 12.685 Loading class java/lang/System$Logger$Level
Event: 12.685 Loading class java/lang/System$Logger$Level done
Event: 12.687 Loading class java/io/PipedOutputStream
Event: 12.687 Loading class java/io/PipedOutputStream done
Event: 12.688 Loading class jdk/internal/event/ThreadSleepEvent
Event: 12.689 Loading class jdk/internal/event/ThreadSleepEvent done

Classes unloaded (0 events):
No events

Classes redefined (0 events):
No events

Internal exceptions (20 events):
Event: 10.734 Thread 0x000002780e6cea60 Exception <a 'sun/nio/fs/WindowsException'{0x00000007106e8528}> (0x00000007106e8528) 
thrown [s\open\src\hotspot\share\prims\jni.cpp, line 520]
Event: 10.739 Thread 0x000002780e6cea60 Exception <a 'sun/nio/fs/WindowsException'{0x00000007106f3290}> (0x00000007106f3290) 
thrown [s\open\src\hotspot\share\prims\jni.cpp, line 520]
Event: 10.744 Thread 0x000002780e6cea60 Exception <a 'sun/nio/fs/WindowsException'{0x00000007106fd088}> (0x00000007106fd088) 
thrown [s\open\src\hotspot\share\prims\jni.cpp, line 520]
Event: 10.750 Thread 0x000002780e6cea60 Exception <a 'sun/nio/fs/WindowsException'{0x0000000710706de0}> (0x0000000710706de0) 
thrown [s\open\src\hotspot\share\prims\jni.cpp, line 520]
Event: 10.754 Thread 0x000002780e6cea60 Exception <a 'sun/nio/fs/WindowsException'{0x000000071070f9c8}> (0x000000071070f9c8) 
thrown [s\open\src\hotspot\share\prims\jni.cpp, line 520]
Event: 10.909 Thread 0x000002780e6cea60 Exception <a 'sun/nio/fs/WindowsException'{0x00000007103d5ab8}> (0x00000007103d5ab8) 
thrown [s\open\src\hotspot\share\prims\jni.cpp, line 520]
Event: 10.963 Thread 0x000002780e6cea60 Exception <a 'sun/nio/fs/WindowsException'{0x000000070febf318}> (0x000000070febf318) 
thrown [s\open\src\hotspot\share\prims\jni.cpp, line 520]
Event: 10.976 Thread 0x000002780e6cea60 Exception <a 'sun/nio/fs/WindowsException'{0x000000070ff39a78}> (0x000000070ff39a78) 
thrown [s\open\src\hotspot\share\prims\jni.cpp, line 520]
Event: 11.205 Thread 0x000002780e6cea60 Exception <a 'sun/nio/fs/WindowsException'{0x00000007163a14f0}> (0x00000007163a14f0) 
thrown [s\open\src\hotspot\share\prims\jni.cpp, line 520]
Event: 11.268 Thread 0x000002780e6cea60 Exception <a 'sun/nio/fs/WindowsException'{0x0000000715e4ba18}> (0x0000000715e4ba18) 
thrown [s\open\src\hotspot\share\prims\jni.cpp, line 520]
Event: 12.537 Thread 0x000002780e6cea60 Exception <a 'sun/nio/fs/WindowsException'{0x000000071668a8c8}> (0x000000071668a8c8) 
thrown [s\open\src\hotspot\share\prims\jni.cpp, line 520]
Event: 12.537 Thread 0x000002780e6cea60 Exception <a 'sun/nio/fs/WindowsException'{0x000000071668b0c8}> (0x000000071668b0c8) 
thrown [s\open\src\hotspot\share\prims\jni.cpp, line 520]
Event: 12.547 Thread 0x000002780e6cea60 Exception <a 'sun/nio/fs/WindowsException'{0x00000007166a7968}> (0x00000007166a7968) 
thrown [s\open\src\hotspot\share\prims\jni.cpp, line 520]
Event: 12.549 Thread 0x000002780e6cea60 Exception <a 'sun/nio/fs/WindowsException'{0x00000007166acaa8}> (0x00000007166acaa8) 
thrown [s\open\src\hotspot\share\prims\jni.cpp, line 520]
Event: 12.550 Thread 0x000002780e6cea60 Exception <a 'sun/nio/fs/WindowsException'{0x00000007166adc88}> (0x00000007166adc88) 
thrown [s\open\src\hotspot\share\prims\jni.cpp, line 520]
Event: 12.550 Thread 0x000002780e6cea60 Exception <a 'sun/nio/fs/WindowsException'{0x00000007166ae950}> (0x00000007166ae950) 
thrown [s\open\src\hotspot\share\prims\jni.cpp, line 520]
Event: 12.674 Thread 0x000002780e6cea60 Exception <a 'java/lang/NoSuchMethodError'{0x00000007163094e8}: 'void java.lang.invoke.DirectMethodHandle$Holder.invokeStatic(java.lang.Object, long)'> (0x00000007163094e8) 
thrown [s\open\src\hotspot\share\interpreter\linkResolver.cpp, line 773]
Event: 12.674 Thread 0x000002780e6cea60 Exception <a 'java/lang/NoSuchMethodError'{0x000000071630e290}: 'java.lang.Object java.lang.invoke.DirectMethodHandle$Holder.newInvokeSpecial(java.lang.Object, long)'> (0x000000071630e290) 
thrown [s\open\src\hotspot\share\interpreter\linkResolver.cpp, line 773]
Event: 12.676 Thread 0x000002780e6cea60 Exception <a 'java/lang/NoSuchMethodError'{0x0000000716314c48}: 'java.lang.Object java.lang.invoke.DirectMethodHandle$Holder.invokeStatic(java.lang.Object, long, java.lang.Object)'> (0x0000000716314c48) 
thrown [s\open\src\hotspot\share\interpreter\linkResolver.cpp, line 773]
Event: 12.677 Thread 0x000002780e6cea60 Exception <a 'java/lang/NoSuchMethodError'{0x00000007163182b0}: 'java.lang.Object java.lang.invoke.DirectMethodHandle$Holder.invokeStaticInit(java.lang.Object, long, java.lang.Object)'> (0x00000007163182b0) 
thrown [s\open\src\hotspot\share\interpreter\linkResolver.cpp, line 773]

ZGC Phase Switch (0 events):
No events

VM Operations (20 events):
Event: 10.960 Executing VM operation: ICBufferFull
Event: 10.960 Executing VM operation: ICBufferFull done
Event: 11.085 Executing VM operation: G1CollectForAllocation (G1 Evacuation Pause)
Event: 11.097 Executing VM operation: G1CollectForAllocation (G1 Evacuation Pause) done
Event: 11.437 Executing VM operation: ICBufferFull
Event: 11.437 Executing VM operation: ICBufferFull done
Event: 11.905 Executing VM operation: ICBufferFull
Event: 11.905 Executing VM operation: ICBufferFull done
Event: 12.430 Executing VM operation: HandshakeAllThreads (Deoptimize)
Event: 12.431 Executing VM operation: HandshakeAllThreads (Deoptimize) done
Event: 12.450 Executing VM operation: G1CollectForAllocation (G1 Evacuation Pause)
Event: 12.464 Executing VM operation: G1CollectForAllocation (G1 Evacuation Pause) done
Event: 12.496 Executing VM operation: HandshakeAllThreads (Deoptimize)
Event: 12.496 Executing VM operation: HandshakeAllThreads (Deoptimize) done
Event: 12.543 Executing VM operation: HandshakeAllThreads (Deoptimize)
Event: 12.543 Executing VM operation: HandshakeAllThreads (Deoptimize) done
Event: 12.682 Executing VM operation: HandshakeAllThreads (Deoptimize)
Event: 12.682 Executing VM operation: HandshakeAllThreads (Deoptimize) done
Event: 13.696 Executing VM operation: Cleanup
Event: 13.696 Executing VM operation: Cleanup done

Events (20 events):
Event: 0.050 Thread 0x000002782f7f2130 Thread added: 0x000002782f7f2130
Event: 0.050 Thread 0x000002782f7f3700 Thread added: 0x000002782f7f3700
Event: 0.050 Thread 0x000002782f7f7790 Thread added: 0x000002782f7f7790
Event: 0.050 Thread 0x000002782f7f7e40 Thread added: 0x000002782f7f7e40
Event: 0.073 Thread 0x000002782fa50c10 Thread added: 0x000002782fa50c10
Event: 0.080 Thread 0x000002782fa81490 Thread added: 0x000002782fa81490
Event: 0.421 Thread 0x000002782faaea90 Thread added: 0x000002782faaea90
Event: 0.436 Thread 0x000002782faaea90 Thread exited: 0x000002782faaea90
Event: 1.268 Thread 0x00000278755d6d40 Thread added: 0x00000278755d6d40
Event: 1.309 Thread 0x0000027875aaf250 Thread added: 0x0000027875aaf250
Event: 2.162 Thread 0x0000027875aaf250 Thread exited: 0x0000027875aaf250
Event: 2.162 Thread 0x00000278755d6d40 Thread exited: 0x00000278755d6d40
Event: 3.865 Thread 0x0000027875f58910 Thread added: 0x0000027875f58910
Event: 4.065 Thread 0x0000027875c9e1e0 Thread added: 0x0000027875c9e1e0
Event: 6.854 Thread 0x00000278770fbec0 Thread added: 0x00000278770fbec0
Event: 12.688 Thread 0x0000027878741220 Thread added: 0x0000027878741220
Event: 12.688 Thread 0x0000027876147210 Thread added: 0x0000027876147210
Event: 12.688 Thread 0x0000027876a09fb0 Thread added: 0x0000027876a09fb0
Event: 15.650 Thread 0x00000278770fbec0 Thread exited: 0x00000278770fbec0
Event: 15.776 Thread 0x0000027875f58910 Thread exited: 0x0000027875f58910


Dynamic libraries:
0x00007ff6f5300000 - 0x00007ff6f5310000 	C:\Program Files\Java\jdk-21.0.10\bin\java.exe
0x00007ffda20a0000 - 0x00007ffda2308000 	C:\WINDOWS\SYSTEM32\ntdll.dll
0x00007ffda0f70000 - 0x00007ffda1039000 	C:\WINDOWS\System32\KERNEL32.DLL
0x00007ffd9f4f0000 - 0x00007ffd9f8e8000 	C:\WINDOWS\System32\KERNELBASE.dll
0x00007ffd9f8f0000 - 0x00007ffd9fa3b000 	C:\WINDOWS\System32\ucrtbase.dll
0x00007ffd6b180000 - 0x00007ffd6b199000 	C:\Program Files\Java\jdk-21.0.10\bin\jli.dll
0x00007ffd6b130000 - 0x00007ffd6b14e000 	C:\Program Files\Java\jdk-21.0.10\bin\VCRUNTIME140.dll
0x00007ffda1490000 - 0x00007ffda1544000 	C:\WINDOWS\System32\ADVAPI32.dll
0x00007ffda0e80000 - 0x00007ffda0f29000 	C:\WINDOWS\System32\msvcrt.dll
0x00007ffda1cf0000 - 0x00007ffda1d96000 	C:\WINDOWS\System32\sechost.dll
0x00007ffda1e20000 - 0x00007ffda1f38000 	C:\WINDOWS\System32\RPCRT4.dll
0x00007ffda11d0000 - 0x00007ffda1397000 	C:\WINDOWS\System32\USER32.dll
0x00007ffd87b70000 - 0x00007ffd87e04000 	C:\WINDOWS\WinSxS\amd64_microsoft.windows.common-controls_6595b64144ccf1df_6.0.26100.7019_none_3e06ffa0e335b8a8\COMCTL32.dll
0x00007ffd9f370000 - 0x00007ffd9f397000 	C:\WINDOWS\System32\win32u.dll
0x00007ffda0930000 - 0x00007ffda095b000 	C:\WINDOWS\System32\GDI32.dll
0x00007ffd9fa40000 - 0x00007ffd9fb6c000 	C:\WINDOWS\System32\gdi32full.dll
0x00007ffd9fce0000 - 0x00007ffd9fd83000 	C:\WINDOWS\System32\msvcp_win.dll
0x00007ffd90b70000 - 0x00007ffd90b7b000 	C:\WINDOWS\SYSTEM32\VERSION.dll
0x00007ffda0f30000 - 0x00007ffda0f61000 	C:\WINDOWS\System32\IMM32.DLL
0x00007ffd92180000 - 0x00007ffd9218c000 	C:\Program Files\Java\jdk-21.0.10\bin\vcruntime140_1.dll
0x00007ffd69f30000 - 0x00007ffd69fbd000 	C:\Program Files\Java\jdk-21.0.10\bin\msvcp140.dll
0x00007ffd1c440000 - 0x00007ffd1d167000 	C:\Program Files\Java\jdk-21.0.10\bin\server\jvm.dll
0x00007ffda1770000 - 0x00007ffda17e4000 	C:\WINDOWS\System32\WS2_32.dll
0x00007ffd9f050000 - 0x00007ffd9f0ae000 	C:\WINDOWS\SYSTEM32\POWRPROF.dll
0x00007ffd95010000 - 0x00007ffd95045000 	C:\WINDOWS\SYSTEM32\WINMM.dll
0x00007ffd9f030000 - 0x00007ffd9f044000 	C:\WINDOWS\SYSTEM32\UMPDC.dll
0x00007ffd9dfb0000 - 0x00007ffd9dfcb000 	C:\WINDOWS\SYSTEM32\kernel.appcore.dll
0x00007ffd8fec0000 - 0x00007ffd8feca000 	C:\Program Files\Java\jdk-21.0.10\bin\jimage.dll
0x00007ffd91600000 - 0x00007ffd91842000 	C:\WINDOWS\SYSTEM32\DBGHELP.DLL
0x00007ffda05a0000 - 0x00007ffda092b000 	C:\WINDOWS\System32\combase.dll
0x00007ffda13b0000 - 0x00007ffda1487000 	C:\WINDOWS\System32\OLEAUT32.dll
0x00007ffd7ef10000 - 0x00007ffd7ef4c000 	C:\WINDOWS\SYSTEM32\dbgcore.DLL
0x00007ffd9fd90000 - 0x00007ffd9fe35000 	C:\WINDOWS\System32\bcryptPrimitives.dll
0x00007ffd6a990000 - 0x00007ffd6a9b1000 	C:\Program Files\Java\jdk-21.0.10\bin\java.dll
0x00007ffd9fe40000 - 0x00007ffda058f000 	C:\WINDOWS\System32\SHELL32.dll
0x00007ffd9fb70000 - 0x00007ffd9fcdb000 	C:\WINDOWS\System32\wintypes.dll
0x00007ffd9ce10000 - 0x00007ffd9d66d000 	C:\WINDOWS\SYSTEM32\windows.storage.dll
0x00007ffda1670000 - 0x00007ffda1762000 	C:\WINDOWS\System32\SHCORE.dll
0x00007ffda1f70000 - 0x00007ffda1fd7000 	C:\WINDOWS\System32\shlwapi.dll
0x00007ffd9f110000 - 0x00007ffd9f139000 	C:\WINDOWS\SYSTEM32\profapi.dll
0x00007ffd69df0000 - 0x00007ffd69ec7000 	C:\Program Files\Java\jdk-21.0.10\bin\jsvml.dll
0x00007ffd69f10000 - 0x00007ffd69f21000 	C:\Program Files\Java\jdk-21.0.10\bin\net.dll
0x00007ffd943f0000 - 0x00007ffd94518000 	C:\WINDOWS\SYSTEM32\WINHTTP.dll
0x00007ffd9e520000 - 0x00007ffd9e58b000 	C:\WINDOWS\system32\mswsock.dll
0x00007ffd69dd0000 - 0x00007ffd69de6000 	C:\Program Files\Java\jdk-21.0.10\bin\nio.dll
0x00007ffd692e0000 - 0x00007ffd692f8000 	C:\Program Files\Java\jdk-21.0.10\bin\zip.dll
0x00007ffd90020000 - 0x00007ffd90044000 	C:\Users\Razza\apache-maven-3.9.15\lib\jansi-native\Windows\x86_64\jansi.dll
0x00007ffd86a20000 - 0x00007ffd86a30000 	C:\Program Files\Java\jdk-21.0.10\bin\verify.dll

dbghelp: loaded successfully - version: 4.0.5 - missing functions: none
symbol engine: initialized successfully - sym options: 0x614 - pdb path: .;C:\Program Files\Java\jdk-21.0.10\bin;C:\WINDOWS\SYSTEM32;C:\WINDOWS\WinSxS\amd64_microsoft.windows.common-controls_6595b64144ccf1df_6.0.26100.7019_none_3e06ffa0e335b8a8;C:\Program Files\Java\jdk-21.0.10\bin\server;C:\Users\Razza\apache-maven-3.9.15\lib\jansi-native\Windows\x86_64

VM Arguments:
jvm_args: --enable-native-access=ALL-UNNAMED -Dclassworlds.conf=C:\Users\Razza\apache-maven-3.9.15\bin\m2.conf -Dmaven.home=C:\Users\Razza\apache-maven-3.9.15 -Dlibrary.jansi.path=C:\Users\Razza\apache-maven-3.9.15\lib\jansi-native -Dmaven.multiModuleProjectDirectory=C:\Users\Razza\OneDrive\Desktop\Java-FX-BDMS 
java_command: org.codehaus.plexus.classworlds.launcher.Launcher javafx:run
java_class_path (initial): C:\Users\Razza\apache-maven-3.9.15\boot\plexus-classworlds-2.9.0.jar
Launcher Type: SUN_STANDARD

[Global flags]
     intx CICompilerCount                          = 4                                         {product} {ergonomic}
     uint ConcGCThreads                            = 2                                         {product} {ergonomic}
     uint G1ConcRefinementThreads                  = 8                                         {product} {ergonomic}
   size_t G1HeapRegionSize                         = 2097152                                   {product} {ergonomic}
    uintx GCDrainStackTargetSize                   = 64                                        {product} {ergonomic}
   size_t InitialHeapSize                          = 255852544                                 {product} {ergonomic}
   size_t MarkStackSize                            = 4194304                                   {product} {ergonomic}
   size_t MaxHeapSize                              = 4093640704                                {product} {ergonomic}
   size_t MaxNewSize                               = 2455764992                                {product} {ergonomic}
   size_t MinHeapDeltaBytes                        = 2097152                                   {product} {ergonomic}
   size_t MinHeapSize                              = 8388608                                   {product} {ergonomic}
    uintx NonNMethodCodeHeapSize                   = 5839372                                {pd product} {ergonomic}
    uintx NonProfiledCodeHeapSize                  = 122909434                              {pd product} {ergonomic}
    uintx ProfiledCodeHeapSize                     = 122909434                              {pd product} {ergonomic}
    uintx ReservedCodeCacheSize                    = 251658240                              {pd product} {ergonomic}
     bool SegmentedCodeCache                       = true                                      {product} {ergonomic}
   size_t SoftMaxHeapSize                          = 4093640704                             {manageable} {ergonomic}
     bool UseCompressedOops                        = true                           {product lp64_product} {ergonomic}
     bool UseG1GC                                  = true                                      {product} {ergonomic}
     bool UseLargePagesIndividualAllocation        = false                                  {pd product} {ergonomic}

Logging:
Log output configuration:
 #0: stdout all=warning uptime,level,tags foldmultilines=false
 #1: stderr all=off uptime,level,tags foldmultilines=false

Environment Variables:
PATH=C:\Program Files\Common Files\Oracle\Java\javapath;C:\WINDOWS\system32;C:\WINDOWS;C:\WINDOWS\System32\Wbem;C:\WINDOWS\System32\WindowsPowerShell\v1.0\;C:\WINDOWS\System32\OpenSSH\;C:\Program Files\nodejs\;C:\Program Files\Git\cmd;C:\Program Files\Cloudflare\Cloudflare WARP\;C:\Program Files\dotnet\;C:\Program Files\PuTTY\;C:\Users\Razza\.local\bin;C:\Users\Razza\AppData\Local\Programs\Eclipse Adoptium\jdk-25.0.2.10-hotspot\bin;C:\Users\Razza\AppData\Local\Programs\Python\Launcher\;C:\Program Files\Common Files\Oracle\Java\javapath;C:\WINDOWS\system32;C:\WINDOWS;C:\WINDOWS\System32\Wbem;C:\WINDOWS\System32\WindowsPowerShell\v1.0\;C:\WINDOWS\System32\OpenSSH\;C:\Program Files\PuTTY\;C:\Program Files\nodejs\;C:\Program Files\Git\cmd;C:\Program Files\Cloudflare\Cloudflare WARP\;C:\Program Files\dotnet\;C:\Users\Razza\AppData\Local\Microsoft\WindowsApps;C:\xampp\php;C:\Users\Razza\AppData\Local\ComposerSetup\bin;C:\Users\Razza\AppData\Roaming\Composer\vendor\bin;C:\Users\Razza\AppData\Roaming\npm;C:\Users\Razza\AppData\Local\Python\PythonCore-3.14-64\Scripts;C:\Program Files (x86)\Nmap;C:\Users\Razza\AppData\Local\Programs\Windsurf\bin;C:\Users\Razza\AppData\Local\Kiro-Cli\;C:\Users\Razza\AppData\Local\Programs\Microsoft VS Code\bin;C:\Users\Razza\AppData\Local\Programs\Kiro\bin
USERNAME=Razza
LANG=en_US.UTF-8
OS=Windows_NT
PROCESSOR_IDENTIFIER=AMD64 Family 23 Model 160 Stepping 0, AuthenticAMD
TMP=C:\Users\Razza\AppData\Local\Temp
TEMP=C:\Users\Razza\AppData\Local\Temp




Periodic native trim disabled

---------------  S Y S T E M  ---------------

OS:
 Windows 11 , 64 bit Build 26100 (10.0.26100.7019)
OS uptime: 0 days 1:16 hours
Hyper-V role detected

CPU: total 8 (initial active 8) (8 cores per cpu, 2 threads per core) family 23 model 160 stepping 0 microcode 0x8a0000a, cx8, cmov, fxsr, ht, mmx, 3dnowpref, sse, sse2, sse3, ssse3, sse4a, sse4.1, sse4.2, popcnt, lzcnt, tsc, tscinvbit, avx, avx2, aes, clmul, bmi1, bmi2, adx, sha, fma, vzeroupper, clflush, clflushopt, hv, rdtscp, rdpid, f16c
Processor Information for all 8 processors :
  Max Mhz: 2801, Current Mhz: 2801, Mhz Limit: 2801

Memory: 4k page, system-wide physical 15610M (1418M free)
TotalPageFile size 24182M (AvailPageFile size 0M)
current process WorkingSet (physical memory assigned to process): 231M, peak: 269M
current process commit charge ("private bytes"): 260M, peak: 382M

vm_info: Java HotSpot(TM) 64-Bit Server VM (21.0.10+8-LTS-217) for windows-amd64 JRE (21.0.10+8-LTS-217), built on 2025-12-18T14:59:28Z by "mach5run" with MS VC++ 17.13 (VS2022)

END.
