#
# There is insufficient memory for the Java Runtime Environment to continue.
# Native memory allocation (mmap) failed to map 65536 bytes for Failed to commit metaspace.
# Possible reasons:
#   The system is out of physical RAM or swap space
#   The process is running with CompressedOops enabled, and the Java Heap may be blocking the growth of the native heap
# Possible solutions:
#   Reduce memory load on the system
#   Increase physical memory or swap space
#   Check if swap backing store is full
#   Decrease Java heap size (-Xmx/-Xms)
#   Decrease number of Java threads
#   Decrease Java thread stack sizes (-Xss)
#   Set larger code cache with -XX:ReservedCodeCacheSize=
#   JVM is running with Unscaled Compressed Oops mode in which the Java heap is
#     placed in the first 4GB address space. The Java Heap base address is the
#     maximum limit for the native heap growth. Please use -XX:HeapBaseMinAddress
#     to set the Java Heap base and to place the Java Heap above 4GB virtual address.
# This output file may be truncated or incomplete.
#
#  Out of Memory Error (virtualSpaceNode.cpp:110), pid=2260, tid=23884
#
# JRE version: OpenJDK Runtime Environment Temurin-17.0.4.1+1 (17.0.4.1+1) (build 17.0.4.1+1)
# Java VM: OpenJDK 64-Bit Server VM Temurin-17.0.4.1+1 (17.0.4.1+1, mixed mode, tiered, compressed oops, compressed class ptrs, parallel gc, windows-amd64)
# No core dump will be written. Minidumps are not enabled by default on client versions of Windows
#

---------------  S U M M A R Y ------------

Command Line: --add-modules=ALL-SYSTEM --add-opens=java.base/java.util=ALL-UNNAMED --add-opens=java.base/java.lang=ALL-UNNAMED --add-opens=java.base/sun.nio.fs=ALL-UNNAMED -Declipse.application=org.eclipse.jdt.ls.core.id1 -Dosgi.bundles.defaultStartLevel=4 -Declipse.product=org.eclipse.jdt.ls.core.product -Djava.import.generatesMetadataFilesAtProjectRoot=false -Dfile.encoding=utf8 -XX:+UseParallelGC -XX:GCTimeRatio=4 -XX:AdaptiveSizePolicyWeight=90 -Dsun.zip.disableMemoryMapping=true -Xmx1G -Xms100m -Xlog:disable -javaagent:c:\Users\Razza\.kiro\extensions\redhat.java-1.12.0-win32-x64\lombok\lombok-1.18.24.jar c:\Users\Razza\.kiro\extensions\redhat.java-1.12.0-win32-x64\server\plugins\org.eclipse.equinox.launcher_1.6.400.v20210924-0641.jar -configuration c:\Users\Razza\AppData\Roaming\Kiro\User\globalStorage\redhat.java\1.12.0\config_ss_win -data c:\Users\Razza\AppData\Roaming\Kiro\User\workspaceStorage\258973467f62c406ef5ee91e612777d0\redhat.java\ss_ws

Host: AMD Ryzen 5 7520U with Radeon Graphics         , 8 cores, 15G,  Windows 11 , 64 bit Build 26100 (10.0.26100.7019)
Time: Fri Apr 24 11:08:35 2026 Malay Peninsula Standard Time elapsed time: 25.281175 seconds (0d 0h 0m 25s)

---------------  T H R E A D  ---------------

Current thread (0x000002550f5a57f0):  JavaThread "Start Level: Equinox Container: fd47fd5b-3c38-4420-b28c-9378079aaf1d" daemon [_thread_in_vm, id=23884, stack(0x000000fb04300000,0x000000fb04400000)]

Stack: [0x000000fb04300000,0x000000fb04400000]
Native frames: (J=compiled Java code, j=interpreted, Vv=VM code, C=native code)
V  [jvm.dll+0x67731a]
V  [jvm.dll+0x832284]
V  [jvm.dll+0x833a2e]
V  [jvm.dll+0x834093]
V  [jvm.dll+0x245775]
V  [jvm.dll+0x82e22b]
V  [jvm.dll+0x61bdf6]
V  [jvm.dll+0x61be5a]
V  [jvm.dll+0x61e67a]
V  [jvm.dll+0x61c796]
V  [jvm.dll+0x1eaa8e]
V  [jvm.dll+0x1eb54f]
V  [jvm.dll+0x1e09f1]
V  [jvm.dll+0x53c910]
V  [jvm.dll+0x1f11e7]
V  [jvm.dll+0x7ac56b]
V  [jvm.dll+0x7ad912]
V  [jvm.dll+0x7adc48]
V  [jvm.dll+0x23db7e]
V  [jvm.dll+0x23ddcf]
V  [jvm.dll+0x559f88]
V  [jvm.dll+0x55ce37]
V  [jvm.dll+0x383307]
V  [jvm.dll+0x38295f]
C  0x0000025500019de2

Java frames: (J=compiled Java code, j=interpreted, Vv=VM code)
j  com.sun.org.apache.xerces.internal.impl.XMLEntityScanner.skipDeclSpaces()Z+42 java.xml@17.0.4.1
j  com.sun.org.apache.xerces.internal.impl.XMLVersionDetector.determineDocVersion(Lcom/sun/org/apache/xerces/internal/xni/parser/XMLInputSource;)S+56 java.xml@17.0.4.1
j  com.sun.org.apache.xerces.internal.parsers.XML11Configuration.parse(Z)Z+43 java.xml@17.0.4.1
j  com.sun.org.apache.xerces.internal.parsers.XML11Configuration.parse(Lcom/sun/org/apache/xerces/internal/xni/parser/XMLInputSource;)V+30 java.xml@17.0.4.1
j  com.sun.org.apache.xerces.internal.parsers.XMLParser.parse(Lcom/sun/org/apache/xerces/internal/xni/parser/XMLInputSource;)V+76 java.xml@17.0.4.1
j  com.sun.org.apache.xerces.internal.parsers.AbstractSAXParser.parse(Lorg/xml/sax/InputSource;)V+44 java.xml@17.0.4.1
j  com.sun.org.apache.xerces.internal.jaxp.SAXParserImpl$JAXPSAXParser.parse(Lorg/xml/sax/InputSource;)V+53 java.xml@17.0.4.1
j  com.sun.org.apache.xerces.internal.jaxp.SAXParserImpl.parse(Lorg/xml/sax/InputSource;Lorg/xml/sax/helpers/DefaultHandler;)V+61 java.xml@17.0.4.1
j  javax.xml.parsers.SAXParser.parse(Ljava/io/InputStream;Lorg/xml/sax/helpers/DefaultHandler;)V+26 java.xml@17.0.4.1
j  org.apache.felix.scr.impl.BundleComponentActivator.loadDescriptor(Ljava/net/URL;)V+74
j  org.apache.felix.scr.impl.BundleComponentActivator.initialize(Ljava/util/List;)V+195
j  org.apache.felix.scr.impl.BundleComponentActivator.<init>(Lorg/apache/felix/scr/impl/logger/ScrLogger;Lorg/apache/felix/scr/impl/ComponentRegistry;Lorg/apache/felix/scr/impl/ComponentActorThread;Lorg/osgi/framework/BundleContext;Lorg/apache/felix/scr/impl/manager/ScrConfiguration;Ljava/util/List;Lorg/osgi/framework/ServiceReference;)V+124
j  org.apache.felix.scr.impl.Activator.loadComponents(Lorg/osgi/framework/Bundle;)V+373
j  org.apache.felix.scr.impl.Activator.access$200(Lorg/apache/felix/scr/impl/Activator;Lorg/osgi/framework/Bundle;)V+2
j  org.apache.felix.scr.impl.Activator$ScrExtension.start()V+72
j  org.apache.felix.scr.impl.AbstractExtender.createExtension(Lorg/osgi/framework/Bundle;)V+71
j  org.apache.felix.scr.impl.AbstractExtender.modifiedBundle(Lorg/osgi/framework/Bundle;Lorg/osgi/framework/BundleEvent;Lorg/osgi/framework/Bundle;)V+115
j  org.apache.felix.scr.impl.AbstractExtender.addingBundle(Lorg/osgi/framework/Bundle;Lorg/osgi/framework/BundleEvent;)Lorg/osgi/framework/Bundle;+4
j  org.apache.felix.scr.impl.AbstractExtender.addingBundle(Lorg/osgi/framework/Bundle;Lorg/osgi/framework/BundleEvent;)Ljava/lang/Object;+3
j  org.osgi.util.tracker.BundleTracker$Tracked.customizerAdding(Lorg/osgi/framework/Bundle;Lorg/osgi/framework/BundleEvent;)Ljava/lang/Object;+9
j  org.osgi.util.tracker.BundleTracker$Tracked.customizerAdding(Ljava/lang/Object;Ljava/lang/Object;)Ljava/lang/Object;+9
j  org.osgi.util.tracker.AbstractTracked.trackAdding(Ljava/lang/Object;Ljava/lang/Object;)V+8
j  org.osgi.util.tracker.AbstractTracked.track(Ljava/lang/Object;Ljava/lang/Object;)V+83
j  org.osgi.util.tracker.BundleTracker$Tracked.bundleChanged(Lorg/osgi/framework/BundleEvent;)V+35
J 1481 c1 org.eclipse.osgi.internal.framework.BundleContextImpl.dispatchEvent(Ljava/lang/Object;Ljava/lang/Object;ILjava/lang/Object;)V (558 bytes) @ 0x000002550084da24 [0x000002550084c820+0x0000000000001204]
j  org.eclipse.osgi.framework.eventmgr.EventManager.dispatchEvent(Ljava/util/Set;Lorg/eclipse/osgi/framework/eventmgr/EventDispatcher;ILjava/lang/Object;)V+48
j  org.eclipse.osgi.framework.eventmgr.ListenerQueue.dispatchEventSynchronous(ILjava/lang/Object;)V+67
j  org.eclipse.osgi.internal.framework.EquinoxEventPublisher.publishBundleEventPrivileged(Lorg/osgi/framework/BundleEvent;)V+547
j  org.eclipse.osgi.internal.framework.EquinoxEventPublisher.publishBundleEvent(Lorg/osgi/framework/BundleEvent;)V+8
j  org.eclipse.osgi.internal.framework.EquinoxEventPublisher.publishBundleEvent(ILorg/osgi/framework/Bundle;Lorg/osgi/framework/Bundle;)V+15
j  org.eclipse.osgi.internal.framework.EquinoxContainerAdaptor.publishModuleEvent(Lorg/eclipse/osgi/container/ModuleContainerAdaptor$ModuleEvent;Lorg/eclipse/osgi/container/Module;Lorg/eclipse/osgi/container/Module;)V+29
j  org.eclipse.osgi.container.Module.publishEvent(Lorg/eclipse/osgi/container/ModuleContainerAdaptor$ModuleEvent;)V+13
j  org.eclipse.osgi.container.Module.start([Lorg/eclipse/osgi/container/Module$StartOptions;)V+588
j  org.eclipse.osgi.container.ModuleContainer$ContainerStartLevel$2.run()V+71
j  org.eclipse.osgi.internal.framework.EquinoxContainerAdaptor$1$1.execute(Ljava/lang/Runnable;)V+1
j  org.eclipse.osgi.container.ModuleContainer$ContainerStartLevel.incStartLevel(ILjava/util/List;Z)V+192
j  org.eclipse.osgi.container.ModuleContainer$ContainerStartLevel.incStartLevel(ILjava/util/List;Ljava/util/List;Ljava/util/List;Ljava/util/List;)V+4
j  org.eclipse.osgi.container.ModuleContainer$ContainerStartLevel.doContainerStartLevel(Lorg/eclipse/osgi/container/Module;I[Lorg/osgi/framework/FrameworkListener;)V+349
j  org.eclipse.osgi.container.ModuleContainer$ContainerStartLevel.dispatchEvent(Lorg/eclipse/osgi/container/Module;[Lorg/osgi/framework/FrameworkListener;ILjava/lang/Integer;)V+32
j  org.eclipse.osgi.container.ModuleContainer$ContainerStartLevel.dispatchEvent(Ljava/lang/Object;Ljava/lang/Object;ILjava/lang/Object;)V+15
j  org.eclipse.osgi.framework.eventmgr.EventManager.dispatchEvent(Ljava/util/Set;Lorg/eclipse/osgi/framework/eventmgr/EventDispatcher;ILjava/lang/Object;)V+48
j  org.eclipse.osgi.framework.eventmgr.EventManager$EventThread.run()V+26
v  ~StubRoutines::call_stub

---------------  P R O C E S S  ---------------

Threads class SMR info:
_java_thread_list=0x000002557eed68d0, length=16, elements={
0x0000025576264ee0, 0x000002557eb04f50, 0x000002557eb06370, 0x000002557eb15340,
0x000002557d05c3a0, 0x000002557eb39020, 0x000002557eb398e0, 0x000002557eb3c1b0,
0x000002557eb9bdd0, 0x000002557ebbec20, 0x00000255763271e0, 0x000002557ee17370,
0x000002550f6070c0, 0x00000255100bf5c0, 0x000002550f5a57f0, 0x000002550f40e4d0
}

Java Threads: ( => current thread )
  0x0000025576264ee0 JavaThread "main" [_thread_blocked, id=27288, stack(0x000000fb02d00000,0x000000fb02e00000)]
  0x000002557eb04f50 JavaThread "Reference Handler" daemon [_thread_blocked, id=10708, stack(0x000000fb03000000,0x000000fb03100000)]
  0x000002557eb06370 JavaThread "Finalizer" daemon [_thread_blocked, id=26312, stack(0x000000fb03100000,0x000000fb03200000)]
  0x000002557eb15340 JavaThread "Signal Dispatcher" daemon [_thread_blocked, id=17332, stack(0x000000fb03200000,0x000000fb03300000)]
  0x000002557d05c3a0 JavaThread "Attach Listener" daemon [_thread_blocked, id=15768, stack(0x000000fb03300000,0x000000fb03400000)]
  0x000002557eb39020 JavaThread "Service Thread" daemon [_thread_blocked, id=26384, stack(0x000000fb03400000,0x000000fb03500000)]
  0x000002557eb398e0 JavaThread "Monitor Deflation Thread" daemon [_thread_blocked, id=2540, stack(0x000000fb03500000,0x000000fb03600000)]
  0x000002557eb3c1b0 JavaThread "C2 CompilerThread0" daemon [_thread_blocked, id=27084, stack(0x000000fb03600000,0x000000fb03700000)]
  0x000002557eb9bdd0 JavaThread "C1 CompilerThread0" daemon [_thread_blocked, id=21412, stack(0x000000fb03700000,0x000000fb03800000)]
  0x000002557ebbec20 JavaThread "Sweeper thread" daemon [_thread_blocked, id=27040, stack(0x000000fb03800000,0x000000fb03900000)]
  0x00000255763271e0 JavaThread "Common-Cleaner" daemon [_thread_blocked, id=26924, stack(0x000000fb03900000,0x000000fb03a00000)]
  0x000002557ee17370 JavaThread "Notification Thread" daemon [_thread_blocked, id=21616, stack(0x000000fb03a00000,0x000000fb03b00000)]
  0x000002550f6070c0 JavaThread "Active Thread: Equinox Container: fd47fd5b-3c38-4420-b28c-9378079aaf1d" [_thread_blocked, id=15520, stack(0x000000fb04100000,0x000000fb04200000)]
  0x00000255100bf5c0 JavaThread "Framework Event Dispatcher: Equinox Container: fd47fd5b-3c38-4420-b28c-9378079aaf1d" daemon [_thread_blocked, id=21752, stack(0x000000fb04200000,0x000000fb04300000)]
=>0x000002550f5a57f0 JavaThread "Start Level: Equinox Container: fd47fd5b-3c38-4420-b28c-9378079aaf1d" daemon [_thread_in_vm, id=23884, stack(0x000000fb04300000,0x000000fb04400000)]
  0x000002550f40e4d0 JavaThread "SCR Component Actor" daemon [_thread_blocked, id=27604, stack(0x000000fb04400000,0x000000fb04500000)]

Other Threads:
  0x000002557632e8c0 VMThread "VM Thread" [stack: 0x000000fb02f00000,0x000000fb03000000] [id=25148]
  0x000002557edfa5b0 WatcherThread [stack: 0x000000fb03b00000,0x000000fb03c00000] [id=23168]
  0x000002557627ad60 GCTaskThread "GC Thread#0" [stack: 0x000000fb02e00000,0x000000fb02f00000] [id=25768]
  0x000002551016e130 GCTaskThread "GC Thread#1" [stack: 0x000000fb03c00000,0x000000fb03d00000] [id=25964]
  0x000002550f7f7c10 GCTaskThread "GC Thread#2" [stack: 0x000000fb03d00000,0x000000fb03e00000] [id=12592]
  0x000002550f7f7ec0 GCTaskThread "GC Thread#3" [stack: 0x000000fb03e00000,0x000000fb03f00000] [id=26192]
  0x000002550f7f8170 GCTaskThread "GC Thread#4" [stack: 0x000000fb03f00000,0x000000fb04000000] [id=24116]
  0x000002550f7f8420 GCTaskThread "GC Thread#5" [stack: 0x000000fb04000000,0x000000fb04100000] [id=21956]

Threads with active compile tasks:

VM state: not at safepoint (normal execution)

VM Mutex/Monitor currently owned by a thread:  ([mutex/lock_event])
[0x000002557619b770] Metaspace_lock - owner thread: 0x000002550f5a57f0

Heap address: 0x00000000c0000000, size: 1024 MB, Compressed Oops mode: 32-bit

CDS archive(s) not mapped
Compressed class space mapped at: 0x0000000100000000-0x0000000140000000, reserved size: 1073741824
Narrow klass base: 0x0000000000000000, Narrow klass shift: 3, Narrow klass range: 0x140000000

GC Precious Log:
 CPUs: 8 total, 8 available
 Memory: 15610M
 Large Page Support: Disabled
 NUMA Support: Disabled
 Compressed Oops: Enabled (32-bit)
 Alignments: Space 512K, Generation 512K, Heap 2M
 Heap Min Capacity: 100M
 Heap Initial Capacity: 100M
 Heap Max Capacity: 1G
 Pre-touch: Disabled
 Parallel Workers: 8

Heap:
 PSYoungGen      total 29696K, used 27512K [0x00000000eab00000, 0x00000000ecc00000, 0x0000000100000000)
  eden space 25600K, 94% used [0x00000000eab00000,0x00000000ec2b3e08,0x00000000ec400000)
  from space 4096K, 79% used [0x00000000ec400000,0x00000000ec72a208,0x00000000ec800000)
  to   space 4096K, 0% used [0x00000000ec800000,0x00000000ec800000,0x00000000ecc00000)
 ParOldGen       total 68608K, used 8K [0x00000000c0000000, 0x00000000c4300000, 0x00000000eab00000)
  object space 68608K, 0% used [0x00000000c0000000,0x00000000c0002000,0x00000000c4300000)
 Metaspace       used 14921K, committed 15168K, reserved 1064960K
  class space    used 1531K, committed 1664K, reserved 1048576K

Card table byte_map: [0x000002557a8f0000,0x000002557ab00000] _byte_map_base: 0x000002557a2f0000

Marking Bits: (ParMarkBitMap*) 0x00007ff9fd132cc0
 Begin Bits: [0x000002557ac60000, 0x000002557bc60000)
 End Bits:   [0x000002557bc60000, 0x000002557cc60000)

Polling page: 0x00000255766d0000

Metaspace:

Usage:
  Non-class:     13.08 MB used.
      Class:      1.50 MB used.
       Both:     14.57 MB used.

Virtual space:
  Non-class space:       16.00 MB reserved,      13.19 MB ( 82%) committed,  2 nodes.
      Class space:        1.00 GB reserved,       1.62 MB ( <1%) committed,  1 nodes.
             Both:        1.02 GB reserved,      14.81 MB (  1%) committed. 

Chunk freelists:
   Non-Class:  2.54 MB
       Class:  2.36 MB
        Both:  4.90 MB

MaxMetaspaceSize: unlimited
CompressedClassSpaceSize: 1.00 GB
Initial GC threshold: 21.00 MB
Current GC threshold: 21.00 MB
CDS: off
MetaspaceReclaimPolicy: balanced
 - commit_granule_bytes: 65536.
 - commit_granule_words: 8192.
 - virtual_space_node_default_size: 1048576.
 - enlarge_chunks_in_place: 1.
 - new_chunks_are_fully_committed: 0.
 - uncommit_free_chunks: 1.
 - use_allocation_guard: 0.
 - handle_deallocations: 1.


Internal statistics:

num_allocs_failed_limit: 0.
num_arena_births: 88.
num_arena_deaths: 0.
num_vsnodes_births: 3.
num_vsnodes_deaths: 0.
num_space_committed: 237.
num_space_uncommitted: 0.
num_chunks_returned_to_freelist: 0.
num_chunks_taken_from_freelist: 292.
num_chunk_merges: 0.
num_chunk_splits: 195.
num_chunks_enlarged: 152.
num_purges: 0.
num_inconsistent_stats: 0.

CodeHeap 'non-profiled nmethods': size=120000Kb used=643Kb max_used=643Kb free=119356Kb
 bounds [0x0000025507ad0000, 0x0000025507d40000, 0x000002550f000000]
CodeHeap 'profiled nmethods': size=120000Kb used=2956Kb max_used=2956Kb free=117044Kb
 bounds [0x00000255005a0000, 0x0000025500890000, 0x0000025507ad0000]
CodeHeap 'non-nmethods': size=5760Kb used=1162Kb max_used=1181Kb free=4597Kb
 bounds [0x0000025500000000, 0x0000025500270000, 0x00000255005a0000]
 total_blobs=2058 nmethods=1607 adapters=365
 compilation: enabled
              stopped_count=0, restarted_count=0
 full_count=0

Compilation events (20 events):
Event: 25.206 Thread 0x000002557eb9bdd0 1597       3       java.lang.invoke.LambdaForm$Name::isParam (13 bytes)
Event: 25.206 Thread 0x000002557eb9bdd0 nmethod 1597 0x000002550087df10 code [0x000002550087e0a0, 0x000002550087e218]
Event: 25.207 Thread 0x000002557eb9bdd0 1599       3       java.lang.invoke.InvokerBytecodeGenerator::emitLoadInsn (21 bytes)
Event: 25.207 Thread 0x000002557eb9bdd0 nmethod 1599 0x000002550087e290 code [0x000002550087e440, 0x000002550087e698]
Event: 25.207 Thread 0x000002557eb9bdd0 1600       3       java.lang.invoke.InvokerBytecodeGenerator::loadInsnOpcode (98 bytes)
Event: 25.207 Thread 0x000002557eb9bdd0 nmethod 1600 0x000002550087e810 code [0x000002550087ea80, 0x000002550087f458]
Event: 25.207 Thread 0x000002557eb9bdd0 1601       3       java.lang.invoke.InvokerBytecodeGenerator::emitPushArgument (151 bytes)
Event: 25.208 Thread 0x000002557eb9bdd0 nmethod 1601 0x000002550087f790 code [0x000002550087fa60, 0x00000255008808e8]
Event: 25.208 Thread 0x000002557eb9bdd0 1602       3       jdk.internal.org.objectweb.asm.ByteVector::put11 (52 bytes)
Event: 25.209 Thread 0x000002557eb9bdd0 nmethod 1602 0x0000025500880d10 code [0x0000025500880ec0, 0x00000255008810c8]
Event: 25.209 Thread 0x000002557eb9bdd0 1603       3       java.lang.invoke.MethodHandles$Lookup::checkSymbolicClass (25 bytes)
Event: 25.209 Thread 0x000002557eb9bdd0 nmethod 1603 0x0000025500881210 code [0x00000255008813e0, 0x0000025500881648]
Event: 25.210 Thread 0x000002557eb9bdd0 1604       1       java.lang.invoke.InfoFromMemberName::getReferenceKind (5 bytes)
Event: 25.210 Thread 0x000002557eb9bdd0 nmethod 1604 0x0000025507b70a90 code [0x0000025507b70c20, 0x0000025507b70cf8]
Event: 25.210 Thread 0x000002557eb9bdd0 1605       3       jdk.internal.org.objectweb.asm.MethodWriter::visitMethodInsn (191 bytes)
Event: 25.211 Thread 0x000002557eb9bdd0 nmethod 1605 0x0000025500881790 code [0x00000255008819c0, 0x0000025500882148]
Event: 25.211 Thread 0x000002557eb9bdd0 1606       3       jdk.internal.org.objectweb.asm.SymbolTable::addConstantMethodref (24 bytes)
Event: 25.211 Thread 0x000002557eb9bdd0 nmethod 1606 0x0000025500882490 code [0x0000025500882640, 0x00000255008827e8]
Event: 25.218 Thread 0x000002557eb9bdd0 1607       3       jdk.internal.org.objectweb.asm.MethodWriter::visitInsn (115 bytes)
Event: 25.218 Thread 0x000002557eb9bdd0 nmethod 1607 0x0000025500882890 code [0x0000025500882a60, 0x0000025500882e88]

GC Heap History (2 events):
Event: 8.950 GC heap before
{Heap before GC invocations=1 (full 0):
 PSYoungGen      total 29696K, used 25600K [0x00000000eab00000, 0x00000000ecc00000, 0x0000000100000000)
  eden space 25600K, 100% used [0x00000000eab00000,0x00000000ec400000,0x00000000ec400000)
  from space 4096K, 0% used [0x00000000ec800000,0x00000000ec800000,0x00000000ecc00000)
  to   space 4096K, 0% used [0x00000000ec400000,0x00000000ec400000,0x00000000ec800000)
 ParOldGen       total 68608K, used 0K [0x00000000c0000000, 0x00000000c4300000, 0x00000000eab00000)
  object space 68608K, 0% used [0x00000000c0000000,0x00000000c0000000,0x00000000c4300000)
 Metaspace       used 10850K, committed 11008K, reserved 1064960K
  class space    used 1089K, committed 1152K, reserved 1048576K
}
Event: 8.959 GC heap after
{Heap after GC invocations=1 (full 0):
 PSYoungGen      total 29696K, used 3240K [0x00000000eab00000, 0x00000000ecc00000, 0x0000000100000000)
  eden space 25600K, 0% used [0x00000000eab00000,0x00000000eab00000,0x00000000ec400000)
  from space 4096K, 79% used [0x00000000ec400000,0x00000000ec72a208,0x00000000ec800000)
  to   space 4096K, 0% used [0x00000000ec800000,0x00000000ec800000,0x00000000ecc00000)
 ParOldGen       total 68608K, used 8K [0x00000000c0000000, 0x00000000c4300000, 0x00000000eab00000)
  object space 68608K, 0% used [0x00000000c0000000,0x00000000c0002000,0x00000000c4300000)
 Metaspace       used 10850K, committed 11008K, reserved 1064960K
  class space    used 1089K, committed 1152K, reserved 1048576K
}

Deoptimization events (20 events):
Event: 10.317 Thread 0x0000025576264ee0 Uncommon trap: trap_request=0xffffffde fr.pc=0x0000025507b3e43c relative=0x000000000000093c
Event: 10.317 Thread 0x0000025576264ee0 Uncommon trap: reason=class_check action=maybe_recompile pc=0x0000025507b3e43c method=java.util.HashMap.putVal(ILjava/lang/Object;Ljava/lang/Object;ZZ)Ljava/lang/Object; @ 253 c2
Event: 10.317 Thread 0x0000025576264ee0 DEOPT PACKING pc=0x0000025507b3e43c sp=0x000000fb02dfdd00
Event: 10.317 Thread 0x0000025576264ee0 DEOPT UNPACKING pc=0x00000255000520a3 sp=0x000000fb02dfdc28 mode 2
Event: 10.318 Thread 0x0000025576264ee0 Uncommon trap: trap_request=0xffffffde fr.pc=0x0000025507b3e43c relative=0x000000000000093c
Event: 10.318 Thread 0x0000025576264ee0 Uncommon trap: reason=class_check action=maybe_recompile pc=0x0000025507b3e43c method=java.util.HashMap.putVal(ILjava/lang/Object;Ljava/lang/Object;ZZ)Ljava/lang/Object; @ 253 c2
Event: 10.319 Thread 0x0000025576264ee0 DEOPT PACKING pc=0x0000025507b3e43c sp=0x000000fb02dfdd00
Event: 10.319 Thread 0x0000025576264ee0 DEOPT UNPACKING pc=0x00000255000520a3 sp=0x000000fb02dfdc28 mode 2
Event: 10.320 Thread 0x0000025576264ee0 Uncommon trap: trap_request=0xffffffde fr.pc=0x0000025507b3e43c relative=0x000000000000093c
Event: 10.320 Thread 0x0000025576264ee0 Uncommon trap: reason=class_check action=maybe_recompile pc=0x0000025507b3e43c method=java.util.HashMap.putVal(ILjava/lang/Object;Ljava/lang/Object;ZZ)Ljava/lang/Object; @ 253 c2
Event: 10.320 Thread 0x0000025576264ee0 DEOPT PACKING pc=0x0000025507b3e43c sp=0x000000fb02dfdc00
Event: 10.320 Thread 0x0000025576264ee0 DEOPT UNPACKING pc=0x00000255000520a3 sp=0x000000fb02dfdb28 mode 2
Event: 10.322 Thread 0x0000025576264ee0 Uncommon trap: trap_request=0xffffffde fr.pc=0x0000025507b3e43c relative=0x000000000000093c
Event: 10.322 Thread 0x0000025576264ee0 Uncommon trap: reason=class_check action=maybe_recompile pc=0x0000025507b3e43c method=java.util.HashMap.putVal(ILjava/lang/Object;Ljava/lang/Object;ZZ)Ljava/lang/Object; @ 253 c2
Event: 10.322 Thread 0x0000025576264ee0 DEOPT PACKING pc=0x0000025507b3e43c sp=0x000000fb02dfdc80
Event: 10.322 Thread 0x0000025576264ee0 DEOPT UNPACKING pc=0x00000255000520a3 sp=0x000000fb02dfdba8 mode 2
Event: 10.322 Thread 0x0000025576264ee0 Uncommon trap: trap_request=0xffffffde fr.pc=0x0000025507add6dc relative=0x000000000000037c
Event: 10.322 Thread 0x0000025576264ee0 Uncommon trap: reason=class_check action=maybe_recompile pc=0x0000025507add6dc method=java.util.HashMap.putVal(ILjava/lang/Object;Ljava/lang/Object;ZZ)Ljava/lang/Object; @ 253 c2
Event: 10.322 Thread 0x0000025576264ee0 DEOPT PACKING pc=0x0000025507add6dc sp=0x000000fb02dfdc00
Event: 10.322 Thread 0x0000025576264ee0 DEOPT UNPACKING pc=0x00000255000520a3 sp=0x000000fb02dfdba0 mode 2

Classes unloaded (0 events):
No events

Classes redefined (0 events):
No events

Internal exceptions (20 events):
Event: 2.376 Thread 0x0000025576264ee0 Implicit null exception at 0x0000025507b026f2 to 0x0000025507b02c20
Event: 2.381 Thread 0x0000025576264ee0 Exception <a 'java/io/FileNotFoundException'{0x00000000eb76acb0}> (0x00000000eb76acb0) 
thrown [s\src\hotspot\share\prims\jni.cpp, line 516]
Event: 4.343 Thread 0x0000025576264ee0 Exception <a 'java/lang/ClassNotFoundException'{0x00000000ebf611e0}: sun/net/www/protocol/c/Handler> (0x00000000ebf611e0) 
thrown [s\src\hotspot\share\classfile\systemDictionary.cpp, line 256]
Event: 4.344 Thread 0x0000025576264ee0 Exception <a 'java/lang/ClassNotFoundException'{0x00000000ebf62540}: sun/net/www/protocol/c/Handler> (0x00000000ebf62540) 
thrown [s\src\hotspot\share\classfile\systemDictionary.cpp, line 256]
Event: 4.344 Thread 0x0000025576264ee0 Exception <a 'java/lang/ClassNotFoundException'{0x00000000ebf636e0}: sun/net/www/protocol/c/Handler> (0x00000000ebf636e0) 
thrown [s\src\hotspot\share\classfile\systemDictionary.cpp, line 256]
Event: 4.503 Thread 0x0000025576264ee0 Exception <a 'java/io/FileNotFoundException'{0x00000000ebf822b0}> (0x00000000ebf822b0) 
thrown [s\src\hotspot\share\prims\jni.cpp, line 516]
Event: 5.792 Thread 0x0000025576264ee0 Implicit null exception at 0x0000025507b0c2bb to 0x0000025507b0cbc8
Event: 5.792 Thread 0x0000025576264ee0 Implicit null exception at 0x0000025507b24771 to 0x0000025507b2495c
Event: 5.792 Thread 0x0000025576264ee0 Implicit null exception at 0x0000025507b1ddf1 to 0x0000025507b1dfdc
Event: 5.792 Thread 0x0000025576264ee0 Implicit null exception at 0x0000025507b24e0f to 0x0000025507b24e85
Event: 6.875 Thread 0x0000025576264ee0 Exception <a 'java/lang/NoSuchMethodError'{0x00000000ec24e350}: 'int java.lang.invoke.DirectMethodHandle$Holder.invokeStaticInit(java.lang.Object, java.lang.Object, java.lang.Object, java.lang.Object)'> (0x00000000ec24e350) 
thrown [s\src\hotspot\share\interpreter\linkResolver.cpp, line 759]
Event: 6.876 Thread 0x0000025576264ee0 Exception <a 'java/lang/NoSuchMethodError'{0x00000000ec2589c0}: 'java.lang.Object java.lang.invoke.DirectMethodHandle$Holder.invokeInterface(java.lang.Object, java.lang.Object)'> (0x00000000ec2589c0) 
thrown [s\src\hotspot\share\interpreter\linkResolver.cpp, line 759]
Event: 6.877 Thread 0x0000025576264ee0 Exception <a 'java/lang/IncompatibleClassChangeError'{0x00000000ec25c1b8}: Found class java.lang.Object, but interface was expected> (0x00000000ec25c1b8) 
thrown [s\src\hotspot\share\interpreter\linkResolver.cpp, line 826]
Event: 6.878 Thread 0x0000025576264ee0 Exception <a 'java/lang/NoSuchMethodError'{0x00000000ec2606b0}: 'void java.lang.invoke.DirectMethodHandle$Holder.invokeStatic(java.lang.Object, java.lang.Object)'> (0x00000000ec2606b0) 
thrown [s\src\hotspot\share\interpreter\linkResolver.cpp, line 759]
Event: 6.879 Thread 0x0000025576264ee0 Exception <a 'java/lang/NoSuchMethodError'{0x00000000ec263eb0}: 'void java.lang.invoke.DirectMethodHandle$Holder.invokeStaticInit(java.lang.Object, java.lang.Object)'> (0x00000000ec263eb0) 
thrown [s\src\hotspot\share\interpreter\linkResolver.cpp, line 759]
Event: 6.881 Thread 0x0000025576264ee0 Exception <a 'java/lang/NoSuchMethodError'{0x00000000ec26b348}: 'int java.lang.invoke.DirectMethodHandle$Holder.invokeStaticInit(java.lang.Object, java.lang.Object)'> (0x00000000ec26b348) 
thrown [s\src\hotspot\share\interpreter\linkResolver.cpp, line 759]
Event: 8.722 Thread 0x0000025576264ee0 Exception <a 'java/lang/NoSuchMethodError'{0x00000000ec391a40}: 'void java.lang.invoke.DirectMethodHandle$Holder.invokeSpecial(java.lang.Object, java.lang.Object, java.lang.Object)'> (0x00000000ec391a40) 
thrown [s\src\hotspot\share\interpreter\linkResolver.cpp, line 759]
Event: 10.086 Thread 0x0000025576264ee0 Exception <a 'java/lang/NoSuchMethodError'{0x00000000eb634ea0}: 'java.lang.Object java.lang.invoke.DirectMethodHandle$Holder.newInvokeSpecial(java.lang.Object, int, java.lang.Object)'> (0x00000000eb634ea0) 
thrown [s\src\hotspot\share\interpreter\linkResolver.cpp, line 759]
Event: 24.883 Thread 0x0000025576264ee0 Exception <a 'java/lang/UnsatisfiedLinkError'{0x00000000ebb633f8}: 'void org.eclipse.equinox.launcher.JNIBridge._update_splash()'> (0x00000000ebb633f8) 
thrown [s\src\hotspot\share\prims\nativeLookup.cpp, line 543]
Event: 25.007 Thread 0x000002550f5a57f0 Exception <a 'java/lang/NoSuchMethodError'{0x00000000ebdfd698}: 'java.lang.Object java.lang.invoke.DirectMethodHandle$Holder.invokeStaticInit(java.lang.Object)'> (0x00000000ebdfd698) 
thrown [s\src\hotspot\share\interpreter\linkResolver.cpp, line 759]

VM Operations (20 events):
Event: 8.941 Executing VM operation: Cleanup
Event: 8.941 Executing VM operation: Cleanup done
Event: 8.950 Executing VM operation: ParallelGCFailedAllocation
Event: 8.959 Executing VM operation: ParallelGCFailedAllocation done
Event: 9.913 Executing VM operation: HandshakeAllThreads
Event: 9.913 Executing VM operation: HandshakeAllThreads done
Event: 9.913 Executing VM operation: HandshakeAllThreads
Event: 9.913 Executing VM operation: HandshakeAllThreads done
Event: 9.921 Executing VM operation: HandshakeAllThreads
Event: 9.921 Executing VM operation: HandshakeAllThreads done
Event: 9.998 Executing VM operation: HandshakeAllThreads
Event: 9.998 Executing VM operation: HandshakeAllThreads done
Event: 9.998 Executing VM operation: Cleanup
Event: 9.998 Executing VM operation: Cleanup done
Event: 11.005 Executing VM operation: Cleanup
Event: 11.005 Executing VM operation: Cleanup done
Event: 25.082 Executing VM operation: HandshakeAllThreads
Event: 25.082 Executing VM operation: HandshakeAllThreads done
Event: 25.082 Executing VM operation: Cleanup
Event: 25.082 Executing VM operation: Cleanup done

Events (20 events):
Event: 25.265 loading class com/sun/org/apache/xerces/internal/util/ErrorHandlerWrapper done
Event: 25.265 loading class com/sun/org/apache/xerces/internal/xni/parser/XMLInputSource
Event: 25.265 loading class com/sun/org/apache/xerces/internal/xni/parser/XMLInputSource done
Event: 25.265 loading class com/sun/org/apache/xerces/internal/utils/XMLLimitAnalyzer
Event: 25.266 loading class com/sun/org/apache/xerces/internal/utils/XMLLimitAnalyzer done
Event: 25.266 loading class com/sun/org/apache/xerces/internal/impl/XMLEntityManager$RewindableInputStream
Event: 25.266 loading class com/sun/org/apache/xerces/internal/impl/XMLEntityManager$RewindableInputStream done
Event: 25.266 loading class com/sun/org/apache/xerces/internal/impl/XMLEntityManager$EncodingInfo
Event: 25.267 loading class com/sun/org/apache/xerces/internal/impl/XMLEntityManager$EncodingInfo done
Event: 25.267 loading class com/sun/org/apache/xerces/internal/impl/io/UTF8Reader
Event: 25.267 loading class com/sun/org/apache/xerces/internal/impl/io/UTF8Reader done
Event: 25.268 loading class com/sun/xml/internal/stream/util/ThreadLocalBufferAllocator
Event: 25.268 loading class com/sun/xml/internal/stream/util/ThreadLocalBufferAllocator done
Event: 25.268 loading class com/sun/xml/internal/stream/util/BufferAllocator
Event: 25.269 loading class com/sun/xml/internal/stream/util/BufferAllocator done
Event: 25.269 loading class com/sun/xml/internal/stream/Entity$ScannedEntity
Event: 25.273 loading class com/sun/xml/internal/stream/Entity
Event: 25.275 loading class com/sun/xml/internal/stream/Entity done
Event: 25.275 loading class com/sun/xml/internal/stream/Entity$ScannedEntity done
Event: 25.275 loading class com/sun/org/apache/xerces/internal/util/XMLChar


Dynamic libraries:
0x00007ff7dabf0000 - 0x00007ff7dabfe000 	c:\Users\Razza\.kiro\extensions\redhat.java-1.12.0-win32-x64\jre\17.0.4.1-win32-x86_64\bin\java.exe
0x00007ffa76cc0000 - 0x00007ffa76f28000 	C:\WINDOWS\SYSTEM32\ntdll.dll
0x00007ffa74f80000 - 0x00007ffa75049000 	C:\WINDOWS\System32\KERNEL32.DLL
0x00007ffa74010000 - 0x00007ffa74408000 	C:\WINDOWS\System32\KERNELBASE.dll
0x00007ffa73ec0000 - 0x00007ffa7400b000 	C:\WINDOWS\System32\ucrtbase.dll
0x00007ffa60fa0000 - 0x00007ffa60fb8000 	c:\Users\Razza\.kiro\extensions\redhat.java-1.12.0-win32-x64\jre\17.0.4.1-win32-x86_64\bin\jli.dll
0x00007ffa75960000 - 0x00007ffa75b27000 	C:\WINDOWS\System32\USER32.dll
0x00007ffa74900000 - 0x00007ffa74927000 	C:\WINDOWS\System32\win32u.dll
0x00007ffa74de0000 - 0x00007ffa74e0b000 	C:\WINDOWS\System32\GDI32.dll
0x00007ffa74930000 - 0x00007ffa74a5c000 	C:\WINDOWS\System32\gdi32full.dll
0x00007ffa74850000 - 0x00007ffa748f3000 	C:\WINDOWS\System32\msvcp_win.dll
0x00007ffa5b980000 - 0x00007ffa5bc14000 	C:\WINDOWS\WinSxS\amd64_microsoft.windows.common-controls_6595b64144ccf1df_6.0.26100.7019_none_3e06ffa0e335b8a8\COMCTL32.dll
0x00007ffa75ba0000 - 0x00007ffa75c49000 	C:\WINDOWS\System32\msvcrt.dll
0x00007ffa5a4b0000 - 0x00007ffa5a4c9000 	c:\Users\Razza\.kiro\extensions\redhat.java-1.12.0-win32-x64\jre\17.0.4.1-win32-x86_64\bin\VCRUNTIME140.dll
0x00007ffa75b60000 - 0x00007ffa75b91000 	C:\WINDOWS\System32\IMM32.DLL
0x00007ffa6eb90000 - 0x00007ffa6eb9c000 	c:\Users\Razza\.kiro\extensions\redhat.java-1.12.0-win32-x64\jre\17.0.4.1-win32-x86_64\bin\vcruntime140_1.dll
0x00007ffa401d0000 - 0x00007ffa40261000 	c:\Users\Razza\.kiro\extensions\redhat.java-1.12.0-win32-x64\jre\17.0.4.1-win32-x86_64\bin\msvcp140.dll
0x00007ff9fc5b0000 - 0x00007ff9fd1f6000 	c:\Users\Razza\.kiro\extensions\redhat.java-1.12.0-win32-x64\jre\17.0.4.1-win32-x86_64\bin\server\jvm.dll
0x00007ffa75060000 - 0x00007ffa75114000 	C:\WINDOWS\System32\ADVAPI32.dll
0x00007ffa76020000 - 0x00007ffa760c6000 	C:\WINDOWS\System32\sechost.dll
0x00007ffa74cc0000 - 0x00007ffa74dd8000 	C:\WINDOWS\System32\RPCRT4.dll
0x00007ffa76130000 - 0x00007ffa76138000 	C:\WINDOWS\System32\PSAPI.DLL
0x00007ffa6a110000 - 0x00007ffa6a145000 	C:\WINDOWS\SYSTEM32\WINMM.dll
0x00007ffa69b70000 - 0x00007ffa69b7b000 	C:\WINDOWS\SYSTEM32\VERSION.dll
0x00007ffa6ead0000 - 0x00007ffa6eada000 	C:\WINDOWS\SYSTEM32\WSOCK32.dll
0x00007ffa74bb0000 - 0x00007ffa74c24000 	C:\WINDOWS\System32\WS2_32.dll
0x00007ffa72bd0000 - 0x00007ffa72beb000 	C:\WINDOWS\SYSTEM32\kernel.appcore.dll
0x00007ffa694d0000 - 0x00007ffa694da000 	c:\Users\Razza\.kiro\extensions\redhat.java-1.12.0-win32-x64\jre\17.0.4.1-win32-x86_64\bin\jimage.dll
0x00007ffa66080000 - 0x00007ffa662c2000 	C:\WINDOWS\SYSTEM32\DBGHELP.DLL
0x00007ffa768a0000 - 0x00007ffa76c2b000 	C:\WINDOWS\System32\combase.dll
0x00007ffa75140000 - 0x00007ffa75217000 	C:\WINDOWS\System32\OLEAUT32.dll
0x00007ffa50d30000 - 0x00007ffa50d6c000 	C:\WINDOWS\SYSTEM32\dbgcore.DLL
0x00007ffa73e10000 - 0x00007ffa73eb5000 	C:\WINDOWS\System32\bcryptPrimitives.dll
0x00007ffa685d0000 - 0x00007ffa685de000 	c:\Users\Razza\.kiro\extensions\redhat.java-1.12.0-win32-x64\jre\17.0.4.1-win32-x86_64\bin\instrument.dll
0x00007ffa5a480000 - 0x00007ffa5a4a5000 	c:\Users\Razza\.kiro\extensions\redhat.java-1.12.0-win32-x64\jre\17.0.4.1-win32-x86_64\bin\java.dll
0x00007ffa5a460000 - 0x00007ffa5a478000 	c:\Users\Razza\.kiro\extensions\redhat.java-1.12.0-win32-x64\jre\17.0.4.1-win32-x86_64\bin\zip.dll
0x00007ffa76140000 - 0x00007ffa7688f000 	C:\WINDOWS\System32\SHELL32.dll
0x00007ffa74410000 - 0x00007ffa7457b000 	C:\WINDOWS\System32\wintypes.dll
0x00007ffa71a30000 - 0x00007ffa7228d000 	C:\WINDOWS\SYSTEM32\windows.storage.dll
0x00007ffa75c50000 - 0x00007ffa75d42000 	C:\WINDOWS\System32\SHCORE.dll
0x00007ffa75d50000 - 0x00007ffa75db7000 	C:\WINDOWS\System32\shlwapi.dll
0x00007ffa73d30000 - 0x00007ffa73d59000 	C:\WINDOWS\SYSTEM32\profapi.dll
0x00007ffa58d80000 - 0x00007ffa58d99000 	C:\Users\Razza\.kiro\extensions\redhat.java-1.12.0-win32-x64\jre\17.0.4.1-win32-x86_64\bin\net.dll
0x00007ffa68d20000 - 0x00007ffa68e48000 	C:\WINDOWS\SYSTEM32\WINHTTP.dll
0x00007ffa73140000 - 0x00007ffa731ab000 	C:\WINDOWS\system32\mswsock.dll
0x00007ffa58d60000 - 0x00007ffa58d75000 	C:\Users\Razza\.kiro\extensions\redhat.java-1.12.0-win32-x64\jre\17.0.4.1-win32-x86_64\bin\nio.dll
0x00007ffa68570000 - 0x00007ffa68580000 	c:\Users\Razza\.kiro\extensions\redhat.java-1.12.0-win32-x64\jre\17.0.4.1-win32-x86_64\bin\verify.dll
0x00007ffa409b0000 - 0x00007ffa409ee000 	C:\Users\Razza\AppData\Roaming\Kiro\User\globalStorage\redhat.java\1.12.0\config_ss_win\org.eclipse.equinox.launcher\org.eclipse.equinox.launcher.win32.win32.x86_64_1.2.600.v20220720-1916\eclipse_11700.dll
0x00007ffa75220000 - 0x00007ffa753b7000 	C:\WINDOWS\System32\ole32.dll

dbghelp: loaded successfully - version: 4.0.5 - missing functions: none
symbol engine: initialized successfully - sym options: 0x614 - pdb path: .;c:\Users\Razza\.kiro\extensions\redhat.java-1.12.0-win32-x64\jre\17.0.4.1-win32-x86_64\bin;C:\WINDOWS\SYSTEM32;C:\WINDOWS\WinSxS\amd64_microsoft.windows.common-controls_6595b64144ccf1df_6.0.26100.7019_none_3e06ffa0e335b8a8;c:\Users\Razza\.kiro\extensions\redhat.java-1.12.0-win32-x64\jre\17.0.4.1-win32-x86_64\bin\server;C:\Users\Razza\AppData\Roaming\Kiro\User\globalStorage\redhat.java\1.12.0\config_ss_win\org.eclipse.equinox.launcher\org.eclipse.equinox.launcher.win32.win32.x86_64_1.2.600.v20220720-1916

VM Arguments:
jvm_args: --add-modules=ALL-SYSTEM --add-opens=java.base/java.util=ALL-UNNAMED --add-opens=java.base/java.lang=ALL-UNNAMED --add-opens=java.base/sun.nio.fs=ALL-UNNAMED -Declipse.application=org.eclipse.jdt.ls.core.id1 -Dosgi.bundles.defaultStartLevel=4 -Declipse.product=org.eclipse.jdt.ls.core.product -Djava.import.generatesMetadataFilesAtProjectRoot=false -Dfile.encoding=utf8 -XX:+UseParallelGC -XX:GCTimeRatio=4 -XX:AdaptiveSizePolicyWeight=90 -Dsun.zip.disableMemoryMapping=true -Xmx1G -Xms100m -Xlog:disable -javaagent:c:\Users\Razza\.kiro\extensions\redhat.java-1.12.0-win32-x64\lombok\lombok-1.18.24.jar 
java_command: c:\Users\Razza\.kiro\extensions\redhat.java-1.12.0-win32-x64\server\plugins\org.eclipse.equinox.launcher_1.6.400.v20210924-0641.jar -configuration c:\Users\Razza\AppData\Roaming\Kiro\User\globalStorage\redhat.java\1.12.0\config_ss_win -data c:\Users\Razza\AppData\Roaming\Kiro\User\workspaceStorage\258973467f62c406ef5ee91e612777d0\redhat.java\ss_ws
java_class_path (initial): c:\Users\Razza\.kiro\extensions\redhat.java-1.12.0-win32-x64\server\plugins\org.eclipse.equinox.launcher_1.6.400.v20210924-0641.jar
Launcher Type: SUN_STANDARD

[Global flags]
    uintx AdaptiveSizePolicyWeight                 = 90                                        {product} {command line}
     intx CICompilerCount                          = 4                                         {product} {ergonomic}
    uintx GCTimeRatio                              = 4                                         {product} {command line}
   size_t InitialHeapSize                          = 104857600                                 {product} {command line}
   size_t MaxHeapSize                              = 1073741824                                {product} {command line}
   size_t MaxNewSize                               = 357564416                                 {product} {ergonomic}
   size_t MinHeapDeltaBytes                        = 524288                                    {product} {ergonomic}
   size_t MinHeapSize                              = 104857600                                 {product} {command line}
   size_t NewSize                                  = 34603008                                  {product} {ergonomic}
    uintx NonNMethodCodeHeapSize                   = 5839372                                {pd product} {ergonomic}
    uintx NonProfiledCodeHeapSize                  = 122909434                              {pd product} {ergonomic}
   size_t OldSize                                  = 70254592                                  {product} {ergonomic}
    uintx ProfiledCodeHeapSize                     = 122909434                              {pd product} {ergonomic}
    uintx ReservedCodeCacheSize                    = 251658240                              {pd product} {ergonomic}
     bool SegmentedCodeCache                       = true                                      {product} {ergonomic}
   size_t SoftMaxHeapSize                          = 1073741824                             {manageable} {ergonomic}
     bool UseCompressedClassPointers               = true                           {product lp64_product} {ergonomic}
     bool UseCompressedOops                        = true                           {product lp64_product} {ergonomic}
     bool UseLargePagesIndividualAllocation        = false                                  {pd product} {ergonomic}
     bool UseParallelGC                            = true                                      {product} {command line}

Logging:
Log output configuration:
 #0: stdout all=off uptime,level,tags
 #1: stderr all=off uptime,level,tags

Environment Variables:
PATH=C:\Program Files\Common Files\Oracle\Java\javapath;C:\WINDOWS\system32;C:\WINDOWS;C:\WINDOWS\System32\Wbem;C:\WINDOWS\System32\WindowsPowerShell\v1.0\;C:\WINDOWS\System32\OpenSSH\;C:\Program Files\nodejs\;C:\Program Files\Git\cmd;C:\Program Files\dotnet\;C:\Program Files\PuTTY\;C:\Program Files\Cloudflare\Cloudflare WARP\;C:\Users\Razza\.local\bin;C:\Users\Razza\AppData\Local\Programs\Eclipse Adoptium\jdk-25.0.2.10-hotspot\bin;C:\Users\Razza\AppData\Local\Programs\Python\Launcher\;C:\Program Files\Common Files\Oracle\Java\javapath;C:\WINDOWS\system32;C:\WINDOWS;C:\WINDOWS\System32\Wbem;C:\WINDOWS\System32\WindowsPowerShell\v1.0\;C:\WINDOWS\System32\OpenSSH\;C:\Program Files\PuTTY\;C:\Program Files\nodejs\;C:\Program Files\Git\cmd;C:\Program Files\Cloudflare\Cloudflare WARP\;C:\Program Files\dotnet\;C:\Users\Razza\AppData\Local\Microsoft\WindowsApps;C:\xampp\php;C:\Users\Razza\AppData\Local\ComposerSetup\bin;C:\Users\Razza\AppData\Roaming\Composer\vendor\bin;C:\Users\Razza\AppData\Roaming\npm;C:\Users\Razza\AppData\Local\Python\PythonCore-3.14-64\Scripts;C:\Program Files (x86)\Nmap;C:\Users\Razza\AppData\Local\Programs\Windsurf\bin;C:\Users\Razza\AppData\Local\Kiro-Cli\;C:\Users\Razza\AppData\Local\Programs\Microsoft VS Code\bin;C:\Users\Razza\AppData\Local\Programs\Kiro\bin
USERNAME=Razza
OS=Windows_NT
PROCESSOR_IDENTIFIER=AMD64 Family 23 Model 160 Stepping 0, AuthenticAMD
TMP=C:\Users\Razza\AppData\Local\Temp
TEMP=C:\Users\Razza\AppData\Local\Temp



---------------  S Y S T E M  ---------------

OS:
 Windows 11 , 64 bit Build 26100 (10.0.26100.7019)
OS uptime: 0 days 1:35 hours
Hyper-V role detected

CPU: total 8 (initial active 8) (8 cores per cpu, 2 threads per core) family 23 model 160 stepping 0 microcode 0x8a0000a, cx8, cmov, fxsr, ht, mmx, 3dnowpref, sse, sse2, sse3, ssse3, sse4a, sse4.1, sse4.2, popcnt, lzcnt, tsc, tscinvbit, avx, avx2, aes, clmul, bmi1, bmi2, adx, sha, fma, vzeroupper, clflush, clflushopt, hv

Memory: 4k page, system-wide physical 15610M (2281M free)
TotalPageFile size 23281M (AvailPageFile size 16M)
current process WorkingSet (physical memory assigned to process): 83M, peak: 83M
current process commit charge ("private bytes"): 201M, peak: 202M

vm_info: OpenJDK 64-Bit Server VM (17.0.4.1+1) for windows-amd64 JRE (17.0.4.1+1), built on Aug 17 2022 07:42:43 by "temurin" with MS VC++ 16.7 (VS2019)

END.
