#
# There is insufficient memory for the Java Runtime Environment to continue.
# Native memory allocation (mmap) failed to map 65536 bytes. Error detail: Failed to commit metaspace.
# Possible reasons:
#   The system is out of physical RAM or swap space
#   This process is running with CompressedOops enabled, and the Java Heap may be blocking the growth of the native heap
# Possible solutions:
#   Reduce memory load on the system
#   Increase physical memory or swap space
#   Check if swap backing store is full
#   Decrease Java heap size (-Xmx/-Xms)
#   Decrease number of Java threads
#   Decrease Java thread stack sizes (-Xss)
#   Set larger code cache with -XX:ReservedCodeCacheSize=
#   JVM is running with Unscaled Compressed Oops mode in which the Java heap is
#     placed in the first 4GB address space. The Java Heap base address is the
#     maximum limit for the native heap growth. Please use -XX:HeapBaseMinAddress
#     to set the Java Heap base and to place the Java Heap above 4GB virtual address.
# This output file may be truncated or incomplete.
#
#  Out of Memory Error (virtualSpaceNode.cpp:113), pid=816, tid=9576
#
# JRE version: OpenJDK Runtime Environment Temurin-21.0.10+7 (21.0.10+7) (build 21.0.10+7-LTS)
# Java VM: OpenJDK 64-Bit Server VM Temurin-21.0.10+7 (21.0.10+7-LTS, mixed mode, sharing, tiered, compressed oops, compressed class ptrs, parallel gc, windows-amd64)
# No core dump will be written. Minidumps are not enabled by default on client versions of Windows
#

---------------  S U M M A R Y ------------

Command Line: --add-modules=ALL-SYSTEM --add-opens=java.base/java.util=ALL-UNNAMED --add-opens=java.base/java.lang=ALL-UNNAMED --add-opens=java.base/sun.nio.fs=ALL-UNNAMED -Declipse.application=org.eclipse.jdt.ls.core.id1 -Dosgi.bundles.defaultStartLevel=4 -Declipse.product=org.eclipse.jdt.ls.core.product -Djava.import.generatesMetadataFilesAtProjectRoot=false -DDetectVMInstallationsJob.disabled=true -Dfile.encoding=utf8 -XX:+UseParallelGC -XX:GCTimeRatio=4 -XX:AdaptiveSizePolicyWeight=90 -Dsun.zip.disableMemoryMapping=true -Xmx2G -Xms100m -Xlog:disable -javaagent:c:\Users\Razza\.vscode\extensions\redhat.java-1.54.0-win32-x64\lombok\lombok-1.18.39-4050.jar -XX:+HeapDumpOnOutOfMemoryError -XX:HeapDumpPath=c:\Users\Razza\AppData\Roaming\Code\User\workspaceStorage\258973467f62c406ef5ee91e612777d0\redhat.java -Daether.dependencyCollector.impl=bf c:\Users\Razza\.vscode\extensions\redhat.java-1.54.0-win32-x64\server\plugins\org.eclipse.equinox.launcher_1.7.100.v20251111-0406.jar -configuration c:\Users\Razza\AppData\Roaming\Code\User\globalStorage\redhat.java\1.54.0\config_win -data c:\Users\Razza\AppData\Roaming\Code\User\workspaceStorage\258973467f62c406ef5ee91e612777d0\redhat.java\jdt_ws --pipe=\\.\pipe\lsp-66999e8caec6274650462a8cdebb41c7-sock

Host: AMD Ryzen 5 7520U with Radeon Graphics         , 8 cores, 15G,  Windows 11 , 64 bit Build 26100 (10.0.26100.7019)
Time: Fri Apr 24 11:10:58 2026 Malay Peninsula Standard Time elapsed time: 0.763004 seconds (0d 0h 0m 0s)

---------------  T H R E A D  ---------------

Current thread (0x00000195dafa9850):  JavaThread "C1 CompilerThread0" daemon [_thread_in_vm, id=9576, stack(0x0000005ebb000000,0x0000005ebb100000) (1024K)]


Current CompileTask:
C1:763  362       3       jdk.internal.org.objectweb.asm.Frame::execute (2305 bytes)

Stack: [0x0000005ebb000000,0x0000005ebb100000]
Native frames: (J=compiled Java code, j=interpreted, Vv=VM code, C=native code)
V  [jvm.dll+0x6d7a39]
V  [jvm.dll+0x8b4b26]
V  [jvm.dll+0x8b70de]
V  [jvm.dll+0x8b77c3]
V  [jvm.dll+0x284346]
V  [jvm.dll+0x8b086e]
V  [jvm.dll+0x679444]
V  [jvm.dll+0x6794aa]
V  [jvm.dll+0x67bca6]
V  [jvm.dll+0x67bb72]
V  [jvm.dll+0x679e1e]
V  [jvm.dll+0x68b22a]
V  [jvm.dll+0x6843a2]
V  [jvm.dll+0x1f6360]
V  [jvm.dll+0x1f6548]
V  [jvm.dll+0x156b7e]
V  [jvm.dll+0x156e84]
V  [jvm.dll+0x15629c]
V  [jvm.dll+0x15802d]
V  [jvm.dll+0x25b85d]
V  [jvm.dll+0x259dea]
V  [jvm.dll+0x3f857e]
V  [jvm.dll+0x85f59d]
V  [jvm.dll+0x6d626d]
C  [ucrtbase.dll+0x37b0]
C  [KERNEL32.DLL+0x2e8d7]
C  [ntdll.dll+0x8c53c]


---------------  P R O C E S S  ---------------

Threads class SMR info:
_java_thread_list=0x00000195f340e3c0, length=10, elements={
0x00000195d8b7ac30, 0x00000195db0cb7e0, 0x00000195daf83fa0, 0x00000195daf86710,
0x00000195daf87370, 0x00000195daf8b4e0, 0x00000195daf91a80, 0x00000195daf92d40,
0x00000195dafa9850, 0x00000195f3436980
}

Java Threads: ( => current thread )
  0x00000195d8b7ac30 JavaThread "main"                              [_thread_in_vm, id=5208, stack(0x0000005eba500000,0x0000005eba600000) (1024K)]
  0x00000195db0cb7e0 JavaThread "Reference Handler"          daemon [_thread_blocked, id=25160, stack(0x0000005eba900000,0x0000005ebaa00000) (1024K)]
  0x00000195daf83fa0 JavaThread "Finalizer"                  daemon [_thread_blocked, id=3504, stack(0x0000005ebaa00000,0x0000005ebab00000) (1024K)]
  0x00000195daf86710 JavaThread "Signal Dispatcher"          daemon [_thread_blocked, id=25812, stack(0x0000005ebab00000,0x0000005ebac00000) (1024K)]
  0x00000195daf87370 JavaThread "Attach Listener"            daemon [_thread_blocked, id=15128, stack(0x0000005ebac00000,0x0000005ebad00000) (1024K)]
  0x00000195daf8b4e0 JavaThread "Service Thread"             daemon [_thread_blocked, id=26672, stack(0x0000005ebad00000,0x0000005ebae00000) (1024K)]
  0x00000195daf91a80 JavaThread "Monitor Deflation Thread"   daemon [_thread_blocked, id=12292, stack(0x0000005ebae00000,0x0000005ebaf00000) (1024K)]
  0x00000195daf92d40 JavaThread "C2 CompilerThread0"         daemon [_thread_blocked, id=19372, stack(0x0000005ebaf00000,0x0000005ebb000000) (1024K)]
=>0x00000195dafa9850 JavaThread "C1 CompilerThread0"         daemon [_thread_in_vm, id=9576, stack(0x0000005ebb000000,0x0000005ebb100000) (1024K)]
  0x00000195f3436980 JavaThread "Common-Cleaner"             daemon [_thread_blocked, id=27180, stack(0x0000005ebb100000,0x0000005ebb200000) (1024K)]
Total: 10

Other Threads:
  0x00000195daf83960 VMThread "VM Thread"                           [id=23828, stack(0x0000005eba800000,0x0000005eba900000) (1024K)]
  0x00000195dae9ca00 WatcherThread "VM Periodic Task Thread"        [id=25568, stack(0x0000005eba700000,0x0000005eba800000) (1024K)]
  0x00000195db02cf10 WorkerThread "GC Thread#0"                     [id=21932, stack(0x0000005eba600000,0x0000005eba700000) (1024K)]
Total: 3

Threads with active compile tasks:
C1 CompilerThread0  783  362       3       jdk.internal.org.objectweb.asm.Frame::execute (2305 bytes)
Total: 1

VM state: not at safepoint (normal execution)

VM Mutex/Monitor currently owned by a thread:  ([mutex/lock_event])
[0x00007ff9f62ac4e0] Metaspace_lock - owner thread: 0x00000195dafa9850

Heap address: 0x0000000080000000, size: 2048 MB, Compressed Oops mode: 32-bit

CDS archive(s) mapped at: [0x0000019580000000-0x0000019580ba0000-0x0000019580ba0000), size 12189696, SharedBaseAddress: 0x0000019580000000, ArchiveRelocationMode: 1.
Compressed class space mapped at: 0x0000019581000000-0x00000195c1000000, reserved size: 1073741824
Narrow klass base: 0x0000019580000000, Narrow klass shift: 0, Narrow klass range: 0x100000000

GC Precious Log:
 CardTable entry size: 512
 CPUs: 8 total, 8 available
 Memory: 15610M
 Large Page Support: Disabled
 NUMA Support: Disabled
 Compressed Oops: Enabled (32-bit)
 Alignments: Space 512K, Generation 512K, Heap 2M
 Heap Min Capacity: 100M
 Heap Initial Capacity: 100M
 Heap Max Capacity: 2G
 Pre-touch: Disabled
 Parallel Workers: 8

Heap:
 PSYoungGen      total 29696K, used 4679K [0x00000000d5580000, 0x00000000d7680000, 0x0000000100000000)
  eden space 25600K, 18% used [0x00000000d5580000,0x00000000d5a11e78,0x00000000d6e80000)
  from space 4096K, 0% used [0x00000000d7280000,0x00000000d7280000,0x00000000d7680000)
  to   space 4096K, 0% used [0x00000000d6e80000,0x00000000d6e80000,0x00000000d7280000)
 ParOldGen       total 68608K, used 0K [0x0000000080000000, 0x0000000084300000, 0x00000000d5580000)
  object space 68608K, 0% used [0x0000000080000000,0x0000000080000000,0x0000000084300000)
 Metaspace       used 682K, committed 832K, reserved 1114112K
  class space    used 53K, committed 128K, reserved 1048576K

Card table byte_map: [0x00000195da9b0000,0x00000195dadc0000] _byte_map_base: 0x00000195da5b0000

Marking Bits: (ParMarkBitMap*) 0x00007ff9f62b3450
 Begin Bits: [0x00000195ed4c0000, 0x00000195ef4c0000)
 End Bits:   [0x00000195ef4c0000, 0x00000195f14c0000)

Polling page: 0x00000195d8e40000

Metaspace:

Usage:
  Non-class:    629.29 KB used.
      Class:     53.54 KB used.
       Both:    682.83 KB used.

Virtual space:
  Non-class space:       64.00 MB reserved,     704.00 KB (  1%) committed,  1 nodes.
      Class space:        1.00 GB reserved,     128.00 KB ( <1%) committed,  1 nodes.
             Both:        1.06 GB reserved,     832.00 KB ( <1%) committed. 

Chunk freelists:
   Non-Class:  11.91 MB
       Class:  15.73 MB
        Both:  27.64 MB

MaxMetaspaceSize: unlimited
CompressedClassSpaceSize: 1.00 GB
Initial GC threshold: 21.00 MB
Current GC threshold: 21.00 MB
CDS: on
 - commit_granule_bytes: 65536.
 - commit_granule_words: 8192.
 - virtual_space_node_default_size: 8388608.
 - enlarge_chunks_in_place: 1.
 - use_allocation_guard: 0.


Internal statistics:

num_allocs_failed_limit: 0.
num_arena_births: 28.
num_arena_deaths: 0.
num_vsnodes_births: 2.
num_vsnodes_deaths: 0.
num_space_committed: 13.
num_space_uncommitted: 0.
num_chunks_returned_to_freelist: 0.
num_chunks_taken_from_freelist: 35.
num_chunk_merges: 0.
num_chunk_splits: 24.
num_chunks_enlarged: 14.
num_inconsistent_stats: 0.

CodeHeap 'non-profiled nmethods': size=120000Kb used=106Kb max_used=106Kb free=119893Kb
 bounds [0x00000195e5ce0000, 0x00000195e5f50000, 0x00000195ed210000]
CodeHeap 'profiled nmethods': size=120000Kb used=464Kb max_used=464Kb free=119535Kb
 bounds [0x00000195de210000, 0x00000195de480000, 0x00000195e5740000]
CodeHeap 'non-nmethods': size=5760Kb used=1148Kb max_used=1162Kb free=4611Kb
 bounds [0x00000195e5740000, 0x00000195e59b0000, 0x00000195e5ce0000]
CodeCache: size=245760Kb, used=1718Kb, max_used=1732Kb, free=244039Kb
 total_blobs=755, nmethods=361, adapters=301, full_count=0
Compilation: enabled, stopped_count=0, restarted_count=0

Compilation events (20 events):
Event: 0.752 Thread 0x00000195dafa9850 nmethod 348 0x00000195de27d110 code [0x00000195de27d420, 0x00000195de27e378]
Event: 0.752 Thread 0x00000195dafa9850  350       3       java.lang.invoke.MethodType::checkPtypes (76 bytes)
Event: 0.753 Thread 0x00000195dafa9850 nmethod 350 0x00000195de27e890 code [0x00000195de27eb20, 0x00000195de27f5b0]
Event: 0.753 Thread 0x00000195dafa9850  351       3       java.lang.invoke.LambdaForm::argument (27 bytes)
Event: 0.753 Thread 0x00000195dafa9850 nmethod 351 0x00000195de27fa10 code [0x00000195de27fbe0, 0x00000195de27fe48]
Event: 0.753 Thread 0x00000195dafa9850  352       1       sun.invoke.util.Wrapper::basicTypeChar (5 bytes)
Event: 0.754 Thread 0x00000195dafa9850 nmethod 352 0x00000195e5cfa710 code [0x00000195e5cfa8a0, 0x00000195e5cfa970]
Event: 0.754 Thread 0x00000195dafa9850  356       3       java.lang.StringBuilder::toString (9 bytes)
Event: 0.754 Thread 0x00000195dafa9850 nmethod 356 0x00000195de27ff90 code [0x00000195de280140, 0x00000195de280350]
Event: 0.754 Thread 0x00000195dafa9850  357       3       java.lang.String::<init> (7 bytes)
Event: 0.754 Thread 0x00000195dafa9850 nmethod 357 0x00000195de280490 code [0x00000195de280640, 0x00000195de280788]
Event: 0.754 Thread 0x00000195dafa9850  358       3       java.lang.String::<init> (98 bytes)
Event: 0.755 Thread 0x00000195dafa9850 nmethod 358 0x00000195de280810 code [0x00000195de280c00, 0x00000195de2825d8]
Event: 0.756 Thread 0x00000195dafa9850  359       3       java.lang.invoke.MethodType::equals (25 bytes)
Event: 0.756 Thread 0x00000195dafa9850 nmethod 359 0x00000195de282f10 code [0x00000195de283100, 0x00000195de2835d0]
Event: 0.756 Thread 0x00000195dafa9850  360       3       java.lang.String::lastIndexOf (12 bytes)
Event: 0.756 Thread 0x00000195dafa9850 nmethod 360 0x00000195de283710 code [0x00000195de283900, 0x00000195de283cf0]
Event: 0.757 Thread 0x00000195dafa9850  361       3       java.lang.AbstractStringBuilder::<init> (39 bytes)
Event: 0.758 Thread 0x00000195dafa9850 nmethod 361 0x00000195de283e90 code [0x00000195de284040, 0x00000195de284288]
Event: 0.759 Thread 0x00000195dafa9850  362       3       jdk.internal.org.objectweb.asm.Frame::execute (2305 bytes)

GC Heap History (0 events):
No events

Dll operation events (7 events):
Event: 0.029 Loaded shared library c:\Users\Razza\.vscode\extensions\redhat.java-1.54.0-win32-x64\jre\21.0.10-win32-x86_64\bin\java.dll
Event: 0.183 Loaded shared library c:\Users\Razza\.vscode\extensions\redhat.java-1.54.0-win32-x64\jre\21.0.10-win32-x86_64\bin\zip.dll
Event: 0.224 Loaded shared library C:\Users\Razza\.vscode\extensions\redhat.java-1.54.0-win32-x64\jre\21.0.10-win32-x86_64\bin\instrument.dll
Event: 0.318 Loaded shared library C:\Users\Razza\.vscode\extensions\redhat.java-1.54.0-win32-x64\jre\21.0.10-win32-x86_64\bin\net.dll
Event: 0.441 Loaded shared library C:\Users\Razza\.vscode\extensions\redhat.java-1.54.0-win32-x64\jre\21.0.10-win32-x86_64\bin\nio.dll
Event: 0.461 Loaded shared library C:\Users\Razza\.vscode\extensions\redhat.java-1.54.0-win32-x64\jre\21.0.10-win32-x86_64\bin\zip.dll
Event: 0.502 Loaded shared library C:\Users\Razza\.vscode\extensions\redhat.java-1.54.0-win32-x64\jre\21.0.10-win32-x86_64\bin\jimage.dll

Deoptimization events (10 events):
Event: 0.474 Thread 0x00000195d8b7ac30 Uncommon trap: trap_request=0xffffffde fr.pc=0x00000195e5cef8a0 relative=0x0000000000000780
Event: 0.474 Thread 0x00000195d8b7ac30 Uncommon trap: reason=class_check action=maybe_recompile pc=0x00000195e5cef8a0 method=java.util.HashMap.putVal(ILjava/lang/Object;Ljava/lang/Object;ZZ)Ljava/lang/Object; @ 152 c2
Event: 0.474 Thread 0x00000195d8b7ac30 DEOPT PACKING pc=0x00000195e5cef8a0 sp=0x0000005eba5fe660
Event: 0.475 Thread 0x00000195d8b7ac30 DEOPT UNPACKING pc=0x00000195e5793aa2 sp=0x0000005eba5fe5c0 mode 2
Event: 0.475 Thread 0x00000195d8b7ac30 Uncommon trap: trap_request=0xffffffde fr.pc=0x00000195e5cef8a0 relative=0x0000000000000780
Event: 0.475 Thread 0x00000195d8b7ac30 Uncommon trap: reason=class_check action=maybe_recompile pc=0x00000195e5cef8a0 method=java.util.HashMap.putVal(ILjava/lang/Object;Ljava/lang/Object;ZZ)Ljava/lang/Object; @ 152 c2
Event: 0.475 Thread 0x00000195d8b7ac30 DEOPT PACKING pc=0x00000195e5cef8a0 sp=0x0000005eba5fe660
Event: 0.475 Thread 0x00000195d8b7ac30 DEOPT UNPACKING pc=0x00000195e5793aa2 sp=0x0000005eba5fe5c0 mode 2
Event: 0.653 Thread 0x00000195d8b7ac30 DEOPT PACKING pc=0x00000195de247e49 sp=0x0000005eba5fe440
Event: 0.653 Thread 0x00000195d8b7ac30 DEOPT UNPACKING pc=0x00000195e5794242 sp=0x0000005eba5fd8c8 mode 0

Classes loaded (20 events):
Event: 0.666 Loading class sun/net/www/MessageHeader
Event: 0.667 Loading class sun/net/www/MessageHeader done
Event: 0.667 Loading class sun/net/www/protocol/jar/URLJarFile
Event: 0.667 Loading class sun/net/www/protocol/jar/URLJarFile done
Event: 0.668 Loading class sun/net/www/protocol/jar/URLJarFile$URLJarFileEntry
Event: 0.668 Loading class sun/net/www/protocol/jar/URLJarFile$URLJarFileEntry done
Event: 0.669 Loading class sun/net/www/protocol/jar/JarURLConnection$JarURLInputStream
Event: 0.669 Loading class sun/net/www/protocol/jar/JarURLConnection$JarURLInputStream done
Event: 0.670 Loading class java/lang/AssertionError
Event: 0.670 Loading class java/lang/AssertionError done
Event: 0.675 Loading class sun/net/www/protocol/jrt/Handler
Event: 0.676 Loading class sun/net/www/protocol/jrt/Handler done
Event: 0.733 Loading class jdk/internal/foreign/MemorySessionImpl
Event: 0.735 Loading class java/lang/foreign/MemorySegment$Scope
Event: 0.736 Loading class java/lang/foreign/MemorySegment$Scope done
Event: 0.736 Loading class jdk/internal/foreign/MemorySessionImpl done
Event: 0.752 Loading class sun/invoke/util/ValueConversions$1
Event: 0.752 Loading class sun/invoke/util/ValueConversions$1 done
Event: 0.756 Loading class java/lang/invoke/BoundMethodHandle$Species_LI
Event: 0.756 Loading class java/lang/invoke/BoundMethodHandle$Species_LI done

Classes unloaded (0 events):
No events

Classes redefined (0 events):
No events

Internal exceptions (3 events):
Event: 0.119 Thread 0x00000195d8b7ac30 Exception <a 'java/lang/NoSuchMethodError'{0x00000000d57a93b8}: 'void java.lang.invoke.DirectMethodHandle$Holder.invokeStatic(java.lang.Object, java.lang.Object, java.lang.Object)'> (0x00000000d57a93b8) 
thrown [s\src\hotspot\share\interpreter\linkResolver.cpp, line 773]
Event: 0.486 Thread 0x00000195d8b7ac30 Exception <a 'java/lang/NoSuchMethodError'{0x00000000d59127d8}: 'java.lang.Object java.lang.invoke.Invokers$Holder.invokeExact_MT(java.lang.Object, java.lang.Object, java.lang.Object, java.lang.Object, java.lang.Object)'> (0x00000000d59127d8) 
thrown [s\src\hotspot\share\interpreter\linkResolver.cpp, line 773]
Event: 0.753 Thread 0x00000195d8b7ac30 Exception <a 'java/lang/NoSuchMethodError'{0x00000000d59cbe18}: 'int java.lang.invoke.DirectMethodHandle$Holder.invokeSpecial(java.lang.Object, java.lang.Object, java.lang.Object, int)'> (0x00000000d59cbe18) 
thrown [s\src\hotspot\share\interpreter\linkResolver.cpp, line 773]

ZGC Phase Switch (0 events):
No events

VM Operations (4 events):
Event: 0.126 Executing non-safepoint VM operation: HandshakeAllThreads (Deoptimize)
Event: 0.127 Executing non-safepoint VM operation: HandshakeAllThreads (Deoptimize) done
Event: 0.667 Executing non-safepoint VM operation: HandshakeAllThreads (Deoptimize)
Event: 0.667 Executing non-safepoint VM operation: HandshakeAllThreads (Deoptimize) done

Memory protections (0 events):
No events

Nmethod flushes (0 events):
No events

Events (10 events):
Event: 0.046 Thread 0x00000195d8b7ac30 Thread added: 0x00000195d8b7ac30
Event: 0.070 Thread 0x00000195d8b7ac30 Thread added: 0x00000195db0cb7e0
Event: 0.070 Thread 0x00000195d8b7ac30 Thread added: 0x00000195daf83fa0
Event: 0.070 Thread 0x00000195d8b7ac30 Thread added: 0x00000195daf86710
Event: 0.070 Thread 0x00000195d8b7ac30 Thread added: 0x00000195daf87370
Event: 0.070 Thread 0x00000195d8b7ac30 Thread added: 0x00000195daf8b4e0
Event: 0.071 Thread 0x00000195d8b7ac30 Thread added: 0x00000195daf91a80
Event: 0.071 Thread 0x00000195d8b7ac30 Thread added: 0x00000195daf92d40
Event: 0.071 Thread 0x00000195d8b7ac30 Thread added: 0x00000195dafa9850
Event: 0.228 Thread 0x00000195d8b7ac30 Thread added: 0x00000195f3436980


Dynamic libraries:
0x00007ff78ec20000 - 0x00007ff78ec2e000 	c:\Users\Razza\.vscode\extensions\redhat.java-1.54.0-win32-x64\jre\21.0.10-win32-x86_64\bin\java.exe
0x00007ffa76cc0000 - 0x00007ffa76f28000 	C:\WINDOWS\SYSTEM32\ntdll.dll
0x00007ffa74f80000 - 0x00007ffa75049000 	C:\WINDOWS\System32\KERNEL32.DLL
0x00007ffa74010000 - 0x00007ffa74408000 	C:\WINDOWS\System32\KERNELBASE.dll
0x00007ffa73ec0000 - 0x00007ffa7400b000 	C:\WINDOWS\System32\ucrtbase.dll
0x00007ffa422c0000 - 0x00007ffa422d8000 	c:\Users\Razza\.vscode\extensions\redhat.java-1.54.0-win32-x64\jre\21.0.10-win32-x86_64\bin\jli.dll
0x00007ffa75960000 - 0x00007ffa75b27000 	C:\WINDOWS\System32\USER32.dll
0x00007ffa74900000 - 0x00007ffa74927000 	C:\WINDOWS\System32\win32u.dll
0x00007ffa74de0000 - 0x00007ffa74e0b000 	C:\WINDOWS\System32\GDI32.dll
0x00007ffa74930000 - 0x00007ffa74a5c000 	C:\WINDOWS\System32\gdi32full.dll
0x00007ffa74850000 - 0x00007ffa748f3000 	C:\WINDOWS\System32\msvcp_win.dll
0x00007ffa69ab0000 - 0x00007ffa69ace000 	c:\Users\Razza\.vscode\extensions\redhat.java-1.54.0-win32-x64\jre\21.0.10-win32-x86_64\bin\VCRUNTIME140.dll
0x00007ffa5b980000 - 0x00007ffa5bc14000 	C:\WINDOWS\WinSxS\amd64_microsoft.windows.common-controls_6595b64144ccf1df_6.0.26100.7019_none_3e06ffa0e335b8a8\COMCTL32.dll
0x00007ffa75ba0000 - 0x00007ffa75c49000 	C:\WINDOWS\System32\msvcrt.dll
0x00007ffa75b60000 - 0x00007ffa75b91000 	C:\WINDOWS\System32\IMM32.DLL
0x00007ffa70390000 - 0x00007ffa7039c000 	c:\Users\Razza\.vscode\extensions\redhat.java-1.54.0-win32-x64\jre\21.0.10-win32-x86_64\bin\vcruntime140_1.dll
0x00007ffa394f0000 - 0x00007ffa3957d000 	c:\Users\Razza\.vscode\extensions\redhat.java-1.54.0-win32-x64\jre\21.0.10-win32-x86_64\bin\msvcp140.dll
0x00007ff9f55f0000 - 0x00007ff9f6391000 	c:\Users\Razza\.vscode\extensions\redhat.java-1.54.0-win32-x64\jre\21.0.10-win32-x86_64\bin\server\jvm.dll
0x00007ffa75060000 - 0x00007ffa75114000 	C:\WINDOWS\System32\ADVAPI32.dll
0x00007ffa76020000 - 0x00007ffa760c6000 	C:\WINDOWS\System32\sechost.dll
0x00007ffa74cc0000 - 0x00007ffa74dd8000 	C:\WINDOWS\System32\RPCRT4.dll
0x00007ffa74bb0000 - 0x00007ffa74c24000 	C:\WINDOWS\System32\WS2_32.dll
0x00007ffa73c70000 - 0x00007ffa73cce000 	C:\WINDOWS\SYSTEM32\POWRPROF.dll
0x00007ffa6a110000 - 0x00007ffa6a145000 	C:\WINDOWS\SYSTEM32\WINMM.dll
0x00007ffa69b70000 - 0x00007ffa69b7b000 	C:\WINDOWS\SYSTEM32\VERSION.dll
0x00007ffa73c50000 - 0x00007ffa73c64000 	C:\WINDOWS\SYSTEM32\UMPDC.dll
0x00007ffa72bd0000 - 0x00007ffa72beb000 	C:\WINDOWS\SYSTEM32\kernel.appcore.dll
0x00007ffa68570000 - 0x00007ffa6857a000 	c:\Users\Razza\.vscode\extensions\redhat.java-1.54.0-win32-x64\jre\21.0.10-win32-x86_64\bin\jimage.dll
0x00007ffa66080000 - 0x00007ffa662c2000 	C:\WINDOWS\SYSTEM32\DBGHELP.DLL
0x00007ffa768a0000 - 0x00007ffa76c2b000 	C:\WINDOWS\System32\combase.dll
0x00007ffa75140000 - 0x00007ffa75217000 	C:\WINDOWS\System32\OLEAUT32.dll
0x00007ffa50d30000 - 0x00007ffa50d6c000 	C:\WINDOWS\SYSTEM32\dbgcore.DLL
0x00007ffa73e10000 - 0x00007ffa73eb5000 	C:\WINDOWS\System32\bcryptPrimitives.dll
0x00007ffa66ff0000 - 0x00007ffa66fff000 	c:\Users\Razza\.vscode\extensions\redhat.java-1.54.0-win32-x64\jre\21.0.10-win32-x86_64\bin\instrument.dll
0x00007ffa31e20000 - 0x00007ffa31e40000 	c:\Users\Razza\.vscode\extensions\redhat.java-1.54.0-win32-x64\jre\21.0.10-win32-x86_64\bin\java.dll
0x00007ffa76140000 - 0x00007ffa7688f000 	C:\WINDOWS\System32\SHELL32.dll
0x00007ffa74410000 - 0x00007ffa7457b000 	C:\WINDOWS\System32\wintypes.dll
0x00007ffa71a30000 - 0x00007ffa7228d000 	C:\WINDOWS\SYSTEM32\windows.storage.dll
0x00007ffa75c50000 - 0x00007ffa75d42000 	C:\WINDOWS\System32\SHCORE.dll
0x00007ffa75d50000 - 0x00007ffa75db7000 	C:\WINDOWS\System32\shlwapi.dll
0x00007ffa73d30000 - 0x00007ffa73d59000 	C:\WINDOWS\SYSTEM32\profapi.dll
0x00007ffa60fa0000 - 0x00007ffa60fb8000 	c:\Users\Razza\.vscode\extensions\redhat.java-1.54.0-win32-x64\jre\21.0.10-win32-x86_64\bin\zip.dll
0x00007ffa61370000 - 0x00007ffa61380000 	C:\Users\Razza\.vscode\extensions\redhat.java-1.54.0-win32-x64\jre\21.0.10-win32-x86_64\bin\net.dll
0x00007ffa68d20000 - 0x00007ffa68e48000 	C:\WINDOWS\SYSTEM32\WINHTTP.dll
0x00007ffa73140000 - 0x00007ffa731ab000 	C:\WINDOWS\system32\mswsock.dll
0x00007ffa30cb0000 - 0x00007ffa30cc6000 	C:\Users\Razza\.vscode\extensions\redhat.java-1.54.0-win32-x64\jre\21.0.10-win32-x86_64\bin\nio.dll

JVMTI agents:
c:\Users\Razza\.vscode\extensions\redhat.java-1.54.0-win32-x64\lombok\lombok-1.18.39-4050.jar path:c:\Users\Razza\.vscode\extensions\redhat.java-1.54.0-win32-x64\jre\21.0.10-win32-x86_64\bin\instrument.dll, loaded, initialized, instrumentlib options:none

dbghelp: loaded successfully - version: 4.0.5 - missing functions: none
symbol engine: initialized successfully - sym options: 0x614 - pdb path: .;c:\Users\Razza\.vscode\extensions\redhat.java-1.54.0-win32-x64\jre\21.0.10-win32-x86_64\bin;C:\WINDOWS\SYSTEM32;C:\WINDOWS\WinSxS\amd64_microsoft.windows.common-controls_6595b64144ccf1df_6.0.26100.7019_none_3e06ffa0e335b8a8;c:\Users\Razza\.vscode\extensions\redhat.java-1.54.0-win32-x64\jre\21.0.10-win32-x86_64\bin\server

VM Arguments:
jvm_args: --add-modules=ALL-SYSTEM --add-opens=java.base/java.util=ALL-UNNAMED --add-opens=java.base/java.lang=ALL-UNNAMED --add-opens=java.base/sun.nio.fs=ALL-UNNAMED -Declipse.application=org.eclipse.jdt.ls.core.id1 -Dosgi.bundles.defaultStartLevel=4 -Declipse.product=org.eclipse.jdt.ls.core.product -Djava.import.generatesMetadataFilesAtProjectRoot=false -DDetectVMInstallationsJob.disabled=true -Dfile.encoding=utf8 -XX:+UseParallelGC -XX:GCTimeRatio=4 -XX:AdaptiveSizePolicyWeight=90 -Dsun.zip.disableMemoryMapping=true -Xmx2G -Xms100m -Xlog:disable -javaagent:c:\Users\Razza\.vscode\extensions\redhat.java-1.54.0-win32-x64\lombok\lombok-1.18.39-4050.jar -XX:+HeapDumpOnOutOfMemoryError -XX:HeapDumpPath=c:\Users\Razza\AppData\Roaming\Code\User\workspaceStorage\258973467f62c406ef5ee91e612777d0\redhat.java -Daether.dependencyCollector.impl=bf 
java_command: c:\Users\Razza\.vscode\extensions\redhat.java-1.54.0-win32-x64\server\plugins\org.eclipse.equinox.launcher_1.7.100.v20251111-0406.jar -configuration c:\Users\Razza\AppData\Roaming\Code\User\globalStorage\redhat.java\1.54.0\config_win -data c:\Users\Razza\AppData\Roaming\Code\User\workspaceStorage\258973467f62c406ef5ee91e612777d0\redhat.java\jdt_ws --pipe=\\.\pipe\lsp-66999e8caec6274650462a8cdebb41c7-sock
java_class_path (initial): c:\Users\Razza\.vscode\extensions\redhat.java-1.54.0-win32-x64\server\plugins\org.eclipse.equinox.launcher_1.7.100.v20251111-0406.jar
Launcher Type: SUN_STANDARD

[Global flags]
    uintx AdaptiveSizePolicyWeight                 = 90                                        {product} {command line}
     intx CICompilerCount                          = 4                                         {product} {ergonomic}
    uintx GCTimeRatio                              = 4                                         {product} {command line}
     bool HeapDumpOnOutOfMemoryError               = true                                   {manageable} {command line}
    ccstr HeapDumpPath                             = c:\Users\Razza\AppData\Roaming\Code\User\workspaceStorage\258973467f62c406ef5ee91e612777d0\redhat.java         {manageable} {command line}
   size_t InitialHeapSize                          = 104857600                                 {product} {command line}
   size_t MaxHeapSize                              = 2147483648                                {product} {command line}
   size_t MaxNewSize                               = 715653120                                 {product} {ergonomic}
   size_t MinHeapDeltaBytes                        = 524288                                    {product} {ergonomic}
   size_t MinHeapSize                              = 104857600                                 {product} {command line}
   size_t NewSize                                  = 34603008                                  {product} {ergonomic}
    uintx NonNMethodCodeHeapSize                   = 5839372                                {pd product} {ergonomic}
    uintx NonProfiledCodeHeapSize                  = 122909434                              {pd product} {ergonomic}
   size_t OldSize                                  = 70254592                                  {product} {ergonomic}
    uintx ProfiledCodeHeapSize                     = 122909434                              {pd product} {ergonomic}
    uintx ReservedCodeCacheSize                    = 251658240                              {pd product} {ergonomic}
     bool SegmentedCodeCache                       = true                                      {product} {ergonomic}
   size_t SoftMaxHeapSize                          = 2147483648                             {manageable} {ergonomic}
     bool UseCompressedOops                        = true                           {product lp64_product} {ergonomic}
     bool UseLargePagesIndividualAllocation        = false                                  {pd product} {ergonomic}
     bool UseParallelGC                            = true                                      {product} {command line}

Logging:
Log output configuration:
 #0: stdout all=off uptime,level,tags foldmultilines=false
 #1: stderr all=off uptime,level,tags foldmultilines=false

Release file:
<release file has not been read>
Environment Variables:
PATH=C:\Users\Razza\AppData\Local\Programs\Microsoft VS Code;C:\Program Files\Common Files\Oracle\Java\javapath;C:\WINDOWS\system32;C:\WINDOWS;C:\WINDOWS\System32\Wbem;C:\WINDOWS\System32\WindowsPowerShell\v1.0\;C:\WINDOWS\System32\OpenSSH\;C:\Program Files\nodejs\;C:\Program Files\Git\cmd;C:\Program Files\dotnet\;C:\Program Files\PuTTY\;C:\Program Files\Cloudflare\Cloudflare WARP\;C:\Users\Razza\.local\bin;C:\Users\Razza\AppData\Local\Programs\Eclipse Adoptium\jdk-25.0.2.10-hotspot\bin;C:\Users\Razza\AppData\Local\Programs\Python\Launcher\;C:\Program Files\Common Files\Oracle\Java\javapath;C:\WINDOWS\system32;C:\WINDOWS;C:\WINDOWS\System32\Wbem;C:\WINDOWS\System32\WindowsPowerShell\v1.0\;C:\WINDOWS\System32\OpenSSH\;C:\Program Files\PuTTY\;C:\Program Files\nodejs\;C:\Program Files\Git\cmd;C:\Program Files\Cloudflare\Cloudflare WARP\;C:\Program Files\dotnet\;C:\Users\Razza\AppData\Local\Microsoft\WindowsApps;C:\xampp\php;C:\Users\Razza\AppData\Local\ComposerSetup\bin;C:\Users\Razza\AppData\Roaming\Composer\vendor\bin;C:\Users\Razza\AppData\Roaming\npm;C:\Users\Razza\AppData\Local\Python\PythonCore-3.14-64\Scripts;C:\Program Files (x86)\Nmap;C:\Users\Razza\AppData\Local\Programs\Windsurf\bin;C:\Users\Razza\AppData\Local\Kiro-Cli\;C:\Users\Razza\AppData\Local\Programs\Microsoft VS Code\bin;C:\Users\Razza\AppData\Local\Programs\Kiro\bin
USERNAME=Razza
OS=Windows_NT
PROCESSOR_IDENTIFIER=AMD64 Family 23 Model 160 Stepping 0, AuthenticAMD
TMP=C:\Users\Razza\AppData\Local\Temp
TEMP=C:\Users\Razza\AppData\Local\Temp




Periodic native trim disabled

---------------  S Y S T E M  ---------------

OS:
 Windows 11 , 64 bit Build 26100 (10.0.26100.7019)
OS uptime: 0 days 1:37 hours
Hyper-V role detected

CPU: total 8 (initial active 8) (8 cores per cpu, 2 threads per core) family 23 model 160 stepping 0 microcode 0x8a0000a, cx8, cmov, fxsr, ht, mmx, 3dnowpref, sse, sse2, sse3, ssse3, sse4a, sse4.1, sse4.2, popcnt, lzcnt, tsc, tscinvbit, avx, avx2, aes, clmul, bmi1, bmi2, adx, sha, fma, vzeroupper, clflush, clflushopt, hv, rdtscp, rdpid, f16c
Processor Information for the first 8 processors :
  Max Mhz: 2801, Current Mhz: 2801, Mhz Limit: 2801

Memory: 4k page, system-wide physical 15610M (2637M free)
TotalPageFile size 24045M (AvailPageFile size 0M)
current process WorkingSet (physical memory assigned to process): 40M, peak: 40M
current process commit charge ("private bytes"): 222M, peak: 222M

vm_info: OpenJDK 64-Bit Server VM (21.0.10+7-LTS) for windows-amd64 JRE (21.0.10+7-LTS), built on 2026-01-20T00:00:00Z by "admin" with MS VC++ 17.12 (VS2022)

END.
