#
# There is insufficient memory for the Java Runtime Environment to continue.
# Native memory allocation (malloc) failed to allocate 113184 bytes for Chunk::new
# Possible reasons:
#   The system is out of physical RAM or swap space
#   The process is running with CompressedOops enabled, and the Java Heap may be blocking the growth of the native heap
# Possible solutions:
#   Reduce memory load on the system
#   Increase physical memory or swap space
#   Check if swap backing store is full
#   Decrease Java heap size (-Xmx/-Xms)
#   Decrease number of Java threads
#   Decrease Java thread stack sizes (-Xss)
#   Set larger code cache with -XX:ReservedCodeCacheSize=
#   JVM is running with Unscaled Compressed Oops mode in which the Java heap is
#     placed in the first 4GB address space. The Java Heap base address is the
#     maximum limit for the native heap growth. Please use -XX:HeapBaseMinAddress
#     to set the Java Heap base and to place the Java Heap above 4GB virtual address.
# This output file may be truncated or incomplete.
#
#  Out of Memory Error (arena.cpp:189), pid=23992, tid=24672
#
# JRE version: OpenJDK Runtime Environment Temurin-17.0.4.1+1 (17.0.4.1+1) (build 17.0.4.1+1)
# Java VM: OpenJDK 64-Bit Server VM Temurin-17.0.4.1+1 (17.0.4.1+1, mixed mode, tiered, compressed oops, compressed class ptrs, parallel gc, windows-amd64)
# No core dump will be written. Minidumps are not enabled by default on client versions of Windows
#

---------------  S U M M A R Y ------------

Command Line: --add-modules=ALL-SYSTEM --add-opens=java.base/java.util=ALL-UNNAMED --add-opens=java.base/java.lang=ALL-UNNAMED --add-opens=java.base/sun.nio.fs=ALL-UNNAMED -Declipse.application=org.eclipse.jdt.ls.core.id1 -Dosgi.bundles.defaultStartLevel=4 -Declipse.product=org.eclipse.jdt.ls.core.product -Djava.import.generatesMetadataFilesAtProjectRoot=false -Dfile.encoding=utf8 -XX:+UseParallelGC -XX:GCTimeRatio=4 -XX:AdaptiveSizePolicyWeight=90 -Dsun.zip.disableMemoryMapping=true -Xmx1G -Xms100m -Xlog:disable -javaagent:c:\Users\Razza\.kiro\extensions\redhat.java-1.12.0-win32-x64\lombok\lombok-1.18.24.jar -XX:+HeapDumpOnOutOfMemoryError -XX:HeapDumpPath=c:\Users\Razza\AppData\Roaming\Kiro\User\workspaceStorage\258973467f62c406ef5ee91e612777d0\redhat.java c:\Users\Razza\.kiro\extensions\redhat.java-1.12.0-win32-x64\server\plugins\org.eclipse.equinox.launcher_1.6.400.v20210924-0641.jar -configuration c:\Users\Razza\AppData\Roaming\Kiro\User\globalStorage\redhat.java\1.12.0\config_win -data c:\Users\Razza\AppData\Roaming\Kiro\User\workspaceStorage\258973467f62c406ef5ee91e612777d0\redhat.java\jdt_ws

Host: AMD Ryzen 5 7520U with Radeon Graphics         , 8 cores, 15G,  Windows 11 , 64 bit Build 26100 (10.0.26100.7019)
Time: Fri Apr 24 11:08:39 2026 Malay Peninsula Standard Time elapsed time: 1.104915 seconds (0d 0h 0m 1s)

---------------  T H R E A D  ---------------

Current thread (0x000002237e8ede60):  JavaThread "C2 CompilerThread0" daemon [_thread_in_native, id=24672, stack(0x0000006a17300000,0x0000006a17400000)]


Current CompileTask:
C2:   1104  450       4       java.util.HashSet::iterator (13 bytes)

Stack: [0x0000006a17300000,0x0000006a17400000]
Native frames: (J=compiled Java code, j=interpreted, Vv=VM code, C=native code)
V  [jvm.dll+0x67731a]
V  [jvm.dll+0x832284]
V  [jvm.dll+0x833a2e]
V  [jvm.dll+0x834093]
V  [jvm.dll+0x245775]
V  [jvm.dll+0xabd7b]
V  [jvm.dll+0xac30c]
V  [jvm.dll+0x363a97]
V  [jvm.dll+0x32e011]
V  [jvm.dll+0x32d4ba]
V  [jvm.dll+0x218681]
V  [jvm.dll+0x217aa1]
V  [jvm.dll+0x1a3f8d]
V  [jvm.dll+0x227498]
V  [jvm.dll+0x2255e5]
V  [jvm.dll+0x7e7e9b]
V  [jvm.dll+0x7e240a]
V  [jvm.dll+0x6761a5]
C  [ucrtbase.dll+0x37b0]
C  [KERNEL32.DLL+0x2e8d7]
C  [ntdll.dll+0x8c53c]


---------------  P R O C E S S  ---------------

Threads class SMR info:
_java_thread_list=0x0000022300818ec0, length=13, elements={
0x0000022368d279f0, 0x0000022368dcf530, 0x0000022368dd18a0, 0x00000223004b7010,
0x00000223004b98e0, 0x000002237e8e9690, 0x000002237e8eb260, 0x000002237e8ede60,
0x0000022368deea60, 0x00000223005109a0, 0x0000022300574660, 0x00000223006dc070,
0x00000223007a3d80
}

Java Threads: ( => current thread )
  0x0000022368d279f0 JavaThread "main" [_thread_in_vm, id=24172, stack(0x0000006a16a00000,0x0000006a16b00000)]
  0x0000022368dcf530 JavaThread "Reference Handler" daemon [_thread_blocked, id=21428, stack(0x0000006a16d00000,0x0000006a16e00000)]
  0x0000022368dd18a0 JavaThread "Finalizer" daemon [_thread_blocked, id=25396, stack(0x0000006a16e00000,0x0000006a16f00000)]
  0x00000223004b7010 JavaThread "Signal Dispatcher" daemon [_thread_blocked, id=24316, stack(0x0000006a16f00000,0x0000006a17000000)]
  0x00000223004b98e0 JavaThread "Attach Listener" daemon [_thread_blocked, id=25596, stack(0x0000006a17000000,0x0000006a17100000)]
  0x000002237e8e9690 JavaThread "Service Thread" daemon [_thread_blocked, id=23788, stack(0x0000006a17100000,0x0000006a17200000)]
  0x000002237e8eb260 JavaThread "Monitor Deflation Thread" daemon [_thread_blocked, id=24480, stack(0x0000006a17200000,0x0000006a17300000)]
=>0x000002237e8ede60 JavaThread "C2 CompilerThread0" daemon [_thread_in_native, id=24672, stack(0x0000006a17300000,0x0000006a17400000)]
  0x0000022368deea60 JavaThread "C1 CompilerThread0" daemon [_thread_in_native, id=23804, stack(0x0000006a17400000,0x0000006a17500000)]
  0x00000223005109a0 JavaThread "Sweeper thread" daemon [_thread_blocked, id=27344, stack(0x0000006a17500000,0x0000006a17600000)]
  0x0000022300574660 JavaThread "Common-Cleaner" daemon [_thread_blocked, id=20660, stack(0x0000006a17600000,0x0000006a17700000)]
  0x00000223006dc070 JavaThread "C2 CompilerThread1" daemon [_thread_in_native, id=23304, stack(0x0000006a17700000,0x0000006a17800000)]
  0x00000223007a3d80 JavaThread "Notification Thread" daemon [_thread_blocked, id=21720, stack(0x0000006a17800000,0x0000006a17900000)]

Other Threads:
  0x000002237e8dfd00 VMThread "VM Thread" [stack: 0x0000006a16c00000,0x0000006a16d00000] [id=7260]
  0x00000223007a4250 WatcherThread [stack: 0x0000006a17900000,0x0000006a17a00000] [id=25308]
  0x0000022368d36010 GCTaskThread "GC Thread#0" [stack: 0x0000006a16b00000,0x0000006a16c00000] [id=11444]

Threads with active compile tasks:
C2 CompilerThread0     1121  450       4       java.util.HashSet::iterator (13 bytes)
C1 CompilerThread0     1121  465       3       java.math.BigInteger::<init> (404 bytes)
C2 CompilerThread1     1121  455       4       lombok.patcher.PatchScript::classMatches (41 bytes)

VM state: not at safepoint (normal execution)

VM Mutex/Monitor currently owned by a thread: None

Heap address: 0x00000000c0000000, size: 1024 MB, Compressed Oops mode: 32-bit

CDS archive(s) not mapped
Compressed class space mapped at: 0x0000000100000000-0x0000000140000000, reserved size: 1073741824
Narrow klass base: 0x0000000000000000, Narrow klass shift: 3, Narrow klass range: 0x140000000

GC Precious Log:
 CPUs: 8 total, 8 available
 Memory: 15610M
 Large Page Support: Disabled
 NUMA Support: Disabled
 Compressed Oops: Enabled (32-bit)
 Alignments: Space 512K, Generation 512K, Heap 2M
 Heap Min Capacity: 100M
 Heap Initial Capacity: 100M
 Heap Max Capacity: 1G
 Pre-touch: Disabled
 Parallel Workers: 8

Heap:
 PSYoungGen      total 29696K, used 10334K [0x00000000eab00000, 0x00000000ecc00000, 0x0000000100000000)
  eden space 25600K, 40% used [0x00000000eab00000,0x00000000eb517868,0x00000000ec400000)
  from space 4096K, 0% used [0x00000000ec800000,0x00000000ec800000,0x00000000ecc00000)
  to   space 4096K, 0% used [0x00000000ec400000,0x00000000ec400000,0x00000000ec800000)
 ParOldGen       total 68608K, used 0K [0x00000000c0000000, 0x00000000c4300000, 0x00000000eab00000)
  object space 68608K, 0% used [0x00000000c0000000,0x00000000c0000000,0x00000000c4300000)
 Metaspace       used 7778K, committed 7872K, reserved 1056768K
  class space    used 770K, committed 832K, reserved 1048576K

Card table byte_map: [0x000002237c160000,0x000002237c370000] _byte_map_base: 0x000002237bb60000

Marking Bits: (ParMarkBitMap*) 0x00007ff9fd132cc0
 Begin Bits: [0x000002237c4d0000, 0x000002237d4d0000)
 End Bits:   [0x000002237d4d0000, 0x000002237e4d0000)

Polling page: 0x0000022368ad0000

Metaspace:

Usage:
  Non-class:      6.84 MB used.
      Class:    770.99 KB used.
       Both:      7.60 MB used.

Virtual space:
  Non-class space:        8.00 MB reserved,       6.88 MB ( 86%) committed,  1 nodes.
      Class space:        1.00 GB reserved,     832.00 KB ( <1%) committed,  1 nodes.
             Both:        1.01 GB reserved,       7.69 MB ( <1%) committed. 

Chunk freelists:
   Non-Class:  1.00 MB
       Class:  3.22 MB
        Both:  4.22 MB

MaxMetaspaceSize: unlimited
CompressedClassSpaceSize: 1.00 GB
Initial GC threshold: 21.00 MB
Current GC threshold: 21.00 MB
CDS: off
MetaspaceReclaimPolicy: balanced
 - commit_granule_bytes: 65536.
 - commit_granule_words: 8192.
 - virtual_space_node_default_size: 1048576.
 - enlarge_chunks_in_place: 1.
 - new_chunks_are_fully_committed: 0.
 - uncommit_free_chunks: 1.
 - use_allocation_guard: 0.
 - handle_deallocations: 1.


Internal statistics:

num_allocs_failed_limit: 0.
num_arena_births: 10.
num_arena_deaths: 0.
num_vsnodes_births: 2.
num_vsnodes_deaths: 0.
num_space_committed: 123.
num_space_uncommitted: 0.
num_chunks_returned_to_freelist: 0.
num_chunks_taken_from_freelist: 37.
num_chunk_merges: 0.
num_chunk_splits: 20.
num_chunks_enlarged: 16.
num_purges: 0.
num_inconsistent_stats: 0.

CodeHeap 'non-profiled nmethods': size=120000Kb used=147Kb max_used=147Kb free=119852Kb
 bounds [0x0000022374a50000, 0x0000022374cc0000, 0x000002237bf80000]
CodeHeap 'profiled nmethods': size=120000Kb used=597Kb max_used=597Kb free=119402Kb
 bounds [0x000002236d520000, 0x000002236d790000, 0x0000022374a50000]
CodeHeap 'non-nmethods': size=5760Kb used=1122Kb max_used=1135Kb free=4638Kb
 bounds [0x000002236cf80000, 0x000002236d1f0000, 0x000002236d520000]
 total_blobs=861 nmethods=455 adapters=321
 compilation: enabled
              stopped_count=0, restarted_count=0
 full_count=0

Compilation events (20 events):
Event: 1.074 Thread 0x0000022368deea60  444       3       sun.security.util.DerInputStream::<init> (38 bytes)
Event: 1.074 Thread 0x0000022368deea60 nmethod 444 0x000002236d5ad190 code [0x000002236d5ad320, 0x000002236d5ad4b8]
Event: 1.076 Thread 0x0000022368deea60  445       3       java.net.URI::match (56 bytes)
Event: 1.076 Thread 0x000002237e8ede60  446       4       java.util.Collections$UnmodifiableCollection$1::next (10 bytes)
Event: 1.076 Thread 0x0000022368deea60 nmethod 445 0x000002236d5ad590 code [0x000002236d5ad740, 0x000002236d5ada58]
Event: 1.077 Thread 0x00000223006dc070  447       4       java.util.HashMap::keySet (25 bytes)
Event: 1.077 Thread 0x0000022368deea60  448       3       sun.security.util.DerValue::data (29 bytes)
Event: 1.077 Thread 0x0000022368deea60 nmethod 448 0x000002236d5adb10 code [0x000002236d5adcc0, 0x000002236d5ade88]
Event: 1.077 Thread 0x00000223006dc070 nmethod 447 0x0000022374a73990 code [0x0000022374a73b20, 0x0000022374a73c38]
Event: 1.078 Thread 0x00000223006dc070  449       4       java.util.HashMap$KeySet::iterator (12 bytes)
Event: 1.079 Thread 0x0000022368deea60  451       3       sun.security.util.DerValue::<init> (445 bytes)
Event: 1.080 Thread 0x000002237e8ede60 nmethod 446 0x0000022374a73d10 code [0x0000022374a73ea0, 0x0000022374a74138]
Event: 1.080 Thread 0x000002237e8ede60  450       4       java.util.HashSet::iterator (13 bytes)
Event: 1.080 Thread 0x0000022368deea60 nmethod 451 0x000002236d5adf90 code [0x000002236d5ae3a0, 0x000002236d5afd78]
Event: 1.080 Thread 0x0000022368deea60  452       3       sun.security.util.DerInputStream::getDerValue (76 bytes)
Event: 1.080 Thread 0x0000022368deea60 nmethod 452 0x000002236d5b0710 code [0x000002236d5b08c0, 0x000002236d5b0b28]
Event: 1.080 Thread 0x0000022368deea60  453       3       sun.security.util.DerInputStream::available (10 bytes)
Event: 1.080 Thread 0x0000022368deea60 nmethod 453 0x000002236d5b0c90 code [0x000002236d5b0e20, 0x000002236d5b0f38]
Event: 1.088 Thread 0x00000223006dc070 nmethod 449 0x0000022374a74610 code [0x0000022374a747a0, 0x0000022374a74af8]
Event: 1.088 Thread 0x00000223006dc070  455       4       lombok.patcher.PatchScript::classMatches (41 bytes)

GC Heap History (0 events):
No events

Deoptimization events (20 events):
Event: 0.886 Thread 0x0000022368d279f0 Uncommon trap: trap_request=0xffffffde fr.pc=0x0000022374a6fc24 relative=0x0000000000000104
Event: 0.886 Thread 0x0000022368d279f0 Uncommon trap: reason=class_check action=maybe_recompile pc=0x0000022374a6fc24 method=jdk.internal.misc.Unsafe.allocateUninitializedArray(Ljava/lang/Class;I)Ljava/lang/Object; @ 51 c2
Event: 0.886 Thread 0x0000022368d279f0 DEOPT PACKING pc=0x0000022374a6fc24 sp=0x0000006a16afc000
Event: 0.886 Thread 0x0000022368d279f0 DEOPT UNPACKING pc=0x000002236cfd20a3 sp=0x0000006a16afbf88 mode 2
Event: 0.886 Thread 0x0000022368d279f0 Uncommon trap: trap_request=0xffffffde fr.pc=0x0000022374a6fc24 relative=0x0000000000000104
Event: 0.886 Thread 0x0000022368d279f0 Uncommon trap: reason=class_check action=maybe_recompile pc=0x0000022374a6fc24 method=jdk.internal.misc.Unsafe.allocateUninitializedArray(Ljava/lang/Class;I)Ljava/lang/Object; @ 51 c2
Event: 0.886 Thread 0x0000022368d279f0 DEOPT PACKING pc=0x0000022374a6fc24 sp=0x0000006a16afc000
Event: 0.886 Thread 0x0000022368d279f0 DEOPT UNPACKING pc=0x000002236cfd20a3 sp=0x0000006a16afbf88 mode 2
Event: 0.886 Thread 0x0000022368d279f0 Uncommon trap: trap_request=0xffffffde fr.pc=0x0000022374a6fc24 relative=0x0000000000000104
Event: 0.886 Thread 0x0000022368d279f0 Uncommon trap: reason=class_check action=maybe_recompile pc=0x0000022374a6fc24 method=jdk.internal.misc.Unsafe.allocateUninitializedArray(Ljava/lang/Class;I)Ljava/lang/Object; @ 51 c2
Event: 0.886 Thread 0x0000022368d279f0 DEOPT PACKING pc=0x0000022374a6fc24 sp=0x0000006a16afc040
Event: 0.886 Thread 0x0000022368d279f0 DEOPT UNPACKING pc=0x000002236cfd20a3 sp=0x0000006a16afbfc8 mode 2
Event: 1.076 Thread 0x0000022368d279f0 Uncommon trap: trap_request=0xffffff45 fr.pc=0x0000022374a63d40 relative=0x00000000000000c0
Event: 1.076 Thread 0x0000022368d279f0 Uncommon trap: reason=unstable_if action=reinterpret pc=0x0000022374a63d40 method=java.net.URI.match(CJJ)Z @ 45 c2
Event: 1.076 Thread 0x0000022368d279f0 DEOPT PACKING pc=0x0000022374a63d40 sp=0x0000006a16afcce0
Event: 1.076 Thread 0x0000022368d279f0 DEOPT UNPACKING pc=0x000002236cfd20a3 sp=0x0000006a16afcc68 mode 2
Event: 1.088 Thread 0x0000022368d279f0 Uncommon trap: trap_request=0xffffff45 fr.pc=0x0000022374a730ec relative=0x000000000000060c
Event: 1.088 Thread 0x0000022368d279f0 Uncommon trap: reason=unstable_if action=reinterpret pc=0x0000022374a730ec method=java.lang.String.replace(Ljava/lang/CharSequence;Ljava/lang/CharSequence;)Ljava/lang/String; @ 48 c2
Event: 1.088 Thread 0x0000022368d279f0 DEOPT PACKING pc=0x0000022374a730ec sp=0x0000006a16afcc60
Event: 1.088 Thread 0x0000022368d279f0 DEOPT UNPACKING pc=0x000002236cfd20a3 sp=0x0000006a16afcbe0 mode 2

Classes unloaded (0 events):
No events

Classes redefined (0 events):
No events

Internal exceptions (2 events):
Event: 0.390 Thread 0x0000022368d279f0 Exception <a 'java/lang/NoSuchMethodError'{0x00000000eacb25c8}: 'void java.lang.invoke.DirectMethodHandle$Holder.invokeStatic(java.lang.Object, java.lang.Object, java.lang.Object)'> (0x00000000eacb25c8) 
thrown [s\src\hotspot\share\interpreter\linkResolver.cpp, line 759]
Event: 0.677 Thread 0x0000022368d279f0 Exception <a 'java/lang/reflect/InvocationTargetException'{0x00000000eaf77fc8}> (0x00000000eaf77fc8) 
thrown [s\src\hotspot\share\runtime\reflection.cpp, line 1121]

VM Operations (4 events):
Event: 0.395 Executing VM operation: HandshakeAllThreads
Event: 0.395 Executing VM operation: HandshakeAllThreads done
Event: 0.567 Executing VM operation: HandshakeAllThreads
Event: 0.567 Executing VM operation: HandshakeAllThreads done

Events (20 events):
Event: 1.084 loading class java/util/regex/Pattern$NotBehind done
Event: 1.085 loading class sun/security/util/AbstractAlgorithmConstraints$1
Event: 1.086 loading class sun/security/util/AbstractAlgorithmConstraints$1 done
Event: 1.086 loading class java/util/TreeSet
Event: 1.086 loading class java/util/NavigableSet
Event: 1.087 loading class java/util/SortedSet
Event: 1.087 loading class java/util/SortedSet done
Event: 1.087 loading class java/util/NavigableSet done
Event: 1.087 loading class java/util/TreeSet done
Event: 1.087 loading class java/util/TreeMap$KeySet
Event: 1.087 loading class java/util/TreeMap$KeySet done
Event: 1.088 loading class java/util/TreeMap$KeyIterator
Event: 1.088 loading class java/util/TreeMap$PrivateEntryIterator
Event: 1.088 loading class java/util/TreeMap$PrivateEntryIterator done
Event: 1.088 loading class java/util/TreeMap$KeyIterator done
Event: 1.088 loading class sun/security/util/DisabledAlgorithmConstraints$Constraints
Event: 1.088 loading class sun/security/util/DisabledAlgorithmConstraints$Constraints done
Event: 1.088 loading class sun/security/util/CurveDB
Event: 1.089 loading class sun/security/util/CurveDB done
Event: 1.090 loading class java/security/spec/ECFieldFp


Dynamic libraries:
0x00007ff7dabf0000 - 0x00007ff7dabfe000 	c:\Users\Razza\.kiro\extensions\redhat.java-1.12.0-win32-x64\jre\17.0.4.1-win32-x86_64\bin\java.exe
0x00007ffa76cc0000 - 0x00007ffa76f28000 	C:\WINDOWS\SYSTEM32\ntdll.dll
0x00007ffa74f80000 - 0x00007ffa75049000 	C:\WINDOWS\System32\KERNEL32.DLL
0x00007ffa74010000 - 0x00007ffa74408000 	C:\WINDOWS\System32\KERNELBASE.dll
0x00007ffa73ec0000 - 0x00007ffa7400b000 	C:\WINDOWS\System32\ucrtbase.dll
0x00007ffa5a4b0000 - 0x00007ffa5a4c9000 	c:\Users\Razza\.kiro\extensions\redhat.java-1.12.0-win32-x64\jre\17.0.4.1-win32-x86_64\bin\VCRUNTIME140.dll
0x00007ffa60fa0000 - 0x00007ffa60fb8000 	c:\Users\Razza\.kiro\extensions\redhat.java-1.12.0-win32-x64\jre\17.0.4.1-win32-x86_64\bin\jli.dll
0x00007ffa5b980000 - 0x00007ffa5bc14000 	C:\WINDOWS\WinSxS\amd64_microsoft.windows.common-controls_6595b64144ccf1df_6.0.26100.7019_none_3e06ffa0e335b8a8\COMCTL32.dll
0x00007ffa75ba0000 - 0x00007ffa75c49000 	C:\WINDOWS\System32\msvcrt.dll
0x00007ffa75960000 - 0x00007ffa75b27000 	C:\WINDOWS\System32\USER32.dll
0x00007ffa74de0000 - 0x00007ffa74e0b000 	C:\WINDOWS\System32\GDI32.dll
0x00007ffa74900000 - 0x00007ffa74927000 	C:\WINDOWS\System32\win32u.dll
0x00007ffa74930000 - 0x00007ffa74a5c000 	C:\WINDOWS\System32\gdi32full.dll
0x00007ffa74850000 - 0x00007ffa748f3000 	C:\WINDOWS\System32\msvcp_win.dll
0x00007ffa75b60000 - 0x00007ffa75b91000 	C:\WINDOWS\System32\IMM32.DLL
0x00007ffa6eb90000 - 0x00007ffa6eb9c000 	c:\Users\Razza\.kiro\extensions\redhat.java-1.12.0-win32-x64\jre\17.0.4.1-win32-x86_64\bin\vcruntime140_1.dll
0x00007ffa401d0000 - 0x00007ffa40261000 	c:\Users\Razza\.kiro\extensions\redhat.java-1.12.0-win32-x64\jre\17.0.4.1-win32-x86_64\bin\msvcp140.dll
0x00007ff9fc5b0000 - 0x00007ff9fd1f6000 	c:\Users\Razza\.kiro\extensions\redhat.java-1.12.0-win32-x64\jre\17.0.4.1-win32-x86_64\bin\server\jvm.dll
0x00007ffa75060000 - 0x00007ffa75114000 	C:\WINDOWS\System32\ADVAPI32.dll
0x00007ffa76020000 - 0x00007ffa760c6000 	C:\WINDOWS\System32\sechost.dll
0x00007ffa74cc0000 - 0x00007ffa74dd8000 	C:\WINDOWS\System32\RPCRT4.dll
0x00007ffa76130000 - 0x00007ffa76138000 	C:\WINDOWS\System32\PSAPI.DLL
0x00007ffa6ead0000 - 0x00007ffa6eada000 	C:\WINDOWS\SYSTEM32\WSOCK32.dll
0x00007ffa6a110000 - 0x00007ffa6a145000 	C:\WINDOWS\SYSTEM32\WINMM.dll
0x00007ffa74bb0000 - 0x00007ffa74c24000 	C:\WINDOWS\System32\WS2_32.dll
0x00007ffa69b70000 - 0x00007ffa69b7b000 	C:\WINDOWS\SYSTEM32\VERSION.dll
0x00007ffa72bd0000 - 0x00007ffa72beb000 	C:\WINDOWS\SYSTEM32\kernel.appcore.dll
0x00007ffa694d0000 - 0x00007ffa694da000 	c:\Users\Razza\.kiro\extensions\redhat.java-1.12.0-win32-x64\jre\17.0.4.1-win32-x86_64\bin\jimage.dll
0x00007ffa66080000 - 0x00007ffa662c2000 	C:\WINDOWS\SYSTEM32\DBGHELP.DLL
0x00007ffa768a0000 - 0x00007ffa76c2b000 	C:\WINDOWS\System32\combase.dll
0x00007ffa75140000 - 0x00007ffa75217000 	C:\WINDOWS\System32\OLEAUT32.dll
0x00007ffa50d30000 - 0x00007ffa50d6c000 	C:\WINDOWS\SYSTEM32\dbgcore.DLL
0x00007ffa73e10000 - 0x00007ffa73eb5000 	C:\WINDOWS\System32\bcryptPrimitives.dll
0x00007ffa70390000 - 0x00007ffa7039e000 	c:\Users\Razza\.kiro\extensions\redhat.java-1.12.0-win32-x64\jre\17.0.4.1-win32-x86_64\bin\instrument.dll
0x00007ffa68900000 - 0x00007ffa68925000 	c:\Users\Razza\.kiro\extensions\redhat.java-1.12.0-win32-x64\jre\17.0.4.1-win32-x86_64\bin\java.dll
0x00007ffa69ab0000 - 0x00007ffa69ac8000 	c:\Users\Razza\.kiro\extensions\redhat.java-1.12.0-win32-x64\jre\17.0.4.1-win32-x86_64\bin\zip.dll
0x00007ffa76140000 - 0x00007ffa7688f000 	C:\WINDOWS\System32\SHELL32.dll
0x00007ffa74410000 - 0x00007ffa7457b000 	C:\WINDOWS\System32\wintypes.dll
0x00007ffa71a30000 - 0x00007ffa7228d000 	C:\WINDOWS\SYSTEM32\windows.storage.dll
0x00007ffa75c50000 - 0x00007ffa75d42000 	C:\WINDOWS\System32\SHCORE.dll
0x00007ffa75d50000 - 0x00007ffa75db7000 	C:\WINDOWS\System32\shlwapi.dll
0x00007ffa73d30000 - 0x00007ffa73d59000 	C:\WINDOWS\SYSTEM32\profapi.dll
0x00007ffa62e90000 - 0x00007ffa62ea9000 	C:\Users\Razza\.kiro\extensions\redhat.java-1.12.0-win32-x64\jre\17.0.4.1-win32-x86_64\bin\net.dll
0x00007ffa68d20000 - 0x00007ffa68e48000 	C:\WINDOWS\SYSTEM32\WINHTTP.dll
0x00007ffa73140000 - 0x00007ffa731ab000 	C:\WINDOWS\system32\mswsock.dll
0x00007ffa61170000 - 0x00007ffa61185000 	C:\Users\Razza\.kiro\extensions\redhat.java-1.12.0-win32-x64\jre\17.0.4.1-win32-x86_64\bin\nio.dll
0x00007ffa6eae0000 - 0x00007ffa6eaf0000 	c:\Users\Razza\.kiro\extensions\redhat.java-1.12.0-win32-x64\jre\17.0.4.1-win32-x86_64\bin\verify.dll

dbghelp: loaded successfully - version: 4.0.5 - missing functions: none
symbol engine: initialized successfully - sym options: 0x614 - pdb path: .;c:\Users\Razza\.kiro\extensions\redhat.java-1.12.0-win32-x64\jre\17.0.4.1-win32-x86_64\bin;C:\WINDOWS\SYSTEM32;C:\WINDOWS\WinSxS\amd64_microsoft.windows.common-controls_6595b64144ccf1df_6.0.26100.7019_none_3e06ffa0e335b8a8;c:\Users\Razza\.kiro\extensions\redhat.java-1.12.0-win32-x64\jre\17.0.4.1-win32-x86_64\bin\server

VM Arguments:
jvm_args: --add-modules=ALL-SYSTEM --add-opens=java.base/java.util=ALL-UNNAMED --add-opens=java.base/java.lang=ALL-UNNAMED --add-opens=java.base/sun.nio.fs=ALL-UNNAMED -Declipse.application=org.eclipse.jdt.ls.core.id1 -Dosgi.bundles.defaultStartLevel=4 -Declipse.product=org.eclipse.jdt.ls.core.product -Djava.import.generatesMetadataFilesAtProjectRoot=false -Dfile.encoding=utf8 -XX:+UseParallelGC -XX:GCTimeRatio=4 -XX:AdaptiveSizePolicyWeight=90 -Dsun.zip.disableMemoryMapping=true -Xmx1G -Xms100m -Xlog:disable -javaagent:c:\Users\Razza\.kiro\extensions\redhat.java-1.12.0-win32-x64\lombok\lombok-1.18.24.jar -XX:+HeapDumpOnOutOfMemoryError -XX:HeapDumpPath=c:\Users\Razza\AppData\Roaming\Kiro\User\workspaceStorage\258973467f62c406ef5ee91e612777d0\redhat.java 
java_command: c:\Users\Razza\.kiro\extensions\redhat.java-1.12.0-win32-x64\server\plugins\org.eclipse.equinox.launcher_1.6.400.v20210924-0641.jar -configuration c:\Users\Razza\AppData\Roaming\Kiro\User\globalStorage\redhat.java\1.12.0\config_win -data c:\Users\Razza\AppData\Roaming\Kiro\User\workspaceStorage\258973467f62c406ef5ee91e612777d0\redhat.java\jdt_ws
java_class_path (initial): c:\Users\Razza\.kiro\extensions\redhat.java-1.12.0-win32-x64\server\plugins\org.eclipse.equinox.launcher_1.6.400.v20210924-0641.jar
Launcher Type: SUN_STANDARD

[Global flags]
    uintx AdaptiveSizePolicyWeight                 = 90                                        {product} {command line}
     intx CICompilerCount                          = 4                                         {product} {ergonomic}
    uintx GCTimeRatio                              = 4                                         {product} {command line}
     bool HeapDumpOnOutOfMemoryError               = true                                   {manageable} {command line}
    ccstr HeapDumpPath                             = c:\Users\Razza\AppData\Roaming\Kiro\User\workspaceStorage\258973467f62c406ef5ee91e612777d0\redhat.java         {manageable} {command line}
   size_t InitialHeapSize                          = 104857600                                 {product} {command line}
   size_t MaxHeapSize                              = 1073741824                                {product} {command line}
   size_t MaxNewSize                               = 357564416                                 {product} {ergonomic}
   size_t MinHeapDeltaBytes                        = 524288                                    {product} {ergonomic}
   size_t MinHeapSize                              = 104857600                                 {product} {command line}
   size_t NewSize                                  = 34603008                                  {product} {ergonomic}
    uintx NonNMethodCodeHeapSize                   = 5839372                                {pd product} {ergonomic}
    uintx NonProfiledCodeHeapSize                  = 122909434                              {pd product} {ergonomic}
   size_t OldSize                                  = 70254592                                  {product} {ergonomic}
    uintx ProfiledCodeHeapSize                     = 122909434                              {pd product} {ergonomic}
    uintx ReservedCodeCacheSize                    = 251658240                              {pd product} {ergonomic}
     bool SegmentedCodeCache                       = true                                      {product} {ergonomic}
   size_t SoftMaxHeapSize                          = 1073741824                             {manageable} {ergonomic}
     bool UseCompressedClassPointers               = true                           {product lp64_product} {ergonomic}
     bool UseCompressedOops                        = true                           {product lp64_product} {ergonomic}
     bool UseLargePagesIndividualAllocation        = false                                  {pd product} {ergonomic}
     bool UseParallelGC                            = true                                      {product} {command line}

Logging:
Log output configuration:
 #0: stdout all=off uptime,level,tags
 #1: stderr all=off uptime,level,tags

Environment Variables:
PATH=C:\Program Files\Common Files\Oracle\Java\javapath;C:\WINDOWS\system32;C:\WINDOWS;C:\WINDOWS\System32\Wbem;C:\WINDOWS\System32\WindowsPowerShell\v1.0\;C:\WINDOWS\System32\OpenSSH\;C:\Program Files\nodejs\;C:\Program Files\Git\cmd;C:\Program Files\dotnet\;C:\Program Files\PuTTY\;C:\Program Files\Cloudflare\Cloudflare WARP\;C:\Users\Razza\.local\bin;C:\Users\Razza\AppData\Local\Programs\Eclipse Adoptium\jdk-25.0.2.10-hotspot\bin;C:\Users\Razza\AppData\Local\Programs\Python\Launcher\;C:\Program Files\Common Files\Oracle\Java\javapath;C:\WINDOWS\system32;C:\WINDOWS;C:\WINDOWS\System32\Wbem;C:\WINDOWS\System32\WindowsPowerShell\v1.0\;C:\WINDOWS\System32\OpenSSH\;C:\Program Files\PuTTY\;C:\Program Files\nodejs\;C:\Program Files\Git\cmd;C:\Program Files\Cloudflare\Cloudflare WARP\;C:\Program Files\dotnet\;C:\Users\Razza\AppData\Local\Microsoft\WindowsApps;C:\xampp\php;C:\Users\Razza\AppData\Local\ComposerSetup\bin;C:\Users\Razza\AppData\Roaming\Composer\vendor\bin;C:\Users\Razza\AppData\Roaming\npm;C:\Users\Razza\AppData\Local\Python\PythonCore-3.14-64\Scripts;C:\Program Files (x86)\Nmap;C:\Users\Razza\AppData\Local\Programs\Windsurf\bin;C:\Users\Razza\AppData\Local\Kiro-Cli\;C:\Users\Razza\AppData\Local\Programs\Microsoft VS Code\bin;C:\Users\Razza\AppData\Local\Programs\Kiro\bin
USERNAME=Razza
OS=Windows_NT
PROCESSOR_IDENTIFIER=AMD64 Family 23 Model 160 Stepping 0, AuthenticAMD
TMP=C:\Users\Razza\AppData\Local\Temp
TEMP=C:\Users\Razza\AppData\Local\Temp



---------------  S Y S T E M  ---------------

OS:
 Windows 11 , 64 bit Build 26100 (10.0.26100.7019)
OS uptime: 0 days 1:35 hours
Hyper-V role detected

CPU: total 8 (initial active 8) (8 cores per cpu, 2 threads per core) family 23 model 160 stepping 0 microcode 0x8a0000a, cx8, cmov, fxsr, ht, mmx, 3dnowpref, sse, sse2, sse3, ssse3, sse4a, sse4.1, sse4.2, popcnt, lzcnt, tsc, tscinvbit, avx, avx2, aes, clmul, bmi1, bmi2, adx, sha, fma, vzeroupper, clflush, clflushopt, hv

Memory: 4k page, system-wide physical 15610M (2434M free)
TotalPageFile size 23281M (AvailPageFile size 0M)
current process WorkingSet (physical memory assigned to process): 51M, peak: 51M
current process commit charge ("private bytes"): 192M, peak: 192M

vm_info: OpenJDK 64-Bit Server VM (17.0.4.1+1) for windows-amd64 JRE (17.0.4.1+1), built on Aug 17 2022 07:42:43 by "temurin" with MS VC++ 16.7 (VS2019)

END.
