#
# There is insufficient memory for the Java Runtime Environment to continue.
# Native memory allocation (mmap) failed to map 65536 bytes for Failed to commit metaspace.
# Possible reasons:
#   The system is out of physical RAM or swap space
#   The process is running with CompressedOops enabled, and the Java Heap may be blocking the growth of the native heap
# Possible solutions:
#   Reduce memory load on the system
#   Increase physical memory or swap space
#   Check if swap backing store is full
#   Decrease Java heap size (-Xmx/-Xms)
#   Decrease number of Java threads
#   Decrease Java thread stack sizes (-Xss)
#   Set larger code cache with -XX:ReservedCodeCacheSize=
#   JVM is running with Unscaled Compressed Oops mode in which the Java heap is
#     placed in the first 4GB address space. The Java Heap base address is the
#     maximum limit for the native heap growth. Please use -XX:HeapBaseMinAddress
#     to set the Java Heap base and to place the Java Heap above 4GB virtual address.
# This output file may be truncated or incomplete.
#
#  Out of Memory Error (virtualSpaceNode.cpp:110), pid=24832, tid=9520
#
# JRE version: OpenJDK Runtime Environment Temurin-17.0.4.1+1 (17.0.4.1+1) (build 17.0.4.1+1)
# Java VM: OpenJDK 64-Bit Server VM Temurin-17.0.4.1+1 (17.0.4.1+1, mixed mode, tiered, compressed oops, compressed class ptrs, parallel gc, windows-amd64)
# No core dump will be written. Minidumps are not enabled by default on client versions of Windows
#

---------------  S U M M A R Y ------------

Command Line: --add-modules=ALL-SYSTEM --add-opens=java.base/java.util=ALL-UNNAMED --add-opens=java.base/java.lang=ALL-UNNAMED --add-opens=java.base/sun.nio.fs=ALL-UNNAMED -Declipse.application=org.eclipse.jdt.ls.core.id1 -Dosgi.bundles.defaultStartLevel=4 -Declipse.product=org.eclipse.jdt.ls.core.product -Djava.import.generatesMetadataFilesAtProjectRoot=false -Dfile.encoding=utf8 -XX:+UseParallelGC -XX:GCTimeRatio=4 -XX:AdaptiveSizePolicyWeight=90 -Dsun.zip.disableMemoryMapping=true -Xmx1G -Xms100m -Xlog:disable -javaagent:c:\Users\Razza\.kiro\extensions\redhat.java-1.12.0-win32-x64\lombok\lombok-1.18.24.jar -XX:+HeapDumpOnOutOfMemoryError -XX:HeapDumpPath=c:\Users\Razza\AppData\Roaming\Kiro\User\workspaceStorage\258973467f62c406ef5ee91e612777d0\redhat.java c:\Users\Razza\.kiro\extensions\redhat.java-1.12.0-win32-x64\server\plugins\org.eclipse.equinox.launcher_1.6.400.v20210924-0641.jar -configuration c:\Users\Razza\AppData\Roaming\Kiro\User\globalStorage\redhat.java\1.12.0\config_win -data c:\Users\Razza\AppData\Roaming\Kiro\User\workspaceStorage\258973467f62c406ef5ee91e612777d0\redhat.java\jdt_ws

Host: AMD Ryzen 5 7520U with Radeon Graphics         , 8 cores, 15G,  Windows 11 , 64 bit Build 26100 (10.0.26100.7019)
Time: Fri Apr 24 11:08:35 2026 Malay Peninsula Standard Time elapsed time: 24.980882 seconds (0d 0h 0m 24s)

---------------  T H R E A D  ---------------

Current thread (0x000001c2f027b880):  JavaThread "Start Level: Equinox Container: 5347a079-6a61-4c51-ac58-58de538d6f82" daemon [_thread_in_vm, id=9520, stack(0x0000008e3cd00000,0x0000008e3ce00000)]

Stack: [0x0000008e3cd00000,0x0000008e3ce00000]
Native frames: (J=compiled Java code, j=interpreted, Vv=VM code, C=native code)
V  [jvm.dll+0x67731a]
V  [jvm.dll+0x832284]
V  [jvm.dll+0x833a2e]
V  [jvm.dll+0x834093]
V  [jvm.dll+0x245775]
V  [jvm.dll+0x82e22b]
V  [jvm.dll+0x61bdf6]
V  [jvm.dll+0x1c07be]
V  [jvm.dll+0x61e741]
V  [jvm.dll+0x61c796]
V  [jvm.dll+0x2431cc]
V  [jvm.dll+0x6cd7ed]
V  [jvm.dll+0x6ce21f]
V  [jvm.dll+0x370333]
V  [jvm.dll+0x36f512]
V  [jvm.dll+0x36f4b8]
V  [jvm.dll+0x37f2da]
C  0x000001c2dd26af44

Java frames: (J=compiled Java code, j=interpreted, Vv=VM code)
j  org.eclipse.core.internal.registry.ExtensionRegistry.<init>(Lorg/eclipse/core/runtime/spi/RegistryStrategy;Ljava/lang/Object;Ljava/lang/Object;)V+150
j  org.eclipse.core.runtime.RegistryFactory.createRegistry(Lorg/eclipse/core/runtime/spi/RegistryStrategy;Ljava/lang/Object;Ljava/lang/Object;)Lorg/eclipse/core/runtime/IExtensionRegistry;+7
j  org.eclipse.core.internal.registry.osgi.Activator.startRegistry()V+279
j  org.eclipse.core.internal.registry.osgi.Activator.start(Lorg/osgi/framework/BundleContext;)V+15
j  org.eclipse.osgi.internal.framework.BundleContextImpl$2.run()Ljava/lang/Void;+23
j  org.eclipse.osgi.internal.framework.BundleContextImpl$2.run()Ljava/lang/Object;+1
J 1232 c1 java.security.AccessController.executePrivileged(Ljava/security/PrivilegedExceptionAction;Ljava/security/AccessControlContext;Ljava/lang/Class;)Ljava/lang/Object; java.base@17.0.4.1 (65 bytes) @ 0x000001c2dda1b534 [0x000001c2dda1b3e0+0x0000000000000154]
j  java.security.AccessController.doPrivileged(Ljava/security/PrivilegedExceptionAction;)Ljava/lang/Object;+9 java.base@17.0.4.1
j  org.eclipse.osgi.internal.framework.BundleContextImpl.startActivator(Lorg/osgi/framework/BundleActivator;)V+9
j  org.eclipse.osgi.internal.framework.BundleContextImpl.start()V+134
j  org.eclipse.osgi.internal.framework.EquinoxBundle.startWorker0()V+35
j  org.eclipse.osgi.internal.framework.EquinoxBundle$EquinoxModule.startWorker()V+4
j  org.eclipse.osgi.container.Module.doStart([Lorg/eclipse/osgi/container/Module$StartOptions;)Lorg/eclipse/osgi/container/ModuleContainerAdaptor$ModuleEvent;+190
j  org.eclipse.osgi.container.Module.start([Lorg/eclipse/osgi/container/Module$StartOptions;)V+460
j  org.eclipse.osgi.framework.util.SecureAction.start(Lorg/eclipse/osgi/container/Module;[Lorg/eclipse/osgi/container/Module$StartOptions;)V+8
j  org.eclipse.osgi.internal.hooks.EclipseLazyStarter.postFindLocalClass(Ljava/lang/String;Ljava/lang/Class;Lorg/eclipse/osgi/internal/loader/classpath/ClasspathManager;)V+173
j  org.eclipse.osgi.internal.loader.classpath.ClasspathManager.findLocalClass(Ljava/lang/String;)Ljava/lang/Class;+148
j  org.eclipse.osgi.internal.loader.ModuleClassLoader.findLocalClass(Ljava/lang/String;)Ljava/lang/Class;+5
j  org.eclipse.osgi.internal.loader.BundleLoader.findLocalClass(Ljava/lang/String;)Ljava/lang/Class;+57
j  org.eclipse.osgi.internal.loader.sources.SingleSourcePackage.loadClass(Ljava/lang/String;)Ljava/lang/Class;+5
j  org.eclipse.osgi.internal.loader.sources.MultiSourcePackage.loadClass(Ljava/lang/String;)Ljava/lang/Class;+26
J 1675 c1 org.eclipse.osgi.internal.loader.BundleLoader.findClass0(Ljava/lang/String;ZZ)Ljava/lang/Class; (466 bytes) @ 0x000001c2ddb10c9c [0x000001c2ddb0e6a0+0x00000000000025fc]
J 1674 c1 org.eclipse.osgi.internal.loader.BundleLoader.findClass(Ljava/lang/String;)Ljava/lang/Class; (8 bytes) @ 0x000001c2ddb0dd9c [0x000001c2ddb0dd20+0x000000000000007c]
J 1677 c1 org.eclipse.osgi.internal.loader.ModuleClassLoader.loadClass(Ljava/lang/String;Z)Ljava/lang/Class; (36 bytes) @ 0x000001c2ddb14b3c [0x000001c2ddb14920+0x000000000000021c]
J 789 c1 java.lang.ClassLoader.loadClass(Ljava/lang/String;)Ljava/lang/Class; java.base@17.0.4.1 (7 bytes) @ 0x000001c2dd93853c [0x000001c2dd938440+0x00000000000000fc]
v  ~StubRoutines::call_stub
j  java.lang.Class.getDeclaredConstructors0(Z)[Ljava/lang/reflect/Constructor;+0 java.base@17.0.4.1
j  java.lang.Class.privateGetDeclaredConstructors(Z)[Ljava/lang/reflect/Constructor;+52 java.base@17.0.4.1
j  java.lang.Class.getConstructors()[Ljava/lang/reflect/Constructor;+20 java.base@17.0.4.1
j  org.apache.felix.scr.impl.inject.internal.ComponentConstructorImpl.<init>(Lorg/apache/felix/scr/impl/metadata/ComponentMetadata;Ljava/lang/Class;Lorg/apache/felix/scr/impl/logger/ComponentLogger;)V+212
j  org.apache.felix.scr.impl.inject.internal.ComponentMethodsImpl.initComponentMethods(Lorg/apache/felix/scr/impl/metadata/ComponentMetadata;Ljava/lang/Class;Lorg/apache/felix/scr/impl/logger/ComponentLogger;)V+306
j  org.apache.felix.scr.impl.manager.AbstractComponentManager.initDependencyManagers(Lorg/apache/felix/scr/impl/manager/ComponentContextImpl;)V+74
j  org.apache.felix.scr.impl.manager.AbstractComponentManager.collectDependencies(Lorg/apache/felix/scr/impl/manager/ComponentContextImpl;)Z+2
j  org.apache.felix.scr.impl.manager.SingleComponentManager.getServiceInternal(Lorg/osgi/framework/ServiceRegistration;)Z+25
j  org.apache.felix.scr.impl.manager.AbstractComponentManager.activateInternal()V+427
j  org.apache.felix.scr.impl.manager.AbstractComponentManager.enableInternal()V+174
j  org.apache.felix.scr.impl.manager.AbstractComponentManager.enable(Z)Lorg/osgi/util/promise/Promise;+12
j  org.apache.felix.scr.impl.manager.ConfigurableComponentHolder.enableComponents(Z)Lorg/osgi/util/promise/Promise;+275
j  org.apache.felix.scr.impl.BundleComponentActivator.initialEnable()V+105
j  org.apache.felix.scr.impl.Activator.loadComponents(Lorg/osgi/framework/Bundle;)V+380
j  org.apache.felix.scr.impl.Activator.access$200(Lorg/apache/felix/scr/impl/Activator;Lorg/osgi/framework/Bundle;)V+2
j  org.apache.felix.scr.impl.Activator$ScrExtension.start()V+72
j  org.apache.felix.scr.impl.AbstractExtender.createExtension(Lorg/osgi/framework/Bundle;)V+71
j  org.apache.felix.scr.impl.AbstractExtender.modifiedBundle(Lorg/osgi/framework/Bundle;Lorg/osgi/framework/BundleEvent;Lorg/osgi/framework/Bundle;)V+115
j  org.apache.felix.scr.impl.AbstractExtender.addingBundle(Lorg/osgi/framework/Bundle;Lorg/osgi/framework/BundleEvent;)Lorg/osgi/framework/Bundle;+4
j  org.apache.felix.scr.impl.AbstractExtender.addingBundle(Lorg/osgi/framework/Bundle;Lorg/osgi/framework/BundleEvent;)Ljava/lang/Object;+3
j  org.osgi.util.tracker.BundleTracker$Tracked.customizerAdding(Lorg/osgi/framework/Bundle;Lorg/osgi/framework/BundleEvent;)Ljava/lang/Object;+9
j  org.osgi.util.tracker.BundleTracker$Tracked.customizerAdding(Ljava/lang/Object;Ljava/lang/Object;)Ljava/lang/Object;+9
j  org.osgi.util.tracker.AbstractTracked.trackAdding(Ljava/lang/Object;Ljava/lang/Object;)V+8
j  org.osgi.util.tracker.AbstractTracked.track(Ljava/lang/Object;Ljava/lang/Object;)V+83
j  org.osgi.util.tracker.BundleTracker$Tracked.bundleChanged(Lorg/osgi/framework/BundleEvent;)V+35
J 1540 c1 org.eclipse.osgi.internal.framework.BundleContextImpl.dispatchEvent(Ljava/lang/Object;Ljava/lang/Object;ILjava/lang/Object;)V (558 bytes) @ 0x000001c2ddad4344 [0x000001c2ddad3120+0x0000000000001224]
j  org.eclipse.osgi.framework.eventmgr.EventManager.dispatchEvent(Ljava/util/Set;Lorg/eclipse/osgi/framework/eventmgr/EventDispatcher;ILjava/lang/Object;)V+48
j  org.eclipse.osgi.framework.eventmgr.ListenerQueue.dispatchEventSynchronous(ILjava/lang/Object;)V+67
j  org.eclipse.osgi.internal.framework.EquinoxEventPublisher.publishBundleEventPrivileged(Lorg/osgi/framework/BundleEvent;)V+547
j  org.eclipse.osgi.internal.framework.EquinoxEventPublisher.publishBundleEvent(Lorg/osgi/framework/BundleEvent;)V+8
j  org.eclipse.osgi.internal.framework.EquinoxEventPublisher.publishBundleEvent(ILorg/osgi/framework/Bundle;Lorg/osgi/framework/Bundle;)V+15
j  org.eclipse.osgi.internal.framework.EquinoxContainerAdaptor.publishModuleEvent(Lorg/eclipse/osgi/container/ModuleContainerAdaptor$ModuleEvent;Lorg/eclipse/osgi/container/Module;Lorg/eclipse/osgi/container/Module;)V+29
j  org.eclipse.osgi.container.Module.publishEvent(Lorg/eclipse/osgi/container/ModuleContainerAdaptor$ModuleEvent;)V+13
j  org.eclipse.osgi.container.Module.start([Lorg/eclipse/osgi/container/Module$StartOptions;)V+588
j  org.eclipse.osgi.container.ModuleContainer$ContainerStartLevel$2.run()V+71
j  org.eclipse.osgi.internal.framework.EquinoxContainerAdaptor$1$1.execute(Ljava/lang/Runnable;)V+1
j  org.eclipse.osgi.container.ModuleContainer$ContainerStartLevel.incStartLevel(ILjava/util/List;Z)V+192
j  org.eclipse.osgi.container.ModuleContainer$ContainerStartLevel.incStartLevel(ILjava/util/List;Ljava/util/List;Ljava/util/List;Ljava/util/List;)V+4
j  org.eclipse.osgi.container.ModuleContainer$ContainerStartLevel.doContainerStartLevel(Lorg/eclipse/osgi/container/Module;I[Lorg/osgi/framework/FrameworkListener;)V+349
j  org.eclipse.osgi.container.ModuleContainer$ContainerStartLevel.dispatchEvent(Lorg/eclipse/osgi/container/Module;[Lorg/osgi/framework/FrameworkListener;ILjava/lang/Integer;)V+32
j  org.eclipse.osgi.container.ModuleContainer$ContainerStartLevel.dispatchEvent(Ljava/lang/Object;Ljava/lang/Object;ILjava/lang/Object;)V+15
j  org.eclipse.osgi.framework.eventmgr.EventManager.dispatchEvent(Ljava/util/Set;Lorg/eclipse/osgi/framework/eventmgr/EventDispatcher;ILjava/lang/Object;)V+48
j  org.eclipse.osgi.framework.eventmgr.EventManager$EventThread.run()V+26
v  ~StubRoutines::call_stub

---------------  P R O C E S S  ---------------

Threads class SMR info:
_java_thread_list=0x000001c2f10ac9e0, length=17, elements={
0x000001c2da5c52b0, 0x000001c2ee446210, 0x000001c2ee446ff0, 0x000001c2eff21330,
0x000001c2eff23d00, 0x000001c2eff50320, 0x000001c2eff51750, 0x000001c2ee44e7b0,
0x000001c2eff5eea0, 0x000001c2eff63690, 0x000001c2effdaeb0, 0x000001c2f02dc0f0,
0x000001c2f0f857a0, 0x000001c2f1137040, 0x000001c2f027b880, 0x000001c2f0f7cb00,
0x000001c2f229b7d0
}

Java Threads: ( => current thread )
  0x000001c2da5c52b0 JavaThread "main" [_thread_blocked, id=21748, stack(0x0000008e3b600000,0x0000008e3b700000)]
  0x000001c2ee446210 JavaThread "Reference Handler" daemon [_thread_blocked, id=25456, stack(0x0000008e3ba00000,0x0000008e3bb00000)]
  0x000001c2ee446ff0 JavaThread "Finalizer" daemon [_thread_blocked, id=27148, stack(0x0000008e3bb00000,0x0000008e3bc00000)]
  0x000001c2eff21330 JavaThread "Signal Dispatcher" daemon [_thread_blocked, id=21716, stack(0x0000008e3bc00000,0x0000008e3bd00000)]
  0x000001c2eff23d00 JavaThread "Attach Listener" daemon [_thread_blocked, id=22388, stack(0x0000008e3bd00000,0x0000008e3be00000)]
  0x000001c2eff50320 JavaThread "Service Thread" daemon [_thread_blocked, id=25268, stack(0x0000008e3be00000,0x0000008e3bf00000)]
  0x000001c2eff51750 JavaThread "Monitor Deflation Thread" daemon [_thread_blocked, id=9560, stack(0x0000008e3bf00000,0x0000008e3c000000)]
  0x000001c2ee44e7b0 JavaThread "C2 CompilerThread0" daemon [_thread_blocked, id=12360, stack(0x0000008e3c000000,0x0000008e3c100000)]
  0x000001c2eff5eea0 JavaThread "C1 CompilerThread0" daemon [_thread_blocked, id=15828, stack(0x0000008e3c100000,0x0000008e3c200000)]
  0x000001c2eff63690 JavaThread "Sweeper thread" daemon [_thread_blocked, id=25104, stack(0x0000008e3c200000,0x0000008e3c300000)]
  0x000001c2effdaeb0 JavaThread "Common-Cleaner" daemon [_thread_blocked, id=7772, stack(0x0000008e3c300000,0x0000008e3c400000)]
  0x000001c2f02dc0f0 JavaThread "Notification Thread" daemon [_thread_blocked, id=22424, stack(0x0000008e3c400000,0x0000008e3c500000)]
  0x000001c2f0f857a0 JavaThread "Active Thread: Equinox Container: 5347a079-6a61-4c51-ac58-58de538d6f82" [_thread_blocked, id=14604, stack(0x0000008e3cb00000,0x0000008e3cc00000)]
  0x000001c2f1137040 JavaThread "Framework Event Dispatcher: Equinox Container: 5347a079-6a61-4c51-ac58-58de538d6f82" daemon [_thread_blocked, id=24484, stack(0x0000008e3cc00000,0x0000008e3cd00000)]
=>0x000001c2f027b880 JavaThread "Start Level: Equinox Container: 5347a079-6a61-4c51-ac58-58de538d6f82" daemon [_thread_in_vm, id=9520, stack(0x0000008e3cd00000,0x0000008e3ce00000)]
  0x000001c2f0f7cb00 JavaThread "SCR Component Actor" daemon [_thread_blocked, id=21164, stack(0x0000008e3ce00000,0x0000008e3cf00000)]
  0x000001c2f229b7d0 JavaThread "SCR Component Registry" daemon [_thread_blocked, id=23700, stack(0x0000008e3d100000,0x0000008e3d200000)]

Other Threads:
  0x000001c2eff00c20 VMThread "VM Thread" [stack: 0x0000008e3b900000,0x0000008e3ba00000] [id=11736]
  0x000001c2f02dc5c0 WatcherThread [stack: 0x0000008e3c500000,0x0000008e3c600000] [id=24636]
  0x000001c2da5d9f40 GCTaskThread "GC Thread#0" [stack: 0x0000008e3b800000,0x0000008e3b900000] [id=27380]
  0x000001c2effd6150 GCTaskThread "GC Thread#1" [stack: 0x0000008e3c600000,0x0000008e3c700000] [id=25676]
  0x000001c2f2068f00 GCTaskThread "GC Thread#2" [stack: 0x0000008e3c700000,0x0000008e3c800000] [id=27472]
  0x000001c2f10f6800 GCTaskThread "GC Thread#3" [stack: 0x0000008e3c800000,0x0000008e3c900000] [id=25704]
  0x000001c2f10f6ab0 GCTaskThread "GC Thread#4" [stack: 0x0000008e3c900000,0x0000008e3ca00000] [id=15132]
  0x000001c2f10f6d60 GCTaskThread "GC Thread#5" [stack: 0x0000008e3ca00000,0x0000008e3cb00000] [id=24148]
  0x000001c2f0ebfca0 GCTaskThread "GC Thread#6" [stack: 0x0000008e3cf00000,0x0000008e3d000000] [id=12372]
  0x000001c2f003e480 GCTaskThread "GC Thread#7" [stack: 0x0000008e3d000000,0x0000008e3d100000] [id=14964]

Threads with active compile tasks:

VM state: not at safepoint (normal execution)

VM Mutex/Monitor currently owned by a thread:  ([mutex/lock_event])
[0x000001c2da5c1150] Metaspace_lock - owner thread: 0x000001c2f027b880

Heap address: 0x00000000c0000000, size: 1024 MB, Compressed Oops mode: 32-bit

CDS archive(s) not mapped
Compressed class space mapped at: 0x0000000100000000-0x0000000140000000, reserved size: 1073741824
Narrow klass base: 0x0000000000000000, Narrow klass shift: 3, Narrow klass range: 0x140000000

GC Precious Log:
 CPUs: 8 total, 8 available
 Memory: 15610M
 Large Page Support: Disabled
 NUMA Support: Disabled
 Compressed Oops: Enabled (32-bit)
 Alignments: Space 512K, Generation 512K, Heap 2M
 Heap Min Capacity: 100M
 Heap Initial Capacity: 100M
 Heap Max Capacity: 1G
 Pre-touch: Disabled
 Parallel Workers: 8

Heap:
 PSYoungGen      total 29696K, used 11018K [0x00000000eab00000, 0x00000000ecc00000, 0x0000000100000000)
  eden space 25600K, 27% used [0x00000000eab00000,0x00000000eb1c4840,0x00000000ec400000)
  from space 4096K, 99% used [0x00000000ec800000,0x00000000ecbfe218,0x00000000ecc00000)
  to   space 4096K, 0% used [0x00000000ec400000,0x00000000ec400000,0x00000000ec800000)
 ParOldGen       total 68608K, used 1467K [0x00000000c0000000, 0x00000000c4300000, 0x00000000eab00000)
  object space 68608K, 2% used [0x00000000c0000000,0x00000000c016eef0,0x00000000c4300000)
 Metaspace       used 15960K, committed 16192K, reserved 1064960K
  class space    used 1635K, committed 1728K, reserved 1048576K

Card table byte_map: [0x000001c2d9fa0000,0x000001c2da1b0000] _byte_map_base: 0x000001c2d99a0000

Marking Bits: (ParMarkBitMap*) 0x00007ff9fd132cc0
 Begin Bits: [0x000001c2ec250000, 0x000001c2ed250000)
 End Bits:   [0x000001c2ed250000, 0x000001c2ee250000)

Polling page: 0x000001c2d9d90000

Metaspace:

Usage:
  Non-class:     13.99 MB used.
      Class:      1.60 MB used.
       Both:     15.59 MB used.

Virtual space:
  Non-class space:       16.00 MB reserved,      14.12 MB ( 88%) committed,  2 nodes.
      Class space:        1.00 GB reserved,       1.69 MB ( <1%) committed,  1 nodes.
             Both:        1.02 GB reserved,      15.81 MB (  2%) committed. 

Chunk freelists:
   Non-Class:  1.48 MB
       Class:  2.28 MB
        Both:  3.77 MB

MaxMetaspaceSize: unlimited
CompressedClassSpaceSize: 1.00 GB
Initial GC threshold: 21.00 MB
Current GC threshold: 21.00 MB
CDS: off
MetaspaceReclaimPolicy: balanced
 - commit_granule_bytes: 65536.
 - commit_granule_words: 8192.
 - virtual_space_node_default_size: 1048576.
 - enlarge_chunks_in_place: 1.
 - new_chunks_are_fully_committed: 0.
 - uncommit_free_chunks: 1.
 - use_allocation_guard: 0.
 - handle_deallocations: 1.


Internal statistics:

num_allocs_failed_limit: 0.
num_arena_births: 96.
num_arena_deaths: 0.
num_vsnodes_births: 3.
num_vsnodes_deaths: 0.
num_space_committed: 253.
num_space_uncommitted: 0.
num_chunks_returned_to_freelist: 0.
num_chunks_taken_from_freelist: 344.
num_chunk_merges: 0.
num_chunk_splits: 239.
num_chunks_enlarged: 191.
num_purges: 0.
num_inconsistent_stats: 0.

CodeHeap 'non-profiled nmethods': size=120000Kb used=685Kb max_used=685Kb free=119314Kb
 bounds [0x000001c2e4d20000, 0x000001c2e4f90000, 0x000001c2ec250000]
CodeHeap 'profiled nmethods': size=120000Kb used=3343Kb max_used=3343Kb free=116656Kb
 bounds [0x000001c2dd7f0000, 0x000001c2ddb40000, 0x000001c2e4d20000]
CodeHeap 'non-nmethods': size=5760Kb used=1158Kb max_used=1176Kb free=4602Kb
 bounds [0x000001c2dd250000, 0x000001c2dd4c0000, 0x000001c2dd7f0000]
 total_blobs=2183 nmethods=1730 adapters=367
 compilation: enabled
              stopped_count=0, restarted_count=0
 full_count=0

Compilation events (20 events):
Event: 24.899 Thread 0x000001c2eff5eea0 1723   !   3       org.eclipse.osgi.storage.bundlefile.MRUBundleFileList::use (55 bytes)
Event: 24.899 Thread 0x000001c2eff5eea0 nmethod 1723 0x000001c2ddb2c910 code [0x000001c2ddb2cae0, 0x000001c2ddb2cee8]
Event: 24.899 Thread 0x000001c2eff5eea0 1724       3       org.eclipse.osgi.internal.framework.EquinoxBundle::getSymbolicName (11 bytes)
Event: 24.900 Thread 0x000001c2eff5eea0 nmethod 1724 0x000001c2ddb2d110 code [0x000001c2ddb2d2c0, 0x000001c2ddb2d488]
Event: 24.900 Thread 0x000001c2eff5eea0 1725       3       org.eclipse.osgi.internal.framework.EquinoxContainer::isBootDelegationPackage (72 bytes)
Event: 24.901 Thread 0x000001c2eff5eea0 nmethod 1725 0x000001c2ddb2d590 code [0x000001c2ddb2d780, 0x000001c2ddb2dc78]
Event: 24.901 Thread 0x000001c2eff5eea0 1726       3       org.eclipse.osgi.internal.hookregistry.ClassLoaderHook::recordClassDefine (1 bytes)
Event: 24.901 Thread 0x000001c2eff5eea0 nmethod 1726 0x000001c2ddb2de90 code [0x000001c2ddb2e020, 0x000001c2ddb2e138]
Event: 24.901 Thread 0x000001c2eff5eea0 1727       3       java.util.concurrent.locks.ReentrantLock::getHoldCount (8 bytes)
Event: 24.902 Thread 0x000001c2eff5eea0 nmethod 1727 0x000001c2ddb2e210 code [0x000001c2ddb2e3c0, 0x000001c2ddb2e6b8]
Event: 24.902 Thread 0x000001c2eff5eea0 1728       3       java.util.concurrent.locks.ReentrantLock$Sync::getHoldCount (16 bytes)
Event: 24.902 Thread 0x000001c2eff5eea0 nmethod 1728 0x000001c2ddb2e810 code [0x000001c2ddb2e9c0, 0x000001c2ddb2ec58]
Event: 24.904 Thread 0x000001c2eff5eea0 1729       3       org.eclipse.osgi.internal.loader.BundleLoader::searchHooks (192 bytes)
Event: 24.905 Thread 0x000001c2eff5eea0 nmethod 1729 0x000001c2ddb2ed10 code [0x000001c2ddb2efc0, 0x000001c2ddb30168]
Event: 24.908 Thread 0x000001c2eff5eea0 1731   !   3       java.util.concurrent.ConcurrentHashMap::putVal (433 bytes)
Event: 24.910 Thread 0x000001c2eff5eea0 nmethod 1731 0x000001c2ddb30610 code [0x000001c2ddb30960, 0x000001c2ddb322c8]
Event: 24.910 Thread 0x000001c2eff5eea0 1732       3       sun.invoke.util.BytecodeDescriptor::unparseSig (49 bytes)
Event: 24.911 Thread 0x000001c2eff5eea0 nmethod 1732 0x000001c2ddb32c90 code [0x000001c2ddb32ec0, 0x000001c2ddb333e8]
Event: 24.916 Thread 0x000001c2eff5eea0 1733   !   3       org.eclipse.osgi.internal.loader.ModuleClassLoader::publicFindLoaded (28 bytes)
Event: 24.916 Thread 0x000001c2eff5eea0 nmethod 1733 0x000001c2ddb33690 code [0x000001c2ddb33880, 0x000001c2ddb33d18]

GC Heap History (4 events):
Event: 8.159 GC heap before
{Heap before GC invocations=1 (full 0):
 PSYoungGen      total 29696K, used 25600K [0x00000000eab00000, 0x00000000ecc00000, 0x0000000100000000)
  eden space 25600K, 100% used [0x00000000eab00000,0x00000000ec400000,0x00000000ec400000)
  from space 4096K, 0% used [0x00000000ec800000,0x00000000ec800000,0x00000000ecc00000)
  to   space 4096K, 0% used [0x00000000ec400000,0x00000000ec400000,0x00000000ec800000)
 ParOldGen       total 68608K, used 0K [0x00000000c0000000, 0x00000000c4300000, 0x00000000eab00000)
  object space 68608K, 0% used [0x00000000c0000000,0x00000000c0000000,0x00000000c4300000)
 Metaspace       used 10800K, committed 11008K, reserved 1064960K
  class space    used 1083K, committed 1152K, reserved 1048576K
}
Event: 8.166 GC heap after
{Heap after GC invocations=1 (full 0):
 PSYoungGen      total 29696K, used 3352K [0x00000000eab00000, 0x00000000ecc00000, 0x0000000100000000)
  eden space 25600K, 0% used [0x00000000eab00000,0x00000000eab00000,0x00000000ec400000)
  from space 4096K, 81% used [0x00000000ec400000,0x00000000ec746218,0x00000000ec800000)
  to   space 4096K, 0% used [0x00000000ec800000,0x00000000ec800000,0x00000000ecc00000)
 ParOldGen       total 68608K, used 16K [0x00000000c0000000, 0x00000000c4300000, 0x00000000eab00000)
  object space 68608K, 0% used [0x00000000c0000000,0x00000000c0004000,0x00000000c4300000)
 Metaspace       used 10800K, committed 11008K, reserved 1064960K
  class space    used 1083K, committed 1152K, reserved 1048576K
}
Event: 24.624 GC heap before
{Heap before GC invocations=2 (full 0):
 PSYoungGen      total 29696K, used 28952K [0x00000000eab00000, 0x00000000ecc00000, 0x0000000100000000)
  eden space 25600K, 100% used [0x00000000eab00000,0x00000000ec400000,0x00000000ec400000)
  from space 4096K, 81% used [0x00000000ec400000,0x00000000ec746218,0x00000000ec800000)
  to   space 4096K, 0% used [0x00000000ec800000,0x00000000ec800000,0x00000000ecc00000)
 ParOldGen       total 68608K, used 16K [0x00000000c0000000, 0x00000000c4300000, 0x00000000eab00000)
  object space 68608K, 0% used [0x00000000c0000000,0x00000000c0004000,0x00000000c4300000)
 Metaspace       used 14726K, committed 15040K, reserved 1064960K
  class space    used 1498K, committed 1664K, reserved 1048576K
}
Event: 24.632 GC heap after
{Heap after GC invocations=2 (full 0):
 PSYoungGen      total 29696K, used 4088K [0x00000000eab00000, 0x00000000ecc00000, 0x0000000100000000)
  eden space 25600K, 0% used [0x00000000eab00000,0x00000000eab00000,0x00000000ec400000)
  from space 4096K, 99% used [0x00000000ec800000,0x00000000ecbfe218,0x00000000ecc00000)
  to   space 4096K, 0% used [0x00000000ec400000,0x00000000ec400000,0x00000000ec800000)
 ParOldGen       total 68608K, used 1467K [0x00000000c0000000, 0x00000000c4300000, 0x00000000eab00000)
  object space 68608K, 2% used [0x00000000c0000000,0x00000000c016eef0,0x00000000c4300000)
 Metaspace       used 14726K, committed 15040K, reserved 1064960K
  class space    used 1498K, committed 1664K, reserved 1048576K
}

Deoptimization events (20 events):
Event: 11.275 Thread 0x000001c2da5c52b0 DEOPT PACKING pc=0x000001c2e4d8361c sp=0x0000008e3b6fdd00
Event: 11.275 Thread 0x000001c2da5c52b0 DEOPT UNPACKING pc=0x000001c2dd2a20a3 sp=0x0000008e3b6fdc80 mode 2
Event: 11.306 Thread 0x000001c2da5c52b0 Uncommon trap: trap_request=0xffffffc6 fr.pc=0x000001c2e4d959e8 relative=0x0000000000000608
Event: 11.306 Thread 0x000001c2da5c52b0 Uncommon trap: reason=bimorphic_or_optimized_type_check action=maybe_recompile pc=0x000001c2e4d959e8 method=java.util.Collections$UnmodifiableCollection$1.<init>(Ljava/util/Collections$UnmodifiableCollection;)V @ 17 c2
Event: 11.306 Thread 0x000001c2da5c52b0 DEOPT PACKING pc=0x000001c2e4d959e8 sp=0x0000008e3b6fe0a0
Event: 11.306 Thread 0x000001c2da5c52b0 DEOPT UNPACKING pc=0x000001c2dd2a20a3 sp=0x0000008e3b6fdfe8 mode 2
Event: 24.398 Thread 0x000001c2da5c52b0 DEOPT PACKING pc=0x000001c2dda30062 sp=0x0000008e3b6fe3a0
Event: 24.398 Thread 0x000001c2da5c52b0 DEOPT UNPACKING pc=0x000001c2dd2a2843 sp=0x0000008e3b6fd838 mode 3
Event: 24.763 Thread 0x000001c2f027b880 Uncommon trap: trap_request=0xffffff45 fr.pc=0x000001c2e4d4d41c relative=0x000000000000015c
Event: 24.763 Thread 0x000001c2f027b880 Uncommon trap: reason=unstable_if action=reinterpret pc=0x000001c2e4d4d41c method=java.lang.invoke.VarHandle.checkExactAccessMode(Ljava/lang/invoke/VarHandle$AccessDescriptor;)V @ 4 c2
Event: 24.764 Thread 0x000001c2f027b880 DEOPT PACKING pc=0x000001c2e4d4d41c sp=0x0000008e3cdfdaa0
Event: 24.764 Thread 0x000001c2f027b880 DEOPT UNPACKING pc=0x000001c2dd2a20a3 sp=0x0000008e3cdfd9e0 mode 2
Event: 24.805 Thread 0x000001c2f027b880 Uncommon trap: trap_request=0xffffff45 fr.pc=0x000001c2e4dc5f7c relative=0x0000000000000b5c
Event: 24.805 Thread 0x000001c2f027b880 Uncommon trap: reason=unstable_if action=reinterpret pc=0x000001c2e4dc5f7c method=java.util.concurrent.ConcurrentHashMap.putVal(Ljava/lang/Object;Ljava/lang/Object;Z)Ljava/lang/Object; @ 148 c2
Event: 24.805 Thread 0x000001c2f027b880 DEOPT PACKING pc=0x000001c2e4dc5f7c sp=0x0000008e3cdf8ff0
Event: 24.805 Thread 0x000001c2f027b880 DEOPT UNPACKING pc=0x000001c2dd2a20a3 sp=0x0000008e3cdf8f70 mode 2
Event: 24.869 Thread 0x000001c2f027b880 Uncommon trap: trap_request=0xffffff45 fr.pc=0x000001c2e4daf524 relative=0x0000000000001f04
Event: 24.869 Thread 0x000001c2f027b880 Uncommon trap: reason=unstable_if action=reinterpret pc=0x000001c2e4daf524 method=java.io.WinNTFileSystem.normalize(Ljava/lang/String;II)Ljava/lang/String; @ 100 c2
Event: 24.869 Thread 0x000001c2f027b880 DEOPT PACKING pc=0x000001c2e4daf524 sp=0x0000008e3cdf9410
Event: 24.869 Thread 0x000001c2f027b880 DEOPT UNPACKING pc=0x000001c2dd2a20a3 sp=0x0000008e3cdf9350 mode 2

Classes unloaded (0 events):
No events

Classes redefined (0 events):
No events

Internal exceptions (20 events):
Event: 1.688 Thread 0x000001c2da5c52b0 Implicit null exception at 0x000001c2e4d409f2 to 0x000001c2e4d40f10
Event: 1.691 Thread 0x000001c2da5c52b0 Exception <a 'java/io/FileNotFoundException'{0x00000000eb776258}> (0x00000000eb776258) 
thrown [s\src\hotspot\share\prims\jni.cpp, line 516]
Event: 3.744 Thread 0x000001c2da5c52b0 Exception <a 'java/lang/ClassNotFoundException'{0x00000000ebf6fbc0}: sun/net/www/protocol/c/Handler> (0x00000000ebf6fbc0) 
thrown [s\src\hotspot\share\classfile\systemDictionary.cpp, line 256]
Event: 3.745 Thread 0x000001c2da5c52b0 Exception <a 'java/lang/ClassNotFoundException'{0x00000000ebf70f20}: sun/net/www/protocol/c/Handler> (0x00000000ebf70f20) 
thrown [s\src\hotspot\share\classfile\systemDictionary.cpp, line 256]
Event: 3.745 Thread 0x000001c2da5c52b0 Exception <a 'java/lang/ClassNotFoundException'{0x00000000ebf720c0}: sun/net/www/protocol/c/Handler> (0x00000000ebf720c0) 
thrown [s\src\hotspot\share\classfile\systemDictionary.cpp, line 256]
Event: 3.906 Thread 0x000001c2da5c52b0 Exception <a 'java/io/FileNotFoundException'{0x00000000ebf98600}> (0x00000000ebf98600) 
thrown [s\src\hotspot\share\prims\jni.cpp, line 516]
Event: 5.192 Thread 0x000001c2da5c52b0 Implicit null exception at 0x000001c2e4d70e7b to 0x000001c2e4d7188c
Event: 5.192 Thread 0x000001c2da5c52b0 Implicit null exception at 0x000001c2e4d6cd71 to 0x000001c2e4d6cf60
Event: 5.192 Thread 0x000001c2da5c52b0 Implicit null exception at 0x000001c2e4d69af1 to 0x000001c2e4d69ce0
Event: 5.192 Thread 0x000001c2da5c52b0 Implicit null exception at 0x000001c2e4d59b8f to 0x000001c2e4d59c05
Event: 6.277 Thread 0x000001c2da5c52b0 Exception <a 'java/lang/NoSuchMethodError'{0x00000000ec263620}: 'int java.lang.invoke.DirectMethodHandle$Holder.invokeStaticInit(java.lang.Object, java.lang.Object, java.lang.Object, java.lang.Object)'> (0x00000000ec263620) 
thrown [s\src\hotspot\share\interpreter\linkResolver.cpp, line 759]
Event: 6.280 Thread 0x000001c2da5c52b0 Exception <a 'java/lang/NoSuchMethodError'{0x00000000ec26dee0}: 'java.lang.Object java.lang.invoke.DirectMethodHandle$Holder.invokeInterface(java.lang.Object, java.lang.Object)'> (0x00000000ec26dee0) 
thrown [s\src\hotspot\share\interpreter\linkResolver.cpp, line 759]
Event: 6.281 Thread 0x000001c2da5c52b0 Exception <a 'java/lang/IncompatibleClassChangeError'{0x00000000ec2716d8}: Found class java.lang.Object, but interface was expected> (0x00000000ec2716d8) 
thrown [s\src\hotspot\share\interpreter\linkResolver.cpp, line 826]
Event: 6.282 Thread 0x000001c2da5c52b0 Exception <a 'java/lang/NoSuchMethodError'{0x00000000ec275bd0}: 'void java.lang.invoke.DirectMethodHandle$Holder.invokeStatic(java.lang.Object, java.lang.Object)'> (0x00000000ec275bd0) 
thrown [s\src\hotspot\share\interpreter\linkResolver.cpp, line 759]
Event: 6.283 Thread 0x000001c2da5c52b0 Exception <a 'java/lang/NoSuchMethodError'{0x00000000ec2793d0}: 'void java.lang.invoke.DirectMethodHandle$Holder.invokeStaticInit(java.lang.Object, java.lang.Object)'> (0x00000000ec2793d0) 
thrown [s\src\hotspot\share\interpreter\linkResolver.cpp, line 759]
Event: 6.284 Thread 0x000001c2da5c52b0 Exception <a 'java/lang/NoSuchMethodError'{0x00000000ec280758}: 'int java.lang.invoke.DirectMethodHandle$Holder.invokeStaticInit(java.lang.Object, java.lang.Object)'> (0x00000000ec280758) 
thrown [s\src\hotspot\share\interpreter\linkResolver.cpp, line 759]
Event: 7.906 Thread 0x000001c2da5c52b0 Exception <a 'java/lang/NoSuchMethodError'{0x00000000ec3ca9a8}: 'void java.lang.invoke.DirectMethodHandle$Holder.invokeSpecial(java.lang.Object, java.lang.Object, java.lang.Object)'> (0x00000000ec3ca9a8) 
thrown [s\src\hotspot\share\interpreter\linkResolver.cpp, line 759]
Event: 11.258 Thread 0x000001c2da5c52b0 Exception <a 'java/lang/NoSuchMethodError'{0x00000000eb8168e8}: 'java.lang.Object java.lang.invoke.DirectMethodHandle$Holder.newInvokeSpecial(java.lang.Object, int, java.lang.Object)'> (0x00000000eb8168e8) 
thrown [s\src\hotspot\share\interpreter\linkResolver.cpp, line 759]
Event: 24.337 Thread 0x000001c2da5c52b0 Exception <a 'java/lang/UnsatisfiedLinkError'{0x00000000ebd98188}: 'void org.eclipse.equinox.launcher.JNIBridge._update_splash()'> (0x00000000ebd98188) 
thrown [s\src\hotspot\share\prims\nativeLookup.cpp, line 543]
Event: 24.440 Thread 0x000001c2f027b880 Exception <a 'java/lang/NoSuchMethodError'{0x00000000ec062f50}: 'java.lang.Object java.lang.invoke.DirectMethodHandle$Holder.invokeStaticInit(java.lang.Object)'> (0x00000000ec062f50) 
thrown [s\src\hotspot\share\interpreter\linkResolver.cpp, line 759]

VM Operations (20 events):
Event: 10.177 Executing VM operation: Cleanup
Event: 10.178 Executing VM operation: Cleanup done
Event: 11.235 Executing VM operation: HandshakeAllThreads
Event: 11.235 Executing VM operation: HandshakeAllThreads done
Event: 11.235 Executing VM operation: Cleanup
Event: 11.236 Executing VM operation: Cleanup done
Event: 11.236 Executing VM operation: HandshakeAllThreads
Event: 11.236 Executing VM operation: HandshakeAllThreads done
Event: 11.241 Executing VM operation: HandshakeAllThreads
Event: 11.241 Executing VM operation: HandshakeAllThreads done
Event: 11.253 Executing VM operation: HandshakeAllThreads
Event: 11.253 Executing VM operation: HandshakeAllThreads done
Event: 12.255 Executing VM operation: Cleanup
Event: 12.255 Executing VM operation: Cleanup done
Event: 24.382 Executing VM operation: Cleanup
Event: 24.382 Executing VM operation: Cleanup done
Event: 24.484 Executing VM operation: HandshakeAllThreads
Event: 24.484 Executing VM operation: HandshakeAllThreads done
Event: 24.624 Executing VM operation: ParallelGCFailedAllocation
Event: 24.632 Executing VM operation: ParallelGCFailedAllocation done

Events (20 events):
Event: 24.673 loading class com/sun/org/apache/xerces/internal/impl/io/MalformedByteSequenceException done
Event: 24.695 loading class java/util/concurrent/RejectedExecutionException
Event: 24.695 loading class java/util/concurrent/RejectedExecutionException done
Event: 24.695 loading class java/util/concurrent/CompletionStage
Event: 24.696 loading class java/util/concurrent/CompletionStage done
Event: 24.700 loading class java/util/Timer
Event: 24.700 loading class java/util/Timer done
Event: 24.700 loading class java/util/TaskQueue
Event: 24.700 loading class java/util/TaskQueue done
Event: 24.700 loading class java/util/TimerThread
Event: 24.700 loading class java/util/TimerThread done
Event: 24.701 loading class java/util/Timer$ThreadReaper
Event: 24.701 loading class java/util/Timer$ThreadReaper done
Event: 24.701 Thread 0x000001c2f229b7d0 Thread added: 0x000001c2f229b7d0
Event: 24.726 loading class java/util/concurrent/locks/ReentrantLock$FairSync
Event: 24.726 loading class java/util/concurrent/locks/ReentrantLock$FairSync done
Event: 24.734 loading class java/util/Collections$ReverseComparator
Event: 24.734 loading class java/util/Collections$ReverseComparator done
Event: 24.896 loading class javax/xml/parsers/ParserConfigurationException
Event: 24.896 loading class javax/xml/parsers/ParserConfigurationException done


Dynamic libraries:
0x00007ff7dabf0000 - 0x00007ff7dabfe000 	c:\Users\Razza\.kiro\extensions\redhat.java-1.12.0-win32-x64\jre\17.0.4.1-win32-x86_64\bin\java.exe
0x00007ffa76cc0000 - 0x00007ffa76f28000 	C:\WINDOWS\SYSTEM32\ntdll.dll
0x00007ffa74f80000 - 0x00007ffa75049000 	C:\WINDOWS\System32\KERNEL32.DLL
0x00007ffa74010000 - 0x00007ffa74408000 	C:\WINDOWS\System32\KERNELBASE.dll
0x00007ffa73ec0000 - 0x00007ffa7400b000 	C:\WINDOWS\System32\ucrtbase.dll
0x00007ffa60fa0000 - 0x00007ffa60fb8000 	c:\Users\Razza\.kiro\extensions\redhat.java-1.12.0-win32-x64\jre\17.0.4.1-win32-x86_64\bin\jli.dll
0x00007ffa75960000 - 0x00007ffa75b27000 	C:\WINDOWS\System32\USER32.dll
0x00007ffa5a4b0000 - 0x00007ffa5a4c9000 	c:\Users\Razza\.kiro\extensions\redhat.java-1.12.0-win32-x64\jre\17.0.4.1-win32-x86_64\bin\VCRUNTIME140.dll
0x00007ffa74900000 - 0x00007ffa74927000 	C:\WINDOWS\System32\win32u.dll
0x00007ffa74de0000 - 0x00007ffa74e0b000 	C:\WINDOWS\System32\GDI32.dll
0x00007ffa74930000 - 0x00007ffa74a5c000 	C:\WINDOWS\System32\gdi32full.dll
0x00007ffa5b980000 - 0x00007ffa5bc14000 	C:\WINDOWS\WinSxS\amd64_microsoft.windows.common-controls_6595b64144ccf1df_6.0.26100.7019_none_3e06ffa0e335b8a8\COMCTL32.dll
0x00007ffa74850000 - 0x00007ffa748f3000 	C:\WINDOWS\System32\msvcp_win.dll
0x00007ffa75ba0000 - 0x00007ffa75c49000 	C:\WINDOWS\System32\msvcrt.dll
0x00007ffa75b60000 - 0x00007ffa75b91000 	C:\WINDOWS\System32\IMM32.DLL
0x00007ffa6eb90000 - 0x00007ffa6eb9c000 	c:\Users\Razza\.kiro\extensions\redhat.java-1.12.0-win32-x64\jre\17.0.4.1-win32-x86_64\bin\vcruntime140_1.dll
0x00007ffa401d0000 - 0x00007ffa40261000 	c:\Users\Razza\.kiro\extensions\redhat.java-1.12.0-win32-x64\jre\17.0.4.1-win32-x86_64\bin\msvcp140.dll
0x00007ff9fc5b0000 - 0x00007ff9fd1f6000 	c:\Users\Razza\.kiro\extensions\redhat.java-1.12.0-win32-x64\jre\17.0.4.1-win32-x86_64\bin\server\jvm.dll
0x00007ffa75060000 - 0x00007ffa75114000 	C:\WINDOWS\System32\ADVAPI32.dll
0x00007ffa76020000 - 0x00007ffa760c6000 	C:\WINDOWS\System32\sechost.dll
0x00007ffa74cc0000 - 0x00007ffa74dd8000 	C:\WINDOWS\System32\RPCRT4.dll
0x00007ffa76130000 - 0x00007ffa76138000 	C:\WINDOWS\System32\PSAPI.DLL
0x00007ffa6ead0000 - 0x00007ffa6eada000 	C:\WINDOWS\SYSTEM32\WSOCK32.dll
0x00007ffa74bb0000 - 0x00007ffa74c24000 	C:\WINDOWS\System32\WS2_32.dll
0x00007ffa6a110000 - 0x00007ffa6a145000 	C:\WINDOWS\SYSTEM32\WINMM.dll
0x00007ffa69b70000 - 0x00007ffa69b7b000 	C:\WINDOWS\SYSTEM32\VERSION.dll
0x00007ffa72bd0000 - 0x00007ffa72beb000 	C:\WINDOWS\SYSTEM32\kernel.appcore.dll
0x00007ffa694d0000 - 0x00007ffa694da000 	c:\Users\Razza\.kiro\extensions\redhat.java-1.12.0-win32-x64\jre\17.0.4.1-win32-x86_64\bin\jimage.dll
0x00007ffa66080000 - 0x00007ffa662c2000 	C:\WINDOWS\SYSTEM32\DBGHELP.DLL
0x00007ffa768a0000 - 0x00007ffa76c2b000 	C:\WINDOWS\System32\combase.dll
0x00007ffa75140000 - 0x00007ffa75217000 	C:\WINDOWS\System32\OLEAUT32.dll
0x00007ffa50d30000 - 0x00007ffa50d6c000 	C:\WINDOWS\SYSTEM32\dbgcore.DLL
0x00007ffa73e10000 - 0x00007ffa73eb5000 	C:\WINDOWS\System32\bcryptPrimitives.dll
0x00007ffa685d0000 - 0x00007ffa685de000 	c:\Users\Razza\.kiro\extensions\redhat.java-1.12.0-win32-x64\jre\17.0.4.1-win32-x86_64\bin\instrument.dll
0x00007ffa5a480000 - 0x00007ffa5a4a5000 	c:\Users\Razza\.kiro\extensions\redhat.java-1.12.0-win32-x64\jre\17.0.4.1-win32-x86_64\bin\java.dll
0x00007ffa5a460000 - 0x00007ffa5a478000 	c:\Users\Razza\.kiro\extensions\redhat.java-1.12.0-win32-x64\jre\17.0.4.1-win32-x86_64\bin\zip.dll
0x00007ffa76140000 - 0x00007ffa7688f000 	C:\WINDOWS\System32\SHELL32.dll
0x00007ffa74410000 - 0x00007ffa7457b000 	C:\WINDOWS\System32\wintypes.dll
0x00007ffa71a30000 - 0x00007ffa7228d000 	C:\WINDOWS\SYSTEM32\windows.storage.dll
0x00007ffa75c50000 - 0x00007ffa75d42000 	C:\WINDOWS\System32\SHCORE.dll
0x00007ffa75d50000 - 0x00007ffa75db7000 	C:\WINDOWS\System32\shlwapi.dll
0x00007ffa73d30000 - 0x00007ffa73d59000 	C:\WINDOWS\SYSTEM32\profapi.dll
0x00007ffa58d80000 - 0x00007ffa58d99000 	C:\Users\Razza\.kiro\extensions\redhat.java-1.12.0-win32-x64\jre\17.0.4.1-win32-x86_64\bin\net.dll
0x00007ffa68d20000 - 0x00007ffa68e48000 	C:\WINDOWS\SYSTEM32\WINHTTP.dll
0x00007ffa73140000 - 0x00007ffa731ab000 	C:\WINDOWS\system32\mswsock.dll
0x00007ffa58d60000 - 0x00007ffa58d75000 	C:\Users\Razza\.kiro\extensions\redhat.java-1.12.0-win32-x64\jre\17.0.4.1-win32-x86_64\bin\nio.dll
0x00007ffa68570000 - 0x00007ffa68580000 	c:\Users\Razza\.kiro\extensions\redhat.java-1.12.0-win32-x64\jre\17.0.4.1-win32-x86_64\bin\verify.dll
0x00007ffa398d0000 - 0x00007ffa3990e000 	C:\Users\Razza\AppData\Roaming\Kiro\User\globalStorage\redhat.java\1.12.0\config_win\org.eclipse.equinox.launcher\org.eclipse.equinox.launcher.win32.win32.x86_64_1.2.600.v20220720-1916\eclipse_11700.dll
0x00007ffa75220000 - 0x00007ffa753b7000 	C:\WINDOWS\System32\ole32.dll

dbghelp: loaded successfully - version: 4.0.5 - missing functions: none
symbol engine: initialized successfully - sym options: 0x614 - pdb path: .;c:\Users\Razza\.kiro\extensions\redhat.java-1.12.0-win32-x64\jre\17.0.4.1-win32-x86_64\bin;C:\WINDOWS\SYSTEM32;C:\WINDOWS\WinSxS\amd64_microsoft.windows.common-controls_6595b64144ccf1df_6.0.26100.7019_none_3e06ffa0e335b8a8;c:\Users\Razza\.kiro\extensions\redhat.java-1.12.0-win32-x64\jre\17.0.4.1-win32-x86_64\bin\server;C:\Users\Razza\AppData\Roaming\Kiro\User\globalStorage\redhat.java\1.12.0\config_win\org.eclipse.equinox.launcher\org.eclipse.equinox.launcher.win32.win32.x86_64_1.2.600.v20220720-1916

VM Arguments:
jvm_args: --add-modules=ALL-SYSTEM --add-opens=java.base/java.util=ALL-UNNAMED --add-opens=java.base/java.lang=ALL-UNNAMED --add-opens=java.base/sun.nio.fs=ALL-UNNAMED -Declipse.application=org.eclipse.jdt.ls.core.id1 -Dosgi.bundles.defaultStartLevel=4 -Declipse.product=org.eclipse.jdt.ls.core.product -Djava.import.generatesMetadataFilesAtProjectRoot=false -Dfile.encoding=utf8 -XX:+UseParallelGC -XX:GCTimeRatio=4 -XX:AdaptiveSizePolicyWeight=90 -Dsun.zip.disableMemoryMapping=true -Xmx1G -Xms100m -Xlog:disable -javaagent:c:\Users\Razza\.kiro\extensions\redhat.java-1.12.0-win32-x64\lombok\lombok-1.18.24.jar -XX:+HeapDumpOnOutOfMemoryError -XX:HeapDumpPath=c:\Users\Razza\AppData\Roaming\Kiro\User\workspaceStorage\258973467f62c406ef5ee91e612777d0\redhat.java 
java_command: c:\Users\Razza\.kiro\extensions\redhat.java-1.12.0-win32-x64\server\plugins\org.eclipse.equinox.launcher_1.6.400.v20210924-0641.jar -configuration c:\Users\Razza\AppData\Roaming\Kiro\User\globalStorage\redhat.java\1.12.0\config_win -data c:\Users\Razza\AppData\Roaming\Kiro\User\workspaceStorage\258973467f62c406ef5ee91e612777d0\redhat.java\jdt_ws
java_class_path (initial): c:\Users\Razza\.kiro\extensions\redhat.java-1.12.0-win32-x64\server\plugins\org.eclipse.equinox.launcher_1.6.400.v20210924-0641.jar
Launcher Type: SUN_STANDARD

[Global flags]
    uintx AdaptiveSizePolicyWeight                 = 90                                        {product} {command line}
     intx CICompilerCount                          = 4                                         {product} {ergonomic}
    uintx GCTimeRatio                              = 4                                         {product} {command line}
     bool HeapDumpOnOutOfMemoryError               = true                                   {manageable} {command line}
    ccstr HeapDumpPath                             = c:\Users\Razza\AppData\Roaming\Kiro\User\workspaceStorage\258973467f62c406ef5ee91e612777d0\redhat.java         {manageable} {command line}
   size_t InitialHeapSize                          = 104857600                                 {product} {command line}
   size_t MaxHeapSize                              = 1073741824                                {product} {command line}
   size_t MaxNewSize                               = 357564416                                 {product} {ergonomic}
   size_t MinHeapDeltaBytes                        = 524288                                    {product} {ergonomic}
   size_t MinHeapSize                              = 104857600                                 {product} {command line}
   size_t NewSize                                  = 34603008                                  {product} {ergonomic}
    uintx NonNMethodCodeHeapSize                   = 5839372                                {pd product} {ergonomic}
    uintx NonProfiledCodeHeapSize                  = 122909434                              {pd product} {ergonomic}
   size_t OldSize                                  = 70254592                                  {product} {ergonomic}
    uintx ProfiledCodeHeapSize                     = 122909434                              {pd product} {ergonomic}
    uintx ReservedCodeCacheSize                    = 251658240                              {pd product} {ergonomic}
     bool SegmentedCodeCache                       = true                                      {product} {ergonomic}
   size_t SoftMaxHeapSize                          = 1073741824                             {manageable} {ergonomic}
     bool UseCompressedClassPointers               = true                           {product lp64_product} {ergonomic}
     bool UseCompressedOops                        = true                           {product lp64_product} {ergonomic}
     bool UseLargePagesIndividualAllocation        = false                                  {pd product} {ergonomic}
     bool UseParallelGC                            = true                                      {product} {command line}

Logging:
Log output configuration:
 #0: stdout all=off uptime,level,tags
 #1: stderr all=off uptime,level,tags

Environment Variables:
PATH=C:\Program Files\Common Files\Oracle\Java\javapath;C:\WINDOWS\system32;C:\WINDOWS;C:\WINDOWS\System32\Wbem;C:\WINDOWS\System32\WindowsPowerShell\v1.0\;C:\WINDOWS\System32\OpenSSH\;C:\Program Files\nodejs\;C:\Program Files\Git\cmd;C:\Program Files\dotnet\;C:\Program Files\PuTTY\;C:\Program Files\Cloudflare\Cloudflare WARP\;C:\Users\Razza\.local\bin;C:\Users\Razza\AppData\Local\Programs\Eclipse Adoptium\jdk-25.0.2.10-hotspot\bin;C:\Users\Razza\AppData\Local\Programs\Python\Launcher\;C:\Program Files\Common Files\Oracle\Java\javapath;C:\WINDOWS\system32;C:\WINDOWS;C:\WINDOWS\System32\Wbem;C:\WINDOWS\System32\WindowsPowerShell\v1.0\;C:\WINDOWS\System32\OpenSSH\;C:\Program Files\PuTTY\;C:\Program Files\nodejs\;C:\Program Files\Git\cmd;C:\Program Files\Cloudflare\Cloudflare WARP\;C:\Program Files\dotnet\;C:\Users\Razza\AppData\Local\Microsoft\WindowsApps;C:\xampp\php;C:\Users\Razza\AppData\Local\ComposerSetup\bin;C:\Users\Razza\AppData\Roaming\Composer\vendor\bin;C:\Users\Razza\AppData\Roaming\npm;C:\Users\Razza\AppData\Local\Python\PythonCore-3.14-64\Scripts;C:\Program Files (x86)\Nmap;C:\Users\Razza\AppData\Local\Programs\Windsurf\bin;C:\Users\Razza\AppData\Local\Kiro-Cli\;C:\Users\Razza\AppData\Local\Programs\Microsoft VS Code\bin;C:\Users\Razza\AppData\Local\Programs\Kiro\bin
USERNAME=Razza
OS=Windows_NT
PROCESSOR_IDENTIFIER=AMD64 Family 23 Model 160 Stepping 0, AuthenticAMD
TMP=C:\Users\Razza\AppData\Local\Temp
TEMP=C:\Users\Razza\AppData\Local\Temp



---------------  S Y S T E M  ---------------

OS:
 Windows 11 , 64 bit Build 26100 (10.0.26100.7019)
OS uptime: 0 days 1:35 hours
Hyper-V role detected

CPU: total 8 (initial active 8) (8 cores per cpu, 2 threads per core) family 23 model 160 stepping 0 microcode 0x8a0000a, cx8, cmov, fxsr, ht, mmx, 3dnowpref, sse, sse2, sse3, ssse3, sse4a, sse4.1, sse4.2, popcnt, lzcnt, tsc, tscinvbit, avx, avx2, aes, clmul, bmi1, bmi2, adx, sha, fma, vzeroupper, clflush, clflushopt, hv

Memory: 4k page, system-wide physical 15610M (2358M free)
TotalPageFile size 23281M (AvailPageFile size 40M)
current process WorkingSet (physical memory assigned to process): 91M, peak: 91M
current process commit charge ("private bytes"): 205M, peak: 205M

vm_info: OpenJDK 64-Bit Server VM (17.0.4.1+1) for windows-amd64 JRE (17.0.4.1+1), built on Aug 17 2022 07:42:43 by "temurin" with MS VC++ 16.7 (VS2019)

END.
