#
# There is insufficient memory for the Java Runtime Environment to continue.
# Native memory allocation (mmap) failed to map 65536 bytes for Failed to commit metaspace.
# Possible reasons:
#   The system is out of physical RAM or swap space
#   The process is running with CompressedOops enabled, and the Java Heap may be blocking the growth of the native heap
# Possible solutions:
#   Reduce memory load on the system
#   Increase physical memory or swap space
#   Check if swap backing store is full
#   Decrease Java heap size (-Xmx/-Xms)
#   Decrease number of Java threads
#   Decrease Java thread stack sizes (-Xss)
#   Set larger code cache with -XX:ReservedCodeCacheSize=
#   JVM is running with Unscaled Compressed Oops mode in which the Java heap is
#     placed in the first 4GB address space. The Java Heap base address is the
#     maximum limit for the native heap growth. Please use -XX:HeapBaseMinAddress
#     to set the Java Heap base and to place the Java Heap above 4GB virtual address.
# This output file may be truncated or incomplete.
#
#  Out of Memory Error (virtualSpaceNode.cpp:110), pid=25560, tid=12396
#
# JRE version: OpenJDK Runtime Environment Temurin-17.0.4.1+1 (17.0.4.1+1) (build 17.0.4.1+1)
# Java VM: OpenJDK 64-Bit Server VM Temurin-17.0.4.1+1 (17.0.4.1+1, mixed mode, tiered, compressed oops, compressed class ptrs, parallel gc, windows-amd64)
# No core dump will be written. Minidumps are not enabled by default on client versions of Windows
#

---------------  S U M M A R Y ------------

Command Line: --add-modules=ALL-SYSTEM --add-opens=java.base/java.util=ALL-UNNAMED --add-opens=java.base/java.lang=ALL-UNNAMED --add-opens=java.base/sun.nio.fs=ALL-UNNAMED -Declipse.application=org.eclipse.jdt.ls.core.id1 -Dosgi.bundles.defaultStartLevel=4 -Declipse.product=org.eclipse.jdt.ls.core.product -Djava.import.generatesMetadataFilesAtProjectRoot=false -Dfile.encoding=utf8 -XX:+UseParallelGC -XX:GCTimeRatio=4 -XX:AdaptiveSizePolicyWeight=90 -Dsun.zip.disableMemoryMapping=true -Xmx1G -Xms100m -Xlog:disable -javaagent:c:\Users\Razza\.kiro\extensions\redhat.java-1.12.0-win32-x64\lombok\lombok-1.18.24.jar c:\Users\Razza\.kiro\extensions\redhat.java-1.12.0-win32-x64\server\plugins\org.eclipse.equinox.launcher_1.6.400.v20210924-0641.jar -configuration c:\Users\Razza\AppData\Roaming\Kiro\User\globalStorage\redhat.java\1.12.0\config_ss_win -data c:\Users\Razza\AppData\Roaming\Kiro\User\workspaceStorage\258973467f62c406ef5ee91e612777d0\redhat.java\ss_ws

Host: AMD Ryzen 5 7520U with Radeon Graphics         , 8 cores, 15G,  Windows 11 , 64 bit Build 26100 (10.0.26100.7019)
Time: Fri Apr 24 11:10:30 2026 Malay Peninsula Standard Time elapsed time: 3.394055 seconds (0d 0h 0m 3s)

---------------  T H R E A D  ---------------

Current thread (0x0000025bb7f550a0):  JavaThread "main" [_thread_in_vm, id=12396, stack(0x00000060e8e00000,0x00000060e8f00000)]

Stack: [0x00000060e8e00000,0x00000060e8f00000]
Native frames: (J=compiled Java code, j=interpreted, Vv=VM code, C=native code)
V  [jvm.dll+0x67731a]
V  [jvm.dll+0x832284]
V  [jvm.dll+0x833a2e]
V  [jvm.dll+0x834093]
V  [jvm.dll+0x245775]
V  [jvm.dll+0x82e22b]
V  [jvm.dll+0x61bdf6]
V  [jvm.dll+0x1c07be]
V  [jvm.dll+0x61e741]
V  [jvm.dll+0x61c796]
V  [jvm.dll+0x6265e7]
V  [jvm.dll+0x1ea5db]
V  [jvm.dll+0x1eab15]
V  [jvm.dll+0x1eb54f]
V  [jvm.dll+0x1e09f1]
V  [jvm.dll+0x53c910]
V  [jvm.dll+0x7ad138]
V  [jvm.dll+0x7ad224]
V  [jvm.dll+0x40ccd5]
V  [jvm.dll+0x412ec8]
C  [java.dll+0x17ec]

Java frames: (J=compiled Java code, j=interpreted, Vv=VM code)
j  java.lang.ClassLoader.defineClass1(Ljava/lang/ClassLoader;Ljava/lang/String;[BIILjava/security/ProtectionDomain;Ljava/lang/String;)Ljava/lang/Class;+0 java.base@17.0.4.1
j  java.lang.ClassLoader.defineClass(Ljava/lang/String;[BIILjava/security/ProtectionDomain;)Ljava/lang/Class;+27 java.base@17.0.4.1
j  java.security.SecureClassLoader.defineClass(Ljava/lang/String;[BIILjava/security/CodeSource;)Ljava/lang/Class;+12 java.base@17.0.4.1
j  java.net.URLClassLoader.defineClass(Ljava/lang/String;Ljdk/internal/loader/Resource;)Ljava/lang/Class;+221 java.base@17.0.4.1
j  java.net.URLClassLoader$1.run()Ljava/lang/Class;+43 java.base@17.0.4.1
j  java.net.URLClassLoader$1.run()Ljava/lang/Object;+1 java.base@17.0.4.1
j  java.security.AccessController.executePrivileged(Ljava/security/PrivilegedExceptionAction;Ljava/security/AccessControlContext;Ljava/lang/Class;)Ljava/lang/Object;+29 java.base@17.0.4.1
j  java.security.AccessController.doPrivileged(Ljava/security/PrivilegedExceptionAction;Ljava/security/AccessControlContext;)Ljava/lang/Object;+13 java.base@17.0.4.1
j  java.net.URLClassLoader.findClass(Ljava/lang/String;)Ljava/lang/Class;+13 java.base@17.0.4.1
j  java.lang.ClassLoader.loadClass(Ljava/lang/String;Z)Ljava/lang/Class;+69 java.base@17.0.4.1
j  java.lang.ClassLoader.loadClass(Ljava/lang/String;)Ljava/lang/Class;+3 java.base@17.0.4.1
v  ~StubRoutines::call_stub
j  org.eclipse.osgi.internal.framework.EquinoxContainer.<init>(Ljava/util/Map;Lorg/osgi/framework/connect/ModuleConnector;)V+68
j  org.eclipse.osgi.launch.Equinox.<init>(Ljava/util/Map;Lorg/osgi/framework/connect/ModuleConnector;)V+10
j  org.eclipse.osgi.launch.Equinox.<init>(Ljava/util/Map;)V+3
j  org.eclipse.core.runtime.adaptor.EclipseStarter.startup([Ljava/lang/String;Ljava/lang/Runnable;)Lorg/osgi/framework/BundleContext;+28
j  org.eclipse.core.runtime.adaptor.EclipseStarter.run([Ljava/lang/String;Ljava/lang/Runnable;)Ljava/lang/Object;+21
v  ~StubRoutines::call_stub
j  jdk.internal.reflect.NativeMethodAccessorImpl.invoke0(Ljava/lang/reflect/Method;Ljava/lang/Object;[Ljava/lang/Object;)Ljava/lang/Object;+0 java.base@17.0.4.1
j  jdk.internal.reflect.NativeMethodAccessorImpl.invoke(Ljava/lang/Object;[Ljava/lang/Object;)Ljava/lang/Object;+133 java.base@17.0.4.1
j  jdk.internal.reflect.DelegatingMethodAccessorImpl.invoke(Ljava/lang/Object;[Ljava/lang/Object;)Ljava/lang/Object;+6 java.base@17.0.4.1
j  java.lang.reflect.Method.invoke(Ljava/lang/Object;[Ljava/lang/Object;)Ljava/lang/Object;+59 java.base@17.0.4.1
j  org.eclipse.equinox.launcher.Main.invokeFramework([Ljava/lang/String;[Ljava/net/URL;)V+201
j  org.eclipse.equinox.launcher.Main.basicRun([Ljava/lang/String;)V+159
j  org.eclipse.equinox.launcher.Main.run([Ljava/lang/String;)I+4
j  org.eclipse.equinox.launcher.Main.main([Ljava/lang/String;)V+10
v  ~StubRoutines::call_stub

---------------  P R O C E S S  ---------------

Threads class SMR info:
_java_thread_list=0x0000025bcebae4a0, length=12, elements={
0x0000025bb7f550a0, 0x0000025bcd822fe0, 0x0000025bcd826f80, 0x0000025bcd834f30,
0x0000025bcbddc520, 0x0000025bcd859420, 0x0000025bcd859ce0, 0x0000025bcd85e8f0,
0x0000025bcd8c7320, 0x0000025bcd8c8b40, 0x0000025bcd94d3f0, 0x0000025bcdb259d0
}

Java Threads: ( => current thread )
=>0x0000025bb7f550a0 JavaThread "main" [_thread_in_vm, id=12396, stack(0x00000060e8e00000,0x00000060e8f00000)]
  0x0000025bcd822fe0 JavaThread "Reference Handler" daemon [_thread_blocked, id=21844, stack(0x00000060e9100000,0x00000060e9200000)]
  0x0000025bcd826f80 JavaThread "Finalizer" daemon [_thread_blocked, id=4940, stack(0x00000060e9200000,0x00000060e9300000)]
  0x0000025bcd834f30 JavaThread "Signal Dispatcher" daemon [_thread_blocked, id=12980, stack(0x00000060e9300000,0x00000060e9400000)]
  0x0000025bcbddc520 JavaThread "Attach Listener" daemon [_thread_blocked, id=26120, stack(0x00000060e9400000,0x00000060e9500000)]
  0x0000025bcd859420 JavaThread "Service Thread" daemon [_thread_blocked, id=16472, stack(0x00000060e9500000,0x00000060e9600000)]
  0x0000025bcd859ce0 JavaThread "Monitor Deflation Thread" daemon [_thread_blocked, id=24020, stack(0x00000060e9600000,0x00000060e9700000)]
  0x0000025bcd85e8f0 JavaThread "C2 CompilerThread0" daemon [_thread_blocked, id=5892, stack(0x00000060e9700000,0x00000060e9800000)]
  0x0000025bcd8c7320 JavaThread "C1 CompilerThread0" daemon [_thread_blocked, id=27044, stack(0x00000060e9800000,0x00000060e9900000)]
  0x0000025bcd8c8b40 JavaThread "Sweeper thread" daemon [_thread_blocked, id=7544, stack(0x00000060e9900000,0x00000060e9a00000)]
  0x0000025bcd94d3f0 JavaThread "Common-Cleaner" daemon [_thread_blocked, id=12056, stack(0x00000060e9a00000,0x00000060e9b00000)]
  0x0000025bcdb259d0 JavaThread "Notification Thread" daemon [_thread_blocked, id=25008, stack(0x00000060e9b00000,0x00000060e9c00000)]

Other Threads:
  0x0000025bcd821c30 VMThread "VM Thread" [stack: 0x00000060e9000000,0x00000060e9100000] [id=16576]
  0x0000025bcdaeaef0 WatcherThread [stack: 0x00000060e9c00000,0x00000060e9d00000] [id=17308]
  0x0000025bb7f6afa0 GCTaskThread "GC Thread#0" [stack: 0x00000060e8f00000,0x00000060e9000000] [id=23820]

Threads with active compile tasks:

VM state: not at safepoint (normal execution)

VM Mutex/Monitor currently owned by a thread:  ([mutex/lock_event])
[0x0000025bb7f51b30] Metaspace_lock - owner thread: 0x0000025bb7f550a0

Heap address: 0x00000000c0000000, size: 1024 MB, Compressed Oops mode: 32-bit

CDS archive(s) not mapped
Compressed class space mapped at: 0x0000000100000000-0x0000000140000000, reserved size: 1073741824
Narrow klass base: 0x0000000000000000, Narrow klass shift: 3, Narrow klass range: 0x140000000

GC Precious Log:
 CPUs: 8 total, 8 available
 Memory: 15610M
 Large Page Support: Disabled
 NUMA Support: Disabled
 Compressed Oops: Enabled (32-bit)
 Alignments: Space 512K, Generation 512K, Heap 2M
 Heap Min Capacity: 100M
 Heap Initial Capacity: 100M
 Heap Max Capacity: 1G
 Pre-touch: Disabled
 Parallel Workers: 8

Heap:
 PSYoungGen      total 29696K, used 17708K [0x00000000eab00000, 0x00000000ecc00000, 0x0000000100000000)
  eden space 25600K, 69% used [0x00000000eab00000,0x00000000ebc4b3a8,0x00000000ec400000)
  from space 4096K, 0% used [0x00000000ec800000,0x00000000ec800000,0x00000000ecc00000)
  to   space 4096K, 0% used [0x00000000ec400000,0x00000000ec400000,0x00000000ec800000)
 ParOldGen       total 68608K, used 0K [0x00000000c0000000, 0x00000000c4300000, 0x00000000eab00000)
  object space 68608K, 0% used [0x00000000c0000000,0x00000000c0000000,0x00000000c4300000)
 Metaspace       used 9389K, committed 9536K, reserved 1064960K
  class space    used 945K, committed 1024K, reserved 1048576K

Card table byte_map: [0x0000025bb7900000,0x0000025bb7b10000] _byte_map_base: 0x0000025bb7300000

Marking Bits: (ParMarkBitMap*) 0x00007ff9fcb62cc0
 Begin Bits: [0x0000025bc9be0000, 0x0000025bcabe0000)
 End Bits:   [0x0000025bcabe0000, 0x0000025bcbbe0000)

Polling page: 0x0000025bb5f00000

Metaspace:

Usage:
  Non-class:      8.25 MB used.
      Class:    945.12 KB used.
       Both:      9.17 MB used.

Virtual space:
  Non-class space:       16.00 MB reserved,       8.31 MB ( 52%) committed,  2 nodes.
      Class space:        1.00 GB reserved,       1.00 MB ( <1%) committed,  1 nodes.
             Both:        1.02 GB reserved,       9.31 MB ( <1%) committed. 

Chunk freelists:
   Non-Class:  2.73 MB
       Class:  3.01 MB
        Both:  5.74 MB

MaxMetaspaceSize: unlimited
CompressedClassSpaceSize: 1.00 GB
Initial GC threshold: 21.00 MB
Current GC threshold: 21.00 MB
CDS: off
MetaspaceReclaimPolicy: balanced
 - commit_granule_bytes: 65536.
 - commit_granule_words: 8192.
 - virtual_space_node_default_size: 1048576.
 - enlarge_chunks_in_place: 1.
 - new_chunks_are_fully_committed: 0.
 - uncommit_free_chunks: 1.
 - use_allocation_guard: 0.
 - handle_deallocations: 1.


Internal statistics:

num_allocs_failed_limit: 0.
num_arena_births: 16.
num_arena_deaths: 0.
num_vsnodes_births: 3.
num_vsnodes_deaths: 0.
num_space_committed: 149.
num_space_uncommitted: 0.
num_chunks_returned_to_freelist: 0.
num_chunks_taken_from_freelist: 62.
num_chunk_merges: 0.
num_chunk_splits: 36.
num_chunks_enlarged: 30.
num_purges: 0.
num_inconsistent_stats: 0.

CodeHeap 'non-profiled nmethods': size=120000Kb used=300Kb max_used=300Kb free=119699Kb
 bounds [0x0000025bc26b0000, 0x0000025bc2920000, 0x0000025bc9be0000]
CodeHeap 'profiled nmethods': size=120000Kb used=1224Kb max_used=1224Kb free=118775Kb
 bounds [0x0000025bbb180000, 0x0000025bbb3f0000, 0x0000025bc26b0000]
CodeHeap 'non-nmethods': size=5760Kb used=1129Kb max_used=1155Kb free=4630Kb
 bounds [0x0000025bbabe0000, 0x0000025bbae50000, 0x0000025bbb180000]
 total_blobs=1150 nmethods=733 adapters=332
 compilation: enabled
              stopped_count=0, restarted_count=0
 full_count=0

Compilation events (20 events):
Event: 3.278 Thread 0x0000025bcd8c7320  724       3       jdk.internal.org.objectweb.asm.ByteVector::put12 (64 bytes)
Event: 3.278 Thread 0x0000025bcd8c7320 nmethod 724 0x0000025bbb2a7010 code [0x0000025bbb2a71c0, 0x0000025bbb2a73e8]
Event: 3.305 Thread 0x0000025bcd8c7320  725       1       java.lang.invoke.MethodTypeForm::erasedType (5 bytes)
Event: 3.305 Thread 0x0000025bcd8c7320 nmethod 725 0x0000025bc26fa610 code [0x0000025bc26fa7a0, 0x0000025bc26fa878]
Event: 3.313 Thread 0x0000025bcd8c7320  726       1       java.lang.reflect.Method::getName (5 bytes)
Event: 3.313 Thread 0x0000025bcd8c7320 nmethod 726 0x0000025bc26fa910 code [0x0000025bc26faaa0, 0x0000025bc26fab78]
Event: 3.326 Thread 0x0000025bcd8c7320  728       3       jdk.internal.org.objectweb.asm.SymbolTable::addConstantUtf8Reference (101 bytes)
Event: 3.327 Thread 0x0000025bcd85e8f0  729       4       jdk.internal.org.objectweb.asm.SymbolTable::get (13 bytes)
Event: 3.327 Thread 0x0000025bcd8c7320 nmethod 728 0x0000025bbb2a7590 code [0x0000025bbb2a77a0, 0x0000025bbb2a7d78]
Event: 3.327 Thread 0x0000025bcd8c7320  727       3       jdk.internal.org.objectweb.asm.SymbolTable::addConstantClass (8 bytes)
Event: 3.327 Thread 0x0000025bcd8c7320 nmethod 727 0x0000025bbb2a8090 code [0x0000025bbb2a8220, 0x0000025bbb2a8368]
Event: 3.327 Thread 0x0000025bcd85e8f0 nmethod 729 0x0000025bc26fac10 code [0x0000025bc26fad80, 0x0000025bc26fae58]
Event: 3.358 Thread 0x0000025bcd8c7320  730       1       jdk.internal.org.objectweb.asm.SymbolTable::getMajorVersion (5 bytes)
Event: 3.358 Thread 0x0000025bcd8c7320 nmethod 730 0x0000025bc26faf10 code [0x0000025bc26fb0a0, 0x0000025bc26fb178]
Event: 3.358 Thread 0x0000025bcd8c7320  731       3       jdk.internal.org.objectweb.asm.Frame::execute (2318 bytes)
Event: 3.364 Thread 0x0000025bcd8c7320 nmethod 731 0x0000025bbb2a8410 code [0x0000025bbb2a9340, 0x0000025bbb2afd78]
Event: 3.372 Thread 0x0000025bcd8c7320  732       3       jdk.internal.org.objectweb.asm.ByteVector::putInt (74 bytes)
Event: 3.372 Thread 0x0000025bcd8c7320 nmethod 732 0x0000025bbb2b1990 code [0x0000025bbb2b1b40, 0x0000025bbb2b1da8]
Event: 3.372 Thread 0x0000025bcd8c7320  733       3       jdk.internal.org.objectweb.asm.Handler::getExceptionTableLength (21 bytes)
Event: 3.372 Thread 0x0000025bcd8c7320 nmethod 733 0x0000025bbb2b1f10 code [0x0000025bbb2b20a0, 0x0000025bbb2b2238]

GC Heap History (0 events):
No events

Deoptimization events (20 events):
Event: 2.643 Thread 0x0000025bb7f550a0 DEOPT PACKING pc=0x0000025bc26e00a8 sp=0x00000060e8efda80
Event: 2.643 Thread 0x0000025bb7f550a0 DEOPT UNPACKING pc=0x0000025bbac320a3 sp=0x00000060e8efda00 mode 2
Event: 2.643 Thread 0x0000025bb7f550a0 Uncommon trap: trap_request=0xffffff45 fr.pc=0x0000025bc26e19b8 relative=0x0000000000000578
Event: 2.643 Thread 0x0000025bb7f550a0 Uncommon trap: reason=unstable_if action=reinterpret pc=0x0000025bc26e19b8 method=java.lang.AbstractStringBuilder.append(Ljava/lang/String;)Ljava/lang/AbstractStringBuilder; @ 1 c2
Event: 2.643 Thread 0x0000025bb7f550a0 DEOPT PACKING pc=0x0000025bc26e19b8 sp=0x00000060e8efda10
Event: 2.643 Thread 0x0000025bb7f550a0 DEOPT UNPACKING pc=0x0000025bbac320a3 sp=0x00000060e8efd9f8 mode 2
Event: 2.791 Thread 0x0000025bb7f550a0 DEOPT PACKING pc=0x0000025bbb23b032 sp=0x00000060e8efddc0
Event: 2.792 Thread 0x0000025bb7f550a0 DEOPT UNPACKING pc=0x0000025bbac32843 sp=0x00000060e8efd218 mode 0
Event: 2.930 Thread 0x0000025bb7f550a0 Uncommon trap: trap_request=0xffffff45 fr.pc=0x0000025bc26e8850 relative=0x0000000000000590
Event: 2.930 Thread 0x0000025bb7f550a0 Uncommon trap: reason=unstable_if action=reinterpret pc=0x0000025bc26e8850 method=java.util.jar.Manifest$FastInputStream.readLine([BII)I @ 130 c2
Event: 2.930 Thread 0x0000025bb7f550a0 DEOPT PACKING pc=0x0000025bc26e8850 sp=0x00000060e8efe3a0
Event: 2.930 Thread 0x0000025bb7f550a0 DEOPT UNPACKING pc=0x0000025bbac320a3 sp=0x00000060e8efe330 mode 2
Event: 2.937 Thread 0x0000025bb7f550a0 Uncommon trap: trap_request=0xffffffc6 fr.pc=0x0000025bc26ec748 relative=0x0000000000000288
Event: 2.937 Thread 0x0000025bb7f550a0 Uncommon trap: reason=bimorphic_or_optimized_type_check action=maybe_recompile pc=0x0000025bc26ec748 method=java.util.HashMap.getNode(Ljava/lang/Object;)Ljava/util/HashMap$Node; @ 128 c2
Event: 2.944 Thread 0x0000025bb7f550a0 DEOPT PACKING pc=0x0000025bc26ec748 sp=0x00000060e8efdf50
Event: 2.944 Thread 0x0000025bb7f550a0 DEOPT UNPACKING pc=0x0000025bbac320a3 sp=0x00000060e8efded8 mode 2
Event: 3.047 Thread 0x0000025bb7f550a0 Uncommon trap: trap_request=0xffffff45 fr.pc=0x0000025bc26ed620 relative=0x0000000000000100
Event: 3.047 Thread 0x0000025bb7f550a0 Uncommon trap: reason=unstable_if action=reinterpret pc=0x0000025bc26ed620 method=java.math.BigInteger.addOne([IIII)I @ 55 c2
Event: 3.047 Thread 0x0000025bb7f550a0 DEOPT PACKING pc=0x0000025bc26ed620 sp=0x00000060e8efded0
Event: 3.047 Thread 0x0000025bb7f550a0 DEOPT UNPACKING pc=0x0000025bbac320a3 sp=0x00000060e8efde70 mode 2

Classes unloaded (0 events):
No events

Classes redefined (0 events):
No events

Internal exceptions (10 events):
Event: 0.559 Thread 0x0000025bb7f550a0 Exception <a 'java/lang/NoSuchMethodError'{0x00000000eacb25c8}: 'void java.lang.invoke.DirectMethodHandle$Holder.invokeStatic(java.lang.Object, java.lang.Object, java.lang.Object)'> (0x00000000eacb25c8) 
thrown [s\src\hotspot\share\interpreter\linkResolver.cpp, line 759]
Event: 1.408 Thread 0x0000025bb7f550a0 Exception <a 'java/lang/reflect/InvocationTargetException'{0x00000000eaf77fc8}> (0x00000000eaf77fc8) 
thrown [s\src\hotspot\share\runtime\reflection.cpp, line 1121]
Event: 2.604 Thread 0x0000025bb7f550a0 Exception <a 'java/lang/ClassNotFoundException'{0x00000000eb708020}: sun/net/www/protocol/c/Handler> (0x00000000eb708020) 
thrown [s\src\hotspot\share\classfile\systemDictionary.cpp, line 256]
Event: 2.610 Thread 0x0000025bb7f550a0 Exception <a 'java/io/FileNotFoundException'{0x00000000eb71b1c0}> (0x00000000eb71b1c0) 
thrown [s\src\hotspot\share\prims\jni.cpp, line 516]
Event: 2.611 Thread 0x0000025bb7f550a0 Exception <a 'java/io/FileNotFoundException'{0x00000000eb71beb8}> (0x00000000eb71beb8) 
thrown [s\src\hotspot\share\prims\jni.cpp, line 516]
Event: 2.611 Thread 0x0000025bb7f550a0 Exception <a 'java/io/FileNotFoundException'{0x00000000eb71cb90}> (0x00000000eb71cb90) 
thrown [s\src\hotspot\share\prims\jni.cpp, line 516]
Event: 2.613 Thread 0x0000025bb7f550a0 Exception <a 'java/io/FileNotFoundException'{0x00000000eb71d840}> (0x00000000eb71d840) 
thrown [s\src\hotspot\share\prims\jni.cpp, line 516]
Event: 2.643 Thread 0x0000025bb7f550a0 Implicit null exception at 0x0000025bc26dfb72 to 0x0000025bc26e0090
Event: 2.643 Thread 0x0000025bb7f550a0 Implicit null exception at 0x0000025bc26e1472 to 0x0000025bc26e19a0
Event: 2.672 Thread 0x0000025bb7f550a0 Exception <a 'java/io/FileNotFoundException'{0x00000000eb75c230}> (0x00000000eb75c230) 
thrown [s\src\hotspot\share\prims\jni.cpp, line 516]

VM Operations (10 events):
Event: 0.581 Executing VM operation: HandshakeAllThreads
Event: 0.581 Executing VM operation: HandshakeAllThreads done
Event: 0.974 Executing VM operation: HandshakeAllThreads
Event: 0.974 Executing VM operation: HandshakeAllThreads done
Event: 1.984 Executing VM operation: Cleanup
Event: 2.002 Executing VM operation: Cleanup done
Event: 2.504 Executing VM operation: HandshakeAllThreads
Event: 2.504 Executing VM operation: HandshakeAllThreads done
Event: 2.563 Executing VM operation: HandshakeAllThreads
Event: 2.563 Executing VM operation: HandshakeAllThreads done

Events (20 events):
Event: 3.295 loading class java/lang/PublicMethods
Event: 3.295 loading class java/lang/PublicMethods done
Event: 3.295 loading class java/util/LinkedHashMap$LinkedValueIterator
Event: 3.295 loading class java/util/LinkedHashMap$LinkedValueIterator done
Event: 3.304 loading class java/lang/module/ModuleDescriptor$Builder
Event: 3.305 loading class java/lang/module/ModuleDescriptor$Builder done
Event: 3.310 loading class java/lang/reflect/ProxyGenerator
Event: 3.311 loading class java/lang/reflect/ProxyGenerator done
Event: 3.311 loading class java/lang/reflect/ProxyGenerator$ProxyMethod
Event: 3.313 loading class java/lang/reflect/ProxyGenerator$ProxyMethod done
Event: 3.325 loading class java/lang/reflect/ProxyGenerator$PrimitiveTypeInfo
Event: 3.325 loading class java/lang/reflect/ProxyGenerator$PrimitiveTypeInfo done
Event: 3.326 loading class jdk/internal/org/objectweb/asm/Edge
Event: 3.326 loading class jdk/internal/org/objectweb/asm/Edge done
Event: 3.357 loading class java/lang/reflect/Proxy$ProxyBuilder$1
Event: 3.357 loading class java/lang/reflect/Proxy$ProxyBuilder$1 done
Event: 3.357 loading class java/lang/annotation/Target
Event: 3.357 loading class java/lang/annotation/Target done
Event: 3.373 loading class java/lang/ClassFormatError
Event: 3.373 loading class java/lang/ClassFormatError done


Dynamic libraries:
0x00007ff7dabf0000 - 0x00007ff7dabfe000 	c:\Users\Razza\.kiro\extensions\redhat.java-1.12.0-win32-x64\jre\17.0.4.1-win32-x86_64\bin\java.exe
0x00007ffa76cc0000 - 0x00007ffa76f28000 	C:\WINDOWS\SYSTEM32\ntdll.dll
0x00007ffa74f80000 - 0x00007ffa75049000 	C:\WINDOWS\System32\KERNEL32.DLL
0x00007ffa74010000 - 0x00007ffa74408000 	C:\WINDOWS\System32\KERNELBASE.dll
0x00007ffa73ec0000 - 0x00007ffa7400b000 	C:\WINDOWS\System32\ucrtbase.dll
0x00007ffa3e6e0000 - 0x00007ffa3e6f8000 	c:\Users\Razza\.kiro\extensions\redhat.java-1.12.0-win32-x64\jre\17.0.4.1-win32-x86_64\bin\jli.dll
0x00007ffa75960000 - 0x00007ffa75b27000 	C:\WINDOWS\System32\USER32.dll
0x00007ffa74900000 - 0x00007ffa74927000 	C:\WINDOWS\System32\win32u.dll
0x00007ffa3dbb0000 - 0x00007ffa3dbc9000 	c:\Users\Razza\.kiro\extensions\redhat.java-1.12.0-win32-x64\jre\17.0.4.1-win32-x86_64\bin\VCRUNTIME140.dll
0x00007ffa74de0000 - 0x00007ffa74e0b000 	C:\WINDOWS\System32\GDI32.dll
0x00007ffa74930000 - 0x00007ffa74a5c000 	C:\WINDOWS\System32\gdi32full.dll
0x00007ffa74850000 - 0x00007ffa748f3000 	C:\WINDOWS\System32\msvcp_win.dll
0x00007ffa5b980000 - 0x00007ffa5bc14000 	C:\WINDOWS\WinSxS\amd64_microsoft.windows.common-controls_6595b64144ccf1df_6.0.26100.7019_none_3e06ffa0e335b8a8\COMCTL32.dll
0x00007ffa75ba0000 - 0x00007ffa75c49000 	C:\WINDOWS\System32\msvcrt.dll
0x00007ffa75b60000 - 0x00007ffa75b91000 	C:\WINDOWS\System32\IMM32.DLL
0x00007ffa6eb90000 - 0x00007ffa6eb9c000 	c:\Users\Razza\.kiro\extensions\redhat.java-1.12.0-win32-x64\jre\17.0.4.1-win32-x86_64\bin\vcruntime140_1.dll
0x00007ffa2df80000 - 0x00007ffa2e011000 	c:\Users\Razza\.kiro\extensions\redhat.java-1.12.0-win32-x64\jre\17.0.4.1-win32-x86_64\bin\msvcp140.dll
0x00007ff9fbfe0000 - 0x00007ff9fcc26000 	c:\Users\Razza\.kiro\extensions\redhat.java-1.12.0-win32-x64\jre\17.0.4.1-win32-x86_64\bin\server\jvm.dll
0x00007ffa75060000 - 0x00007ffa75114000 	C:\WINDOWS\System32\ADVAPI32.dll
0x00007ffa76020000 - 0x00007ffa760c6000 	C:\WINDOWS\System32\sechost.dll
0x00007ffa74cc0000 - 0x00007ffa74dd8000 	C:\WINDOWS\System32\RPCRT4.dll
0x00007ffa76130000 - 0x00007ffa76138000 	C:\WINDOWS\System32\PSAPI.DLL
0x00007ffa6ea60000 - 0x00007ffa6ea6a000 	C:\WINDOWS\SYSTEM32\WSOCK32.dll
0x00007ffa74bb0000 - 0x00007ffa74c24000 	C:\WINDOWS\System32\WS2_32.dll
0x00007ffa6a110000 - 0x00007ffa6a145000 	C:\WINDOWS\SYSTEM32\WINMM.dll
0x00007ffa69b70000 - 0x00007ffa69b7b000 	C:\WINDOWS\SYSTEM32\VERSION.dll
0x00007ffa72bd0000 - 0x00007ffa72beb000 	C:\WINDOWS\SYSTEM32\kernel.appcore.dll
0x00007ffa694d0000 - 0x00007ffa694da000 	c:\Users\Razza\.kiro\extensions\redhat.java-1.12.0-win32-x64\jre\17.0.4.1-win32-x86_64\bin\jimage.dll
0x00007ffa66080000 - 0x00007ffa662c2000 	C:\WINDOWS\SYSTEM32\DBGHELP.DLL
0x00007ffa768a0000 - 0x00007ffa76c2b000 	C:\WINDOWS\System32\combase.dll
0x00007ffa75140000 - 0x00007ffa75217000 	C:\WINDOWS\System32\OLEAUT32.dll
0x00007ffa50d30000 - 0x00007ffa50d6c000 	C:\WINDOWS\SYSTEM32\dbgcore.DLL
0x00007ffa73e10000 - 0x00007ffa73eb5000 	C:\WINDOWS\System32\bcryptPrimitives.dll
0x00007ffa688f0000 - 0x00007ffa688fe000 	c:\Users\Razza\.kiro\extensions\redhat.java-1.12.0-win32-x64\jre\17.0.4.1-win32-x86_64\bin\instrument.dll
0x00007ffa3fae0000 - 0x00007ffa3fb05000 	c:\Users\Razza\.kiro\extensions\redhat.java-1.12.0-win32-x64\jre\17.0.4.1-win32-x86_64\bin\java.dll
0x00007ffa409a0000 - 0x00007ffa409b8000 	c:\Users\Razza\.kiro\extensions\redhat.java-1.12.0-win32-x64\jre\17.0.4.1-win32-x86_64\bin\zip.dll
0x00007ffa76140000 - 0x00007ffa7688f000 	C:\WINDOWS\System32\SHELL32.dll
0x00007ffa74410000 - 0x00007ffa7457b000 	C:\WINDOWS\System32\wintypes.dll
0x00007ffa71a30000 - 0x00007ffa7228d000 	C:\WINDOWS\SYSTEM32\windows.storage.dll
0x00007ffa75c50000 - 0x00007ffa75d42000 	C:\WINDOWS\System32\SHCORE.dll
0x00007ffa75d50000 - 0x00007ffa75db7000 	C:\WINDOWS\System32\shlwapi.dll
0x00007ffa73d30000 - 0x00007ffa73d59000 	C:\WINDOWS\SYSTEM32\profapi.dll
0x00007ffa39fa0000 - 0x00007ffa39fb9000 	C:\Users\Razza\.kiro\extensions\redhat.java-1.12.0-win32-x64\jre\17.0.4.1-win32-x86_64\bin\net.dll
0x00007ffa68d20000 - 0x00007ffa68e48000 	C:\WINDOWS\SYSTEM32\WINHTTP.dll
0x00007ffa73140000 - 0x00007ffa731ab000 	C:\WINDOWS\system32\mswsock.dll
0x00007ffa39890000 - 0x00007ffa398a5000 	C:\Users\Razza\.kiro\extensions\redhat.java-1.12.0-win32-x64\jre\17.0.4.1-win32-x86_64\bin\nio.dll
0x00007ffa685d0000 - 0x00007ffa685e0000 	c:\Users\Razza\.kiro\extensions\redhat.java-1.12.0-win32-x64\jre\17.0.4.1-win32-x86_64\bin\verify.dll

dbghelp: loaded successfully - version: 4.0.5 - missing functions: none
symbol engine: initialized successfully - sym options: 0x614 - pdb path: .;c:\Users\Razza\.kiro\extensions\redhat.java-1.12.0-win32-x64\jre\17.0.4.1-win32-x86_64\bin;C:\WINDOWS\SYSTEM32;C:\WINDOWS\WinSxS\amd64_microsoft.windows.common-controls_6595b64144ccf1df_6.0.26100.7019_none_3e06ffa0e335b8a8;c:\Users\Razza\.kiro\extensions\redhat.java-1.12.0-win32-x64\jre\17.0.4.1-win32-x86_64\bin\server

VM Arguments:
jvm_args: --add-modules=ALL-SYSTEM --add-opens=java.base/java.util=ALL-UNNAMED --add-opens=java.base/java.lang=ALL-UNNAMED --add-opens=java.base/sun.nio.fs=ALL-UNNAMED -Declipse.application=org.eclipse.jdt.ls.core.id1 -Dosgi.bundles.defaultStartLevel=4 -Declipse.product=org.eclipse.jdt.ls.core.product -Djava.import.generatesMetadataFilesAtProjectRoot=false -Dfile.encoding=utf8 -XX:+UseParallelGC -XX:GCTimeRatio=4 -XX:AdaptiveSizePolicyWeight=90 -Dsun.zip.disableMemoryMapping=true -Xmx1G -Xms100m -Xlog:disable -javaagent:c:\Users\Razza\.kiro\extensions\redhat.java-1.12.0-win32-x64\lombok\lombok-1.18.24.jar 
java_command: c:\Users\Razza\.kiro\extensions\redhat.java-1.12.0-win32-x64\server\plugins\org.eclipse.equinox.launcher_1.6.400.v20210924-0641.jar -configuration c:\Users\Razza\AppData\Roaming\Kiro\User\globalStorage\redhat.java\1.12.0\config_ss_win -data c:\Users\Razza\AppData\Roaming\Kiro\User\workspaceStorage\258973467f62c406ef5ee91e612777d0\redhat.java\ss_ws
java_class_path (initial): c:\Users\Razza\.kiro\extensions\redhat.java-1.12.0-win32-x64\server\plugins\org.eclipse.equinox.launcher_1.6.400.v20210924-0641.jar
Launcher Type: SUN_STANDARD

[Global flags]
    uintx AdaptiveSizePolicyWeight                 = 90                                        {product} {command line}
     intx CICompilerCount                          = 4                                         {product} {ergonomic}
    uintx GCTimeRatio                              = 4                                         {product} {command line}
   size_t InitialHeapSize                          = 104857600                                 {product} {command line}
   size_t MaxHeapSize                              = 1073741824                                {product} {command line}
   size_t MaxNewSize                               = 357564416                                 {product} {ergonomic}
   size_t MinHeapDeltaBytes                        = 524288                                    {product} {ergonomic}
   size_t MinHeapSize                              = 104857600                                 {product} {command line}
   size_t NewSize                                  = 34603008                                  {product} {ergonomic}
    uintx NonNMethodCodeHeapSize                   = 5839372                                {pd product} {ergonomic}
    uintx NonProfiledCodeHeapSize                  = 122909434                              {pd product} {ergonomic}
   size_t OldSize                                  = 70254592                                  {product} {ergonomic}
    uintx ProfiledCodeHeapSize                     = 122909434                              {pd product} {ergonomic}
    uintx ReservedCodeCacheSize                    = 251658240                              {pd product} {ergonomic}
     bool SegmentedCodeCache                       = true                                      {product} {ergonomic}
   size_t SoftMaxHeapSize                          = 1073741824                             {manageable} {ergonomic}
     bool UseCompressedClassPointers               = true                           {product lp64_product} {ergonomic}
     bool UseCompressedOops                        = true                           {product lp64_product} {ergonomic}
     bool UseLargePagesIndividualAllocation        = false                                  {pd product} {ergonomic}
     bool UseParallelGC                            = true                                      {product} {command line}

Logging:
Log output configuration:
 #0: stdout all=off uptime,level,tags
 #1: stderr all=off uptime,level,tags

Environment Variables:
PATH=C:\Program Files\Common Files\Oracle\Java\javapath;C:\WINDOWS\system32;C:\WINDOWS;C:\WINDOWS\System32\Wbem;C:\WINDOWS\System32\WindowsPowerShell\v1.0\;C:\WINDOWS\System32\OpenSSH\;C:\Program Files\nodejs\;C:\Program Files\Git\cmd;C:\Program Files\dotnet\;C:\Program Files\PuTTY\;C:\Program Files\Cloudflare\Cloudflare WARP\;C:\Users\Razza\.local\bin;C:\Users\Razza\AppData\Local\Programs\Eclipse Adoptium\jdk-25.0.2.10-hotspot\bin;C:\Users\Razza\AppData\Local\Programs\Python\Launcher\;C:\Program Files\Common Files\Oracle\Java\javapath;C:\WINDOWS\system32;C:\WINDOWS;C:\WINDOWS\System32\Wbem;C:\WINDOWS\System32\WindowsPowerShell\v1.0\;C:\WINDOWS\System32\OpenSSH\;C:\Program Files\PuTTY\;C:\Program Files\nodejs\;C:\Program Files\Git\cmd;C:\Program Files\Cloudflare\Cloudflare WARP\;C:\Program Files\dotnet\;C:\Users\Razza\AppData\Local\Microsoft\WindowsApps;C:\xampp\php;C:\Users\Razza\AppData\Local\ComposerSetup\bin;C:\Users\Razza\AppData\Roaming\Composer\vendor\bin;C:\Users\Razza\AppData\Roaming\npm;C:\Users\Razza\AppData\Local\Python\PythonCore-3.14-64\Scripts;C:\Program Files (x86)\Nmap;C:\Users\Razza\AppData\Local\Programs\Windsurf\bin;C:\Users\Razza\AppData\Local\Kiro-Cli\;C:\Users\Razza\AppData\Local\Programs\Microsoft VS Code\bin;C:\Users\Razza\AppData\Local\Programs\Kiro\bin
USERNAME=Razza
OS=Windows_NT
PROCESSOR_IDENTIFIER=AMD64 Family 23 Model 160 Stepping 0, AuthenticAMD
TMP=C:\Users\Razza\AppData\Local\Temp
TEMP=C:\Users\Razza\AppData\Local\Temp



---------------  S Y S T E M  ---------------

OS:
 Windows 11 , 64 bit Build 26100 (10.0.26100.7019)
OS uptime: 0 days 1:37 hours
Hyper-V role detected

CPU: total 8 (initial active 8) (8 cores per cpu, 2 threads per core) family 23 model 160 stepping 0 microcode 0x8a0000a, cx8, cmov, fxsr, ht, mmx, 3dnowpref, sse, sse2, sse3, ssse3, sse4a, sse4.1, sse4.2, popcnt, lzcnt, tsc, tscinvbit, avx, avx2, aes, clmul, bmi1, bmi2, adx, sha, fma, vzeroupper, clflush, clflushopt, hv

Memory: 4k page, system-wide physical 15610M (2413M free)
TotalPageFile size 24045M (AvailPageFile size 16M)
current process WorkingSet (physical memory assigned to process): 65M, peak: 65M
current process commit charge ("private bytes"): 198M, peak: 198M

vm_info: OpenJDK 64-Bit Server VM (17.0.4.1+1) for windows-amd64 JRE (17.0.4.1+1), built on Aug 17 2022 07:42:43 by "temurin" with MS VC++ 16.7 (VS2019)

END.
