#
# There is insufficient memory for the Java Runtime Environment to continue.
# Native memory allocation (malloc) failed to allocate 32744 bytes for ChunkPool::allocate
# Possible reasons:
#   The system is out of physical RAM or swap space
#   The process is running with CompressedOops enabled, and the Java Heap may be blocking the growth of the native heap
# Possible solutions:
#   Reduce memory load on the system
#   Increase physical memory or swap space
#   Check if swap backing store is full
#   Decrease Java heap size (-Xmx/-Xms)
#   Decrease number of Java threads
#   Decrease Java thread stack sizes (-Xss)
#   Set larger code cache with -XX:ReservedCodeCacheSize=
#   JVM is running with Unscaled Compressed Oops mode in which the Java heap is
#     placed in the first 4GB address space. The Java Heap base address is the
#     maximum limit for the native heap growth. Please use -XX:HeapBaseMinAddress
#     to set the Java Heap base and to place the Java Heap above 4GB virtual address.
# This output file may be truncated or incomplete.
#
#  Out of Memory Error (arena.cpp:78), pid=23076, tid=26012
#
# JRE version: OpenJDK Runtime Environment Temurin-17.0.4.1+1 (17.0.4.1+1) (build 17.0.4.1+1)
# Java VM: OpenJDK 64-Bit Server VM Temurin-17.0.4.1+1 (17.0.4.1+1, mixed mode, tiered, compressed oops, compressed class ptrs, parallel gc, windows-amd64)
# No core dump will be written. Minidumps are not enabled by default on client versions of Windows
#

---------------  S U M M A R Y ------------

Command Line: --add-modules=ALL-SYSTEM --add-opens=java.base/java.util=ALL-UNNAMED --add-opens=java.base/java.lang=ALL-UNNAMED --add-opens=java.base/sun.nio.fs=ALL-UNNAMED -Declipse.application=org.eclipse.jdt.ls.core.id1 -Dosgi.bundles.defaultStartLevel=4 -Declipse.product=org.eclipse.jdt.ls.core.product -Djava.import.generatesMetadataFilesAtProjectRoot=false -Dfile.encoding=utf8 -XX:+UseParallelGC -XX:GCTimeRatio=4 -XX:AdaptiveSizePolicyWeight=90 -Dsun.zip.disableMemoryMapping=true -Xmx1G -Xms100m -Xlog:disable -javaagent:c:\Users\Razza\.kiro\extensions\redhat.java-1.12.0-win32-x64\lombok\lombok-1.18.24.jar c:\Users\Razza\.kiro\extensions\redhat.java-1.12.0-win32-x64\server\plugins\org.eclipse.equinox.launcher_1.6.400.v20210924-0641.jar -configuration c:\Users\Razza\AppData\Roaming\Kiro\User\globalStorage\redhat.java\1.12.0\config_ss_win -data c:\Users\Razza\AppData\Roaming\Kiro\User\workspaceStorage\258973467f62c406ef5ee91e612777d0\redhat.java\ss_ws

Host: AMD Ryzen 5 7520U with Radeon Graphics         , 8 cores, 15G,  Windows 11 , 64 bit Build 26100 (10.0.26100.7019)
Time: Fri Apr 24 11:08:39 2026 Malay Peninsula Standard Time elapsed time: 1.154395 seconds (0d 0h 0m 1s)

---------------  T H R E A D  ---------------

Current thread (0x000002591880e3d0):  JavaThread "C2 CompilerThread2" daemon [_thread_in_native, id=26012, stack(0x000000af9a900000,0x000000af9aa00000)]


Current CompileTask:
C2:   1154  474       4       lombok.patcher.scripts.MethodLevelPatchScript::patch (21 bytes)

Stack: [0x000000af9a900000,0x000000af9aa00000]
Native frames: (J=compiled Java code, j=interpreted, Vv=VM code, C=native code)
V  [jvm.dll+0x67731a]
V  [jvm.dll+0x832284]
V  [jvm.dll+0x833a2e]
V  [jvm.dll+0x834093]
V  [jvm.dll+0x245775]
V  [jvm.dll+0xabfc0]
V  [jvm.dll+0xac30c]
V  [jvm.dll+0x2ac865]
V  [jvm.dll+0x57dd77]
V  [jvm.dll+0x220892]
V  [jvm.dll+0x21a069]
V  [jvm.dll+0x21799b]
V  [jvm.dll+0x1a3f8d]
V  [jvm.dll+0x227498]
V  [jvm.dll+0x2255e5]
V  [jvm.dll+0x7e7e9b]
V  [jvm.dll+0x7e240a]
V  [jvm.dll+0x6761a5]
C  [ucrtbase.dll+0x37b0]
C  [KERNEL32.DLL+0x2e8d7]
C  [ntdll.dll+0x8c53c]


---------------  P R O C E S S  ---------------

Threads class SMR info:
_java_thread_list=0x00000259187612c0, length=14, elements={
0x0000025900afb7c0, 0x0000025900bb33f0, 0x0000025900bb54e0, 0x0000025900bb8fc0,
0x0000025900bba990, 0x0000025900bbea70, 0x00000259168eb6a0, 0x0000025918471d50,
0x00000259184ceea0, 0x00000259184ec6b0, 0x0000025918506c50, 0x0000025918741e20,
0x000002591880da10, 0x000002591880e3d0
}

Java Threads: ( => current thread )
  0x0000025900afb7c0 JavaThread "main" [_thread_in_vm, id=20652, stack(0x000000af99900000,0x000000af99a00000)]
  0x0000025900bb33f0 JavaThread "Reference Handler" daemon [_thread_blocked, id=26612, stack(0x000000af99c00000,0x000000af99d00000)]
  0x0000025900bb54e0 JavaThread "Finalizer" daemon [_thread_blocked, id=26480, stack(0x000000af99d00000,0x000000af99e00000)]
  0x0000025900bb8fc0 JavaThread "Signal Dispatcher" daemon [_thread_blocked, id=17948, stack(0x000000af99e00000,0x000000af99f00000)]
  0x0000025900bba990 JavaThread "Attach Listener" daemon [_thread_blocked, id=21812, stack(0x000000af99f00000,0x000000af9a000000)]
  0x0000025900bbea70 JavaThread "Service Thread" daemon [_thread_blocked, id=24088, stack(0x000000af9a000000,0x000000af9a100000)]
  0x00000259168eb6a0 JavaThread "Monitor Deflation Thread" daemon [_thread_blocked, id=14192, stack(0x000000af9a100000,0x000000af9a200000)]
  0x0000025918471d50 JavaThread "C2 CompilerThread0" daemon [_thread_blocked, id=20028, stack(0x000000af9a200000,0x000000af9a300000)]
  0x00000259184ceea0 JavaThread "C1 CompilerThread0" daemon [_thread_blocked, id=24028, stack(0x000000af9a300000,0x000000af9a400000)]
  0x00000259184ec6b0 JavaThread "Sweeper thread" daemon [_thread_blocked, id=21852, stack(0x000000af9a400000,0x000000af9a500000)]
  0x0000025918506c50 JavaThread "Common-Cleaner" daemon [_thread_blocked, id=23460, stack(0x000000af9a500000,0x000000af9a600000)]
  0x0000025918741e20 JavaThread "Notification Thread" daemon [_thread_blocked, id=26204, stack(0x000000af9a600000,0x000000af9a700000)]
  0x000002591880da10 JavaThread "C2 CompilerThread1" daemon [_thread_in_native, id=26200, stack(0x000000af9a800000,0x000000af9a900000)]
=>0x000002591880e3d0 JavaThread "C2 CompilerThread2" daemon [_thread_in_native, id=26012, stack(0x000000af9a900000,0x000000af9aa00000)]

Other Threads:
  0x00000259168dfd00 VMThread "VM Thread" [stack: 0x000000af99b00000,0x000000af99c00000] [id=24080]
  0x000002591873cbd0 WatcherThread [stack: 0x000000af9a700000,0x000000af9a800000] [id=9896]
  0x0000025900b10450 GCTaskThread "GC Thread#0" [stack: 0x000000af99a00000,0x000000af99b00000] [id=23912]

Threads with active compile tasks:
C2 CompilerThread1     1172  475       4       lombok.patcher.PatchScript::classMatches (41 bytes)
C2 CompilerThread2     1172  474       4       lombok.patcher.scripts.MethodLevelPatchScript::patch (21 bytes)

VM state: not at safepoint (normal execution)

VM Mutex/Monitor currently owned by a thread:  ([mutex/lock_event])
[0x0000025900af6900] Metaspace_lock - owner thread: 0x0000025900afb7c0

Heap address: 0x00000000c0000000, size: 1024 MB, Compressed Oops mode: 32-bit

CDS archive(s) not mapped
Compressed class space mapped at: 0x0000000100000000-0x0000000140000000, reserved size: 1073741824
Narrow klass base: 0x0000000000000000, Narrow klass shift: 3, Narrow klass range: 0x140000000

GC Precious Log:
 CPUs: 8 total, 8 available
 Memory: 15610M
 Large Page Support: Disabled
 NUMA Support: Disabled
 Compressed Oops: Enabled (32-bit)
 Alignments: Space 512K, Generation 512K, Heap 2M
 Heap Min Capacity: 100M
 Heap Initial Capacity: 100M
 Heap Max Capacity: 1G
 Pre-touch: Disabled
 Parallel Workers: 8

Heap:
 PSYoungGen      total 29696K, used 11658K [0x00000000eab00000, 0x00000000ecc00000, 0x0000000100000000)
  eden space 25600K, 45% used [0x00000000eab00000,0x00000000eb662980,0x00000000ec400000)
  from space 4096K, 0% used [0x00000000ec800000,0x00000000ec800000,0x00000000ecc00000)
  to   space 4096K, 0% used [0x00000000ec400000,0x00000000ec400000,0x00000000ec800000)
 ParOldGen       total 68608K, used 0K [0x00000000c0000000, 0x00000000c4300000, 0x00000000eab00000)
  object space 68608K, 0% used [0x00000000c0000000,0x00000000c0000000,0x00000000c4300000)
 Metaspace       used 8245K, committed 8320K, reserved 1056768K
  class space    used 830K, committed 896K, reserved 1048576K

Card table byte_map: [0x0000025914160000,0x0000025914370000] _byte_map_base: 0x0000025913b60000

Marking Bits: (ParMarkBitMap*) 0x00007ff9fd132cc0
 Begin Bits: [0x00000259144d0000, 0x00000259154d0000)
 End Bits:   [0x00000259154d0000, 0x00000259164d0000)

Polling page: 0x0000025900bc0000

Metaspace:

Usage:
  Non-class:      7.24 MB used.
      Class:    830.22 KB used.
       Both:      8.05 MB used.

Virtual space:
  Non-class space:        8.00 MB reserved,       7.25 MB ( 91%) committed,  1 nodes.
      Class space:        1.00 GB reserved,     896.00 KB ( <1%) committed,  1 nodes.
             Both:        1.01 GB reserved,       8.12 MB ( <1%) committed. 

Chunk freelists:
   Non-Class:  0 bytes
       Class:  3.09 MB
        Both:  3.09 MB

MaxMetaspaceSize: unlimited
CompressedClassSpaceSize: 1.00 GB
Initial GC threshold: 21.00 MB
Current GC threshold: 21.00 MB
CDS: off
MetaspaceReclaimPolicy: balanced
 - commit_granule_bytes: 65536.
 - commit_granule_words: 8192.
 - virtual_space_node_default_size: 1048576.
 - enlarge_chunks_in_place: 1.
 - new_chunks_are_fully_committed: 0.
 - uncommit_free_chunks: 1.
 - use_allocation_guard: 0.
 - handle_deallocations: 1.


Internal statistics:

num_allocs_failed_limit: 0.
num_arena_births: 10.
num_arena_deaths: 0.
num_vsnodes_births: 2.
num_vsnodes_deaths: 0.
num_space_committed: 130.
num_space_uncommitted: 0.
num_chunks_returned_to_freelist: 0.
num_chunks_taken_from_freelist: 38.
num_chunk_merges: 0.
num_chunk_splits: 20.
num_chunks_enlarged: 17.
num_purges: 0.
num_inconsistent_stats: 0.

CodeHeap 'non-profiled nmethods': size=120000Kb used=159Kb max_used=159Kb free=119840Kb
 bounds [0x000002590ca50000, 0x000002590ccc0000, 0x0000025913f80000]
CodeHeap 'profiled nmethods': size=120000Kb used=639Kb max_used=639Kb free=119360Kb
 bounds [0x0000025905520000, 0x0000025905790000, 0x000002590ca50000]
CodeHeap 'non-nmethods': size=5760Kb used=1125Kb max_used=1150Kb free=4634Kb
 bounds [0x0000025904f80000, 0x00000259051f0000, 0x0000025905520000]
 total_blobs=896 nmethods=485 adapters=326
 compilation: enabled
              stopped_count=0, restarted_count=0
 full_count=0

Compilation events (20 events):
Event: 0.928 Thread 0x0000025918471d50  460       4       java.lang.CharacterData::of (136 bytes)
Event: 0.928 Thread 0x0000025918471d50 nmethod 460 0x000002590ca74a90 code [0x000002590ca74c00, 0x000002590ca74c78]
Event: 0.928 Thread 0x0000025918471d50  462       4       java.lang.CharacterDataLatin1::digit (32 bytes)
Event: 0.928 Thread 0x00000259184ceea0  471       3       java.lang.Byte::<init> (10 bytes)
Event: 0.929 Thread 0x0000025918471d50 nmethod 462 0x000002590ca74d90 code [0x000002590ca74f20, 0x000002590ca75018]
Event: 0.929 Thread 0x00000259184ceea0 nmethod 471 0x00000259055bb990 code [0x00000259055bbb40, 0x00000259055bbd18]
Event: 0.929 Thread 0x0000025918471d50  466       4       java.lang.Character::digit (6 bytes)
Event: 0.929 Thread 0x000002591880e3d0 nmethod 467 0x000002590ca75110 code [0x000002590ca75280, 0x000002590ca753d8]
Event: 0.929 Thread 0x000002591880e3d0  459       4       java.lang.StringLatin1::newString (24 bytes)
Event: 0.930 Thread 0x0000025918471d50 nmethod 466 0x000002590ca75510 code [0x000002590ca756a0, 0x000002590ca75798]
Event: 0.931 Thread 0x00000259184ceea0  472       3       java.lang.reflect.Modifier::isPublic (12 bytes)
Event: 0.931 Thread 0x00000259184ceea0 nmethod 472 0x00000259055bbe10 code [0x00000259055bbfa0, 0x00000259055bc0f8]
Event: 0.932 Thread 0x000002591880da10 nmethod 468 0x000002590ca75910 code [0x000002590ca75a80, 0x000002590ca75d38]
Event: 0.932 Thread 0x000002591880e3d0 nmethod 459 0x000002590ca75e90 code [0x000002590ca76020, 0x000002590ca763f8]
Event: 0.932 Thread 0x00000259184ceea0  473  s    3       java.io.ByteArrayOutputStream::write (32 bytes)
Event: 0.932 Thread 0x00000259184ceea0 nmethod 473 0x00000259055bc190 code [0x00000259055bc340, 0x00000259055bc588]
Event: 0.959 Thread 0x000002591880e3d0  474       4       lombok.patcher.scripts.MethodLevelPatchScript::patch (21 bytes)
Event: 0.959 Thread 0x000002591880da10  475       4       lombok.patcher.PatchScript::classMatches (41 bytes)
Event: 0.960 Thread 0x00000259184ceea0  476   !   3       java.lang.invoke.MemberName::getMethodType (211 bytes)
Event: 0.961 Thread 0x00000259184ceea0 nmethod 476 0x00000259055bc690 code [0x00000259055bc980, 0x00000259055bde38]

GC Heap History (0 events):
No events

Deoptimization events (18 events):
Event: 0.819 Thread 0x0000025900afb7c0 DEOPT PACKING pc=0x0000025905539c93 sp=0x000000af999fda00
Event: 0.819 Thread 0x0000025900afb7c0 DEOPT UNPACKING pc=0x0000025904fd2843 sp=0x000000af999fcec0 mode 0
Event: 0.820 Thread 0x0000025900afb7c0 Uncommon trap: trap_request=0xffffff45 fr.pc=0x000002590ca5f274 relative=0x0000000000000074
Event: 0.820 Thread 0x0000025900afb7c0 Uncommon trap: reason=unstable_if action=reinterpret pc=0x000002590ca5f274 method=java.lang.String.isLatin1()Z @ 10 c2
Event: 0.820 Thread 0x0000025900afb7c0 DEOPT PACKING pc=0x000002590ca5f274 sp=0x000000af999fef40
Event: 0.821 Thread 0x0000025900afb7c0 DEOPT UNPACKING pc=0x0000025904fd20a3 sp=0x000000af999fee80 mode 2
Event: 0.861 Thread 0x0000025900afb7c0 Uncommon trap: trap_request=0xffffff45 fr.pc=0x000002590ca5e740 relative=0x0000000000000560
Event: 0.861 Thread 0x0000025900afb7c0 Uncommon trap: reason=unstable_if action=reinterpret pc=0x000002590ca5e740 method=java.util.HashMap.putVal(ILjava/lang/Object;Ljava/lang/Object;ZZ)Ljava/lang/Object; @ 181 c2
Event: 0.861 Thread 0x0000025900afb7c0 DEOPT PACKING pc=0x000002590ca5e740 sp=0x000000af999fdd80
Event: 0.861 Thread 0x0000025900afb7c0 DEOPT UNPACKING pc=0x0000025904fd20a3 sp=0x000000af999fdcf0 mode 2
Event: 0.909 Thread 0x0000025900afb7c0 Uncommon trap: trap_request=0xffffff45 fr.pc=0x000002590ca63dc0 relative=0x00000000000000c0
Event: 0.909 Thread 0x0000025900afb7c0 Uncommon trap: reason=unstable_if action=reinterpret pc=0x000002590ca63dc0 method=java.net.URI.match(CJJ)Z @ 45 c2
Event: 0.909 Thread 0x0000025900afb7c0 DEOPT PACKING pc=0x000002590ca63dc0 sp=0x000000af999fca10
Event: 0.909 Thread 0x0000025900afb7c0 DEOPT UNPACKING pc=0x0000025904fd20a3 sp=0x000000af999fc998 mode 2
Event: 0.917 Thread 0x0000025900afb7c0 Uncommon trap: trap_request=0xffffff45 fr.pc=0x000002590ca7266c relative=0x000000000000060c
Event: 0.917 Thread 0x0000025900afb7c0 Uncommon trap: reason=unstable_if action=reinterpret pc=0x000002590ca7266c method=java.lang.String.replace(Ljava/lang/CharSequence;Ljava/lang/CharSequence;)Ljava/lang/String; @ 48 c2
Event: 0.917 Thread 0x0000025900afb7c0 DEOPT PACKING pc=0x000002590ca7266c sp=0x000000af999fc990
Event: 0.917 Thread 0x0000025900afb7c0 DEOPT UNPACKING pc=0x0000025904fd20a3 sp=0x000000af999fc910 mode 2

Classes unloaded (0 events):
No events

Classes redefined (0 events):
No events

Internal exceptions (2 events):
Event: 0.283 Thread 0x0000025900afb7c0 Exception <a 'java/lang/NoSuchMethodError'{0x00000000eacb25c8}: 'void java.lang.invoke.DirectMethodHandle$Holder.invokeStatic(java.lang.Object, java.lang.Object, java.lang.Object)'> (0x00000000eacb25c8) 
thrown [s\src\hotspot\share\interpreter\linkResolver.cpp, line 759]
Event: 0.693 Thread 0x0000025900afb7c0 Exception <a 'java/lang/reflect/InvocationTargetException'{0x00000000eaf77fc8}> (0x00000000eaf77fc8) 
thrown [s\src\hotspot\share\runtime\reflection.cpp, line 1121]

VM Operations (2 events):
Event: 0.290 Executing VM operation: HandshakeAllThreads
Event: 0.290 Executing VM operation: HandshakeAllThreads done

Events (20 events):
Event: 0.959 loading class java/lang/ArrayIndexOutOfBoundsException done
Event: 0.960 loading class java/lang/invoke/VarHandleByteArrayAsInts
Event: 0.960 loading class java/lang/invoke/VarHandleByteArrayBase
Event: 0.960 loading class java/lang/invoke/VarHandleByteArrayBase done
Event: 0.960 loading class java/lang/invoke/VarHandleByteArrayAsInts done
Event: 0.960 loading class java/lang/invoke/VarHandleByteArrayAsLongs$ArrayHandle
Event: 0.961 loading class java/lang/invoke/VarHandleByteArrayAsLongs$ByteArrayViewVarHandle
Event: 0.961 loading class java/lang/invoke/VarHandleByteArrayAsLongs$ByteArrayViewVarHandle done
Event: 0.961 loading class java/lang/invoke/VarHandleByteArrayAsLongs$ArrayHandle done
Event: 0.961 loading class java/lang/invoke/VarHandleByteArrayAsLongs
Event: 0.961 loading class java/lang/invoke/VarHandleByteArrayAsLongs done
Event: 0.962 loading class java/lang/invoke/VarHandle$AccessDescriptor
Event: 0.962 loading class java/lang/invoke/VarHandle$AccessDescriptor done
Event: 0.962 loading class java/lang/invoke/VarHandle$TypesAndInvokers
Event: 0.962 loading class java/lang/invoke/VarHandle$TypesAndInvokers done
Event: 0.962 loading class java/lang/invoke/VarHandle$2
Event: 1.124 loading class java/lang/invoke/VarHandle$2 done
Event: 1.124 loading class java/lang/invoke/VarHandle$VarHandleDesc$Kind
Event: 1.124 loading class java/lang/invoke/VarHandle$VarHandleDesc$Kind done
Event: 1.125 loading class java/lang/constant/ConstantDescs


Dynamic libraries:
0x00007ff7dabf0000 - 0x00007ff7dabfe000 	c:\Users\Razza\.kiro\extensions\redhat.java-1.12.0-win32-x64\jre\17.0.4.1-win32-x86_64\bin\java.exe
0x00007ffa76cc0000 - 0x00007ffa76f28000 	C:\WINDOWS\SYSTEM32\ntdll.dll
0x00007ffa74f80000 - 0x00007ffa75049000 	C:\WINDOWS\System32\KERNEL32.DLL
0x00007ffa74010000 - 0x00007ffa74408000 	C:\WINDOWS\System32\KERNELBASE.dll
0x00007ffa73ec0000 - 0x00007ffa7400b000 	C:\WINDOWS\System32\ucrtbase.dll
0x00007ffa60fa0000 - 0x00007ffa60fb8000 	c:\Users\Razza\.kiro\extensions\redhat.java-1.12.0-win32-x64\jre\17.0.4.1-win32-x86_64\bin\jli.dll
0x00007ffa5a4b0000 - 0x00007ffa5a4c9000 	c:\Users\Razza\.kiro\extensions\redhat.java-1.12.0-win32-x64\jre\17.0.4.1-win32-x86_64\bin\VCRUNTIME140.dll
0x00007ffa75960000 - 0x00007ffa75b27000 	C:\WINDOWS\System32\USER32.dll
0x00007ffa74900000 - 0x00007ffa74927000 	C:\WINDOWS\System32\win32u.dll
0x00007ffa74de0000 - 0x00007ffa74e0b000 	C:\WINDOWS\System32\GDI32.dll
0x00007ffa74930000 - 0x00007ffa74a5c000 	C:\WINDOWS\System32\gdi32full.dll
0x00007ffa74850000 - 0x00007ffa748f3000 	C:\WINDOWS\System32\msvcp_win.dll
0x00007ffa5b980000 - 0x00007ffa5bc14000 	C:\WINDOWS\WinSxS\amd64_microsoft.windows.common-controls_6595b64144ccf1df_6.0.26100.7019_none_3e06ffa0e335b8a8\COMCTL32.dll
0x00007ffa75ba0000 - 0x00007ffa75c49000 	C:\WINDOWS\System32\msvcrt.dll
0x00007ffa75b60000 - 0x00007ffa75b91000 	C:\WINDOWS\System32\IMM32.DLL
0x00007ffa6eb90000 - 0x00007ffa6eb9c000 	c:\Users\Razza\.kiro\extensions\redhat.java-1.12.0-win32-x64\jre\17.0.4.1-win32-x86_64\bin\vcruntime140_1.dll
0x00007ffa401d0000 - 0x00007ffa40261000 	c:\Users\Razza\.kiro\extensions\redhat.java-1.12.0-win32-x64\jre\17.0.4.1-win32-x86_64\bin\msvcp140.dll
0x00007ff9fc5b0000 - 0x00007ff9fd1f6000 	c:\Users\Razza\.kiro\extensions\redhat.java-1.12.0-win32-x64\jre\17.0.4.1-win32-x86_64\bin\server\jvm.dll
0x00007ffa75060000 - 0x00007ffa75114000 	C:\WINDOWS\System32\ADVAPI32.dll
0x00007ffa76020000 - 0x00007ffa760c6000 	C:\WINDOWS\System32\sechost.dll
0x00007ffa74cc0000 - 0x00007ffa74dd8000 	C:\WINDOWS\System32\RPCRT4.dll
0x00007ffa76130000 - 0x00007ffa76138000 	C:\WINDOWS\System32\PSAPI.DLL
0x00007ffa6ead0000 - 0x00007ffa6eada000 	C:\WINDOWS\SYSTEM32\WSOCK32.dll
0x00007ffa6a110000 - 0x00007ffa6a145000 	C:\WINDOWS\SYSTEM32\WINMM.dll
0x00007ffa74bb0000 - 0x00007ffa74c24000 	C:\WINDOWS\System32\WS2_32.dll
0x00007ffa69b70000 - 0x00007ffa69b7b000 	C:\WINDOWS\SYSTEM32\VERSION.dll
0x00007ffa72bd0000 - 0x00007ffa72beb000 	C:\WINDOWS\SYSTEM32\kernel.appcore.dll
0x00007ffa694d0000 - 0x00007ffa694da000 	c:\Users\Razza\.kiro\extensions\redhat.java-1.12.0-win32-x64\jre\17.0.4.1-win32-x86_64\bin\jimage.dll
0x00007ffa66080000 - 0x00007ffa662c2000 	C:\WINDOWS\SYSTEM32\DBGHELP.DLL
0x00007ffa768a0000 - 0x00007ffa76c2b000 	C:\WINDOWS\System32\combase.dll
0x00007ffa75140000 - 0x00007ffa75217000 	C:\WINDOWS\System32\OLEAUT32.dll
0x00007ffa50d30000 - 0x00007ffa50d6c000 	C:\WINDOWS\SYSTEM32\dbgcore.DLL
0x00007ffa73e10000 - 0x00007ffa73eb5000 	C:\WINDOWS\System32\bcryptPrimitives.dll
0x00007ffa70390000 - 0x00007ffa7039e000 	c:\Users\Razza\.kiro\extensions\redhat.java-1.12.0-win32-x64\jre\17.0.4.1-win32-x86_64\bin\instrument.dll
0x00007ffa68900000 - 0x00007ffa68925000 	c:\Users\Razza\.kiro\extensions\redhat.java-1.12.0-win32-x64\jre\17.0.4.1-win32-x86_64\bin\java.dll
0x00007ffa69ab0000 - 0x00007ffa69ac8000 	c:\Users\Razza\.kiro\extensions\redhat.java-1.12.0-win32-x64\jre\17.0.4.1-win32-x86_64\bin\zip.dll
0x00007ffa76140000 - 0x00007ffa7688f000 	C:\WINDOWS\System32\SHELL32.dll
0x00007ffa74410000 - 0x00007ffa7457b000 	C:\WINDOWS\System32\wintypes.dll
0x00007ffa71a30000 - 0x00007ffa7228d000 	C:\WINDOWS\SYSTEM32\windows.storage.dll
0x00007ffa75c50000 - 0x00007ffa75d42000 	C:\WINDOWS\System32\SHCORE.dll
0x00007ffa75d50000 - 0x00007ffa75db7000 	C:\WINDOWS\System32\shlwapi.dll
0x00007ffa73d30000 - 0x00007ffa73d59000 	C:\WINDOWS\SYSTEM32\profapi.dll
0x00007ffa62e90000 - 0x00007ffa62ea9000 	C:\Users\Razza\.kiro\extensions\redhat.java-1.12.0-win32-x64\jre\17.0.4.1-win32-x86_64\bin\net.dll
0x00007ffa68d20000 - 0x00007ffa68e48000 	C:\WINDOWS\SYSTEM32\WINHTTP.dll
0x00007ffa73140000 - 0x00007ffa731ab000 	C:\WINDOWS\system32\mswsock.dll
0x00007ffa61170000 - 0x00007ffa61185000 	C:\Users\Razza\.kiro\extensions\redhat.java-1.12.0-win32-x64\jre\17.0.4.1-win32-x86_64\bin\nio.dll
0x00007ffa6eae0000 - 0x00007ffa6eaf0000 	c:\Users\Razza\.kiro\extensions\redhat.java-1.12.0-win32-x64\jre\17.0.4.1-win32-x86_64\bin\verify.dll

dbghelp: loaded successfully - version: 4.0.5 - missing functions: none
symbol engine: initialized successfully - sym options: 0x614 - pdb path: .;c:\Users\Razza\.kiro\extensions\redhat.java-1.12.0-win32-x64\jre\17.0.4.1-win32-x86_64\bin;C:\WINDOWS\SYSTEM32;C:\WINDOWS\WinSxS\amd64_microsoft.windows.common-controls_6595b64144ccf1df_6.0.26100.7019_none_3e06ffa0e335b8a8;c:\Users\Razza\.kiro\extensions\redhat.java-1.12.0-win32-x64\jre\17.0.4.1-win32-x86_64\bin\server

VM Arguments:
jvm_args: --add-modules=ALL-SYSTEM --add-opens=java.base/java.util=ALL-UNNAMED --add-opens=java.base/java.lang=ALL-UNNAMED --add-opens=java.base/sun.nio.fs=ALL-UNNAMED -Declipse.application=org.eclipse.jdt.ls.core.id1 -Dosgi.bundles.defaultStartLevel=4 -Declipse.product=org.eclipse.jdt.ls.core.product -Djava.import.generatesMetadataFilesAtProjectRoot=false -Dfile.encoding=utf8 -XX:+UseParallelGC -XX:GCTimeRatio=4 -XX:AdaptiveSizePolicyWeight=90 -Dsun.zip.disableMemoryMapping=true -Xmx1G -Xms100m -Xlog:disable -javaagent:c:\Users\Razza\.kiro\extensions\redhat.java-1.12.0-win32-x64\lombok\lombok-1.18.24.jar 
java_command: c:\Users\Razza\.kiro\extensions\redhat.java-1.12.0-win32-x64\server\plugins\org.eclipse.equinox.launcher_1.6.400.v20210924-0641.jar -configuration c:\Users\Razza\AppData\Roaming\Kiro\User\globalStorage\redhat.java\1.12.0\config_ss_win -data c:\Users\Razza\AppData\Roaming\Kiro\User\workspaceStorage\258973467f62c406ef5ee91e612777d0\redhat.java\ss_ws
java_class_path (initial): c:\Users\Razza\.kiro\extensions\redhat.java-1.12.0-win32-x64\server\plugins\org.eclipse.equinox.launcher_1.6.400.v20210924-0641.jar
Launcher Type: SUN_STANDARD

[Global flags]
    uintx AdaptiveSizePolicyWeight                 = 90                                        {product} {command line}
     intx CICompilerCount                          = 4                                         {product} {ergonomic}
    uintx GCTimeRatio                              = 4                                         {product} {command line}
   size_t InitialHeapSize                          = 104857600                                 {product} {command line}
   size_t MaxHeapSize                              = 1073741824                                {product} {command line}
   size_t MaxNewSize                               = 357564416                                 {product} {ergonomic}
   size_t MinHeapDeltaBytes                        = 524288                                    {product} {ergonomic}
   size_t MinHeapSize                              = 104857600                                 {product} {command line}
   size_t NewSize                                  = 34603008                                  {product} {ergonomic}
    uintx NonNMethodCodeHeapSize                   = 5839372                                {pd product} {ergonomic}
    uintx NonProfiledCodeHeapSize                  = 122909434                              {pd product} {ergonomic}
   size_t OldSize                                  = 70254592                                  {product} {ergonomic}
    uintx ProfiledCodeHeapSize                     = 122909434                              {pd product} {ergonomic}
    uintx ReservedCodeCacheSize                    = 251658240                              {pd product} {ergonomic}
     bool SegmentedCodeCache                       = true                                      {product} {ergonomic}
   size_t SoftMaxHeapSize                          = 1073741824                             {manageable} {ergonomic}
     bool UseCompressedClassPointers               = true                           {product lp64_product} {ergonomic}
     bool UseCompressedOops                        = true                           {product lp64_product} {ergonomic}
     bool UseLargePagesIndividualAllocation        = false                                  {pd product} {ergonomic}
     bool UseParallelGC                            = true                                      {product} {command line}

Logging:
Log output configuration:
 #0: stdout all=off uptime,level,tags
 #1: stderr all=off uptime,level,tags

Environment Variables:
PATH=C:\Program Files\Common Files\Oracle\Java\javapath;C:\WINDOWS\system32;C:\WINDOWS;C:\WINDOWS\System32\Wbem;C:\WINDOWS\System32\WindowsPowerShell\v1.0\;C:\WINDOWS\System32\OpenSSH\;C:\Program Files\nodejs\;C:\Program Files\Git\cmd;C:\Program Files\dotnet\;C:\Program Files\PuTTY\;C:\Program Files\Cloudflare\Cloudflare WARP\;C:\Users\Razza\.local\bin;C:\Users\Razza\AppData\Local\Programs\Eclipse Adoptium\jdk-25.0.2.10-hotspot\bin;C:\Users\Razza\AppData\Local\Programs\Python\Launcher\;C:\Program Files\Common Files\Oracle\Java\javapath;C:\WINDOWS\system32;C:\WINDOWS;C:\WINDOWS\System32\Wbem;C:\WINDOWS\System32\WindowsPowerShell\v1.0\;C:\WINDOWS\System32\OpenSSH\;C:\Program Files\PuTTY\;C:\Program Files\nodejs\;C:\Program Files\Git\cmd;C:\Program Files\Cloudflare\Cloudflare WARP\;C:\Program Files\dotnet\;C:\Users\Razza\AppData\Local\Microsoft\WindowsApps;C:\xampp\php;C:\Users\Razza\AppData\Local\ComposerSetup\bin;C:\Users\Razza\AppData\Roaming\Composer\vendor\bin;C:\Users\Razza\AppData\Roaming\npm;C:\Users\Razza\AppData\Local\Python\PythonCore-3.14-64\Scripts;C:\Program Files (x86)\Nmap;C:\Users\Razza\AppData\Local\Programs\Windsurf\bin;C:\Users\Razza\AppData\Local\Kiro-Cli\;C:\Users\Razza\AppData\Local\Programs\Microsoft VS Code\bin;C:\Users\Razza\AppData\Local\Programs\Kiro\bin
USERNAME=Razza
OS=Windows_NT
PROCESSOR_IDENTIFIER=AMD64 Family 23 Model 160 Stepping 0, AuthenticAMD
TMP=C:\Users\Razza\AppData\Local\Temp
TEMP=C:\Users\Razza\AppData\Local\Temp



---------------  S Y S T E M  ---------------

OS:
 Windows 11 , 64 bit Build 26100 (10.0.26100.7019)
OS uptime: 0 days 1:35 hours
Hyper-V role detected

CPU: total 8 (initial active 8) (8 cores per cpu, 2 threads per core) family 23 model 160 stepping 0 microcode 0x8a0000a, cx8, cmov, fxsr, ht, mmx, 3dnowpref, sse, sse2, sse3, ssse3, sse4a, sse4.1, sse4.2, popcnt, lzcnt, tsc, tscinvbit, avx, avx2, aes, clmul, bmi1, bmi2, adx, sha, fma, vzeroupper, clflush, clflushopt, hv

Memory: 4k page, system-wide physical 15610M (2436M free)
TotalPageFile size 23281M (AvailPageFile size 0M)
current process WorkingSet (physical memory assigned to process): 53M, peak: 53M
current process commit charge ("private bytes"): 193M, peak: 193M

vm_info: OpenJDK 64-Bit Server VM (17.0.4.1+1) for windows-amd64 JRE (17.0.4.1+1), built on Aug 17 2022 07:42:43 by "temurin" with MS VC++ 16.7 (VS2019)

END.
