#
# There is insufficient memory for the Java Runtime Environment to continue.
# Native memory allocation (malloc) failed to allocate 1424976 bytes for Chunk::new
# Possible reasons:
#   The system is out of physical RAM or swap space
#   The process is running with CompressedOops enabled, and the Java Heap may be blocking the growth of the native heap
# Possible solutions:
#   Reduce memory load on the system
#   Increase physical memory or swap space
#   Check if swap backing store is full
#   Decrease Java heap size (-Xmx/-Xms)
#   Decrease number of Java threads
#   Decrease Java thread stack sizes (-Xss)
#   Set larger code cache with -XX:ReservedCodeCacheSize=
#   JVM is running with Unscaled Compressed Oops mode in which the Java heap is
#     placed in the first 4GB address space. The Java Heap base address is the
#     maximum limit for the native heap growth. Please use -XX:HeapBaseMinAddress
#     to set the Java Heap base and to place the Java Heap above 4GB virtual address.
# This output file may be truncated or incomplete.
#
#  Out of Memory Error (arena.cpp:168), pid=22504, tid=14424
#
# JRE version: Java(TM) SE Runtime Environment (21.0.10+8) (build 21.0.10+8-LTS-217)
# Java VM: Java HotSpot(TM) 64-Bit Server VM (21.0.10+8-LTS-217, mixed mode, sharing, tiered, compressed oops, compressed class ptrs, g1 gc, windows-amd64)
# No core dump will be written. Minidumps are not enabled by default on client versions of Windows
#

---------------  S U M M A R Y ------------

Command Line: --enable-native-access=ALL-UNNAMED -Xms256m -Xmx512m -Dclassworlds.conf=C:\Users\Razza\apache-maven-3.9.15\bin\m2.conf -Dmaven.home=C:\Users\Razza\apache-maven-3.9.15 -Dlibrary.jansi.path=C:\Users\Razza\apache-maven-3.9.15\lib\jansi-native -Dmaven.multiModuleProjectDirectory=C:\Users\Razza\OneDrive\Desktop\Java-FX-BDMS org.codehaus.plexus.classworlds.launcher.Launcher exec:java -Dexec.mainClass=com.example.App

Host: AMD Ryzen 5 7520U with Radeon Graphics         , 8 cores, 15G,  Windows 11 , 64 bit Build 26100 (10.0.26100.7019)
Time: Fri Apr 24 11:03:50 2026 Malay Peninsula Standard Time elapsed time: 16.505130 seconds (0d 0h 0m 16s)

---------------  T H R E A D  ---------------

Current thread (0x0000020ca8967370):  JavaThread "C2 CompilerThread0" daemon [_thread_in_native, id=14424, stack(0x0000001e4b400000,0x0000001e4b500000) (1024K)]


Current CompileTask:
C2:  16505 6668   !   4       javafx.scene.CssStyleHelper::transitionToState (1039 bytes)

Stack: [0x0000001e4b400000,0x0000001e4b500000]
Native frames: (J=compiled Java code, j=interpreted, Vv=VM code, C=native code)
V  [jvm.dll+0x6d0b59]
V  [jvm.dll+0x85fd56]
V  [jvm.dll+0x86224e]
V  [jvm.dll+0x862923]
V  [jvm.dll+0x282a16]
V  [jvm.dll+0xc662d]
V  [jvm.dll+0xc6b71]
V  [jvm.dll+0x3bbb21]
V  [jvm.dll+0x1e36e2]
V  [jvm.dll+0x24b4c3]
V  [jvm.dll+0x24a94f]
V  [jvm.dll+0x1cacfe]
V  [jvm.dll+0x25a629]
V  [jvm.dll+0x258bb5]
V  [jvm.dll+0x3f4da1]
V  [jvm.dll+0x80a83d]
V  [jvm.dll+0x6cf3fd]
C  [ucrtbase.dll+0x37b0]
C  [KERNEL32.DLL+0x2e8d7]
C  [ntdll.dll+0x8c53c]


---------------  P R O C E S S  ---------------

Threads class SMR info:
_java_thread_list=0x0000020ca8be5540, length=29, elements={
0x0000020c8dccf110, 0x0000020ca8957390, 0x0000020ca895c010, 0x0000020ca8961aa0,
0x0000020ca8962710, 0x0000020ca8963170, 0x0000020ca8963fe0, 0x0000020ca8967370,
0x0000020ca8978ca0, 0x0000020ca8ac8980, 0x0000020ca8acd1d0, 0x0000020cee75d510,
0x0000020cef405a50, 0x0000020cef4060c0, 0x0000020cef406730, 0x0000020cef7ce4e0,
0x0000020cef5a6730, 0x0000020cef3e1000, 0x0000020cef3eaeb0, 0x0000020cefcbc220,
0x0000020cefcbbb90, 0x0000020cefcbe980, 0x0000020cefcbd5d0, 0x0000020cefcbdc60,
0x0000020cefcbe2f0, 0x0000020cefcbf010, 0x0000020ceebf21f0, 0x0000020cef5b4530,
0x0000020ca8c00820
}

Java Threads: ( => current thread )
  0x0000020c8dccf110 JavaThread "main"                              [_thread_blocked, id=21940, stack(0x0000001e4a600000,0x0000001e4a700000) (1024K)]
  0x0000020ca8957390 JavaThread "Reference Handler"          daemon [_thread_blocked, id=24760, stack(0x0000001e4ae00000,0x0000001e4af00000) (1024K)]
  0x0000020ca895c010 JavaThread "Finalizer"                  daemon [_thread_blocked, id=26192, stack(0x0000001e4af00000,0x0000001e4b000000) (1024K)]
  0x0000020ca8961aa0 JavaThread "Signal Dispatcher"          daemon [_thread_blocked, id=8420, stack(0x0000001e4b000000,0x0000001e4b100000) (1024K)]
  0x0000020ca8962710 JavaThread "Attach Listener"            daemon [_thread_blocked, id=17960, stack(0x0000001e4b100000,0x0000001e4b200000) (1024K)]
  0x0000020ca8963170 JavaThread "Service Thread"             daemon [_thread_blocked, id=27340, stack(0x0000001e4b200000,0x0000001e4b300000) (1024K)]
  0x0000020ca8963fe0 JavaThread "Monitor Deflation Thread"   daemon [_thread_blocked, id=21848, stack(0x0000001e4b300000,0x0000001e4b400000) (1024K)]
=>0x0000020ca8967370 JavaThread "C2 CompilerThread0"         daemon [_thread_in_native, id=14424, stack(0x0000001e4b400000,0x0000001e4b500000) (1024K)]
  0x0000020ca8978ca0 JavaThread "C1 CompilerThread0"         daemon [_thread_blocked, id=9580, stack(0x0000001e4b500000,0x0000001e4b600000) (1024K)]
  0x0000020ca8ac8980 JavaThread "Notification Thread"        daemon [_thread_blocked, id=25416, stack(0x0000001e4b600000,0x0000001e4b700000) (1024K)]
  0x0000020ca8acd1d0 JavaThread "Common-Cleaner"             daemon [_thread_blocked, id=21808, stack(0x0000001e4b700000,0x0000001e4b800000) (1024K)]
  0x0000020cee75d510 JavaThread "Thread-1"                   daemon [_thread_blocked, id=19464, stack(0x0000001e4b900000,0x0000001e4ba00000) (1024K)]
  0x0000020cef405a50 JavaThread "ForkJoinPool.commonPool-worker-1" daemon [_thread_blocked, id=21576, stack(0x0000001e4c100000,0x0000001e4c200000) (1024K)]
  0x0000020cef4060c0 JavaThread "ForkJoinPool.commonPool-worker-2" daemon [_thread_blocked, id=24844, stack(0x0000001e4c200000,0x0000001e4c300000) (1024K)]
  0x0000020cef406730 JavaThread "com.example.Launcher.main()"        [_thread_blocked, id=4392, stack(0x0000001e4c300000,0x0000001e4c400000) (1024K)]
  0x0000020cef7ce4e0 JavaThread "JavaFX-Launcher"                   [_thread_blocked, id=26700, stack(0x0000001e4c400000,0x0000001e4c500000) (1024K)]
  0x0000020cef5a6730 JavaThread "QuantumRenderer-0"          daemon [_thread_blocked, id=5892, stack(0x0000001e4c600000,0x0000001e4c700000) (1024K)]
  0x0000020cef3e1000 JavaThread "InvokeLaterDispatcher"      daemon [_thread_blocked, id=26876, stack(0x0000001e4c700000,0x0000001e4c800000) (1024K)]
  0x0000020cef3eaeb0 JavaThread "JavaFX Application Thread"         [_thread_in_native, id=18688, stack(0x0000001e4c800000,0x0000001e4c900000) (1024K)]
  0x0000020cefcbc220 JavaThread "Thread-4"                   daemon [_thread_in_native, id=7544, stack(0x0000001e4d000000,0x0000001e4d100000) (1024K)]
  0x0000020cefcbbb90 JavaThread "Prism Font Disposer"        daemon [_thread_blocked, id=15120, stack(0x0000001e4d500000,0x0000001e4d600000) (1024K)]
  0x0000020cefcbe980 JavaThread "Cleaner-0"                  daemon [_thread_blocked, id=22628, stack(0x0000001e4b800000,0x0000001e4b900000) (1024K)]
  0x0000020cefcbd5d0 JavaThread "H2 File Lock Watchdog C:/Users/Razza/bdms_v2.lock.db" daemon [_thread_blocked, id=23100, stack(0x0000001e4d700000,0x0000001e4d800000) (1024K)]
  0x0000020cefcbdc60 JavaThread "H2 TCP Server (tcp://192.168.100.111:29041)" daemon [_thread_in_native, id=25724, stack(0x0000001e4d800000,0x0000001e4d900000) (1024K)]
  0x0000020cefcbe2f0 JavaThread "MVStore background writer C:/Users/Razza/bdms_v2.mv.db" daemon [_thread_blocked, id=14644, stack(0x0000001e4d900000,0x0000001e4da00000) (1024K)]
  0x0000020cefcbf010 JavaThread "H2-serialization"           daemon [_thread_blocked, id=21784, stack(0x0000001e4dc00000,0x0000001e4dd00000) (1024K)]
  0x0000020ceebf21f0 JavaThread "H2-save"                    daemon [_thread_blocked, id=26668, stack(0x0000001e4dd00000,0x0000001e4de00000) (1024K)]
  0x0000020cef5b4530 JavaThread "C2 CompilerThread1"         daemon [_thread_blocked, id=23664, stack(0x0000001e4da00000,0x0000001e4db00000) (1024K)]
  0x0000020ca8c00820 JavaThread "C2 CompilerThread2"         daemon [_thread_in_native, id=25320, stack(0x0000001e4db00000,0x0000001e4dc00000) (1024K)]
Total: 29

Other Threads:
  0x0000020ca8941090 VMThread "VM Thread"                           [id=24056, stack(0x0000001e4ad00000,0x0000001e4ae00000) (1024K)]
  0x0000020ca8931bb0 WatcherThread "VM Periodic Task Thread"        [id=25868, stack(0x0000001e4ac00000,0x0000001e4ad00000) (1024K)]
  0x0000020c8dcf3870 WorkerThread "GC Thread#0"                     [id=10688, stack(0x0000001e4a700000,0x0000001e4a800000) (1024K)]
  0x0000020cee91c300 WorkerThread "GC Thread#1"                     [id=26716, stack(0x0000001e4ba00000,0x0000001e4bb00000) (1024K)]
  0x0000020cee91c6b0 WorkerThread "GC Thread#2"                     [id=9820, stack(0x0000001e4bb00000,0x0000001e4bc00000) (1024K)]
  0x0000020ceee11ab0 WorkerThread "GC Thread#3"                     [id=21616, stack(0x0000001e4bc00000,0x0000001e4bd00000) (1024K)]
  0x0000020ceee11e60 WorkerThread "GC Thread#4"                     [id=26020, stack(0x0000001e4bd00000,0x0000001e4be00000) (1024K)]
  0x0000020ceee12210 WorkerThread "GC Thread#5"                     [id=22428, stack(0x0000001e4be00000,0x0000001e4bf00000) (1024K)]
  0x0000020cee8ffb30 WorkerThread "GC Thread#6"                     [id=23116, stack(0x0000001e4bf00000,0x0000001e4c000000) (1024K)]
  0x0000020cee7ac690 WorkerThread "GC Thread#7"                     [id=17000, stack(0x0000001e4c000000,0x0000001e4c100000) (1024K)]
  0x0000020c8dcf8860 ConcurrentGCThread "G1 Main Marker"            [id=22208, stack(0x0000001e4a800000,0x0000001e4a900000) (1024K)]
  0x0000020c8dcfb600 WorkerThread "G1 Conc#0"                       [id=23012, stack(0x0000001e4a900000,0x0000001e4aa00000) (1024K)]
  0x0000020cf010e8d0 WorkerThread "G1 Conc#1"                       [id=836, stack(0x0000001e4d100000,0x0000001e4d200000) (1024K)]
  0x0000020ca87fa240 ConcurrentGCThread "G1 Refine#0"               [id=25980, stack(0x0000001e4aa00000,0x0000001e4ab00000) (1024K)]
  0x0000020ca87faa70 ConcurrentGCThread "G1 Service"                [id=23444, stack(0x0000001e4ab00000,0x0000001e4ac00000) (1024K)]
Total: 15

Threads with active compile tasks:
C2 CompilerThread0    16527 6668   !   4       javafx.scene.CssStyleHelper::transitionToState (1039 bytes)
C2 CompilerThread2    16527 6896   !   4       com.sun.javafx.css.StyleManager::findMatchingStyles (1267 bytes)
Total: 2

VM state: not at safepoint (normal execution)

VM Mutex/Monitor currently owned by a thread: None

Heap address: 0x00000000e0000000, size: 512 MB, Compressed Oops mode: 32-bit

CDS archive(s) mapped at: [0x0000020ca9000000-0x0000020ca9c90000-0x0000020ca9c90000), size 13172736, SharedBaseAddress: 0x0000020ca9000000, ArchiveRelocationMode: 1.
Compressed class space mapped at: 0x0000020caa000000-0x0000020cea000000, reserved size: 1073741824
Narrow klass base: 0x0000020ca9000000, Narrow klass shift: 0, Narrow klass range: 0x100000000

GC Precious Log:
 CardTable entry size: 512
 Card Set container configuration: InlinePtr #cards 5 size 8 Array Of Cards #cards 12 size 40 Howl #buckets 4 coarsen threshold 1843 Howl Bitmap #cards 512 size 80 coarsen threshold 460 Card regions per heap region 1 cards per card region 2048
 CPUs: 8 total, 8 available
 Memory: 15610M
 Large Page Support: Disabled
 NUMA Support: Disabled
 Compressed Oops: Enabled (32-bit)
 Heap Region Size: 1M
 Heap Min Capacity: 256M
 Heap Initial Capacity: 256M
 Heap Max Capacity: 512M
 Pre-touch: Disabled
 Parallel Workers: 8
 Concurrent Workers: 2
 Concurrent Refinement Workers: 8
 Periodic GC: Disabled

Heap:
 garbage-first heap   total 262144K, used 84238K [0x00000000e0000000, 0x0000000100000000)
  region size 1024K, 58 young (59392K), 15 survivors (15360K)
 Metaspace       used 41167K, committed 41664K, reserved 1114112K
  class space    used 5652K, committed 5888K, reserved 1048576K

Heap Regions: E=young(eden), S=young(survivor), O=old, HS=humongous(starts), HC=humongous(continues), CS=collection set, F=free, TAMS=top-at-mark-start, PB=parsable bottom
|   0|0x00000000e0000000, 0x00000000e0100000, 0x00000000e0100000|100%| O|  |TAMS 0x00000000e0000000| PB 0x00000000e0000000| Untracked 
|   1|0x00000000e0100000, 0x00000000e0200000, 0x00000000e0200000|100%| O|  |TAMS 0x00000000e0100000| PB 0x00000000e0100000| Untracked 
|   2|0x00000000e0200000, 0x00000000e0300000, 0x00000000e0300000|100%| O|  |TAMS 0x00000000e0200000| PB 0x00000000e0200000| Untracked 
|   3|0x00000000e0300000, 0x00000000e038a378, 0x00000000e0400000| 53%| O|  |TAMS 0x00000000e0300000| PB 0x00000000e0300000| Untracked 
|   4|0x00000000e0400000, 0x00000000e0500000, 0x00000000e0500000|100%|HS|  |TAMS 0x00000000e0400000| PB 0x00000000e0400000| Complete 
|   5|0x00000000e0500000, 0x00000000e0600000, 0x00000000e0600000|100%|HS|  |TAMS 0x00000000e0500000| PB 0x00000000e0500000| Complete 
|   6|0x00000000e0600000, 0x00000000e0700000, 0x00000000e0700000|100%|HC|  |TAMS 0x00000000e0600000| PB 0x00000000e0600000| Complete 
|   7|0x00000000e0700000, 0x00000000e0800000, 0x00000000e0800000|100%|HC|  |TAMS 0x00000000e0700000| PB 0x00000000e0700000| Complete 
|   8|0x00000000e0800000, 0x00000000e0900000, 0x00000000e0900000|100%|HC|  |TAMS 0x00000000e0800000| PB 0x00000000e0800000| Complete 
|   9|0x00000000e0900000, 0x00000000e0a00000, 0x00000000e0a00000|100%|HC|  |TAMS 0x00000000e0900000| PB 0x00000000e0900000| Complete 
|  10|0x00000000e0a00000, 0x00000000e0b00000, 0x00000000e0b00000|100%|HC|  |TAMS 0x00000000e0a00000| PB 0x00000000e0a00000| Complete 
|  11|0x00000000e0b00000, 0x00000000e0c00000, 0x00000000e0c00000|100%|HC|  |TAMS 0x00000000e0b00000| PB 0x00000000e0b00000| Complete 
|  12|0x00000000e0c00000, 0x00000000e0d00000, 0x00000000e0d00000|100%|HC|  |TAMS 0x00000000e0c00000| PB 0x00000000e0c00000| Complete 
|  13|0x00000000e0d00000, 0x00000000e0e00000, 0x00000000e0e00000|100%|HC|  |TAMS 0x00000000e0d00000| PB 0x00000000e0d00000| Complete 
|  14|0x00000000e0e00000, 0x00000000e0f00000, 0x00000000e0f00000|100%|HC|  |TAMS 0x00000000e0e00000| PB 0x00000000e0e00000| Complete 
|  15|0x00000000e0f00000, 0x00000000e1000000, 0x00000000e1000000|100%|HC|  |TAMS 0x00000000e0f00000| PB 0x00000000e0f00000| Complete 
|  16|0x00000000e1000000, 0x00000000e1100000, 0x00000000e1100000|100%|HC|  |TAMS 0x00000000e1000000| PB 0x00000000e1000000| Complete 
|  17|0x00000000e1100000, 0x00000000e1200000, 0x00000000e1200000|100%|HC|  |TAMS 0x00000000e1100000| PB 0x00000000e1100000| Complete 
|  18|0x00000000e1200000, 0x00000000e1300000, 0x00000000e1300000|100%|HC|  |TAMS 0x00000000e1200000| PB 0x00000000e1200000| Complete 
|  19|0x00000000e1300000, 0x00000000e1400000, 0x00000000e1400000|100%|HC|  |TAMS 0x00000000e1300000| PB 0x00000000e1300000| Complete 
|  20|0x00000000e1400000, 0x00000000e1500000, 0x00000000e1500000|100%|HC|  |TAMS 0x00000000e1400000| PB 0x00000000e1400000| Complete 
|  21|0x00000000e1500000, 0x00000000e1600000, 0x00000000e1600000|100%|HC|  |TAMS 0x00000000e1500000| PB 0x00000000e1500000| Complete 
|  22|0x00000000e1600000, 0x00000000e1700000, 0x00000000e1700000|100%|HS|  |TAMS 0x00000000e1600000| PB 0x00000000e1600000| Complete 
|  23|0x00000000e1700000, 0x00000000e1800000, 0x00000000e1800000|100%|HC|  |TAMS 0x00000000e1700000| PB 0x00000000e1700000| Complete 
|  24|0x00000000e1800000, 0x00000000e1900000, 0x00000000e1900000|100%|HS|  |TAMS 0x00000000e1800000| PB 0x00000000e1800000| Complete 
|  25|0x00000000e1900000, 0x00000000e1a00000, 0x00000000e1a00000|100%|HS|  |TAMS 0x00000000e1900000| PB 0x00000000e1900000| Complete 
|  26|0x00000000e1a00000, 0x00000000e1b00000, 0x00000000e1b00000|100%|HC|  |TAMS 0x00000000e1a00000| PB 0x00000000e1a00000| Complete 
|  27|0x00000000e1b00000, 0x00000000e1b00000, 0x00000000e1c00000|  0%| F|  |TAMS 0x00000000e1b00000| PB 0x00000000e1b00000| Untracked 
|  28|0x00000000e1c00000, 0x00000000e1c00000, 0x00000000e1d00000|  0%| F|  |TAMS 0x00000000e1c00000| PB 0x00000000e1c00000| Untracked 
|  29|0x00000000e1d00000, 0x00000000e1d00000, 0x00000000e1e00000|  0%| F|  |TAMS 0x00000000e1d00000| PB 0x00000000e1d00000| Untracked 
|  30|0x00000000e1e00000, 0x00000000e1e00000, 0x00000000e1f00000|  0%| F|  |TAMS 0x00000000e1e00000| PB 0x00000000e1e00000| Untracked 
|  31|0x00000000e1f00000, 0x00000000e1f00000, 0x00000000e2000000|  0%| F|  |TAMS 0x00000000e1f00000| PB 0x00000000e1f00000| Untracked 
|  32|0x00000000e2000000, 0x00000000e2000000, 0x00000000e2100000|  0%| F|  |TAMS 0x00000000e2000000| PB 0x00000000e2000000| Untracked 
|  33|0x00000000e2100000, 0x00000000e2100000, 0x00000000e2200000|  0%| F|  |TAMS 0x00000000e2100000| PB 0x00000000e2100000| Untracked 
|  34|0x00000000e2200000, 0x00000000e2200000, 0x00000000e2300000|  0%| F|  |TAMS 0x00000000e2200000| PB 0x00000000e2200000| Untracked 
|  35|0x00000000e2300000, 0x00000000e2300000, 0x00000000e2400000|  0%| F|  |TAMS 0x00000000e2300000| PB 0x00000000e2300000| Untracked 
|  36|0x00000000e2400000, 0x00000000e2400000, 0x00000000e2500000|  0%| F|  |TAMS 0x00000000e2400000| PB 0x00000000e2400000| Untracked 
|  37|0x00000000e2500000, 0x00000000e2500000, 0x00000000e2600000|  0%| F|  |TAMS 0x00000000e2500000| PB 0x00000000e2500000| Untracked 
|  38|0x00000000e2600000, 0x00000000e2600000, 0x00000000e2700000|  0%| F|  |TAMS 0x00000000e2600000| PB 0x00000000e2600000| Untracked 
|  39|0x00000000e2700000, 0x00000000e2700000, 0x00000000e2800000|  0%| F|  |TAMS 0x00000000e2700000| PB 0x00000000e2700000| Untracked 
|  40|0x00000000e2800000, 0x00000000e2800000, 0x00000000e2900000|  0%| F|  |TAMS 0x00000000e2800000| PB 0x00000000e2800000| Untracked 
|  41|0x00000000e2900000, 0x00000000e2900000, 0x00000000e2a00000|  0%| F|  |TAMS 0x00000000e2900000| PB 0x00000000e2900000| Untracked 
|  42|0x00000000e2a00000, 0x00000000e2a00000, 0x00000000e2b00000|  0%| F|  |TAMS 0x00000000e2a00000| PB 0x00000000e2a00000| Untracked 
|  43|0x00000000e2b00000, 0x00000000e2b00000, 0x00000000e2c00000|  0%| F|  |TAMS 0x00000000e2b00000| PB 0x00000000e2b00000| Untracked 
|  44|0x00000000e2c00000, 0x00000000e2c00000, 0x00000000e2d00000|  0%| F|  |TAMS 0x00000000e2c00000| PB 0x00000000e2c00000| Untracked 
|  45|0x00000000e2d00000, 0x00000000e2d00000, 0x00000000e2e00000|  0%| F|  |TAMS 0x00000000e2d00000| PB 0x00000000e2d00000| Untracked 
|  46|0x00000000e2e00000, 0x00000000e2e00000, 0x00000000e2f00000|  0%| F|  |TAMS 0x00000000e2e00000| PB 0x00000000e2e00000| Untracked 
|  47|0x00000000e2f00000, 0x00000000e2f00000, 0x00000000e3000000|  0%| F|  |TAMS 0x00000000e2f00000| PB 0x00000000e2f00000| Untracked 
|  48|0x00000000e3000000, 0x00000000e3000000, 0x00000000e3100000|  0%| F|  |TAMS 0x00000000e3000000| PB 0x00000000e3000000| Untracked 
|  49|0x00000000e3100000, 0x00000000e3100000, 0x00000000e3200000|  0%| F|  |TAMS 0x00000000e3100000| PB 0x00000000e3100000| Untracked 
|  50|0x00000000e3200000, 0x00000000e3200000, 0x00000000e3300000|  0%| F|  |TAMS 0x00000000e3200000| PB 0x00000000e3200000| Untracked 
|  51|0x00000000e3300000, 0x00000000e3300000, 0x00000000e3400000|  0%| F|  |TAMS 0x00000000e3300000| PB 0x00000000e3300000| Untracked 
|  52|0x00000000e3400000, 0x00000000e3400000, 0x00000000e3500000|  0%| F|  |TAMS 0x00000000e3400000| PB 0x00000000e3400000| Untracked 
|  53|0x00000000e3500000, 0x00000000e3500000, 0x00000000e3600000|  0%| F|  |TAMS 0x00000000e3500000| PB 0x00000000e3500000| Untracked 
|  54|0x00000000e3600000, 0x00000000e3600000, 0x00000000e3700000|  0%| F|  |TAMS 0x00000000e3600000| PB 0x00000000e3600000| Untracked 
|  55|0x00000000e3700000, 0x00000000e3700000, 0x00000000e3800000|  0%| F|  |TAMS 0x00000000e3700000| PB 0x00000000e3700000| Untracked 
|  56|0x00000000e3800000, 0x00000000e3800000, 0x00000000e3900000|  0%| F|  |TAMS 0x00000000e3800000| PB 0x00000000e3800000| Untracked 
|  57|0x00000000e3900000, 0x00000000e3900000, 0x00000000e3a00000|  0%| F|  |TAMS 0x00000000e3900000| PB 0x00000000e3900000| Untracked 
|  58|0x00000000e3a00000, 0x00000000e3a00000, 0x00000000e3b00000|  0%| F|  |TAMS 0x00000000e3a00000| PB 0x00000000e3a00000| Untracked 
|  59|0x00000000e3b00000, 0x00000000e3b00000, 0x00000000e3c00000|  0%| F|  |TAMS 0x00000000e3b00000| PB 0x00000000e3b00000| Untracked 
|  60|0x00000000e3c00000, 0x00000000e3c00000, 0x00000000e3d00000|  0%| F|  |TAMS 0x00000000e3c00000| PB 0x00000000e3c00000| Untracked 
|  61|0x00000000e3d00000, 0x00000000e3d00000, 0x00000000e3e00000|  0%| F|  |TAMS 0x00000000e3d00000| PB 0x00000000e3d00000| Untracked 
|  62|0x00000000e3e00000, 0x00000000e3e00000, 0x00000000e3f00000|  0%| F|  |TAMS 0x00000000e3e00000| PB 0x00000000e3e00000| Untracked 
|  63|0x00000000e3f00000, 0x00000000e3f00000, 0x00000000e4000000|  0%| F|  |TAMS 0x00000000e3f00000| PB 0x00000000e3f00000| Untracked 
|  64|0x00000000e4000000, 0x00000000e4000000, 0x00000000e4100000|  0%| F|  |TAMS 0x00000000e4000000| PB 0x00000000e4000000| Untracked 
|  65|0x00000000e4100000, 0x00000000e4100000, 0x00000000e4200000|  0%| F|  |TAMS 0x00000000e4100000| PB 0x00000000e4100000| Untracked 
|  66|0x00000000e4200000, 0x00000000e4200000, 0x00000000e4300000|  0%| F|  |TAMS 0x00000000e4200000| PB 0x00000000e4200000| Untracked 
|  67|0x00000000e4300000, 0x00000000e4300000, 0x00000000e4400000|  0%| F|  |TAMS 0x00000000e4300000| PB 0x00000000e4300000| Untracked 
|  68|0x00000000e4400000, 0x00000000e4400000, 0x00000000e4500000|  0%| F|  |TAMS 0x00000000e4400000| PB 0x00000000e4400000| Untracked 
|  69|0x00000000e4500000, 0x00000000e4500000, 0x00000000e4600000|  0%| F|  |TAMS 0x00000000e4500000| PB 0x00000000e4500000| Untracked 
|  70|0x00000000e4600000, 0x00000000e4600000, 0x00000000e4700000|  0%| F|  |TAMS 0x00000000e4600000| PB 0x00000000e4600000| Untracked 
|  71|0x00000000e4700000, 0x00000000e4700000, 0x00000000e4800000|  0%| F|  |TAMS 0x00000000e4700000| PB 0x00000000e4700000| Untracked 
|  72|0x00000000e4800000, 0x00000000e4800000, 0x00000000e4900000|  0%| F|  |TAMS 0x00000000e4800000| PB 0x00000000e4800000| Untracked 
|  73|0x00000000e4900000, 0x00000000e4900000, 0x00000000e4a00000|  0%| F|  |TAMS 0x00000000e4900000| PB 0x00000000e4900000| Untracked 
|  74|0x00000000e4a00000, 0x00000000e4a00000, 0x00000000e4b00000|  0%| F|  |TAMS 0x00000000e4a00000| PB 0x00000000e4a00000| Untracked 
|  75|0x00000000e4b00000, 0x00000000e4b00000, 0x00000000e4c00000|  0%| F|  |TAMS 0x00000000e4b00000| PB 0x00000000e4b00000| Untracked 
|  76|0x00000000e4c00000, 0x00000000e4c00000, 0x00000000e4d00000|  0%| F|  |TAMS 0x00000000e4c00000| PB 0x00000000e4c00000| Untracked 
|  77|0x00000000e4d00000, 0x00000000e4d00000, 0x00000000e4e00000|  0%| F|  |TAMS 0x00000000e4d00000| PB 0x00000000e4d00000| Untracked 
|  78|0x00000000e4e00000, 0x00000000e4e00000, 0x00000000e4f00000|  0%| F|  |TAMS 0x00000000e4e00000| PB 0x00000000e4e00000| Untracked 
|  79|0x00000000e4f00000, 0x00000000e4f00000, 0x00000000e5000000|  0%| F|  |TAMS 0x00000000e4f00000| PB 0x00000000e4f00000| Untracked 
|  80|0x00000000e5000000, 0x00000000e5000000, 0x00000000e5100000|  0%| F|  |TAMS 0x00000000e5000000| PB 0x00000000e5000000| Untracked 
|  81|0x00000000e5100000, 0x00000000e5100000, 0x00000000e5200000|  0%| F|  |TAMS 0x00000000e5100000| PB 0x00000000e5100000| Untracked 
|  82|0x00000000e5200000, 0x00000000e5200000, 0x00000000e5300000|  0%| F|  |TAMS 0x00000000e5200000| PB 0x00000000e5200000| Untracked 
|  83|0x00000000e5300000, 0x00000000e5300000, 0x00000000e5400000|  0%| F|  |TAMS 0x00000000e5300000| PB 0x00000000e5300000| Untracked 
|  84|0x00000000e5400000, 0x00000000e5400000, 0x00000000e5500000|  0%| F|  |TAMS 0x00000000e5400000| PB 0x00000000e5400000| Untracked 
|  85|0x00000000e5500000, 0x00000000e5500000, 0x00000000e5600000|  0%| F|  |TAMS 0x00000000e5500000| PB 0x00000000e5500000| Untracked 
|  86|0x00000000e5600000, 0x00000000e5600000, 0x00000000e5700000|  0%| F|  |TAMS 0x00000000e5600000| PB 0x00000000e5600000| Untracked 
|  87|0x00000000e5700000, 0x00000000e5700000, 0x00000000e5800000|  0%| F|  |TAMS 0x00000000e5700000| PB 0x00000000e5700000| Untracked 
|  88|0x00000000e5800000, 0x00000000e5800000, 0x00000000e5900000|  0%| F|  |TAMS 0x00000000e5800000| PB 0x00000000e5800000| Untracked 
|  89|0x00000000e5900000, 0x00000000e5900000, 0x00000000e5a00000|  0%| F|  |TAMS 0x00000000e5900000| PB 0x00000000e5900000| Untracked 
|  90|0x00000000e5a00000, 0x00000000e5a00000, 0x00000000e5b00000|  0%| F|  |TAMS 0x00000000e5a00000| PB 0x00000000e5a00000| Untracked 
|  91|0x00000000e5b00000, 0x00000000e5b00000, 0x00000000e5c00000|  0%| F|  |TAMS 0x00000000e5b00000| PB 0x00000000e5b00000| Untracked 
|  92|0x00000000e5c00000, 0x00000000e5c00000, 0x00000000e5d00000|  0%| F|  |TAMS 0x00000000e5c00000| PB 0x00000000e5c00000| Untracked 
|  93|0x00000000e5d00000, 0x00000000e5d00000, 0x00000000e5e00000|  0%| F|  |TAMS 0x00000000e5d00000| PB 0x00000000e5d00000| Untracked 
|  94|0x00000000e5e00000, 0x00000000e5e00000, 0x00000000e5f00000|  0%| F|  |TAMS 0x00000000e5e00000| PB 0x00000000e5e00000| Untracked 
|  95|0x00000000e5f00000, 0x00000000e5f00000, 0x00000000e6000000|  0%| F|  |TAMS 0x00000000e5f00000| PB 0x00000000e5f00000| Untracked 
|  96|0x00000000e6000000, 0x00000000e6000000, 0x00000000e6100000|  0%| F|  |TAMS 0x00000000e6000000| PB 0x00000000e6000000| Untracked 
|  97|0x00000000e6100000, 0x00000000e6100000, 0x00000000e6200000|  0%| F|  |TAMS 0x00000000e6100000| PB 0x00000000e6100000| Untracked 
|  98|0x00000000e6200000, 0x00000000e6200000, 0x00000000e6300000|  0%| F|  |TAMS 0x00000000e6200000| PB 0x00000000e6200000| Untracked 
|  99|0x00000000e6300000, 0x00000000e6300000, 0x00000000e6400000|  0%| F|  |TAMS 0x00000000e6300000| PB 0x00000000e6300000| Untracked 
| 100|0x00000000e6400000, 0x00000000e6400000, 0x00000000e6500000|  0%| F|  |TAMS 0x00000000e6400000| PB 0x00000000e6400000| Untracked 
| 101|0x00000000e6500000, 0x00000000e6500000, 0x00000000e6600000|  0%| F|  |TAMS 0x00000000e6500000| PB 0x00000000e6500000| Untracked 
| 102|0x00000000e6600000, 0x00000000e6600000, 0x00000000e6700000|  0%| F|  |TAMS 0x00000000e6600000| PB 0x00000000e6600000| Untracked 
| 103|0x00000000e6700000, 0x00000000e6700000, 0x00000000e6800000|  0%| F|  |TAMS 0x00000000e6700000| PB 0x00000000e6700000| Untracked 
| 104|0x00000000e6800000, 0x00000000e6800000, 0x00000000e6900000|  0%| F|  |TAMS 0x00000000e6800000| PB 0x00000000e6800000| Untracked 
| 105|0x00000000e6900000, 0x00000000e6900000, 0x00000000e6a00000|  0%| F|  |TAMS 0x00000000e6900000| PB 0x00000000e6900000| Untracked 
| 106|0x00000000e6a00000, 0x00000000e6a00000, 0x00000000e6b00000|  0%| F|  |TAMS 0x00000000e6a00000| PB 0x00000000e6a00000| Untracked 
| 107|0x00000000e6b00000, 0x00000000e6b00000, 0x00000000e6c00000|  0%| F|  |TAMS 0x00000000e6b00000| PB 0x00000000e6b00000| Untracked 
| 108|0x00000000e6c00000, 0x00000000e6c00000, 0x00000000e6d00000|  0%| F|  |TAMS 0x00000000e6c00000| PB 0x00000000e6c00000| Untracked 
| 109|0x00000000e6d00000, 0x00000000e6d00000, 0x00000000e6e00000|  0%| F|  |TAMS 0x00000000e6d00000| PB 0x00000000e6d00000| Untracked 
| 110|0x00000000e6e00000, 0x00000000e6e00000, 0x00000000e6f00000|  0%| F|  |TAMS 0x00000000e6e00000| PB 0x00000000e6e00000| Untracked 
| 111|0x00000000e6f00000, 0x00000000e6f00000, 0x00000000e7000000|  0%| F|  |TAMS 0x00000000e6f00000| PB 0x00000000e6f00000| Untracked 
| 112|0x00000000e7000000, 0x00000000e7000000, 0x00000000e7100000|  0%| F|  |TAMS 0x00000000e7000000| PB 0x00000000e7000000| Untracked 
| 113|0x00000000e7100000, 0x00000000e7100000, 0x00000000e7200000|  0%| F|  |TAMS 0x00000000e7100000| PB 0x00000000e7100000| Untracked 
| 114|0x00000000e7200000, 0x00000000e7200000, 0x00000000e7300000|  0%| F|  |TAMS 0x00000000e7200000| PB 0x00000000e7200000| Untracked 
| 115|0x00000000e7300000, 0x00000000e7300000, 0x00000000e7400000|  0%| F|  |TAMS 0x00000000e7300000| PB 0x00000000e7300000| Untracked 
| 116|0x00000000e7400000, 0x00000000e7400000, 0x00000000e7500000|  0%| F|  |TAMS 0x00000000e7400000| PB 0x00000000e7400000| Untracked 
| 117|0x00000000e7500000, 0x00000000e7500000, 0x00000000e7600000|  0%| F|  |TAMS 0x00000000e7500000| PB 0x00000000e7500000| Untracked 
| 118|0x00000000e7600000, 0x00000000e7600000, 0x00000000e7700000|  0%| F|  |TAMS 0x00000000e7600000| PB 0x00000000e7600000| Untracked 
| 119|0x00000000e7700000, 0x00000000e7700000, 0x00000000e7800000|  0%| F|  |TAMS 0x00000000e7700000| PB 0x00000000e7700000| Untracked 
| 120|0x00000000e7800000, 0x00000000e7800000, 0x00000000e7900000|  0%| F|  |TAMS 0x00000000e7800000| PB 0x00000000e7800000| Untracked 
| 121|0x00000000e7900000, 0x00000000e7900000, 0x00000000e7a00000|  0%| F|  |TAMS 0x00000000e7900000| PB 0x00000000e7900000| Untracked 
| 122|0x00000000e7a00000, 0x00000000e7a00000, 0x00000000e7b00000|  0%| F|  |TAMS 0x00000000e7a00000| PB 0x00000000e7a00000| Untracked 
| 123|0x00000000e7b00000, 0x00000000e7b00000, 0x00000000e7c00000|  0%| F|  |TAMS 0x00000000e7b00000| PB 0x00000000e7b00000| Untracked 
| 124|0x00000000e7c00000, 0x00000000e7c00000, 0x00000000e7d00000|  0%| F|  |TAMS 0x00000000e7c00000| PB 0x00000000e7c00000| Untracked 
| 125|0x00000000e7d00000, 0x00000000e7d00000, 0x00000000e7e00000|  0%| F|  |TAMS 0x00000000e7d00000| PB 0x00000000e7d00000| Untracked 
| 126|0x00000000e7e00000, 0x00000000e7e00000, 0x00000000e7f00000|  0%| F|  |TAMS 0x00000000e7e00000| PB 0x00000000e7e00000| Untracked 
| 127|0x00000000e7f00000, 0x00000000e7f00000, 0x00000000e8000000|  0%| F|  |TAMS 0x00000000e7f00000| PB 0x00000000e7f00000| Untracked 
| 128|0x00000000e8000000, 0x00000000e8000000, 0x00000000e8100000|  0%| F|  |TAMS 0x00000000e8000000| PB 0x00000000e8000000| Untracked 
| 129|0x00000000e8100000, 0x00000000e8100000, 0x00000000e8200000|  0%| F|  |TAMS 0x00000000e8100000| PB 0x00000000e8100000| Untracked 
| 130|0x00000000e8200000, 0x00000000e8200000, 0x00000000e8300000|  0%| F|  |TAMS 0x00000000e8200000| PB 0x00000000e8200000| Untracked 
| 131|0x00000000e8300000, 0x00000000e8300000, 0x00000000e8400000|  0%| F|  |TAMS 0x00000000e8300000| PB 0x00000000e8300000| Untracked 
| 132|0x00000000e8400000, 0x00000000e8400000, 0x00000000e8500000|  0%| F|  |TAMS 0x00000000e8400000| PB 0x00000000e8400000| Untracked 
| 133|0x00000000e8500000, 0x00000000e8500000, 0x00000000e8600000|  0%| F|  |TAMS 0x00000000e8500000| PB 0x00000000e8500000| Untracked 
| 134|0x00000000e8600000, 0x00000000e8600000, 0x00000000e8700000|  0%| F|  |TAMS 0x00000000e8600000| PB 0x00000000e8600000| Untracked 
| 135|0x00000000e8700000, 0x00000000e8700000, 0x00000000e8800000|  0%| F|  |TAMS 0x00000000e8700000| PB 0x00000000e8700000| Untracked 
| 136|0x00000000e8800000, 0x00000000e8800000, 0x00000000e8900000|  0%| F|  |TAMS 0x00000000e8800000| PB 0x00000000e8800000| Untracked 
| 137|0x00000000e8900000, 0x00000000e8900000, 0x00000000e8a00000|  0%| F|  |TAMS 0x00000000e8900000| PB 0x00000000e8900000| Untracked 
| 138|0x00000000e8a00000, 0x00000000e8a00000, 0x00000000e8b00000|  0%| F|  |TAMS 0x00000000e8a00000| PB 0x00000000e8a00000| Untracked 
| 139|0x00000000e8b00000, 0x00000000e8b00000, 0x00000000e8c00000|  0%| F|  |TAMS 0x00000000e8b00000| PB 0x00000000e8b00000| Untracked 
| 140|0x00000000e8c00000, 0x00000000e8c00000, 0x00000000e8d00000|  0%| F|  |TAMS 0x00000000e8c00000| PB 0x00000000e8c00000| Untracked 
| 141|0x00000000e8d00000, 0x00000000e8d00000, 0x00000000e8e00000|  0%| F|  |TAMS 0x00000000e8d00000| PB 0x00000000e8d00000| Untracked 
| 142|0x00000000e8e00000, 0x00000000e8e00000, 0x00000000e8f00000|  0%| F|  |TAMS 0x00000000e8e00000| PB 0x00000000e8e00000| Untracked 
| 143|0x00000000e8f00000, 0x00000000e8f00000, 0x00000000e9000000|  0%| F|  |TAMS 0x00000000e8f00000| PB 0x00000000e8f00000| Untracked 
| 144|0x00000000e9000000, 0x00000000e9000000, 0x00000000e9100000|  0%| F|  |TAMS 0x00000000e9000000| PB 0x00000000e9000000| Untracked 
| 145|0x00000000e9100000, 0x00000000e9100000, 0x00000000e9200000|  0%| F|  |TAMS 0x00000000e9100000| PB 0x00000000e9100000| Untracked 
| 146|0x00000000e9200000, 0x00000000e9200000, 0x00000000e9300000|  0%| F|  |TAMS 0x00000000e9200000| PB 0x00000000e9200000| Untracked 
| 147|0x00000000e9300000, 0x00000000e9300000, 0x00000000e9400000|  0%| F|  |TAMS 0x00000000e9300000| PB 0x00000000e9300000| Untracked 
| 148|0x00000000e9400000, 0x00000000e9400000, 0x00000000e9500000|  0%| F|  |TAMS 0x00000000e9400000| PB 0x00000000e9400000| Untracked 
| 149|0x00000000e9500000, 0x00000000e9500000, 0x00000000e9600000|  0%| F|  |TAMS 0x00000000e9500000| PB 0x00000000e9500000| Untracked 
| 150|0x00000000e9600000, 0x00000000e9600000, 0x00000000e9700000|  0%| F|  |TAMS 0x00000000e9600000| PB 0x00000000e9600000| Untracked 
| 151|0x00000000e9700000, 0x00000000e9700000, 0x00000000e9800000|  0%| F|  |TAMS 0x00000000e9700000| PB 0x00000000e9700000| Untracked 
| 152|0x00000000e9800000, 0x00000000e9800000, 0x00000000e9900000|  0%| F|  |TAMS 0x00000000e9800000| PB 0x00000000e9800000| Untracked 
| 153|0x00000000e9900000, 0x00000000e9900000, 0x00000000e9a00000|  0%| F|  |TAMS 0x00000000e9900000| PB 0x00000000e9900000| Untracked 
| 154|0x00000000e9a00000, 0x00000000e9a00000, 0x00000000e9b00000|  0%| F|  |TAMS 0x00000000e9a00000| PB 0x00000000e9a00000| Untracked 
| 155|0x00000000e9b00000, 0x00000000e9b00000, 0x00000000e9c00000|  0%| F|  |TAMS 0x00000000e9b00000| PB 0x00000000e9b00000| Untracked 
| 156|0x00000000e9c00000, 0x00000000e9c00000, 0x00000000e9d00000|  0%| F|  |TAMS 0x00000000e9c00000| PB 0x00000000e9c00000| Untracked 
| 157|0x00000000e9d00000, 0x00000000e9d00000, 0x00000000e9e00000|  0%| F|  |TAMS 0x00000000e9d00000| PB 0x00000000e9d00000| Untracked 
| 158|0x00000000e9e00000, 0x00000000e9e00000, 0x00000000e9f00000|  0%| F|  |TAMS 0x00000000e9e00000| PB 0x00000000e9e00000| Untracked 
| 159|0x00000000e9f00000, 0x00000000e9f00000, 0x00000000ea000000|  0%| F|  |TAMS 0x00000000e9f00000| PB 0x00000000e9f00000| Untracked 
| 160|0x00000000ea000000, 0x00000000ea000000, 0x00000000ea100000|  0%| F|  |TAMS 0x00000000ea000000| PB 0x00000000ea000000| Untracked 
| 161|0x00000000ea100000, 0x00000000ea100000, 0x00000000ea200000|  0%| F|  |TAMS 0x00000000ea100000| PB 0x00000000ea100000| Untracked 
| 162|0x00000000ea200000, 0x00000000ea200000, 0x00000000ea300000|  0%| F|  |TAMS 0x00000000ea200000| PB 0x00000000ea200000| Untracked 
| 163|0x00000000ea300000, 0x00000000ea300000, 0x00000000ea400000|  0%| F|  |TAMS 0x00000000ea300000| PB 0x00000000ea300000| Untracked 
| 164|0x00000000ea400000, 0x00000000ea400000, 0x00000000ea500000|  0%| F|  |TAMS 0x00000000ea400000| PB 0x00000000ea400000| Untracked 
| 165|0x00000000ea500000, 0x00000000ea500000, 0x00000000ea600000|  0%| F|  |TAMS 0x00000000ea500000| PB 0x00000000ea500000| Untracked 
| 166|0x00000000ea600000, 0x00000000ea600000, 0x00000000ea700000|  0%| F|  |TAMS 0x00000000ea600000| PB 0x00000000ea600000| Untracked 
| 167|0x00000000ea700000, 0x00000000ea700000, 0x00000000ea800000|  0%| F|  |TAMS 0x00000000ea700000| PB 0x00000000ea700000| Untracked 
| 168|0x00000000ea800000, 0x00000000ea800000, 0x00000000ea900000|  0%| F|  |TAMS 0x00000000ea800000| PB 0x00000000ea800000| Untracked 
| 169|0x00000000ea900000, 0x00000000ea900000, 0x00000000eaa00000|  0%| F|  |TAMS 0x00000000ea900000| PB 0x00000000ea900000| Untracked 
| 170|0x00000000eaa00000, 0x00000000eaa00000, 0x00000000eab00000|  0%| F|  |TAMS 0x00000000eaa00000| PB 0x00000000eaa00000| Untracked 
| 171|0x00000000eab00000, 0x00000000eab00000, 0x00000000eac00000|  0%| F|  |TAMS 0x00000000eab00000| PB 0x00000000eab00000| Untracked 
| 172|0x00000000eac00000, 0x00000000eac00000, 0x00000000ead00000|  0%| F|  |TAMS 0x00000000eac00000| PB 0x00000000eac00000| Untracked 
| 173|0x00000000ead00000, 0x00000000ead00000, 0x00000000eae00000|  0%| F|  |TAMS 0x00000000ead00000| PB 0x00000000ead00000| Untracked 
| 174|0x00000000eae00000, 0x00000000eae00000, 0x00000000eaf00000|  0%| F|  |TAMS 0x00000000eae00000| PB 0x00000000eae00000| Untracked 
| 175|0x00000000eaf00000, 0x00000000eaf00000, 0x00000000eb000000|  0%| F|  |TAMS 0x00000000eaf00000| PB 0x00000000eaf00000| Untracked 
| 176|0x00000000eb000000, 0x00000000eb000000, 0x00000000eb100000|  0%| F|  |TAMS 0x00000000eb000000| PB 0x00000000eb000000| Untracked 
| 177|0x00000000eb100000, 0x00000000eb100000, 0x00000000eb200000|  0%| F|  |TAMS 0x00000000eb100000| PB 0x00000000eb100000| Untracked 
| 178|0x00000000eb200000, 0x00000000eb200000, 0x00000000eb300000|  0%| F|  |TAMS 0x00000000eb200000| PB 0x00000000eb200000| Untracked 
| 179|0x00000000eb300000, 0x00000000eb300000, 0x00000000eb400000|  0%| F|  |TAMS 0x00000000eb300000| PB 0x00000000eb300000| Untracked 
| 180|0x00000000eb400000, 0x00000000eb400000, 0x00000000eb500000|  0%| F|  |TAMS 0x00000000eb400000| PB 0x00000000eb400000| Untracked 
| 181|0x00000000eb500000, 0x00000000eb500000, 0x00000000eb600000|  0%| F|  |TAMS 0x00000000eb500000| PB 0x00000000eb500000| Untracked 
| 182|0x00000000eb600000, 0x00000000eb600000, 0x00000000eb700000|  0%| F|  |TAMS 0x00000000eb600000| PB 0x00000000eb600000| Untracked 
| 183|0x00000000eb700000, 0x00000000eb700000, 0x00000000eb800000|  0%| F|  |TAMS 0x00000000eb700000| PB 0x00000000eb700000| Untracked 
| 184|0x00000000eb800000, 0x00000000eb800000, 0x00000000eb900000|  0%| F|  |TAMS 0x00000000eb800000| PB 0x00000000eb800000| Untracked 
| 185|0x00000000eb900000, 0x00000000eb900000, 0x00000000eba00000|  0%| F|  |TAMS 0x00000000eb900000| PB 0x00000000eb900000| Untracked 
| 186|0x00000000eba00000, 0x00000000eba00000, 0x00000000ebb00000|  0%| F|  |TAMS 0x00000000eba00000| PB 0x00000000eba00000| Untracked 
| 187|0x00000000ebb00000, 0x00000000ebb00000, 0x00000000ebc00000|  0%| F|  |TAMS 0x00000000ebb00000| PB 0x00000000ebb00000| Untracked 
| 188|0x00000000ebc00000, 0x00000000ebc00000, 0x00000000ebd00000|  0%| F|  |TAMS 0x00000000ebc00000| PB 0x00000000ebc00000| Untracked 
| 189|0x00000000ebd00000, 0x00000000ebd00000, 0x00000000ebe00000|  0%| F|  |TAMS 0x00000000ebd00000| PB 0x00000000ebd00000| Untracked 
| 190|0x00000000ebe00000, 0x00000000ebe00000, 0x00000000ebf00000|  0%| F|  |TAMS 0x00000000ebe00000| PB 0x00000000ebe00000| Untracked 
| 191|0x00000000ebf00000, 0x00000000ebf00000, 0x00000000ec000000|  0%| F|  |TAMS 0x00000000ebf00000| PB 0x00000000ebf00000| Untracked 
| 192|0x00000000ec000000, 0x00000000ec000000, 0x00000000ec100000|  0%| F|  |TAMS 0x00000000ec000000| PB 0x00000000ec000000| Untracked 
| 193|0x00000000ec100000, 0x00000000ec100000, 0x00000000ec200000|  0%| F|  |TAMS 0x00000000ec100000| PB 0x00000000ec100000| Untracked 
| 194|0x00000000ec200000, 0x00000000ec200000, 0x00000000ec300000|  0%| F|  |TAMS 0x00000000ec200000| PB 0x00000000ec200000| Untracked 
| 195|0x00000000ec300000, 0x00000000ec3b9790, 0x00000000ec400000| 72%| S|CS|TAMS 0x00000000ec300000| PB 0x00000000ec300000| Complete 
| 196|0x00000000ec400000, 0x00000000ec500000, 0x00000000ec500000|100%| S|CS|TAMS 0x00000000ec400000| PB 0x00000000ec400000| Complete 
| 197|0x00000000ec500000, 0x00000000ec600000, 0x00000000ec600000|100%| S|CS|TAMS 0x00000000ec500000| PB 0x00000000ec500000| Complete 
| 198|0x00000000ec600000, 0x00000000ec700000, 0x00000000ec700000|100%| S|CS|TAMS 0x00000000ec600000| PB 0x00000000ec600000| Complete 
| 199|0x00000000ec700000, 0x00000000ec800000, 0x00000000ec800000|100%| S|CS|TAMS 0x00000000ec700000| PB 0x00000000ec700000| Complete 
| 200|0x00000000ec800000, 0x00000000ec900000, 0x00000000ec900000|100%| S|CS|TAMS 0x00000000ec800000| PB 0x00000000ec800000| Complete 
| 201|0x00000000ec900000, 0x00000000eca00000, 0x00000000eca00000|100%| S|CS|TAMS 0x00000000ec900000| PB 0x00000000ec900000| Complete 
| 202|0x00000000eca00000, 0x00000000ecb00000, 0x00000000ecb00000|100%| S|CS|TAMS 0x00000000eca00000| PB 0x00000000eca00000| Complete 
| 203|0x00000000ecb00000, 0x00000000ecc00000, 0x00000000ecc00000|100%| S|CS|TAMS 0x00000000ecb00000| PB 0x00000000ecb00000| Complete 
| 204|0x00000000ecc00000, 0x00000000ecd00000, 0x00000000ecd00000|100%| S|CS|TAMS 0x00000000ecc00000| PB 0x00000000ecc00000| Complete 
| 205|0x00000000ecd00000, 0x00000000ece00000, 0x00000000ece00000|100%| S|CS|TAMS 0x00000000ecd00000| PB 0x00000000ecd00000| Complete 
| 206|0x00000000ece00000, 0x00000000ecf00000, 0x00000000ecf00000|100%| S|CS|TAMS 0x00000000ece00000| PB 0x00000000ece00000| Complete 
| 207|0x00000000ecf00000, 0x00000000ed000000, 0x00000000ed000000|100%| S|CS|TAMS 0x00000000ecf00000| PB 0x00000000ecf00000| Complete 
| 208|0x00000000ed000000, 0x00000000ed100000, 0x00000000ed100000|100%| S|CS|TAMS 0x00000000ed000000| PB 0x00000000ed000000| Complete 
| 209|0x00000000ed100000, 0x00000000ed200000, 0x00000000ed200000|100%| S|CS|TAMS 0x00000000ed100000| PB 0x00000000ed100000| Complete 
| 210|0x00000000ed200000, 0x00000000ed200000, 0x00000000ed300000|  0%| F|  |TAMS 0x00000000ed200000| PB 0x00000000ed200000| Untracked 
| 211|0x00000000ed300000, 0x00000000ed300000, 0x00000000ed400000|  0%| F|  |TAMS 0x00000000ed300000| PB 0x00000000ed300000| Untracked 
| 212|0x00000000ed400000, 0x00000000ed400000, 0x00000000ed500000|  0%| F|  |TAMS 0x00000000ed400000| PB 0x00000000ed400000| Untracked 
| 213|0x00000000ed500000, 0x00000000ed5e18d8, 0x00000000ed600000| 88%| E|  |TAMS 0x00000000ed500000| PB 0x00000000ed500000| Complete 
| 214|0x00000000ed600000, 0x00000000ed700000, 0x00000000ed700000|100%| E|CS|TAMS 0x00000000ed600000| PB 0x00000000ed600000| Complete 
| 215|0x00000000ed700000, 0x00000000ed800000, 0x00000000ed800000|100%| E|CS|TAMS 0x00000000ed700000| PB 0x00000000ed700000| Complete 
| 216|0x00000000ed800000, 0x00000000ed900000, 0x00000000ed900000|100%| E|CS|TAMS 0x00000000ed800000| PB 0x00000000ed800000| Complete 
| 217|0x00000000ed900000, 0x00000000eda00000, 0x00000000eda00000|100%| E|CS|TAMS 0x00000000ed900000| PB 0x00000000ed900000| Complete 
| 218|0x00000000eda00000, 0x00000000edb00000, 0x00000000edb00000|100%| E|CS|TAMS 0x00000000eda00000| PB 0x00000000eda00000| Complete 
| 219|0x00000000edb00000, 0x00000000edc00000, 0x00000000edc00000|100%| E|CS|TAMS 0x00000000edb00000| PB 0x00000000edb00000| Complete 
| 220|0x00000000edc00000, 0x00000000edd00000, 0x00000000edd00000|100%| E|CS|TAMS 0x00000000edc00000| PB 0x00000000edc00000| Complete 
| 221|0x00000000edd00000, 0x00000000ede00000, 0x00000000ede00000|100%| E|CS|TAMS 0x00000000edd00000| PB 0x00000000edd00000| Complete 
| 222|0x00000000ede00000, 0x00000000edf00000, 0x00000000edf00000|100%| E|CS|TAMS 0x00000000ede00000| PB 0x00000000ede00000| Complete 
| 223|0x00000000edf00000, 0x00000000ee000000, 0x00000000ee000000|100%| E|CS|TAMS 0x00000000edf00000| PB 0x00000000edf00000| Complete 
| 224|0x00000000ee000000, 0x00000000ee100000, 0x00000000ee100000|100%| E|CS|TAMS 0x00000000ee000000| PB 0x00000000ee000000| Complete 
| 225|0x00000000ee100000, 0x00000000ee200000, 0x00000000ee200000|100%| E|CS|TAMS 0x00000000ee100000| PB 0x00000000ee100000| Complete 
| 226|0x00000000ee200000, 0x00000000ee300000, 0x00000000ee300000|100%| E|CS|TAMS 0x00000000ee200000| PB 0x00000000ee200000| Complete 
| 227|0x00000000ee300000, 0x00000000ee400000, 0x00000000ee400000|100%| E|CS|TAMS 0x00000000ee300000| PB 0x00000000ee300000| Complete 
| 228|0x00000000ee400000, 0x00000000ee500000, 0x00000000ee500000|100%| E|CS|TAMS 0x00000000ee400000| PB 0x00000000ee400000| Complete 
| 229|0x00000000ee500000, 0x00000000ee600000, 0x00000000ee600000|100%| E|CS|TAMS 0x00000000ee500000| PB 0x00000000ee500000| Complete 
| 230|0x00000000ee600000, 0x00000000ee700000, 0x00000000ee700000|100%| E|CS|TAMS 0x00000000ee600000| PB 0x00000000ee600000| Complete 
| 231|0x00000000ee700000, 0x00000000ee800000, 0x00000000ee800000|100%| E|CS|TAMS 0x00000000ee700000| PB 0x00000000ee700000| Complete 
| 232|0x00000000ee800000, 0x00000000ee900000, 0x00000000ee900000|100%| E|CS|TAMS 0x00000000ee800000| PB 0x00000000ee800000| Complete 
| 233|0x00000000ee900000, 0x00000000eea00000, 0x00000000eea00000|100%| E|CS|TAMS 0x00000000ee900000| PB 0x00000000ee900000| Complete 
| 234|0x00000000eea00000, 0x00000000eeb00000, 0x00000000eeb00000|100%| E|CS|TAMS 0x00000000eea00000| PB 0x00000000eea00000| Complete 
| 235|0x00000000eeb00000, 0x00000000eec00000, 0x00000000eec00000|100%| E|CS|TAMS 0x00000000eeb00000| PB 0x00000000eeb00000| Complete 
| 236|0x00000000eec00000, 0x00000000eed00000, 0x00000000eed00000|100%| E|CS|TAMS 0x00000000eec00000| PB 0x00000000eec00000| Complete 
| 237|0x00000000eed00000, 0x00000000eee00000, 0x00000000eee00000|100%| E|CS|TAMS 0x00000000eed00000| PB 0x00000000eed00000| Complete 
| 238|0x00000000eee00000, 0x00000000eef00000, 0x00000000eef00000|100%| E|CS|TAMS 0x00000000eee00000| PB 0x00000000eee00000| Complete 
| 239|0x00000000eef00000, 0x00000000ef000000, 0x00000000ef000000|100%| E|CS|TAMS 0x00000000eef00000| PB 0x00000000eef00000| Complete 
| 240|0x00000000ef000000, 0x00000000ef100000, 0x00000000ef100000|100%| E|CS|TAMS 0x00000000ef000000| PB 0x00000000ef000000| Complete 
| 241|0x00000000ef100000, 0x00000000ef200000, 0x00000000ef200000|100%| E|CS|TAMS 0x00000000ef100000| PB 0x00000000ef100000| Complete 
| 242|0x00000000ef200000, 0x00000000ef300000, 0x00000000ef300000|100%| E|CS|TAMS 0x00000000ef200000| PB 0x00000000ef200000| Complete 
| 243|0x00000000ef300000, 0x00000000ef400000, 0x00000000ef400000|100%| E|CS|TAMS 0x00000000ef300000| PB 0x00000000ef300000| Complete 
| 244|0x00000000ef400000, 0x00000000ef500000, 0x00000000ef500000|100%| E|CS|TAMS 0x00000000ef400000| PB 0x00000000ef400000| Complete 
| 245|0x00000000ef500000, 0x00000000ef600000, 0x00000000ef600000|100%| E|CS|TAMS 0x00000000ef500000| PB 0x00000000ef500000| Complete 
| 246|0x00000000ef600000, 0x00000000ef700000, 0x00000000ef700000|100%| E|  |TAMS 0x00000000ef600000| PB 0x00000000ef600000| Complete 
| 247|0x00000000ef700000, 0x00000000ef800000, 0x00000000ef800000|100%| E|CS|TAMS 0x00000000ef700000| PB 0x00000000ef700000| Complete 
| 248|0x00000000ef800000, 0x00000000ef900000, 0x00000000ef900000|100%| E|CS|TAMS 0x00000000ef800000| PB 0x00000000ef800000| Complete 
| 249|0x00000000ef900000, 0x00000000efa00000, 0x00000000efa00000|100%| E|CS|TAMS 0x00000000ef900000| PB 0x00000000ef900000| Complete 
| 250|0x00000000efa00000, 0x00000000efb00000, 0x00000000efb00000|100%| E|CS|TAMS 0x00000000efa00000| PB 0x00000000efa00000| Complete 
| 251|0x00000000efb00000, 0x00000000efc00000, 0x00000000efc00000|100%| E|CS|TAMS 0x00000000efb00000| PB 0x00000000efb00000| Complete 
| 252|0x00000000efc00000, 0x00000000efd00000, 0x00000000efd00000|100%| E|CS|TAMS 0x00000000efc00000| PB 0x00000000efc00000| Complete 
| 253|0x00000000efd00000, 0x00000000efe00000, 0x00000000efe00000|100%| E|CS|TAMS 0x00000000efd00000| PB 0x00000000efd00000| Complete 
| 254|0x00000000efe00000, 0x00000000eff00000, 0x00000000eff00000|100%| E|CS|TAMS 0x00000000efe00000| PB 0x00000000efe00000| Complete 
| 255|0x00000000eff00000, 0x00000000f0000000, 0x00000000f0000000|100%| E|CS|TAMS 0x00000000eff00000| PB 0x00000000eff00000| Complete 

Card table byte_map: [0x0000020ca55b0000,0x0000020ca56b0000] _byte_map_base: 0x0000020ca4eb0000

Marking Bits: (CMBitMap*) 0x0000020c8dcf3f80
 Bits: [0x0000020ca56b0000, 0x0000020ca5eb0000)

Polling page: 0x0000020c8d490000

Metaspace:

Usage:
  Non-class:     34.68 MB used.
      Class:      5.52 MB used.
       Both:     40.20 MB used.

Virtual space:
  Non-class space:       64.00 MB reserved,      34.94 MB ( 55%) committed,  1 nodes.
      Class space:        1.00 GB reserved,       5.75 MB ( <1%) committed,  1 nodes.
             Both:        1.06 GB reserved,      40.69 MB (  4%) committed. 

Chunk freelists:
   Non-Class:  12.67 MB
       Class:  10.12 MB
        Both:  22.79 MB

MaxMetaspaceSize: unlimited
CompressedClassSpaceSize: 1.00 GB
Initial GC threshold: 21.00 MB
Current GC threshold: 58.75 MB
CDS: on
 - commit_granule_bytes: 65536.
 - commit_granule_words: 8192.
 - virtual_space_node_default_size: 8388608.
 - enlarge_chunks_in_place: 1.
 - use_allocation_guard: 0.


Internal statistics:

num_allocs_failed_limit: 6.
num_arena_births: 406.
num_arena_deaths: 0.
num_vsnodes_births: 2.
num_vsnodes_deaths: 0.
num_space_committed: 651.
num_space_uncommitted: 0.
num_chunks_returned_to_freelist: 6.
num_chunks_taken_from_freelist: 1857.
num_chunk_merges: 6.
num_chunk_splits: 1344.
num_chunks_enlarged: 1095.
num_inconsistent_stats: 0.

CodeHeap 'non-profiled nmethods': size=120000Kb used=3044Kb max_used=3044Kb free=116955Kb
 bounds [0x0000020c9dc40000, 0x0000020c9df40000, 0x0000020ca5170000]
CodeHeap 'profiled nmethods': size=120000Kb used=12841Kb max_used=12841Kb free=107158Kb
 bounds [0x0000020c96170000, 0x0000020c96e00000, 0x0000020c9d6a0000]
CodeHeap 'non-nmethods': size=5760Kb used=1975Kb max_used=2003Kb free=3784Kb
 bounds [0x0000020c9d6a0000, 0x0000020c9d910000, 0x0000020c9dc40000]
 total_blobs=7404 nmethods=6448 adapters=860
 compilation: enabled
              stopped_count=0, restarted_count=0
 full_count=0

Compilation events (20 events):
Event: 16.449 Thread 0x0000020ca8978ca0 7003       1       com.sun.javafx.scene.SceneEventDispatcher::getFirstDispatcher (5 bytes)
Event: 16.449 Thread 0x0000020ca8978ca0 nmethod 7003 0x0000020c9df37a10 code [0x0000020c9df37ba0, 0x0000020c9df37c68]
Event: 16.463 Thread 0x0000020ca8978ca0 7004       3       javafx.scene.Node::isPickOnBounds (19 bytes)
Event: 16.464 Thread 0x0000020ca8978ca0 nmethod 7004 0x0000020c96df1f90 code [0x0000020c96df2160, 0x0000020c96df24c8]
Event: 16.469 Thread 0x0000020ca8978ca0 7005       3       javafx.event.Event::<init> (36 bytes)
Event: 16.470 Thread 0x0000020ca8978ca0 nmethod 7005 0x0000020c96df2610 code [0x0000020c96df27e0, 0x0000020c96df2c68]
Event: 16.470 Thread 0x0000020ca8978ca0 7007       3       javafx.scene.shape.Rectangle::getArcWidth (19 bytes)
Event: 16.470 Thread 0x0000020ca8978ca0 nmethod 7007 0x0000020c96df2d90 code [0x0000020c96df2f60, 0x0000020c96df3310]
Event: 16.470 Thread 0x0000020ca8978ca0 7006       3       java.util.EventObject::<init> (24 bytes)
Event: 16.470 Thread 0x0000020ca8978ca0 nmethod 7006 0x0000020c96df3410 code [0x0000020c96df35e0, 0x0000020c96df38a0]
Event: 16.470 Thread 0x0000020ca8978ca0 7008       3       javafx.scene.shape.Rectangle::getX (19 bytes)
Event: 16.470 Thread 0x0000020ca8978ca0 nmethod 7008 0x0000020c96df3990 code [0x0000020c96df3b60, 0x0000020c96df3f10]
Event: 16.470 Thread 0x0000020ca8978ca0 7009       3       javafx.scene.shape.Rectangle::getY (19 bytes)
Event: 16.470 Thread 0x0000020ca8978ca0 nmethod 7009 0x0000020c96df4010 code [0x0000020c96df41e0, 0x0000020c96df4590]
Event: 16.470 Thread 0x0000020ca8978ca0 7010       3       javafx.scene.shape.Rectangle::getWidth (8 bytes)
Event: 16.470 Thread 0x0000020ca8978ca0 nmethod 7010 0x0000020c96df4690 code [0x0000020c96df4860, 0x0000020c96df4b98]
Event: 16.484 Thread 0x0000020ca8978ca0 7011       3       javafx.beans.binding.IntegerExpression::getValue (8 bytes)
Event: 16.484 Thread 0x0000020ca8978ca0 nmethod 7011 0x0000020c96df4c90 code [0x0000020c96df4e80, 0x0000020c96df52c8]
Event: 16.485 Thread 0x0000020ca8978ca0 7012       3       java.lang.Math::toRadians (6 bytes)
Event: 16.485 Thread 0x0000020ca8978ca0 nmethod 7012 0x0000020c96df5490 code [0x0000020c96df5640, 0x0000020c96df5730]

GC Heap History (8 events):
Event: 0.960 GC heap before
{Heap before GC invocations=0 (full 0):
 garbage-first heap   total 262144K, used 23552K [0x00000000e0000000, 0x0000000100000000)
  region size 1024K, 23 young (23552K), 0 survivors (0K)
 Metaspace       used 5679K, committed 5888K, reserved 1114112K
  class space    used 655K, committed 768K, reserved 1048576K
}
Event: 0.969 GC heap after
{Heap after GC invocations=1 (full 0):
 garbage-first heap   total 262144K, used 3729K [0x00000000e0000000, 0x0000000100000000)
  region size 1024K, 3 young (3072K), 3 survivors (3072K)
 Metaspace       used 5679K, committed 5888K, reserved 1114112K
  class space    used 655K, committed 768K, reserved 1048576K
}
Event: 1.919 GC heap before
{Heap before GC invocations=1 (full 0):
 garbage-first heap   total 262144K, used 35473K [0x00000000e0000000, 0x0000000100000000)
  region size 1024K, 34 young (34816K), 3 survivors (3072K)
 Metaspace       used 10274K, committed 10432K, reserved 1114112K
  class space    used 1209K, committed 1280K, reserved 1048576K
}
Event: 1.925 GC heap after
{Heap after GC invocations=2 (full 0):
 garbage-first heap   total 262144K, used 5649K [0x00000000e0000000, 0x0000000100000000)
  region size 1024K, 2 young (2048K), 2 survivors (2048K)
 Metaspace       used 10274K, committed 10432K, reserved 1114112K
  class space    used 1209K, committed 1280K, reserved 1048576K
}
Event: 4.280 GC heap before
{Heap before GC invocations=2 (full 0):
 garbage-first heap   total 262144K, used 68113K [0x00000000e0000000, 0x0000000100000000)
  region size 1024K, 64 young (65536K), 2 survivors (2048K)
 Metaspace       used 21175K, committed 21504K, reserved 1114112K
  class space    used 2582K, committed 2688K, reserved 1048576K
}
Event: 4.285 GC heap after
{Heap after GC invocations=3 (full 0):
 garbage-first heap   total 262144K, used 11912K [0x00000000e0000000, 0x0000000100000000)
  region size 1024K, 9 young (9216K), 9 survivors (9216K)
 Metaspace       used 21175K, committed 21504K, reserved 1114112K
  class space    used 2582K, committed 2688K, reserved 1048576K
}
Event: 12.338 GC heap before
{Heap before GC invocations=4 (full 0):
 garbage-first heap   total 262144K, used 77448K [0x00000000e0000000, 0x0000000100000000)
  region size 1024K, 55 young (56320K), 9 survivors (9216K)
 Metaspace       used 35555K, committed 35968K, reserved 1114112K
  class space    used 4702K, committed 4928K, reserved 1048576K
}
Event: 12.345 GC heap after
{Heap after GC invocations=5 (full 0):
 garbage-first heap   total 262144K, used 39182K [0x00000000e0000000, 0x0000000100000000)
  region size 1024K, 15 young (15360K), 15 survivors (15360K)
 Metaspace       used 35555K, committed 35968K, reserved 1114112K
  class space    used 4702K, committed 4928K, reserved 1048576K
}

Dll operation events (20 events):
Event: 3.872 Loaded shared library C:\Users\Razza\.openjfx\cache\21.0.1+6\amd64\api-ms-win-crt-locale-l1-1-0.dll
Event: 3.876 Loaded shared library C:\Users\Razza\.openjfx\cache\21.0.1+6\amd64\api-ms-win-crt-math-l1-1-0.dll
Event: 3.880 Loaded shared library C:\Users\Razza\.openjfx\cache\21.0.1+6\amd64\api-ms-win-crt-multibyte-l1-1-0.dll
Event: 3.885 Loaded shared library C:\Users\Razza\.openjfx\cache\21.0.1+6\amd64\api-ms-win-crt-private-l1-1-0.dll
Event: 3.892 Loaded shared library C:\Users\Razza\.openjfx\cache\21.0.1+6\amd64\api-ms-win-crt-process-l1-1-0.dll
Event: 3.896 Loaded shared library C:\Users\Razza\.openjfx\cache\21.0.1+6\amd64\api-ms-win-crt-runtime-l1-1-0.dll
Event: 3.901 Loaded shared library C:\Users\Razza\.openjfx\cache\21.0.1+6\amd64\api-ms-win-crt-stdio-l1-1-0.dll
Event: 3.906 Loaded shared library C:\Users\Razza\.openjfx\cache\21.0.1+6\amd64\api-ms-win-crt-string-l1-1-0.dll
Event: 3.912 Loaded shared library C:\Users\Razza\.openjfx\cache\21.0.1+6\amd64\api-ms-win-crt-time-l1-1-0.dll
Event: 3.916 Loaded shared library C:\Users\Razza\.openjfx\cache\21.0.1+6\amd64\api-ms-win-crt-utility-l1-1-0.dll
Event: 3.929 Loaded shared library C:\Users\Razza\.openjfx\cache\21.0.1+6\amd64\ucrtbase.dll
Event: 3.933 Loaded shared library C:\Users\Razza\.openjfx\cache\21.0.1+6\amd64\vcruntime140.dll
Event: 3.936 Loaded shared library C:\Users\Razza\.openjfx\cache\21.0.1+6\amd64\vcruntime140_1.dll
Event: 3.945 Loaded shared library C:\Users\Razza\.openjfx\cache\21.0.1+6\amd64\msvcp140.dll
Event: 3.948 Loaded shared library C:\Users\Razza\.openjfx\cache\21.0.1+6\amd64\msvcp140_1.dll
Event: 3.954 Loaded shared library C:\Users\Razza\.openjfx\cache\21.0.1+6\amd64\msvcp140_2.dll
Event: 3.998 Loaded shared library C:\Users\Razza\.openjfx\cache\21.0.1+6\amd64\prism_d3d.dll
Event: 4.043 Loaded shared library C:\Users\Razza\.openjfx\cache\21.0.1+6\amd64\glass.dll
Event: 4.463 Loaded shared library C:\Users\Razza\.openjfx\cache\21.0.1+6\amd64\javafx_font.dll
Event: 8.023 Loaded shared library C:\Program Files\Java\jdk-21.0.10\bin\extnet.dll

Deoptimization events (20 events):
Event: 16.302 Thread 0x0000020cef3eaeb0 Uncommon trap: trap_request=0xffffffd6 fr.pc=0x0000020c9df2cd60 relative=0x00000000000004e0
Event: 16.302 Thread 0x0000020cef3eaeb0 Uncommon trap: reason=array_check action=maybe_recompile pc=0x0000020c9df2cd60 method=com.sun.javafx.css.StyleCacheEntry$Key.<init>([Ljava/util/Set;Ljavafx/scene/text/Font;)V @ 39 c2
Event: 16.302 Thread 0x0000020cef3eaeb0 DEOPT PACKING pc=0x0000020c9df2cd60 sp=0x0000001e4c8fda00
Event: 16.302 Thread 0x0000020cef3eaeb0 DEOPT UNPACKING pc=0x0000020c9d6f46a2 sp=0x0000001e4c8fd9c0 mode 2
Event: 16.302 Thread 0x0000020cef3eaeb0 Uncommon trap: trap_request=0xffffffd6 fr.pc=0x0000020c9df2cd60 relative=0x00000000000004e0
Event: 16.302 Thread 0x0000020cef3eaeb0 Uncommon trap: reason=array_check action=maybe_recompile pc=0x0000020c9df2cd60 method=com.sun.javafx.css.StyleCacheEntry$Key.<init>([Ljava/util/Set;Ljavafx/scene/text/Font;)V @ 39 c2
Event: 16.302 Thread 0x0000020cef3eaeb0 DEOPT PACKING pc=0x0000020c9df2cd60 sp=0x0000001e4c8fd300
Event: 16.302 Thread 0x0000020cef3eaeb0 DEOPT UNPACKING pc=0x0000020c9d6f46a2 sp=0x0000001e4c8fd2c0 mode 2
Event: 16.302 Thread 0x0000020cef3eaeb0 Uncommon trap: trap_request=0xffffffd6 fr.pc=0x0000020c9df2cd60 relative=0x00000000000004e0
Event: 16.302 Thread 0x0000020cef3eaeb0 Uncommon trap: reason=array_check action=maybe_recompile pc=0x0000020c9df2cd60 method=com.sun.javafx.css.StyleCacheEntry$Key.<init>([Ljava/util/Set;Ljavafx/scene/text/Font;)V @ 39 c2
Event: 16.302 Thread 0x0000020cef3eaeb0 DEOPT PACKING pc=0x0000020c9df2cd60 sp=0x0000001e4c8fcdb0
Event: 16.302 Thread 0x0000020cef3eaeb0 DEOPT UNPACKING pc=0x0000020c9d6f46a2 sp=0x0000001e4c8fcd70 mode 2
Event: 16.302 Thread 0x0000020cef3eaeb0 Uncommon trap: trap_request=0xffffffd6 fr.pc=0x0000020c9df2cd60 relative=0x00000000000004e0
Event: 16.302 Thread 0x0000020cef3eaeb0 Uncommon trap: reason=array_check action=maybe_recompile pc=0x0000020c9df2cd60 method=com.sun.javafx.css.StyleCacheEntry$Key.<init>([Ljava/util/Set;Ljavafx/scene/text/Font;)V @ 39 c2
Event: 16.302 Thread 0x0000020cef3eaeb0 DEOPT PACKING pc=0x0000020c9df2cd60 sp=0x0000001e4c8fd7c0
Event: 16.302 Thread 0x0000020cef3eaeb0 DEOPT UNPACKING pc=0x0000020c9d6f46a2 sp=0x0000001e4c8fd780 mode 2
Event: 16.367 Thread 0x0000020cef3eaeb0 Uncommon trap: trap_request=0xffffff45 fr.pc=0x0000020c9deedcb4 relative=0x0000000000000574
Event: 16.367 Thread 0x0000020cef3eaeb0 Uncommon trap: reason=unstable_if action=reinterpret pc=0x0000020c9deedcb4 method=javafx.scene.Node.updateBounds()V @ 37 c2
Event: 16.367 Thread 0x0000020cef3eaeb0 DEOPT PACKING pc=0x0000020c9deedcb4 sp=0x0000001e4c8fe5a0
Event: 16.367 Thread 0x0000020cef3eaeb0 DEOPT UNPACKING pc=0x0000020c9d6f46a2 sp=0x0000001e4c8fe550 mode 2

Classes loaded (20 events):
Event: 13.241 Loading class java/util/Vector$1
Event: 13.241 Loading class java/util/Vector$1 done
Event: 13.301 Loading class java/util/EnumMap$Values
Event: 13.301 Loading class java/util/EnumMap$Values done
Event: 13.301 Loading class java/util/EnumMap$ValueIterator
Event: 13.302 Loading class java/util/EnumMap$EnumMapIterator
Event: 13.302 Loading class java/util/EnumMap$EnumMapIterator done
Event: 13.302 Loading class java/util/EnumMap$ValueIterator done
Event: 13.352 Loading class java/lang/Throwable$WrappedPrintStream
Event: 13.352 Loading class java/lang/Throwable$WrappedPrintStream done
Event: 15.919 Loading class java/time/format/FormatStyle
Event: 15.919 Loading class java/time/format/FormatStyle done
Event: 16.013 Loading class java/util/BitSet$1BitSetSpliterator
Event: 16.013 Loading class java/util/BitSet$1BitSetSpliterator done
Event: 16.013 Loading class java/util/stream/IntPipeline$1
Event: 16.013 Loading class java/util/stream/IntPipeline$1 done
Event: 16.013 Loading class java/util/stream/IntPipeline$1$1
Event: 16.013 Loading class java/util/stream/IntPipeline$1$1 done
Event: 16.283 Loading class java/security/AllPermissionCollection
Event: 16.283 Loading class java/security/AllPermissionCollection done

Classes unloaded (0 events):
No events

Classes redefined (0 events):
No events

Internal exceptions (20 events):
Event: 12.271 Thread 0x0000020cef3eaeb0 Exception <a 'sun/nio/fs/WindowsException'{0x00000000ed5d7b68}> (0x00000000ed5d7b68) 
thrown [s\open\src\hotspot\share\prims\jni.cpp, line 520]
Event: 12.274 Thread 0x0000020cef3eaeb0 Exception <a 'sun/nio/fs/WindowsException'{0x00000000ed5ea078}> (0x00000000ed5ea078) 
thrown [s\open\src\hotspot\share\prims\jni.cpp, line 520]
Event: 12.274 Thread 0x0000020cef3eaeb0 Exception <a 'sun/nio/fs/WindowsException'{0x00000000ed5eac40}> (0x00000000ed5eac40) 
thrown [s\open\src\hotspot\share\prims\jni.cpp, line 520]
Event: 12.316 Thread 0x0000020cef3eaeb0 Exception <a 'java/lang/NoSuchMethodError'{0x00000000ed28d528}: 'void java.lang.invoke.DirectMethodHandle$Holder.invokeSpecial(java.lang.Object, java.lang.Object, long)'> (0x00000000ed28d528) 
thrown [s\open\src\hotspot\share\interpreter\linkResolver.cpp, line 773]
Event: 12.324 Thread 0x0000020cef3eaeb0 Exception <a 'sun/nio/fs/WindowsException'{0x00000000ed2ab960}> (0x00000000ed2ab960) 
thrown [s\open\src\hotspot\share\prims\jni.cpp, line 520]
Event: 12.718 Thread 0x0000020cef3eaeb0 Exception <a 'java/lang/NoSuchMethodError'{0x00000000efc0b748}: 'java.lang.Object java.lang.invoke.DirectMethodHandle$Holder.invokeStaticInit(java.lang.Object, java.lang.Object, int, int, int, int)'> (0x00000000efc0b748) 
thrown [s\open\src\hotspot\share\interpreter\linkResolver.cpp, line 773]
Event: 12.858 Thread 0x0000020cef3eaeb0 Exception <a 'java/io/FileNotFoundException'{0x00000000ef99ed50}> (0x00000000ef99ed50) 
thrown [s\open\src\hotspot\share\prims\jni.cpp, line 520]
Event: 12.922 Thread 0x0000020cef3eaeb0 Exception <a 'java/io/FileNotFoundException'{0x00000000ef6ce170}> (0x00000000ef6ce170) 
thrown [s\open\src\hotspot\share\prims\jni.cpp, line 520]
Event: 12.922 Thread 0x0000020cef3eaeb0 Exception <a 'java/io/FileNotFoundException'{0x00000000ef6d0280}> (0x00000000ef6d0280) 
thrown [s\open\src\hotspot\share\prims\jni.cpp, line 520]
Event: 12.924 Thread 0x0000020cef3eaeb0 Exception <a 'java/io/FileNotFoundException'{0x00000000ef6d5de8}> (0x00000000ef6d5de8) 
thrown [s\open\src\hotspot\share\prims\jni.cpp, line 520]
Event: 12.924 Thread 0x0000020cef3eaeb0 Exception <a 'java/io/FileNotFoundException'{0x00000000ef6d7ef8}> (0x00000000ef6d7ef8) 
thrown [s\open\src\hotspot\share\prims\jni.cpp, line 520]
Event: 14.381 Thread 0x0000020cef3eaeb0 Exception <a 'java/lang/NoSuchMethodError'{0x00000000eea2d6a0}: 'java.lang.Object java.lang.invoke.DirectMethodHandle$Holder.newInvokeSpecial(java.lang.Object, java.lang.Object, int, int, int, int, int, java.lang.Object)'> (0x00000000eea2d6a0) 
thrown [s\open\src\hotspot\share\interpreter\linkResolver.cpp, line 773]
Event: 14.382 Thread 0x0000020cef3eaeb0 Exception <a 'java/lang/NoSuchMethodError'{0x00000000eea3f2c0}: 'java.lang.Object java.lang.invoke.DirectMethodHandle$Holder.newInvokeSpecial(java.lang.Object, java.lang.Object, java.lang.Object, int, int, int, int, int)'> (0x00000000eea3f2c0) 
thrown [s\open\src\hotspot\share\interpreter\linkResolver.cpp, line 773]
Event: 14.382 Thread 0x0000020cef3eaeb0 Exception <a 'java/lang/NoSuchMethodError'{0x00000000eea465e0}: 'java.lang.Object java.lang.invoke.Invokers$Holder.linkToTargetMethod(java.lang.Object, java.lang.Object, int, int, int, int, int, java.lang.Object)'> (0x00000000eea465e0) 
thrown [s\open\src\hotspot\share\interpreter\linkResolver.cpp, line 773]
Event: 15.955 Thread 0x0000020cef3eaeb0 Exception <a 'java/lang/ClassNotFoundException'{0x00000000ee601e38}: com/sun/javafx/scene/control/skin/resources/controls-nt> (0x00000000ee601e38) 
thrown [s\open\src\hotspot\share\prims\jni.cpp, line 539]
Event: 15.955 Thread 0x0000020cef3eaeb0 Exception <a 'java/lang/ClassNotFoundException'{0x00000000ee60ca90}: com/sun/javafx/scene/control/skin/resources/controls-nt_en> (0x00000000ee60ca90) 
thrown [s\open\src\hotspot\share\prims\jni.cpp, line 539]
Event: 15.955 Thread 0x0000020cef3eaeb0 Exception <a 'java/lang/ClassNotFoundException'{0x00000000ee60f588}: com/sun/javafx/scene/control/skin/resources/controls-nt_en_PH> (0x00000000ee60f588) 
thrown [s\open\src\hotspot\share\prims\jni.cpp, line 539]
Event: 16.229 Thread 0x0000020cef3eaeb0 Exception <a 'java/lang/NoSuchMethodError'{0x00000000edbde948}: 'void java.lang.invoke.DirectMethodHandle$Holder.invokeSpecial(java.lang.Object, java.lang.Object, int, int)'> (0x00000000edbde948) 
thrown [s\open\src\hotspot\share\interpreter\linkResolver.cpp, line 773]
Event: 16.230 Thread 0x0000020cef3eaeb0 Exception <a 'java/lang/NoSuchMethodError'{0x00000000edbe49b0}: 'java.lang.Object java.lang.invoke.DirectMethodHandle$Holder.newInvokeSpecial(java.lang.Object, java.lang.Object, int, int)'> (0x00000000edbe49b0) 
thrown [s\open\src\hotspot\share\interpreter\linkResolver.cpp, line 773]
Event: 16.230 Thread 0x0000020cef3eaeb0 Exception <a 'java/lang/NoSuchMethodError'{0x00000000edbe88e0}: 'java.lang.Object java.lang.invoke.DirectMethodHandle$Holder.invokeSpecial(java.lang.Object, java.lang.Object, java.lang.Object, int, int)'> (0x00000000edbe88e0) 
thrown [s\open\src\hotspot\share\interpreter\linkResolver.cpp, line 773]

ZGC Phase Switch (0 events):
No events

VM Operations (20 events):
Event: 12.839 Executing VM operation: HandshakeAllThreads (Deoptimize)
Event: 12.839 Executing VM operation: HandshakeAllThreads (Deoptimize) done
Event: 12.846 Executing VM operation: HandshakeAllThreads (Deoptimize)
Event: 12.846 Executing VM operation: HandshakeAllThreads (Deoptimize) done
Event: 13.020 Executing VM operation: ICBufferFull
Event: 13.020 Executing VM operation: ICBufferFull done
Event: 13.203 Executing VM operation: HandshakeAllThreads (Deoptimize)
Event: 13.203 Executing VM operation: HandshakeAllThreads (Deoptimize) done
Event: 13.289 Executing VM operation: ICBufferFull
Event: 13.290 Executing VM operation: ICBufferFull done
Event: 15.290 Executing VM operation: Cleanup
Event: 15.290 Executing VM operation: Cleanup done
Event: 15.967 Executing VM operation: HandshakeAllThreads (Deoptimize)
Event: 15.967 Executing VM operation: HandshakeAllThreads (Deoptimize) done
Event: 15.980 Executing VM operation: HandshakeAllThreads (Deoptimize)
Event: 15.980 Executing VM operation: HandshakeAllThreads (Deoptimize) done
Event: 16.172 Executing VM operation: HandshakeAllThreads (Deoptimize)
Event: 16.172 Executing VM operation: HandshakeAllThreads (Deoptimize) done
Event: 16.220 Executing VM operation: ICBufferFull
Event: 16.221 Executing VM operation: ICBufferFull done

Events (20 events):
Event: 12.356 Thread 0x0000020ca8941090 flushing nmethod 0x0000020c9662c690
Event: 12.356 Thread 0x0000020ca8941090 flushing nmethod 0x0000020c9662f110
Event: 12.356 Thread 0x0000020ca8941090 flushing nmethod 0x0000020c96630a10
Event: 12.356 Thread 0x0000020ca8941090 flushing nmethod 0x0000020c96632410
Event: 12.356 Thread 0x0000020ca8941090 flushing nmethod 0x0000020c96632c90
Event: 12.356 Thread 0x0000020ca8941090 flushing nmethod 0x0000020c96679790
Event: 12.356 Thread 0x0000020ca8941090 flushing nmethod 0x0000020c96745990
Event: 12.356 Thread 0x0000020ca8941090 flushing nmethod 0x0000020c968c1010
Event: 12.356 Thread 0x0000020ca8941090 flushing nmethod 0x0000020c968d2f90
Event: 12.356 Thread 0x0000020ca8941090 flushing nmethod 0x0000020c967e4610
Event: 12.622 Thread 0x0000020cf022af00 Thread exited: 0x0000020cf022af00
Event: 12.624 Thread 0x0000020cee5cffd0 Thread exited: 0x0000020cee5cffd0
Event: 12.755 Thread 0x0000020cee5cffd0 Thread added: 0x0000020cee5cffd0
Event: 12.758 Thread 0x0000020cf022af00 Thread added: 0x0000020cf022af00
Event: 12.827 Thread 0x0000020cefcbf010 Thread added: 0x0000020cefcbf010
Event: 12.833 Thread 0x0000020ceebf21f0 Thread added: 0x0000020ceebf21f0
Event: 13.456 Thread 0x0000020cf022af00 Thread exited: 0x0000020cf022af00
Event: 13.638 Thread 0x0000020cee5cffd0 Thread exited: 0x0000020cee5cffd0
Event: 15.991 Thread 0x0000020cef5b4530 Thread added: 0x0000020cef5b4530
Event: 16.235 Thread 0x0000020ca8c00820 Thread added: 0x0000020ca8c00820


Dynamic libraries:
0x00007ff7876e0000 - 0x00007ff7876f0000 	C:\Program Files\Java\jdk-21.0.10\bin\java.exe
0x00007ffa76cc0000 - 0x00007ffa76f28000 	C:\WINDOWS\SYSTEM32\ntdll.dll
0x00007ffa74f80000 - 0x00007ffa75049000 	C:\WINDOWS\System32\KERNEL32.DLL
0x00007ffa74010000 - 0x00007ffa74408000 	C:\WINDOWS\System32\KERNELBASE.dll
0x00007ffa73ec0000 - 0x00007ffa7400b000 	C:\WINDOWS\System32\ucrtbase.dll
0x00007ffa69ab0000 - 0x00007ffa69ace000 	C:\Program Files\Java\jdk-21.0.10\bin\VCRUNTIME140.dll
0x00007ffa68970000 - 0x00007ffa68989000 	C:\Program Files\Java\jdk-21.0.10\bin\jli.dll
0x00007ffa75060000 - 0x00007ffa75114000 	C:\WINDOWS\System32\ADVAPI32.dll
0x00007ffa75ba0000 - 0x00007ffa75c49000 	C:\WINDOWS\System32\msvcrt.dll
0x00007ffa76020000 - 0x00007ffa760c6000 	C:\WINDOWS\System32\sechost.dll
0x00007ffa74cc0000 - 0x00007ffa74dd8000 	C:\WINDOWS\System32\RPCRT4.dll
0x00007ffa75960000 - 0x00007ffa75b27000 	C:\WINDOWS\System32\USER32.dll
0x00007ffa74900000 - 0x00007ffa74927000 	C:\WINDOWS\System32\win32u.dll
0x00007ffa74de0000 - 0x00007ffa74e0b000 	C:\WINDOWS\System32\GDI32.dll
0x00007ffa74930000 - 0x00007ffa74a5c000 	C:\WINDOWS\System32\gdi32full.dll
0x00007ffa74850000 - 0x00007ffa748f3000 	C:\WINDOWS\System32\msvcp_win.dll
0x00007ffa5b980000 - 0x00007ffa5bc14000 	C:\WINDOWS\WinSxS\amd64_microsoft.windows.common-controls_6595b64144ccf1df_6.0.26100.7019_none_3e06ffa0e335b8a8\COMCTL32.dll
0x00007ffa69b70000 - 0x00007ffa69b7b000 	C:\WINDOWS\SYSTEM32\VERSION.dll
0x00007ffa75b60000 - 0x00007ffa75b91000 	C:\WINDOWS\System32\IMM32.DLL
0x00007ffa6ead0000 - 0x00007ffa6eadc000 	C:\Program Files\Java\jdk-21.0.10\bin\vcruntime140_1.dll
0x00007ffa67090000 - 0x00007ffa6711d000 	C:\Program Files\Java\jdk-21.0.10\bin\msvcp140.dll
0x00007ff9fc4d0000 - 0x00007ff9fd1f7000 	C:\Program Files\Java\jdk-21.0.10\bin\server\jvm.dll
0x00007ffa74bb0000 - 0x00007ffa74c24000 	C:\WINDOWS\System32\WS2_32.dll
0x00007ffa73c70000 - 0x00007ffa73cce000 	C:\WINDOWS\SYSTEM32\POWRPROF.dll
0x00007ffa6a110000 - 0x00007ffa6a145000 	C:\WINDOWS\SYSTEM32\WINMM.dll
0x00007ffa73c50000 - 0x00007ffa73c64000 	C:\WINDOWS\SYSTEM32\UMPDC.dll
0x00007ffa72bd0000 - 0x00007ffa72beb000 	C:\WINDOWS\SYSTEM32\kernel.appcore.dll
0x00007ffa694d0000 - 0x00007ffa694da000 	C:\Program Files\Java\jdk-21.0.10\bin\jimage.dll
0x00007ffa66080000 - 0x00007ffa662c2000 	C:\WINDOWS\SYSTEM32\DBGHELP.DLL
0x00007ffa768a0000 - 0x00007ffa76c2b000 	C:\WINDOWS\System32\combase.dll
0x00007ffa75140000 - 0x00007ffa75217000 	C:\WINDOWS\System32\OLEAUT32.dll
0x00007ffa50d30000 - 0x00007ffa50d6c000 	C:\WINDOWS\SYSTEM32\dbgcore.DLL
0x00007ffa73e10000 - 0x00007ffa73eb5000 	C:\WINDOWS\System32\bcryptPrimitives.dll
0x00007ffa68900000 - 0x00007ffa68921000 	C:\Program Files\Java\jdk-21.0.10\bin\java.dll
0x00007ffa76140000 - 0x00007ffa7688f000 	C:\WINDOWS\System32\SHELL32.dll
0x00007ffa74410000 - 0x00007ffa7457b000 	C:\WINDOWS\System32\wintypes.dll
0x00007ffa71a30000 - 0x00007ffa7228d000 	C:\WINDOWS\SYSTEM32\windows.storage.dll
0x00007ffa75c50000 - 0x00007ffa75d42000 	C:\WINDOWS\System32\SHCORE.dll
0x00007ffa75d50000 - 0x00007ffa75db7000 	C:\WINDOWS\System32\shlwapi.dll
0x00007ffa73d30000 - 0x00007ffa73d59000 	C:\WINDOWS\SYSTEM32\profapi.dll
0x00007ffa39bc0000 - 0x00007ffa39c97000 	C:\Program Files\Java\jdk-21.0.10\bin\jsvml.dll
0x00007ffa685f0000 - 0x00007ffa68601000 	C:\Program Files\Java\jdk-21.0.10\bin\net.dll
0x00007ffa68d20000 - 0x00007ffa68e48000 	C:\WINDOWS\SYSTEM32\WINHTTP.dll
0x00007ffa73140000 - 0x00007ffa731ab000 	C:\WINDOWS\system32\mswsock.dll
0x00007ffa685d0000 - 0x00007ffa685e6000 	C:\Program Files\Java\jdk-21.0.10\bin\nio.dll
0x00007ffa67070000 - 0x00007ffa67088000 	C:\Program Files\Java\jdk-21.0.10\bin\zip.dll
0x00007ffa67040000 - 0x00007ffa67064000 	C:\Users\Razza\apache-maven-3.9.15\lib\jansi-native\Windows\x86_64\jansi.dll
0x00007ffa68960000 - 0x00007ffa68970000 	C:\Program Files\Java\jdk-21.0.10\bin\verify.dll
0x0000020c8dc30000 - 0x0000020c8dc33000 	C:\Users\Razza\.openjfx\cache\21.0.1+6\amd64\api-ms-win-core-console-l1-1-0.dll
0x0000020c8dc40000 - 0x0000020c8dc43000 	C:\Users\Razza\.openjfx\cache\21.0.1+6\amd64\api-ms-win-core-console-l1-2-0.dll
0x0000020c8dc50000 - 0x0000020c8dc53000 	C:\Users\Razza\.openjfx\cache\21.0.1+6\amd64\api-ms-win-core-datetime-l1-1-0.dll
0x0000020c8dc60000 - 0x0000020c8dc63000 	C:\Users\Razza\.openjfx\cache\21.0.1+6\amd64\api-ms-win-core-debug-l1-1-0.dll
0x0000020c8dc70000 - 0x0000020c8dc73000 	C:\Users\Razza\.openjfx\cache\21.0.1+6\amd64\api-ms-win-core-errorhandling-l1-1-0.dll
0x0000020c8dc80000 - 0x0000020c8dc84000 	C:\Users\Razza\.openjfx\cache\21.0.1+6\amd64\api-ms-win-core-file-l1-1-0.dll
0x0000020ca8f50000 - 0x0000020ca8f53000 	C:\Users\Razza\.openjfx\cache\21.0.1+6\amd64\api-ms-win-core-file-l1-2-0.dll
0x0000020ca8f60000 - 0x0000020ca8f63000 	C:\Users\Razza\.openjfx\cache\21.0.1+6\amd64\api-ms-win-core-file-l2-1-0.dll
0x0000020ca8f70000 - 0x0000020ca8f73000 	C:\Users\Razza\.openjfx\cache\21.0.1+6\amd64\api-ms-win-core-handle-l1-1-0.dll
0x0000020ca8f80000 - 0x0000020ca8f83000 	C:\Users\Razza\.openjfx\cache\21.0.1+6\amd64\api-ms-win-core-heap-l1-1-0.dll
0x0000020ca8f90000 - 0x0000020ca8f93000 	C:\Users\Razza\.openjfx\cache\21.0.1+6\amd64\api-ms-win-core-interlocked-l1-1-0.dll
0x0000020ca8fa0000 - 0x0000020ca8fa3000 	C:\Users\Razza\.openjfx\cache\21.0.1+6\amd64\api-ms-win-core-libraryloader-l1-1-0.dll
0x0000020ca8fb0000 - 0x0000020ca8fb3000 	C:\Users\Razza\.openjfx\cache\21.0.1+6\amd64\api-ms-win-core-localization-l1-2-0.dll
0x0000020ca8fc0000 - 0x0000020ca8fc3000 	C:\Users\Razza\.openjfx\cache\21.0.1+6\amd64\api-ms-win-core-memory-l1-1-0.dll
0x0000020ca8fd0000 - 0x0000020ca8fd3000 	C:\Users\Razza\.openjfx\cache\21.0.1+6\amd64\api-ms-win-core-namedpipe-l1-1-0.dll
0x0000020ca8fe0000 - 0x0000020ca8fe3000 	C:\Users\Razza\.openjfx\cache\21.0.1+6\amd64\api-ms-win-core-processenvironment-l1-1-0.dll
0x0000020ca8ff0000 - 0x0000020ca8ff3000 	C:\Users\Razza\.openjfx\cache\21.0.1+6\amd64\api-ms-win-core-processthreads-l1-1-0.dll
0x0000020cf07a0000 - 0x0000020cf07a3000 	C:\Users\Razza\.openjfx\cache\21.0.1+6\amd64\api-ms-win-core-processthreads-l1-1-1.dll
0x0000020cf07b0000 - 0x0000020cf07b3000 	C:\Users\Razza\.openjfx\cache\21.0.1+6\amd64\api-ms-win-core-profile-l1-1-0.dll
0x0000020cf07c0000 - 0x0000020cf07c3000 	C:\Users\Razza\.openjfx\cache\21.0.1+6\amd64\api-ms-win-core-rtlsupport-l1-1-0.dll
0x0000020cf07d0000 - 0x0000020cf07d3000 	C:\Users\Razza\.openjfx\cache\21.0.1+6\amd64\api-ms-win-core-string-l1-1-0.dll
0x0000020cf07e0000 - 0x0000020cf07e3000 	C:\Users\Razza\.openjfx\cache\21.0.1+6\amd64\api-ms-win-core-synch-l1-1-0.dll
0x0000020cf07f0000 - 0x0000020cf07f3000 	C:\Users\Razza\.openjfx\cache\21.0.1+6\amd64\api-ms-win-core-synch-l1-2-0.dll
0x0000020cf0800000 - 0x0000020cf0803000 	C:\Users\Razza\.openjfx\cache\21.0.1+6\amd64\api-ms-win-core-sysinfo-l1-1-0.dll
0x0000020cf0810000 - 0x0000020cf0813000 	C:\Users\Razza\.openjfx\cache\21.0.1+6\amd64\api-ms-win-core-timezone-l1-1-0.dll
0x0000020cf0820000 - 0x0000020cf0823000 	C:\Users\Razza\.openjfx\cache\21.0.1+6\amd64\api-ms-win-core-util-l1-1-0.dll
0x0000020cf0830000 - 0x0000020cf0833000 	C:\Users\Razza\.openjfx\cache\21.0.1+6\amd64\api-ms-win-crt-conio-l1-1-0.dll
0x0000020cf0840000 - 0x0000020cf0844000 	C:\Users\Razza\.openjfx\cache\21.0.1+6\amd64\api-ms-win-crt-convert-l1-1-0.dll
0x0000020cf0850000 - 0x0000020cf0853000 	C:\Users\Razza\.openjfx\cache\21.0.1+6\amd64\api-ms-win-crt-environment-l1-1-0.dll
0x0000020cf0860000 - 0x0000020cf0863000 	C:\Users\Razza\.openjfx\cache\21.0.1+6\amd64\api-ms-win-crt-filesystem-l1-1-0.dll
0x0000020cf0870000 - 0x0000020cf0873000 	C:\Users\Razza\.openjfx\cache\21.0.1+6\amd64\api-ms-win-crt-heap-l1-1-0.dll
0x0000020cf0880000 - 0x0000020cf0883000 	C:\Users\Razza\.openjfx\cache\21.0.1+6\amd64\api-ms-win-crt-locale-l1-1-0.dll
0x0000020cf0890000 - 0x0000020cf0895000 	C:\Users\Razza\.openjfx\cache\21.0.1+6\amd64\api-ms-win-crt-math-l1-1-0.dll
0x0000020cf08a0000 - 0x0000020cf08a5000 	C:\Users\Razza\.openjfx\cache\21.0.1+6\amd64\api-ms-win-crt-multibyte-l1-1-0.dll
0x0000020cf08b0000 - 0x0000020cf08c0000 	C:\Users\Razza\.openjfx\cache\21.0.1+6\amd64\api-ms-win-crt-private-l1-1-0.dll
0x0000020cf08c0000 - 0x0000020cf08c3000 	C:\Users\Razza\.openjfx\cache\21.0.1+6\amd64\api-ms-win-crt-process-l1-1-0.dll
0x0000020cf08d0000 - 0x0000020cf08d4000 	C:\Users\Razza\.openjfx\cache\21.0.1+6\amd64\api-ms-win-crt-runtime-l1-1-0.dll
0x0000020cf08e0000 - 0x0000020cf08e4000 	C:\Users\Razza\.openjfx\cache\21.0.1+6\amd64\api-ms-win-crt-stdio-l1-1-0.dll
0x0000020cf08f0000 - 0x0000020cf08f4000 	C:\Users\Razza\.openjfx\cache\21.0.1+6\amd64\api-ms-win-crt-string-l1-1-0.dll
0x0000020cf0900000 - 0x0000020cf0903000 	C:\Users\Razza\.openjfx\cache\21.0.1+6\amd64\api-ms-win-crt-time-l1-1-0.dll
0x0000020cf0910000 - 0x0000020cf0913000 	C:\Users\Razza\.openjfx\cache\21.0.1+6\amd64\api-ms-win-crt-utility-l1-1-0.dll
0x00007ffa39ac0000 - 0x00007ffa39bbc000 	C:\Users\Razza\.openjfx\cache\21.0.1+6\amd64\ucrtbase.dll
0x00007ffa67020000 - 0x00007ffa6703b000 	C:\Users\Razza\.openjfx\cache\21.0.1+6\amd64\vcruntime140.dll
0x00007ffa688f0000 - 0x00007ffa688fc000 	C:\Users\Razza\.openjfx\cache\21.0.1+6\amd64\vcruntime140_1.dll
0x00007ffa401e0000 - 0x00007ffa4026e000 	C:\Users\Razza\.openjfx\cache\21.0.1+6\amd64\msvcp140.dll
0x00007ffa75220000 - 0x00007ffa753b7000 	C:\WINDOWS\System32\ole32.dll
0x00007ffa68570000 - 0x00007ffa68579000 	C:\Users\Razza\.openjfx\cache\21.0.1+6\amd64\msvcp140_1.dll
0x00007ffa66ff0000 - 0x00007ffa6701f000 	C:\Users\Razza\.openjfx\cache\21.0.1+6\amd64\msvcp140_2.dll
0x00007ffa61160000 - 0x00007ffa6118f000 	C:\Users\Razza\.openjfx\cache\21.0.1+6\amd64\prism_d3d.dll
0x00007ffa0b7c0000 - 0x00007ffa0b970000 	C:\WINDOWS\system32\d3d9.dll
0x00007ffa712e0000 - 0x00007ffa71310000 	C:\WINDOWS\SYSTEM32\dwmapi.dll
0x00007ffa71340000 - 0x00007ffa71383000 	C:\WINDOWS\SYSTEM32\dxcore.dll
0x00007ffa71070000 - 0x00007ffa7111a000 	C:\WINDOWS\system32\uxtheme.dll
0x00007ff9972b0000 - 0x00007ff9972d0000 	C:\WINDOWS\System32\DriverStore\FileRepository\u0198974.inf_amd64_dcac9659486b668a\B025819\atidx9loader64.dll
0x00007ff9a71f0000 - 0x00007ff9a990b000 	C:\WINDOWS\System32\DriverStore\FileRepository\u0198974.inf_amd64_dcac9659486b668a\B025819\AMDXN64.DLL
0x00007ffa754c0000 - 0x00007ffa7594a000 	C:\WINDOWS\System32\SETUPAPI.dll
0x00007ffa71180000 - 0x00007ffa712b9000 	C:\WINDOWS\SYSTEM32\dxgi.dll
0x00007ffa73d00000 - 0x00007ffa73d2a000 	C:\WINDOWS\SYSTEM32\BCrypt.dll
0x00007ffa67420000 - 0x00007ffa6745c000 	C:\WINDOWS\System32\DriverStore\FileRepository\u0198974.inf_amd64_dcac9659486b668a\B025819\amdihk64.dll
0x00007ffa6e0f0000 - 0x00007ffa6e153000 	C:\WINDOWS\SYSTEM32\directxdatabasehelper.dll
0x00007ffa61110000 - 0x00007ffa61152000 	C:\Users\Razza\.openjfx\cache\21.0.1+6\amd64\glass.dll
0x00007ffa753c0000 - 0x00007ffa754b2000 	C:\WINDOWS\System32\COMDLG32.dll
0x00007ffa74e10000 - 0x00007ffa74f6e000 	C:\WINDOWS\System32\MSCTF.dll
0x00007ffa62e90000 - 0x00007ffa62ea4000 	C:\Users\Razza\.openjfx\cache\21.0.1+6\amd64\javafx_font.dll
0x00007ffa6f870000 - 0x00007ffa6fad7000 	C:\WINDOWS\SYSTEM32\dwrite.dll
0x00007ffa74af0000 - 0x00007ffa74ba0000 	C:\WINDOWS\System32\clbcatq.dll
0x00007ffa6f630000 - 0x00007ffa6f860000 	C:\WINDOWS\SYSTEM32\WindowsCodecs.dll
0x00007ffa45680000 - 0x00007ffa456da000 	C:\WINDOWS\system32\dataexchange.dll
0x00007ffa67cc0000 - 0x00007ffa67f04000 	C:\WINDOWS\system32\twinapi.appcore.dll
0x00007ffa5a470000 - 0x00007ffa5a49c000 	C:\Program Files\Common Files\Microsoft Shared\Ink\rtscom.dll
0x00007ffa5c690000 - 0x00007ffa5c7d7000 	C:\WINDOWS\SYSTEM32\textinputframework.dll
0x00007ffa70af0000 - 0x00007ffa70c17000 	C:\WINDOWS\SYSTEM32\CoreMessaging.dll
0x00007ffa6d5f0000 - 0x00007ffa6d8d2000 	C:\WINDOWS\SYSTEM32\CoreUIComponents.dll
0x00007ffa73420000 - 0x00007ffa7342c000 	C:\WINDOWS\SYSTEM32\CRYPTBASE.DLL
0x00007ffa61370000 - 0x00007ffa61379000 	C:\Program Files\Java\jdk-21.0.10\bin\extnet.dll
0x00007ffa73400000 - 0x00007ffa7341b000 	C:\WINDOWS\SYSTEM32\CRYPTSP.dll
0x00007ffa72b30000 - 0x00007ffa72b6a000 	C:\WINDOWS\system32\rsaenh.dll
0x00007ffa731f0000 - 0x00007ffa7321b000 	C:\WINDOWS\SYSTEM32\USERENV.dll
0x00007ffa4a310000 - 0x00007ffa4a328000 	C:\WINDOWS\system32\napinsp.dll
0x00007ffa72600000 - 0x00007ffa7272c000 	C:\WINDOWS\SYSTEM32\DNSAPI.dll

dbghelp: loaded successfully - version: 4.0.5 - missing functions: none
symbol engine: initialized successfully - sym options: 0x614 - pdb path: .;C:\Program Files\Java\jdk-21.0.10\bin;C:\WINDOWS\SYSTEM32;C:\WINDOWS\WinSxS\amd64_microsoft.windows.common-controls_6595b64144ccf1df_6.0.26100.7019_none_3e06ffa0e335b8a8;C:\Program Files\Java\jdk-21.0.10\bin\server;C:\Users\Razza\apache-maven-3.9.15\lib\jansi-native\Windows\x86_64;C:\Users\Razza\.openjfx\cache\21.0.1+6\amd64;C:\WINDOWS\System32\DriverStore\FileRepository\u0198974.inf_amd64_dcac9659486b668a\B025819;C:\Program Files\Common Files\Microsoft Shared\Ink

VM Arguments:
jvm_args: --enable-native-access=ALL-UNNAMED -Xms256m -Xmx512m -Dclassworlds.conf=C:\Users\Razza\apache-maven-3.9.15\bin\m2.conf -Dmaven.home=C:\Users\Razza\apache-maven-3.9.15 -Dlibrary.jansi.path=C:\Users\Razza\apache-maven-3.9.15\lib\jansi-native -Dmaven.multiModuleProjectDirectory=C:\Users\Razza\OneDrive\Desktop\Java-FX-BDMS 
java_command: org.codehaus.plexus.classworlds.launcher.Launcher exec:java -Dexec.mainClass=com.example.App
java_class_path (initial): C:\Users\Razza\apache-maven-3.9.15\boot\plexus-classworlds-2.9.0.jar
Launcher Type: SUN_STANDARD

[Global flags]
     intx CICompilerCount                          = 4                                         {product} {ergonomic}
     uint ConcGCThreads                            = 2                                         {product} {ergonomic}
     uint G1ConcRefinementThreads                  = 8                                         {product} {ergonomic}
   size_t G1HeapRegionSize                         = 1048576                                   {product} {ergonomic}
    uintx GCDrainStackTargetSize                   = 64                                        {product} {ergonomic}
   size_t InitialHeapSize                          = 268435456                                 {product} {command line}
   size_t MarkStackSize                            = 4194304                                   {product} {ergonomic}
   size_t MaxHeapSize                              = 536870912                                 {product} {command line}
   size_t MaxNewSize                               = 321912832                                 {product} {ergonomic}
   size_t MinHeapDeltaBytes                        = 1048576                                   {product} {ergonomic}
   size_t MinHeapSize                              = 268435456                                 {product} {command line}
    uintx NonNMethodCodeHeapSize                   = 5839372                                {pd product} {ergonomic}
    uintx NonProfiledCodeHeapSize                  = 122909434                              {pd product} {ergonomic}
    uintx ProfiledCodeHeapSize                     = 122909434                              {pd product} {ergonomic}
    uintx ReservedCodeCacheSize                    = 251658240                              {pd product} {ergonomic}
     bool SegmentedCodeCache                       = true                                      {product} {ergonomic}
   size_t SoftMaxHeapSize                          = 536870912                              {manageable} {ergonomic}
     bool UseCompressedOops                        = true                           {product lp64_product} {ergonomic}
     bool UseG1GC                                  = true                                      {product} {ergonomic}
     bool UseLargePagesIndividualAllocation        = false                                  {pd product} {ergonomic}

Logging:
Log output configuration:
 #0: stdout all=warning uptime,level,tags foldmultilines=false
 #1: stderr all=off uptime,level,tags foldmultilines=false

Environment Variables:
PATH=C:\Program Files\Common Files\Oracle\Java\javapath;C:\WINDOWS\system32;C:\WINDOWS;C:\WINDOWS\System32\Wbem;C:\WINDOWS\System32\WindowsPowerShell\v1.0\;C:\WINDOWS\System32\OpenSSH\;C:\Program Files\nodejs\;C:\Program Files\Git\cmd;C:\Program Files\dotnet\;C:\Program Files\PuTTY\;C:\Program Files\Cloudflare\Cloudflare WARP\;C:\Users\Razza\.local\bin;C:\Users\Razza\AppData\Local\Programs\Eclipse Adoptium\jdk-25.0.2.10-hotspot\bin;C:\Users\Razza\AppData\Local\Programs\Python\Launcher\;C:\Program Files\Common Files\Oracle\Java\javapath;C:\WINDOWS\system32;C:\WINDOWS;C:\WINDOWS\System32\Wbem;C:\WINDOWS\System32\WindowsPowerShell\v1.0\;C:\WINDOWS\System32\OpenSSH\;C:\Program Files\PuTTY\;C:\Program Files\nodejs\;C:\Program Files\Git\cmd;C:\Program Files\Cloudflare\Cloudflare WARP\;C:\Program Files\dotnet\;C:\Users\Razza\AppData\Local\Microsoft\WindowsApps;C:\xampp\php;C:\Users\Razza\AppData\Local\ComposerSetup\bin;C:\Users\Razza\AppData\Roaming\Composer\vendor\bin;C:\Users\Razza\AppData\Roaming\npm;C:\Users\Razza\AppData\Local\Python\PythonCore-3.14-64\Scripts;C:\Program Files (x86)\Nmap;C:\Users\Razza\AppData\Local\Programs\Windsurf\bin;C:\Users\Razza\AppData\Local\Kiro-Cli\;C:\Users\Razza\AppData\Local\Programs\Microsoft VS Code\bin;C:\Users\Razza\AppData\Local\Programs\Kiro\bin
USERNAME=Razza
LANG=en_US.UTF-8
OS=Windows_NT
PROCESSOR_IDENTIFIER=AMD64 Family 23 Model 160 Stepping 0, AuthenticAMD
TMP=C:\Users\Razza\AppData\Local\Temp
TEMP=C:\Users\Razza\AppData\Local\Temp




Periodic native trim disabled

---------------  S Y S T E M  ---------------

OS:
 Windows 11 , 64 bit Build 26100 (10.0.26100.7019)
OS uptime: 0 days 1:30 hours
Hyper-V role detected

CPU: total 8 (initial active 8) (8 cores per cpu, 2 threads per core) family 23 model 160 stepping 0 microcode 0x8a0000a, cx8, cmov, fxsr, ht, mmx, 3dnowpref, sse, sse2, sse3, ssse3, sse4a, sse4.1, sse4.2, popcnt, lzcnt, tsc, tscinvbit, avx, avx2, aes, clmul, bmi1, bmi2, adx, sha, fma, vzeroupper, clflush, clflushopt, hv, rdtscp, rdpid, f16c
Processor Information for all 8 processors :
  Max Mhz: 2801, Current Mhz: 2801, Mhz Limit: 2801

Memory: 4k page, system-wide physical 15610M (2903M free)
TotalPageFile size 23281M (AvailPageFile size 5M)
current process WorkingSet (physical memory assigned to process): 371M, peak: 371M
current process commit charge ("private bytes"): 639M, peak: 641M

vm_info: Java HotSpot(TM) 64-Bit Server VM (21.0.10+8-LTS-217) for windows-amd64 JRE (21.0.10+8-LTS-217), built on 2025-12-18T14:59:28Z by "mach5run" with MS VC++ 17.13 (VS2022)

END.
