#
# There is insufficient memory for the Java Runtime Environment to continue.
# Native memory allocation (mmap) failed to map 65536 bytes for Failed to commit metaspace.
# Possible reasons:
#   The system is out of physical RAM or swap space
#   The process is running with CompressedOops enabled, and the Java Heap may be blocking the growth of the native heap
# Possible solutions:
#   Reduce memory load on the system
#   Increase physical memory or swap space
#   Check if swap backing store is full
#   Decrease Java heap size (-Xmx/-Xms)
#   Decrease number of Java threads
#   Decrease Java thread stack sizes (-Xss)
#   Set larger code cache with -XX:ReservedCodeCacheSize=
#   JVM is running with Unscaled Compressed Oops mode in which the Java heap is
#     placed in the first 4GB address space. The Java Heap base address is the
#     maximum limit for the native heap growth. Please use -XX:HeapBaseMinAddress
#     to set the Java Heap base and to place the Java Heap above 4GB virtual address.
# This output file may be truncated or incomplete.
#
#  Out of Memory Error (virtualSpaceNode.cpp:110), pid=10096, tid=8420
#
# JRE version: OpenJDK Runtime Environment Temurin-17.0.4.1+1 (17.0.4.1+1) (build 17.0.4.1+1)
# Java VM: OpenJDK 64-Bit Server VM Temurin-17.0.4.1+1 (17.0.4.1+1, mixed mode, tiered, compressed oops, compressed class ptrs, parallel gc, windows-amd64)
# No core dump will be written. Minidumps are not enabled by default on client versions of Windows
#

---------------  S U M M A R Y ------------

Command Line: --add-modules=ALL-SYSTEM --add-opens=java.base/java.util=ALL-UNNAMED --add-opens=java.base/java.lang=ALL-UNNAMED --add-opens=java.base/sun.nio.fs=ALL-UNNAMED -Declipse.application=org.eclipse.jdt.ls.core.id1 -Dosgi.bundles.defaultStartLevel=4 -Declipse.product=org.eclipse.jdt.ls.core.product -Djava.import.generatesMetadataFilesAtProjectRoot=false -Dfile.encoding=utf8 -XX:+UseParallelGC -XX:GCTimeRatio=4 -XX:AdaptiveSizePolicyWeight=90 -Dsun.zip.disableMemoryMapping=true -Xmx1G -Xms100m -Xlog:disable -javaagent:c:\Users\Razza\.kiro\extensions\redhat.java-1.12.0-win32-x64\lombok\lombok-1.18.24.jar -XX:+HeapDumpOnOutOfMemoryError -XX:HeapDumpPath=c:\Users\Razza\AppData\Roaming\Kiro\User\workspaceStorage\258973467f62c406ef5ee91e612777d0\redhat.java c:\Users\Razza\.kiro\extensions\redhat.java-1.12.0-win32-x64\server\plugins\org.eclipse.equinox.launcher_1.6.400.v20210924-0641.jar -configuration c:\Users\Razza\AppData\Roaming\Kiro\User\globalStorage\redhat.java\1.12.0\config_win -data c:\Users\Razza\AppData\Roaming\Kiro\User\workspaceStorage\258973467f62c406ef5ee91e612777d0\redhat.java\jdt_ws

Host: AMD Ryzen 5 7520U with Radeon Graphics         , 8 cores, 15G,  Windows 11 , 64 bit Build 26100 (10.0.26100.7019)
Time: Fri Apr 24 11:10:45 2026 Malay Peninsula Standard Time elapsed time: 3.705808 seconds (0d 0h 0m 3s)

---------------  T H R E A D  ---------------

Current thread (0x0000025ff26fac20):  JavaThread "C1 CompilerThread0" daemon [_thread_in_vm, id=8420, stack(0x000000c753b00000,0x000000c753c00000)]


Current CompileTask:
C1:   3705  594       3       java.util.jar.Manifest$FastInputStream::readLine (9 bytes)

Stack: [0x000000c753b00000,0x000000c753c00000]
Native frames: (J=compiled Java code, j=interpreted, Vv=VM code, C=native code)
V  [jvm.dll+0x67731a]
V  [jvm.dll+0x832284]
V  [jvm.dll+0x833a2e]
V  [jvm.dll+0x834093]
V  [jvm.dll+0x245775]
V  [jvm.dll+0x82e22b]
V  [jvm.dll+0x61bdf6]
V  [jvm.dll+0x61be5a]
V  [jvm.dll+0x61e67a]
V  [jvm.dll+0x61c796]
V  [jvm.dll+0x62d9da]
V  [jvm.dll+0x62680a]
V  [jvm.dll+0x1cc970]
V  [jvm.dll+0x1ccb5f]
V  [jvm.dll+0x13414e]
V  [jvm.dll+0x134476]
V  [jvm.dll+0x13390a]
V  [jvm.dll+0x1355d1]
V  [jvm.dll+0x227498]
V  [jvm.dll+0x2255e5]
V  [jvm.dll+0x7e7e9b]
V  [jvm.dll+0x7e240a]
V  [jvm.dll+0x6761a5]
C  [ucrtbase.dll+0x37b0]
C  [KERNEL32.DLL+0x2e8d7]
C  [ntdll.dll+0x8c53c]


---------------  P R O C E S S  ---------------

Threads class SMR info:
_java_thread_list=0x0000025ff5780410, length=12, elements={
0x0000025fde879700, 0x0000025ff4275dd0, 0x0000025ff4277ec0, 0x0000025fde937fc0,
0x0000025fde93b8a0, 0x0000025fde93d470, 0x0000025fde93e8a0, 0x0000025ff42af2f0,
0x0000025ff26fac20, 0x0000025ff431a280, 0x0000025fde8dcb20, 0x0000025ff456f1e0
}

Java Threads: ( => current thread )
  0x0000025fde879700 JavaThread "main" [_thread_in_Java, id=13864, stack(0x000000c753100000,0x000000c753200000)]
  0x0000025ff4275dd0 JavaThread "Reference Handler" daemon [_thread_blocked, id=12396, stack(0x000000c753400000,0x000000c753500000)]
  0x0000025ff4277ec0 JavaThread "Finalizer" daemon [_thread_blocked, id=26120, stack(0x000000c753500000,0x000000c753600000)]
  0x0000025fde937fc0 JavaThread "Signal Dispatcher" daemon [_thread_blocked, id=10712, stack(0x000000c753600000,0x000000c753700000)]
  0x0000025fde93b8a0 JavaThread "Attach Listener" daemon [_thread_blocked, id=15264, stack(0x000000c753700000,0x000000c753800000)]
  0x0000025fde93d470 JavaThread "Service Thread" daemon [_thread_blocked, id=24904, stack(0x000000c753800000,0x000000c753900000)]
  0x0000025fde93e8a0 JavaThread "Monitor Deflation Thread" daemon [_thread_blocked, id=13552, stack(0x000000c753900000,0x000000c753a00000)]
  0x0000025ff42af2f0 JavaThread "C2 CompilerThread0" daemon [_thread_in_native, id=7244, stack(0x000000c753a00000,0x000000c753b00000)]
=>0x0000025ff26fac20 JavaThread "C1 CompilerThread0" daemon [_thread_in_vm, id=8420, stack(0x000000c753b00000,0x000000c753c00000)]
  0x0000025ff431a280 JavaThread "Sweeper thread" daemon [_thread_blocked, id=24864, stack(0x000000c753c00000,0x000000c753d00000)]
  0x0000025fde8dcb20 JavaThread "Common-Cleaner" daemon [_thread_blocked, id=3596, stack(0x000000c753d00000,0x000000c753e00000)]
  0x0000025ff456f1e0 JavaThread "Notification Thread" daemon [_thread_blocked, id=11080, stack(0x000000c753e00000,0x000000c753f00000)]

Other Threads:
  0x0000025fde930990 VMThread "VM Thread" [stack: 0x000000c753300000,0x000000c753400000] [id=25724]
  0x0000025ff456f6b0 WatcherThread [stack: 0x000000c753f00000,0x000000c754000000] [id=12548]
  0x0000025fde88e970 GCTaskThread "GC Thread#0" [stack: 0x000000c753200000,0x000000c753300000] [id=22188]

Threads with active compile tasks:
C2 CompilerThread0     3732  603       4       java.util.jar.Manifest$FastInputStream::readLine (296 bytes)
C1 CompilerThread0     3732  594       3       java.util.jar.Manifest$FastInputStream::readLine (9 bytes)

VM state: not at safepoint (normal execution)

VM Mutex/Monitor currently owned by a thread:  ([mutex/lock_event])
[0x0000025fde8750c0] Metaspace_lock - owner thread: 0x0000025ff26fac20
[0x0000025fde874970] MethodData_lock - owner thread: 0x0000025ff26fac20

Heap address: 0x00000000c0000000, size: 1024 MB, Compressed Oops mode: 32-bit

CDS archive(s) not mapped
Compressed class space mapped at: 0x0000000100000000-0x0000000140000000, reserved size: 1073741824
Narrow klass base: 0x0000000000000000, Narrow klass shift: 3, Narrow klass range: 0x140000000

GC Precious Log:
 CPUs: 8 total, 8 available
 Memory: 15610M
 Large Page Support: Disabled
 NUMA Support: Disabled
 Compressed Oops: Enabled (32-bit)
 Alignments: Space 512K, Generation 512K, Heap 2M
 Heap Min Capacity: 100M
 Heap Initial Capacity: 100M
 Heap Max Capacity: 1G
 Pre-touch: Disabled
 Parallel Workers: 8

Heap:
 PSYoungGen      total 29696K, used 14220K [0x00000000eab00000, 0x00000000ecc00000, 0x0000000100000000)
  eden space 25600K, 55% used [0x00000000eab00000,0x00000000eb8e3370,0x00000000ec400000)
  from space 4096K, 0% used [0x00000000ec800000,0x00000000ec800000,0x00000000ecc00000)
  to   space 4096K, 0% used [0x00000000ec400000,0x00000000ec400000,0x00000000ec800000)
 ParOldGen       total 68608K, used 0K [0x00000000c0000000, 0x00000000c4300000, 0x00000000eab00000)
  object space 68608K, 0% used [0x00000000c0000000,0x00000000c0000000,0x00000000c4300000)
 Metaspace       used 8762K, committed 8896K, reserved 1064960K
  class space    used 880K, committed 960K, reserved 1048576K

Card table byte_map: [0x0000025fde220000,0x0000025fde430000] _byte_map_base: 0x0000025fddc20000

Marking Bits: (ParMarkBitMap*) 0x00007ff9fcb62cc0
 Begin Bits: [0x0000025ff0500000, 0x0000025ff1500000)
 End Bits:   [0x0000025ff1500000, 0x0000025ff2500000)

Polling page: 0x0000025fdcbf0000

Metaspace:

Usage:
  Non-class:      7.70 MB used.
      Class:    880.06 KB used.
       Both:      8.56 MB used.

Virtual space:
  Non-class space:       16.00 MB reserved,       7.75 MB ( 48%) committed,  2 nodes.
      Class space:        1.00 GB reserved,     960.00 KB ( <1%) committed,  1 nodes.
             Both:        1.02 GB reserved,       8.69 MB ( <1%) committed. 

Chunk freelists:
   Non-Class:  3.91 MB
       Class:  3.09 MB
        Both:  7.00 MB

MaxMetaspaceSize: unlimited
CompressedClassSpaceSize: 1.00 GB
Initial GC threshold: 21.00 MB
Current GC threshold: 21.00 MB
CDS: off
MetaspaceReclaimPolicy: balanced
 - commit_granule_bytes: 65536.
 - commit_granule_words: 8192.
 - virtual_space_node_default_size: 1048576.
 - enlarge_chunks_in_place: 1.
 - new_chunks_are_fully_committed: 0.
 - uncommit_free_chunks: 1.
 - use_allocation_guard: 0.
 - handle_deallocations: 1.


Internal statistics:

num_allocs_failed_limit: 0.
num_arena_births: 10.
num_arena_deaths: 0.
num_vsnodes_births: 3.
num_vsnodes_deaths: 0.
num_space_committed: 139.
num_space_uncommitted: 0.
num_chunks_returned_to_freelist: 0.
num_chunks_taken_from_freelist: 44.
num_chunk_merges: 0.
num_chunk_splits: 24.
num_chunks_enlarged: 20.
num_purges: 0.
num_inconsistent_stats: 0.

CodeHeap 'non-profiled nmethods': size=120000Kb used=230Kb max_used=230Kb free=119770Kb
 bounds [0x0000025fe8fd0000, 0x0000025fe9240000, 0x0000025ff0500000]
CodeHeap 'profiled nmethods': size=120000Kb used=905Kb max_used=905Kb free=119094Kb
 bounds [0x0000025fe1aa0000, 0x0000025fe1d10000, 0x0000025fe8fd0000]
CodeHeap 'non-nmethods': size=5760Kb used=1129Kb max_used=1162Kb free=4630Kb
 bounds [0x0000025fe1500000, 0x0000025fe1770000, 0x0000025fe1aa0000]
 total_blobs=1009 nmethods=594 adapters=330
 compilation: enabled
              stopped_count=0, restarted_count=0
 full_count=0

Compilation events (20 events):
Event: 3.658 Thread 0x0000025ff26fac20  584   !   3       java.util.zip.Inflater::inflate (418 bytes)
Event: 3.660 Thread 0x0000025ff26fac20 nmethod 584 0x0000025fe1b7ca90 code [0x0000025fe1b7cd60, 0x0000025fe1b7df08]
Event: 3.665 Thread 0x0000025ff26fac20  586       3       java.util.concurrent.ConcurrentHashMap$ValueIterator::next (34 bytes)
Event: 3.665 Thread 0x0000025ff26fac20 nmethod 586 0x0000025fe1b7e910 code [0x0000025fe1b7eac0, 0x0000025fe1b7ecd8]
Event: 3.665 Thread 0x0000025ff26fac20  587       3       java.lang.ref.Reference::refersTo (6 bytes)
Event: 3.665 Thread 0x0000025ff26fac20 nmethod 587 0x0000025fe1b7ee10 code [0x0000025fe1b7efc0, 0x0000025fe1b7f188]
Event: 3.665 Thread 0x0000025ff26fac20  588       3       java.lang.ref.Reference::refersToImpl (6 bytes)
Event: 3.665 Thread 0x0000025ff26fac20 nmethod 588 0x0000025fe1b7f210 code [0x0000025fe1b7f3a0, 0x0000025fe1b7f4e8]
Event: 3.674 Thread 0x0000025ff42af2f0 nmethod 583% 0x0000025fe9007a10 code [0x0000025fe9007ba0, 0x0000025fe90083b8]
Event: 3.680 Thread 0x0000025ff26fac20  589       3       java.util.StringTokenizer::<init> (52 bytes)
Event: 3.680 Thread 0x0000025ff26fac20 nmethod 589 0x0000025fe1b7f590 code [0x0000025fe1b7f740, 0x0000025fe1b7fa28]
Event: 3.680 Thread 0x0000025ff26fac20  590       3       java.util.StringTokenizer::setMaxDelimCodePoint (156 bytes)
Event: 3.681 Thread 0x0000025ff26fac20 nmethod 590 0x0000025fe1b7fb90 code [0x0000025fe1b7fe00, 0x0000025fe1b80af8]
Event: 3.685 Thread 0x0000025ff26fac20  591       3       jdk.internal.ref.CleanerImpl::getCleanerImpl (13 bytes)
Event: 3.685 Thread 0x0000025ff26fac20 nmethod 591 0x0000025fe1b81010 code [0x0000025fe1b811c0, 0x0000025fe1b81468]
Event: 3.685 Thread 0x0000025ff26fac20  592       3       java.lang.ref.Cleaner$1::apply (9 bytes)
Event: 3.686 Thread 0x0000025ff26fac20 nmethod 592 0x0000025fe1b81590 code [0x0000025fe1b81740, 0x0000025fe1b819b8]
Event: 3.701 Thread 0x0000025ff26fac20  593       3       java.io.ByteArrayOutputStream::<init> (43 bytes)
Event: 3.702 Thread 0x0000025ff26fac20 nmethod 593 0x0000025fe1b81a90 code [0x0000025fe1b81cc0, 0x0000025fe1b82498]
Event: 3.703 Thread 0x0000025ff26fac20  594       3       java.util.jar.Manifest$FastInputStream::readLine (9 bytes)

GC Heap History (0 events):
No events

Deoptimization events (20 events):
Event: 2.683 Thread 0x0000025fde879700 Uncommon trap: trap_request=0xffffffde fr.pc=0x0000025fe8ff23a4 relative=0x0000000000000104
Event: 2.683 Thread 0x0000025fde879700 Uncommon trap: reason=class_check action=maybe_recompile pc=0x0000025fe8ff23a4 method=jdk.internal.misc.Unsafe.allocateUninitializedArray(Ljava/lang/Class;I)Ljava/lang/Object; @ 51 c2
Event: 2.683 Thread 0x0000025fde879700 DEOPT PACKING pc=0x0000025fe8ff23a4 sp=0x000000c7531fc570
Event: 2.683 Thread 0x0000025fde879700 DEOPT UNPACKING pc=0x0000025fe15520a3 sp=0x000000c7531fc4f8 mode 2
Event: 2.835 Thread 0x0000025fde879700 Uncommon trap: trap_request=0xffffff45 fr.pc=0x0000025fe8fe3c40 relative=0x00000000000000c0
Event: 2.835 Thread 0x0000025fde879700 Uncommon trap: reason=unstable_if action=reinterpret pc=0x0000025fe8fe3c40 method=java.net.URI.match(CJJ)Z @ 45 c2
Event: 2.835 Thread 0x0000025fde879700 DEOPT PACKING pc=0x0000025fe8fe3c40 sp=0x000000c7531fcb50
Event: 2.835 Thread 0x0000025fde879700 DEOPT UNPACKING pc=0x0000025fe15520a3 sp=0x000000c7531fcad8 mode 2
Event: 2.896 Thread 0x0000025fde879700 Uncommon trap: trap_request=0xffffff45 fr.pc=0x0000025fe8ff39ac relative=0x00000000000005ac
Event: 2.896 Thread 0x0000025fde879700 Uncommon trap: reason=unstable_if action=reinterpret pc=0x0000025fe8ff39ac method=java.lang.String.replace(Ljava/lang/CharSequence;Ljava/lang/CharSequence;)Ljava/lang/String; @ 48 c2
Event: 2.896 Thread 0x0000025fde879700 DEOPT PACKING pc=0x0000025fe8ff39ac sp=0x000000c7531fcae0
Event: 2.896 Thread 0x0000025fde879700 DEOPT UNPACKING pc=0x0000025fe15520a3 sp=0x000000c7531fca50 mode 2
Event: 3.515 Thread 0x0000025fde879700 Uncommon trap: trap_request=0xffffff45 fr.pc=0x0000025fe9002374 relative=0x0000000000000074
Event: 3.515 Thread 0x0000025fde879700 Uncommon trap: reason=unstable_if action=reinterpret pc=0x0000025fe9002374 method=jdk.internal.misc.Unsafe.convEndian(ZI)I @ 4 c2
Event: 3.515 Thread 0x0000025fde879700 DEOPT PACKING pc=0x0000025fe9002374 sp=0x000000c7531fdb90
Event: 3.515 Thread 0x0000025fde879700 DEOPT UNPACKING pc=0x0000025fe15520a3 sp=0x000000c7531fdac0 mode 2
Event: 3.569 Thread 0x0000025fde879700 Uncommon trap: trap_request=0xffffff45 fr.pc=0x0000025fe9003e28 relative=0x0000000000000568
Event: 3.569 Thread 0x0000025fde879700 Uncommon trap: reason=unstable_if action=reinterpret pc=0x0000025fe9003e28 method=java.lang.AbstractStringBuilder.append(Ljava/lang/String;)Ljava/lang/AbstractStringBuilder; @ 1 c2
Event: 3.570 Thread 0x0000025fde879700 DEOPT PACKING pc=0x0000025fe9003e28 sp=0x000000c7531fdf10
Event: 3.570 Thread 0x0000025fde879700 DEOPT UNPACKING pc=0x0000025fe15520a3 sp=0x000000c7531fde90 mode 2

Classes unloaded (0 events):
No events

Classes redefined (0 events):
No events

Internal exceptions (9 events):
Event: 0.999 Thread 0x0000025fde879700 Exception <a 'java/lang/NoSuchMethodError'{0x00000000eacb25c8}: 'void java.lang.invoke.DirectMethodHandle$Holder.invokeStatic(java.lang.Object, java.lang.Object, java.lang.Object)'> (0x00000000eacb25c8) 
thrown [s\src\hotspot\share\interpreter\linkResolver.cpp, line 759]
Event: 1.964 Thread 0x0000025fde879700 Exception <a 'java/lang/reflect/InvocationTargetException'{0x00000000eaf77fc8}> (0x00000000eaf77fc8) 
thrown [s\src\hotspot\share\runtime\reflection.cpp, line 1121]
Event: 3.478 Thread 0x0000025fde879700 Exception <a 'java/lang/ClassNotFoundException'{0x00000000eb7052e0}: sun/net/www/protocol/c/Handler> (0x00000000eb7052e0) 
thrown [s\src\hotspot\share\classfile\systemDictionary.cpp, line 256]
Event: 3.502 Thread 0x0000025fde879700 Exception <a 'java/io/FileNotFoundException'{0x00000000eb71fe10}> (0x00000000eb71fe10) 
thrown [s\src\hotspot\share\prims\jni.cpp, line 516]
Event: 3.503 Thread 0x0000025fde879700 Exception <a 'java/io/FileNotFoundException'{0x00000000eb720b08}> (0x00000000eb720b08) 
thrown [s\src\hotspot\share\prims\jni.cpp, line 516]
Event: 3.507 Thread 0x0000025fde879700 Exception <a 'java/io/FileNotFoundException'{0x00000000eb7217e0}> (0x00000000eb7217e0) 
thrown [s\src\hotspot\share\prims\jni.cpp, line 516]
Event: 3.514 Thread 0x0000025fde879700 Exception <a 'java/io/FileNotFoundException'{0x00000000eb722490}> (0x00000000eb722490) 
thrown [s\src\hotspot\share\prims\jni.cpp, line 516]
Event: 3.569 Thread 0x0000025fde879700 Implicit null exception at 0x0000025fe90038f2 to 0x0000025fe9003e10
Event: 3.596 Thread 0x0000025fde879700 Exception <a 'java/io/FileNotFoundException'{0x00000000eb760bf8}> (0x00000000eb760bf8) 
thrown [s\src\hotspot\share\prims\jni.cpp, line 516]

VM Operations (12 events):
Event: 1.021 Executing VM operation: HandshakeAllThreads
Event: 1.021 Executing VM operation: HandshakeAllThreads done
Event: 1.515 Executing VM operation: HandshakeAllThreads
Event: 1.515 Executing VM operation: HandshakeAllThreads done
Event: 1.515 Executing VM operation: Cleanup
Event: 1.516 Executing VM operation: Cleanup done
Event: 2.521 Executing VM operation: Cleanup
Event: 2.541 Executing VM operation: Cleanup done
Event: 3.296 Executing VM operation: HandshakeAllThreads
Event: 3.296 Executing VM operation: HandshakeAllThreads done
Event: 3.405 Executing VM operation: HandshakeAllThreads
Event: 3.405 Executing VM operation: HandshakeAllThreads done

Events (20 events):
Event: 3.661 loading class sun/nio/fs/WindowsFileSystemProvider$1
Event: 3.661 loading class sun/nio/fs/WindowsFileSystemProvider$1 done
Event: 3.661 loading class sun/nio/fs/WindowsLinkSupport
Event: 3.661 loading class sun/nio/fs/WindowsLinkSupport done
Event: 3.662 loading class sun/nio/fs/WindowsAclFileAttributeView
Event: 3.662 loading class sun/nio/fs/AbstractAclFileAttributeView
Event: 3.662 loading class java/nio/file/attribute/AclFileAttributeView
Event: 3.662 loading class java/nio/file/attribute/FileOwnerAttributeView
Event: 3.662 loading class java/nio/file/attribute/FileOwnerAttributeView done
Event: 3.662 loading class java/nio/file/attribute/AclFileAttributeView done
Event: 3.662 loading class sun/nio/fs/AbstractAclFileAttributeView done
Event: 3.662 loading class sun/nio/fs/WindowsAclFileAttributeView done
Event: 3.663 loading class sun/nio/fs/WindowsSecurity
Event: 3.664 loading class sun/nio/fs/WindowsSecurity done
Event: 3.665 loading class sun/nio/fs/WindowsFileStore
Event: 3.665 loading class java/nio/file/FileStore
Event: 3.665 loading class java/nio/file/FileStore done
Event: 3.665 loading class sun/nio/fs/WindowsFileStore done
Event: 3.680 loading class java/net/URLClassLoader$1
Event: 3.680 loading class java/net/URLClassLoader$1 done


Dynamic libraries:
0x00007ff7dabf0000 - 0x00007ff7dabfe000 	c:\Users\Razza\.kiro\extensions\redhat.java-1.12.0-win32-x64\jre\17.0.4.1-win32-x86_64\bin\java.exe
0x00007ffa76cc0000 - 0x00007ffa76f28000 	C:\WINDOWS\SYSTEM32\ntdll.dll
0x00007ffa74f80000 - 0x00007ffa75049000 	C:\WINDOWS\System32\KERNEL32.DLL
0x00007ffa74010000 - 0x00007ffa74408000 	C:\WINDOWS\System32\KERNELBASE.dll
0x00007ffa73ec0000 - 0x00007ffa7400b000 	C:\WINDOWS\System32\ucrtbase.dll
0x00007ffa3e6e0000 - 0x00007ffa3e6f8000 	c:\Users\Razza\.kiro\extensions\redhat.java-1.12.0-win32-x64\jre\17.0.4.1-win32-x86_64\bin\jli.dll
0x00007ffa3dbb0000 - 0x00007ffa3dbc9000 	c:\Users\Razza\.kiro\extensions\redhat.java-1.12.0-win32-x64\jre\17.0.4.1-win32-x86_64\bin\VCRUNTIME140.dll
0x00007ffa75960000 - 0x00007ffa75b27000 	C:\WINDOWS\System32\USER32.dll
0x00007ffa74900000 - 0x00007ffa74927000 	C:\WINDOWS\System32\win32u.dll
0x00007ffa5b980000 - 0x00007ffa5bc14000 	C:\WINDOWS\WinSxS\amd64_microsoft.windows.common-controls_6595b64144ccf1df_6.0.26100.7019_none_3e06ffa0e335b8a8\COMCTL32.dll
0x00007ffa75ba0000 - 0x00007ffa75c49000 	C:\WINDOWS\System32\msvcrt.dll
0x00007ffa74de0000 - 0x00007ffa74e0b000 	C:\WINDOWS\System32\GDI32.dll
0x00007ffa74930000 - 0x00007ffa74a5c000 	C:\WINDOWS\System32\gdi32full.dll
0x00007ffa74850000 - 0x00007ffa748f3000 	C:\WINDOWS\System32\msvcp_win.dll
0x00007ffa75b60000 - 0x00007ffa75b91000 	C:\WINDOWS\System32\IMM32.DLL
0x00007ffa6eb90000 - 0x00007ffa6eb9c000 	c:\Users\Razza\.kiro\extensions\redhat.java-1.12.0-win32-x64\jre\17.0.4.1-win32-x86_64\bin\vcruntime140_1.dll
0x00007ffa2df80000 - 0x00007ffa2e011000 	c:\Users\Razza\.kiro\extensions\redhat.java-1.12.0-win32-x64\jre\17.0.4.1-win32-x86_64\bin\msvcp140.dll
0x00007ff9fbfe0000 - 0x00007ff9fcc26000 	c:\Users\Razza\.kiro\extensions\redhat.java-1.12.0-win32-x64\jre\17.0.4.1-win32-x86_64\bin\server\jvm.dll
0x00007ffa75060000 - 0x00007ffa75114000 	C:\WINDOWS\System32\ADVAPI32.dll
0x00007ffa76020000 - 0x00007ffa760c6000 	C:\WINDOWS\System32\sechost.dll
0x00007ffa74cc0000 - 0x00007ffa74dd8000 	C:\WINDOWS\System32\RPCRT4.dll
0x00007ffa76130000 - 0x00007ffa76138000 	C:\WINDOWS\System32\PSAPI.DLL
0x00007ffa6ea60000 - 0x00007ffa6ea6a000 	C:\WINDOWS\SYSTEM32\WSOCK32.dll
0x00007ffa69b70000 - 0x00007ffa69b7b000 	C:\WINDOWS\SYSTEM32\VERSION.dll
0x00007ffa74bb0000 - 0x00007ffa74c24000 	C:\WINDOWS\System32\WS2_32.dll
0x00007ffa6a110000 - 0x00007ffa6a145000 	C:\WINDOWS\SYSTEM32\WINMM.dll
0x00007ffa72bd0000 - 0x00007ffa72beb000 	C:\WINDOWS\SYSTEM32\kernel.appcore.dll
0x00007ffa694d0000 - 0x00007ffa694da000 	c:\Users\Razza\.kiro\extensions\redhat.java-1.12.0-win32-x64\jre\17.0.4.1-win32-x86_64\bin\jimage.dll
0x00007ffa66080000 - 0x00007ffa662c2000 	C:\WINDOWS\SYSTEM32\DBGHELP.DLL
0x00007ffa768a0000 - 0x00007ffa76c2b000 	C:\WINDOWS\System32\combase.dll
0x00007ffa75140000 - 0x00007ffa75217000 	C:\WINDOWS\System32\OLEAUT32.dll
0x00007ffa50d30000 - 0x00007ffa50d6c000 	C:\WINDOWS\SYSTEM32\dbgcore.DLL
0x00007ffa73e10000 - 0x00007ffa73eb5000 	C:\WINDOWS\System32\bcryptPrimitives.dll
0x00007ffa688f0000 - 0x00007ffa688fe000 	c:\Users\Razza\.kiro\extensions\redhat.java-1.12.0-win32-x64\jre\17.0.4.1-win32-x86_64\bin\instrument.dll
0x00007ffa3fae0000 - 0x00007ffa3fb05000 	c:\Users\Razza\.kiro\extensions\redhat.java-1.12.0-win32-x64\jre\17.0.4.1-win32-x86_64\bin\java.dll
0x00007ffa409a0000 - 0x00007ffa409b8000 	c:\Users\Razza\.kiro\extensions\redhat.java-1.12.0-win32-x64\jre\17.0.4.1-win32-x86_64\bin\zip.dll
0x00007ffa76140000 - 0x00007ffa7688f000 	C:\WINDOWS\System32\SHELL32.dll
0x00007ffa74410000 - 0x00007ffa7457b000 	C:\WINDOWS\System32\wintypes.dll
0x00007ffa71a30000 - 0x00007ffa7228d000 	C:\WINDOWS\SYSTEM32\windows.storage.dll
0x00007ffa75c50000 - 0x00007ffa75d42000 	C:\WINDOWS\System32\SHCORE.dll
0x00007ffa75d50000 - 0x00007ffa75db7000 	C:\WINDOWS\System32\shlwapi.dll
0x00007ffa73d30000 - 0x00007ffa73d59000 	C:\WINDOWS\SYSTEM32\profapi.dll
0x00007ffa39fa0000 - 0x00007ffa39fb9000 	C:\Users\Razza\.kiro\extensions\redhat.java-1.12.0-win32-x64\jre\17.0.4.1-win32-x86_64\bin\net.dll
0x00007ffa68d20000 - 0x00007ffa68e48000 	C:\WINDOWS\SYSTEM32\WINHTTP.dll
0x00007ffa73140000 - 0x00007ffa731ab000 	C:\WINDOWS\system32\mswsock.dll
0x00007ffa39890000 - 0x00007ffa398a5000 	C:\Users\Razza\.kiro\extensions\redhat.java-1.12.0-win32-x64\jre\17.0.4.1-win32-x86_64\bin\nio.dll
0x00007ffa685d0000 - 0x00007ffa685e0000 	c:\Users\Razza\.kiro\extensions\redhat.java-1.12.0-win32-x64\jre\17.0.4.1-win32-x86_64\bin\verify.dll

dbghelp: loaded successfully - version: 4.0.5 - missing functions: none
symbol engine: initialized successfully - sym options: 0x614 - pdb path: .;c:\Users\Razza\.kiro\extensions\redhat.java-1.12.0-win32-x64\jre\17.0.4.1-win32-x86_64\bin;C:\WINDOWS\SYSTEM32;C:\WINDOWS\WinSxS\amd64_microsoft.windows.common-controls_6595b64144ccf1df_6.0.26100.7019_none_3e06ffa0e335b8a8;c:\Users\Razza\.kiro\extensions\redhat.java-1.12.0-win32-x64\jre\17.0.4.1-win32-x86_64\bin\server

VM Arguments:
jvm_args: --add-modules=ALL-SYSTEM --add-opens=java.base/java.util=ALL-UNNAMED --add-opens=java.base/java.lang=ALL-UNNAMED --add-opens=java.base/sun.nio.fs=ALL-UNNAMED -Declipse.application=org.eclipse.jdt.ls.core.id1 -Dosgi.bundles.defaultStartLevel=4 -Declipse.product=org.eclipse.jdt.ls.core.product -Djava.import.generatesMetadataFilesAtProjectRoot=false -Dfile.encoding=utf8 -XX:+UseParallelGC -XX:GCTimeRatio=4 -XX:AdaptiveSizePolicyWeight=90 -Dsun.zip.disableMemoryMapping=true -Xmx1G -Xms100m -Xlog:disable -javaagent:c:\Users\Razza\.kiro\extensions\redhat.java-1.12.0-win32-x64\lombok\lombok-1.18.24.jar -XX:+HeapDumpOnOutOfMemoryError -XX:HeapDumpPath=c:\Users\Razza\AppData\Roaming\Kiro\User\workspaceStorage\258973467f62c406ef5ee91e612777d0\redhat.java 
java_command: c:\Users\Razza\.kiro\extensions\redhat.java-1.12.0-win32-x64\server\plugins\org.eclipse.equinox.launcher_1.6.400.v20210924-0641.jar -configuration c:\Users\Razza\AppData\Roaming\Kiro\User\globalStorage\redhat.java\1.12.0\config_win -data c:\Users\Razza\AppData\Roaming\Kiro\User\workspaceStorage\258973467f62c406ef5ee91e612777d0\redhat.java\jdt_ws
java_class_path (initial): c:\Users\Razza\.kiro\extensions\redhat.java-1.12.0-win32-x64\server\plugins\org.eclipse.equinox.launcher_1.6.400.v20210924-0641.jar
Launcher Type: SUN_STANDARD

[Global flags]
    uintx AdaptiveSizePolicyWeight                 = 90                                        {product} {command line}
     intx CICompilerCount                          = 4                                         {product} {ergonomic}
    uintx GCTimeRatio                              = 4                                         {product} {command line}
     bool HeapDumpOnOutOfMemoryError               = true                                   {manageable} {command line}
    ccstr HeapDumpPath                             = c:\Users\Razza\AppData\Roaming\Kiro\User\workspaceStorage\258973467f62c406ef5ee91e612777d0\redhat.java         {manageable} {command line}
   size_t InitialHeapSize                          = 104857600                                 {product} {command line}
   size_t MaxHeapSize                              = 1073741824                                {product} {command line}
   size_t MaxNewSize                               = 357564416                                 {product} {ergonomic}
   size_t MinHeapDeltaBytes                        = 524288                                    {product} {ergonomic}
   size_t MinHeapSize                              = 104857600                                 {product} {command line}
   size_t NewSize                                  = 34603008                                  {product} {ergonomic}
    uintx NonNMethodCodeHeapSize                   = 5839372                                {pd product} {ergonomic}
    uintx NonProfiledCodeHeapSize                  = 122909434                              {pd product} {ergonomic}
   size_t OldSize                                  = 70254592                                  {product} {ergonomic}
    uintx ProfiledCodeHeapSize                     = 122909434                              {pd product} {ergonomic}
    uintx ReservedCodeCacheSize                    = 251658240                              {pd product} {ergonomic}
     bool SegmentedCodeCache                       = true                                      {product} {ergonomic}
   size_t SoftMaxHeapSize                          = 1073741824                             {manageable} {ergonomic}
     bool UseCompressedClassPointers               = true                           {product lp64_product} {ergonomic}
     bool UseCompressedOops                        = true                           {product lp64_product} {ergonomic}
     bool UseLargePagesIndividualAllocation        = false                                  {pd product} {ergonomic}
     bool UseParallelGC                            = true                                      {product} {command line}

Logging:
Log output configuration:
 #0: stdout all=off uptime,level,tags
 #1: stderr all=off uptime,level,tags

Environment Variables:
PATH=C:\Program Files\Common Files\Oracle\Java\javapath;C:\WINDOWS\system32;C:\WINDOWS;C:\WINDOWS\System32\Wbem;C:\WINDOWS\System32\WindowsPowerShell\v1.0\;C:\WINDOWS\System32\OpenSSH\;C:\Program Files\nodejs\;C:\Program Files\Git\cmd;C:\Program Files\dotnet\;C:\Program Files\PuTTY\;C:\Program Files\Cloudflare\Cloudflare WARP\;C:\Users\Razza\.local\bin;C:\Users\Razza\AppData\Local\Programs\Eclipse Adoptium\jdk-25.0.2.10-hotspot\bin;C:\Users\Razza\AppData\Local\Programs\Python\Launcher\;C:\Program Files\Common Files\Oracle\Java\javapath;C:\WINDOWS\system32;C:\WINDOWS;C:\WINDOWS\System32\Wbem;C:\WINDOWS\System32\WindowsPowerShell\v1.0\;C:\WINDOWS\System32\OpenSSH\;C:\Program Files\PuTTY\;C:\Program Files\nodejs\;C:\Program Files\Git\cmd;C:\Program Files\Cloudflare\Cloudflare WARP\;C:\Program Files\dotnet\;C:\Users\Razza\AppData\Local\Microsoft\WindowsApps;C:\xampp\php;C:\Users\Razza\AppData\Local\ComposerSetup\bin;C:\Users\Razza\AppData\Roaming\Composer\vendor\bin;C:\Users\Razza\AppData\Roaming\npm;C:\Users\Razza\AppData\Local\Python\PythonCore-3.14-64\Scripts;C:\Program Files (x86)\Nmap;C:\Users\Razza\AppData\Local\Programs\Windsurf\bin;C:\Users\Razza\AppData\Local\Kiro-Cli\;C:\Users\Razza\AppData\Local\Programs\Microsoft VS Code\bin;C:\Users\Razza\AppData\Local\Programs\Kiro\bin
USERNAME=Razza
OS=Windows_NT
PROCESSOR_IDENTIFIER=AMD64 Family 23 Model 160 Stepping 0, AuthenticAMD
TMP=C:\Users\Razza\AppData\Local\Temp
TEMP=C:\Users\Razza\AppData\Local\Temp



---------------  S Y S T E M  ---------------

OS:
 Windows 11 , 64 bit Build 26100 (10.0.26100.7019)
OS uptime: 0 days 1:37 hours
Hyper-V role detected

CPU: total 8 (initial active 8) (8 cores per cpu, 2 threads per core) family 23 model 160 stepping 0 microcode 0x8a0000a, cx8, cmov, fxsr, ht, mmx, 3dnowpref, sse, sse2, sse3, ssse3, sse4a, sse4.1, sse4.2, popcnt, lzcnt, tsc, tscinvbit, avx, avx2, aes, clmul, bmi1, bmi2, adx, sha, fma, vzeroupper, clflush, clflushopt, hv

Memory: 4k page, system-wide physical 15610M (2419M free)
TotalPageFile size 24045M (AvailPageFile size 2M)
current process WorkingSet (physical memory assigned to process): 58M, peak: 58M
current process commit charge ("private bytes"): 195M, peak: 196M

vm_info: OpenJDK 64-Bit Server VM (17.0.4.1+1) for windows-amd64 JRE (17.0.4.1+1), built on Aug 17 2022 07:42:43 by "temurin" with MS VC++ 16.7 (VS2019)

END.
