#
# There is insufficient memory for the Java Runtime Environment to continue.
# Native memory allocation (malloc) failed to allocate 88416 bytes. Error detail: Chunk::new
# Possible reasons:
#   The system is out of physical RAM or swap space
#   This process is running with CompressedOops enabled, and the Java Heap may be blocking the growth of the native heap
# Possible solutions:
#   Reduce memory load on the system
#   Increase physical memory or swap space
#   Check if swap backing store is full
#   Decrease Java heap size (-Xmx/-Xms)
#   Decrease number of Java threads
#   Decrease Java thread stack sizes (-Xss)
#   Set larger code cache with -XX:ReservedCodeCacheSize=
#   JVM is running with Unscaled Compressed Oops mode in which the Java heap is
#     placed in the first 4GB address space. The Java Heap base address is the
#     maximum limit for the native heap growth. Please use -XX:HeapBaseMinAddress
#     to set the Java Heap base and to place the Java Heap above 4GB virtual address.
# This output file may be truncated or incomplete.
#
#  Out of Memory Error (arena.cpp:168), pid=26148, tid=16576
#
# JRE version: OpenJDK Runtime Environment Temurin-21.0.10+7 (21.0.10+7) (build 21.0.10+7-LTS)
# Java VM: OpenJDK 64-Bit Server VM Temurin-21.0.10+7 (21.0.10+7-LTS, mixed mode, sharing, tiered, compressed oops, compressed class ptrs, parallel gc, windows-amd64)
# No core dump will be written. Minidumps are not enabled by default on client versions of Windows
#

---------------  S U M M A R Y ------------

Command Line: --add-modules=ALL-SYSTEM --add-opens=java.base/java.util=ALL-UNNAMED --add-opens=java.base/java.lang=ALL-UNNAMED --add-opens=java.base/sun.nio.fs=ALL-UNNAMED -Declipse.application=org.eclipse.jdt.ls.core.id1 -Dosgi.bundles.defaultStartLevel=4 -Declipse.product=org.eclipse.jdt.ls.core.product -Djava.import.generatesMetadataFilesAtProjectRoot=false -DDetectVMInstallationsJob.disabled=true -Dfile.encoding=utf8 -XX:+UseParallelGC -XX:GCTimeRatio=4 -XX:AdaptiveSizePolicyWeight=90 -Dsun.zip.disableMemoryMapping=true -Xmx2G -Xms100m -Xlog:disable -javaagent:c:\Users\Razza\.vscode\extensions\redhat.java-1.54.0-win32-x64\lombok\lombok-1.18.39-4050.jar c:\Users\Razza\.vscode\extensions\redhat.java-1.54.0-win32-x64\server\plugins\org.eclipse.equinox.launcher_1.7.100.v20251111-0406.jar -configuration c:\Users\Razza\AppData\Roaming\Code\User\globalStorage\redhat.java\1.54.0\config_ss_win -data c:\Users\Razza\AppData\Roaming\Code\User\workspaceStorage\258973467f62c406ef5ee91e612777d0\redhat.java\ss_ws --pipe=\\.\pipe\lsp-018821a05f2c4cadac1593174775b7c1-sock

Host: AMD Ryzen 5 7520U with Radeon Graphics         , 8 cores, 15G,  Windows 11 , 64 bit Build 26100 (10.0.26100.7019)
Time: Fri Apr 24 11:10:58 2026 Malay Peninsula Standard Time elapsed time: 1.071664 seconds (0d 0h 0m 1s)

---------------  T H R E A D  ---------------

Current thread (0x0000024cffef9370):  JavaThread "C2 CompilerThread0" daemon [_thread_in_native, id=16576, stack(0x000000bfcf800000,0x000000bfcf900000) (1024K)]


Current CompileTask:
C2:1071  408       4       jdk.internal.org.objectweb.asm.ByteVector::putUTF8 (144 bytes)

Stack: [0x000000bfcf800000,0x000000bfcf900000]
Native frames: (J=compiled Java code, j=interpreted, Vv=VM code, C=native code)
V  [jvm.dll+0x6d7a39]
V  [jvm.dll+0x8b4b26]
V  [jvm.dll+0x8b70de]
V  [jvm.dll+0x8b77c3]
V  [jvm.dll+0x284346]
V  [jvm.dll+0xc66ed]
V  [jvm.dll+0xc6c31]
V  [jvm.dll+0x2fb29e]
V  [jvm.dll+0x5fe884]
V  [jvm.dll+0x255b17]
V  [jvm.dll+0x255edd]
V  [jvm.dll+0x24e500]
V  [jvm.dll+0x24ba42]
V  [jvm.dll+0x1cb34e]
V  [jvm.dll+0x25b85d]
V  [jvm.dll+0x259dea]
V  [jvm.dll+0x3f857e]
V  [jvm.dll+0x85f59d]
V  [jvm.dll+0x6d626d]
C  [ucrtbase.dll+0x37b0]
C  [KERNEL32.DLL+0x2e8d7]
C  [ntdll.dll+0x8c53c]


---------------  P R O C E S S  ---------------

Threads class SMR info:
_java_thread_list=0x0000024cd1a1e530, length=10, elements={
0x0000024cf846c2b0, 0x0000024cf852cc10, 0x0000024cf852e8b0, 0x0000024cffee7bd0,
0x0000024cffeea640, 0x0000024cffeec690, 0x0000024cffeee650, 0x0000024cffef9370,
0x0000024cfff01210, 0x0000024cd1aee450
}

Java Threads: ( => current thread )
  0x0000024cf846c2b0 JavaThread "main"                              [_thread_in_vm, id=23476, stack(0x000000bfcee00000,0x000000bfcef00000) (1024K)]
  0x0000024cf852cc10 JavaThread "Reference Handler"          daemon [_thread_blocked, id=25696, stack(0x000000bfcf200000,0x000000bfcf300000) (1024K)]
  0x0000024cf852e8b0 JavaThread "Finalizer"                  daemon [_thread_blocked, id=23308, stack(0x000000bfcf300000,0x000000bfcf400000) (1024K)]
  0x0000024cffee7bd0 JavaThread "Signal Dispatcher"          daemon [_thread_blocked, id=27388, stack(0x000000bfcf400000,0x000000bfcf500000) (1024K)]
  0x0000024cffeea640 JavaThread "Attach Listener"            daemon [_thread_blocked, id=23052, stack(0x000000bfcf500000,0x000000bfcf600000) (1024K)]
  0x0000024cffeec690 JavaThread "Service Thread"             daemon [_thread_blocked, id=24104, stack(0x000000bfcf600000,0x000000bfcf700000) (1024K)]
  0x0000024cffeee650 JavaThread "Monitor Deflation Thread"   daemon [_thread_blocked, id=18080, stack(0x000000bfcf700000,0x000000bfcf800000) (1024K)]
=>0x0000024cffef9370 JavaThread "C2 CompilerThread0"         daemon [_thread_in_native, id=16576, stack(0x000000bfcf800000,0x000000bfcf900000) (1024K)]
  0x0000024cfff01210 JavaThread "C1 CompilerThread0"         daemon [_thread_blocked, id=24644, stack(0x000000bfcf900000,0x000000bfcfa00000) (1024K)]
  0x0000024cd1aee450 JavaThread "Common-Cleaner"             daemon [_thread_blocked, id=14256, stack(0x000000bfcfa00000,0x000000bfcfb00000) (1024K)]
Total: 10

Other Threads:
  0x0000024cf8513ba0 VMThread "VM Thread"                           [id=4744, stack(0x000000bfcf100000,0x000000bfcf200000) (1024K)]
  0x0000024cffdfca10 WatcherThread "VM Periodic Task Thread"        [id=25328, stack(0x000000bfcf000000,0x000000bfcf100000) (1024K)]
  0x0000024cf84897b0 WorkerThread "GC Thread#0"                     [id=24720, stack(0x000000bfcef00000,0x000000bfcf000000) (1024K)]
Total: 3

Threads with active compile tasks:
C2 CompilerThread0  1112  408       4       jdk.internal.org.objectweb.asm.ByteVector::putUTF8 (144 bytes)
Total: 1

VM state: not at safepoint (normal execution)

VM Mutex/Monitor currently owned by a thread:  ([mutex/lock_event])
[0x00007ff9f62ac4e0] Metaspace_lock - owner thread: 0x0000024cf846c2b0

Heap address: 0x0000000080000000, size: 2048 MB, Compressed Oops mode: 32-bit

CDS archive(s) mapped at: [0x0000024c8f000000-0x0000024c8fba0000-0x0000024c8fba0000), size 12189696, SharedBaseAddress: 0x0000024c8f000000, ArchiveRelocationMode: 1.
Compressed class space mapped at: 0x0000024c90000000-0x0000024cd0000000, reserved size: 1073741824
Narrow klass base: 0x0000024c8f000000, Narrow klass shift: 0, Narrow klass range: 0x100000000

GC Precious Log:
 CardTable entry size: 512
 CPUs: 8 total, 8 available
 Memory: 15610M
 Large Page Support: Disabled
 NUMA Support: Disabled
 Compressed Oops: Enabled (32-bit)
 Alignments: Space 512K, Generation 512K, Heap 2M
 Heap Min Capacity: 100M
 Heap Initial Capacity: 100M
 Heap Max Capacity: 2G
 Pre-touch: Disabled
 Parallel Workers: 8

Heap:
 PSYoungGen      total 29696K, used 5191K [0x00000000d5580000, 0x00000000d7680000, 0x0000000100000000)
  eden space 25600K, 20% used [0x00000000d5580000,0x00000000d5a91eb8,0x00000000d6e80000)
  from space 4096K, 0% used [0x00000000d7280000,0x00000000d7280000,0x00000000d7680000)
  to   space 4096K, 0% used [0x00000000d6e80000,0x00000000d6e80000,0x00000000d7280000)
 ParOldGen       total 68608K, used 0K [0x0000000080000000, 0x0000000084300000, 0x00000000d5580000)
  object space 68608K, 0% used [0x0000000080000000,0x0000000080000000,0x0000000084300000)
 Metaspace       used 776K, committed 896K, reserved 1114112K
  class space    used 62K, committed 128K, reserved 1048576K

Card table byte_map: [0x0000024cf7e10000,0x0000024cf8220000] _byte_map_base: 0x0000024cf7a10000

Marking Bits: (ParMarkBitMap*) 0x00007ff9f62b3450
 Begin Bits: [0x0000024cfb920000, 0x0000024cfd920000)
 End Bits:   [0x0000024cfd920000, 0x0000024cff920000)

Polling page: 0x0000024cf62e0000

Metaspace:

Usage:
  Non-class:    714.07 KB used.
      Class:     62.64 KB used.
       Both:    776.71 KB used.

Virtual space:
  Non-class space:       64.00 MB reserved,     768.00 KB (  1%) committed,  1 nodes.
      Class space:        1.00 GB reserved,     128.00 KB ( <1%) committed,  1 nodes.
             Both:        1.06 GB reserved,     896.00 KB ( <1%) committed. 

Chunk freelists:
   Non-Class:  11.86 MB
       Class:  15.71 MB
        Both:  27.58 MB

MaxMetaspaceSize: unlimited
CompressedClassSpaceSize: 1.00 GB
Initial GC threshold: 21.00 MB
Current GC threshold: 21.00 MB
CDS: on
 - commit_granule_bytes: 65536.
 - commit_granule_words: 8192.
 - virtual_space_node_default_size: 8388608.
 - enlarge_chunks_in_place: 1.
 - use_allocation_guard: 0.


Internal statistics:

num_allocs_failed_limit: 0.
num_arena_births: 60.
num_arena_deaths: 0.
num_vsnodes_births: 2.
num_vsnodes_deaths: 0.
num_space_committed: 14.
num_space_uncommitted: 0.
num_chunks_returned_to_freelist: 0.
num_chunks_taken_from_freelist: 67.
num_chunk_merges: 0.
num_chunk_splits: 49.
num_chunks_enlarged: 30.
num_inconsistent_stats: 0.

CodeHeap 'non-profiled nmethods': size=120000Kb used=124Kb max_used=124Kb free=119875Kb
 bounds [0x0000024c87ad0000, 0x0000024c87d40000, 0x0000024c8f000000]
CodeHeap 'profiled nmethods': size=120000Kb used=582Kb max_used=582Kb free=119417Kb
 bounds [0x0000024c80000000, 0x0000024c80270000, 0x0000024c87530000]
CodeHeap 'non-nmethods': size=5760Kb used=1148Kb max_used=1162Kb free=4611Kb
 bounds [0x0000024c87530000, 0x0000024c877a0000, 0x0000024c87ad0000]
CodeCache: size=245760Kb, used=1854Kb, max_used=1868Kb, free=243903Kb
 total_blobs=820, nmethods=426, adapters=301, full_count=0
Compilation: enabled, stopped_count=0, restarted_count=0

Compilation events (20 events):
Event: 1.066 Thread 0x0000024cffef9370  408       4       jdk.internal.org.objectweb.asm.ByteVector::putUTF8 (144 bytes)
Event: 1.066 Thread 0x0000024cfff01210 nmethod 406 0x0000024c80085410 code [0x0000024c800857c0, 0x0000024c80087240]
Event: 1.066 Thread 0x0000024cfff01210  407       3       java.lang.invoke.LambdaForm$Name::<init> (66 bytes)
Event: 1.067 Thread 0x0000024cfff01210 nmethod 407 0x0000024c80087b10 code [0x0000024c80087cc0, 0x0000024c80087e90]
Event: 1.067 Thread 0x0000024cfff01210  410       3       java.lang.invoke.MemberName::isConstructor (8 bytes)
Event: 1.067 Thread 0x0000024cfff01210 nmethod 410 0x0000024c80087f90 code [0x0000024c80088140, 0x0000024c80088308]
Event: 1.067 Thread 0x0000024cfff01210  409       3       sun.invoke.util.BytecodeDescriptor::unparseSig (49 bytes)
Event: 1.067 Thread 0x0000024cfff01210 nmethod 409 0x0000024c80088390 code [0x0000024c800885c0, 0x0000024c80088a28]
Event: 1.067 Thread 0x0000024cfff01210  411       3       java.lang.invoke.LambdaForm$BasicType::basicTypeSlots (8 bytes)
Event: 1.067 Thread 0x0000024cfff01210 nmethod 411 0x0000024c80088c90 code [0x0000024c80088e40, 0x0000024c80088fb8]
Event: 1.067 Thread 0x0000024cfff01210  412       3       sun.invoke.util.Wrapper::stackSlots (9 bytes)
Event: 1.067 Thread 0x0000024cfff01210 nmethod 412 0x0000024c80089090 code [0x0000024c80089220, 0x0000024c80089330]
Event: 1.067 Thread 0x0000024cfff01210  415       3       jdk.internal.org.objectweb.asm.SymbolTable::addConstantUtf8Reference (101 bytes)
Event: 1.068 Thread 0x0000024cfff01210 nmethod 415 0x0000024c80089390 code [0x0000024c800895c0, 0x0000024c80089ba0]
Event: 1.068 Thread 0x0000024cfff01210  416       3       java.util.Arrays::equals (57 bytes)
Event: 1.068 Thread 0x0000024cfff01210 nmethod 416 0x0000024c80089f10 code [0x0000024c8008a100, 0x0000024c8008a670]
Event: 1.068 Thread 0x0000024cfff01210  414       3       jdk.internal.org.objectweb.asm.SymbolTable::addConstantClass (8 bytes)
Event: 1.068 Thread 0x0000024cfff01210 nmethod 414 0x0000024c8008a810 code [0x0000024c8008a9c0, 0x0000024c8008ab08]
Event: 1.068 Thread 0x0000024cfff01210  417       3       sun.invoke.util.VerifyType::isNullConversion (157 bytes)
Event: 1.069 Thread 0x0000024cfff01210 nmethod 417 0x0000024c8008ab90 code [0x0000024c8008aec0, 0x0000024c8008c2f0]

GC Heap History (0 events):
No events

Dll operation events (7 events):
Event: 0.307 Loaded shared library c:\Users\Razza\.vscode\extensions\redhat.java-1.54.0-win32-x64\jre\21.0.10-win32-x86_64\bin\java.dll
Event: 0.522 Loaded shared library c:\Users\Razza\.vscode\extensions\redhat.java-1.54.0-win32-x64\jre\21.0.10-win32-x86_64\bin\zip.dll
Event: 0.563 Loaded shared library C:\Users\Razza\.vscode\extensions\redhat.java-1.54.0-win32-x64\jre\21.0.10-win32-x86_64\bin\instrument.dll
Event: 0.656 Loaded shared library C:\Users\Razza\.vscode\extensions\redhat.java-1.54.0-win32-x64\jre\21.0.10-win32-x86_64\bin\net.dll
Event: 0.773 Loaded shared library C:\Users\Razza\.vscode\extensions\redhat.java-1.54.0-win32-x64\jre\21.0.10-win32-x86_64\bin\nio.dll
Event: 0.780 Loaded shared library C:\Users\Razza\.vscode\extensions\redhat.java-1.54.0-win32-x64\jre\21.0.10-win32-x86_64\bin\zip.dll
Event: 0.844 Loaded shared library C:\Users\Razza\.vscode\extensions\redhat.java-1.54.0-win32-x64\jre\21.0.10-win32-x86_64\bin\jimage.dll

Deoptimization events (16 events):
Event: 0.786 Thread 0x0000024cf846c2b0 Uncommon trap: trap_request=0xffffffde fr.pc=0x0000024c87adf8a0 relative=0x0000000000000780
Event: 0.786 Thread 0x0000024cf846c2b0 Uncommon trap: reason=class_check action=maybe_recompile pc=0x0000024c87adf8a0 method=java.util.HashMap.putVal(ILjava/lang/Object;Ljava/lang/Object;ZZ)Ljava/lang/Object; @ 152 c2
Event: 0.786 Thread 0x0000024cf846c2b0 DEOPT PACKING pc=0x0000024c87adf8a0 sp=0x000000bfceefe940
Event: 0.786 Thread 0x0000024cf846c2b0 DEOPT UNPACKING pc=0x0000024c87583aa2 sp=0x000000bfceefe8a0 mode 2
Event: 0.786 Thread 0x0000024cf846c2b0 Uncommon trap: trap_request=0xffffffde fr.pc=0x0000024c87adf8a0 relative=0x0000000000000780
Event: 0.786 Thread 0x0000024cf846c2b0 Uncommon trap: reason=class_check action=maybe_recompile pc=0x0000024c87adf8a0 method=java.util.HashMap.putVal(ILjava/lang/Object;Ljava/lang/Object;ZZ)Ljava/lang/Object; @ 152 c2
Event: 0.786 Thread 0x0000024cf846c2b0 DEOPT PACKING pc=0x0000024c87adf8a0 sp=0x000000bfceefe940
Event: 0.786 Thread 0x0000024cf846c2b0 DEOPT UNPACKING pc=0x0000024c87583aa2 sp=0x000000bfceefe8a0 mode 2
Event: 0.865 Thread 0x0000024cf846c2b0 DEOPT PACKING pc=0x0000024c800391c9 sp=0x000000bfceefe720
Event: 0.865 Thread 0x0000024cf846c2b0 DEOPT UNPACKING pc=0x0000024c87584242 sp=0x000000bfceefdba8 mode 0
Event: 0.866 Thread 0x0000024cf846c2b0 DEOPT PACKING pc=0x0000024c800391c9 sp=0x000000bfceefe720
Event: 0.866 Thread 0x0000024cf846c2b0 DEOPT UNPACKING pc=0x0000024c87584242 sp=0x000000bfceefdba8 mode 0
Event: 0.867 Thread 0x0000024cf846c2b0 DEOPT PACKING pc=0x0000024c800391c9 sp=0x000000bfceefe720
Event: 0.867 Thread 0x0000024cf846c2b0 DEOPT UNPACKING pc=0x0000024c87584242 sp=0x000000bfceefdba8 mode 0
Event: 0.867 Thread 0x0000024cf846c2b0 DEOPT PACKING pc=0x0000024c800391c9 sp=0x000000bfceefe720
Event: 0.867 Thread 0x0000024cf846c2b0 DEOPT UNPACKING pc=0x0000024c87584242 sp=0x000000bfceefdba8 mode 0

Classes loaded (20 events):
Event: 0.939 Loading class sun/net/www/MessageHeader
Event: 0.939 Loading class sun/net/www/MessageHeader done
Event: 0.939 Loading class sun/net/www/protocol/jar/URLJarFile
Event: 0.939 Loading class sun/net/www/protocol/jar/URLJarFile done
Event: 0.947 Loading class sun/net/www/protocol/jar/URLJarFile$URLJarFileEntry
Event: 0.947 Loading class sun/net/www/protocol/jar/URLJarFile$URLJarFileEntry done
Event: 0.947 Loading class sun/net/www/protocol/jar/JarURLConnection$JarURLInputStream
Event: 0.947 Loading class sun/net/www/protocol/jar/JarURLConnection$JarURLInputStream done
Event: 0.950 Loading class java/lang/AssertionError
Event: 0.950 Loading class java/lang/AssertionError done
Event: 0.952 Loading class sun/net/www/protocol/jrt/Handler
Event: 0.953 Loading class sun/net/www/protocol/jrt/Handler done
Event: 0.974 Loading class jdk/internal/foreign/MemorySessionImpl
Event: 0.975 Loading class java/lang/foreign/MemorySegment$Scope
Event: 0.975 Loading class java/lang/foreign/MemorySegment$Scope done
Event: 0.975 Loading class jdk/internal/foreign/MemorySessionImpl done
Event: 0.988 Loading class sun/invoke/util/ValueConversions$1
Event: 1.041 Loading class sun/invoke/util/ValueConversions$1 done
Event: 1.045 Loading class java/lang/invoke/BoundMethodHandle$Species_LI
Event: 1.045 Loading class java/lang/invoke/BoundMethodHandle$Species_LI done

Classes unloaded (0 events):
No events

Classes redefined (0 events):
No events

Internal exceptions (10 events):
Event: 0.438 Thread 0x0000024cf846c2b0 Exception <a 'java/lang/NoSuchMethodError'{0x00000000d57a92f8}: 'void java.lang.invoke.DirectMethodHandle$Holder.invokeStatic(java.lang.Object, java.lang.Object, java.lang.Object)'> (0x00000000d57a92f8) 
thrown [s\src\hotspot\share\interpreter\linkResolver.cpp, line 773]
Event: 0.812 Thread 0x0000024cf846c2b0 Exception <a 'java/lang/NoSuchMethodError'{0x00000000d5912730}: 'java.lang.Object java.lang.invoke.Invokers$Holder.invokeExact_MT(java.lang.Object, java.lang.Object, java.lang.Object, java.lang.Object, java.lang.Object)'> (0x00000000d5912730) 
thrown [s\src\hotspot\share\interpreter\linkResolver.cpp, line 773]
Event: 1.042 Thread 0x0000024cf846c2b0 Exception <a 'java/lang/NoSuchMethodError'{0x00000000d59cbe28}: 'int java.lang.invoke.DirectMethodHandle$Holder.invokeSpecial(java.lang.Object, java.lang.Object, java.lang.Object, int)'> (0x00000000d59cbe28) 
thrown [s\src\hotspot\share\interpreter\linkResolver.cpp, line 773]
Event: 1.048 Thread 0x0000024cf846c2b0 Exception <a 'java/lang/NoSuchMethodError'{0x00000000d59de810}: 'java.lang.Object java.lang.invoke.DirectMethodHandle$Holder.invokeStatic(java.lang.Object, java.lang.Object, java.lang.Object, java.lang.Object, int)'> (0x00000000d59de810) 
thrown [s\src\hotspot\share\interpreter\linkResolver.cpp, line 773]
Event: 1.051 Thread 0x0000024cf846c2b0 Exception <a 'java/lang/NoSuchMethodError'{0x00000000d59e9cb8}: 'void java.lang.invoke.DelegatingMethodHandle$Holder.reinvoke_L(java.lang.Object, java.lang.Object, java.lang.Object, int, java.lang.Object)'> (0x00000000d59e9cb8) 
thrown [s\src\hotspot\share\interpreter\linkResolver.cpp, line 773]
Event: 1.056 Thread 0x0000024cf846c2b0 Exception <a 'java/lang/NoSuchMethodError'{0x00000000d59fa608}: 'int java.lang.invoke.DirectMethodHandle$Holder.invokeSpecial(java.lang.Object, java.lang.Object, java.lang.Object)'> (0x00000000d59fa608) 
thrown [s\src\hotspot\share\interpreter\linkResolver.cpp, line 773]
Event: 1.059 Thread 0x0000024cf846c2b0 Exception <a 'java/lang/NoSuchMethodError'{0x00000000d5a062c8}: 'java.lang.Object java.lang.invoke.DirectMethodHandle$Holder.invokeStatic(java.lang.Object, java.lang.Object, int)'> (0x00000000d5a062c8) 
thrown [s\src\hotspot\share\interpreter\linkResolver.cpp, line 773]
Event: 1.063 Thread 0x0000024cf846c2b0 Exception <a 'java/lang/NoSuchMethodError'{0x00000000d5a0ac18}: 'void java.lang.invoke.DirectMethodHandle$Holder.invokeStatic(java.lang.Object, java.lang.Object, int, java.lang.Object)'> (0x00000000d5a0ac18) 
thrown [s\src\hotspot\share\interpreter\linkResolver.cpp, line 773]
Event: 1.064 Thread 0x0000024cf846c2b0 Exception <a 'java/lang/NoSuchMethodError'{0x00000000d5a0e7a8}: 'void java.lang.invoke.DirectMethodHandle$Holder.invokeSpecial(java.lang.Object, java.lang.Object, java.lang.Object, int, java.lang.Object)'> (0x00000000d5a0e7a8) 
thrown [s\src\hotspot\share\interpreter\linkResolver.cpp, line 773]
Event: 1.065 Thread 0x0000024cf846c2b0 Exception <a 'java/lang/NoSuchMethodError'{0x00000000d5a11c18}: 'void java.lang.invoke.DelegatingMethodHandle$Holder.delegate(java.lang.Object, java.lang.Object, int, java.lang.Object)'> (0x00000000d5a11c18) 
thrown [s\src\hotspot\share\interpreter\linkResolver.cpp, line 773]

ZGC Phase Switch (0 events):
No events

VM Operations (4 events):
Event: 0.446 Executing non-safepoint VM operation: HandshakeAllThreads (Deoptimize)
Event: 0.446 Executing non-safepoint VM operation: HandshakeAllThreads (Deoptimize) done
Event: 0.943 Executing non-safepoint VM operation: HandshakeAllThreads (Deoptimize)
Event: 0.943 Executing non-safepoint VM operation: HandshakeAllThreads (Deoptimize) done

Memory protections (0 events):
No events

Nmethod flushes (0 events):
No events

Events (10 events):
Event: 0.348 Thread 0x0000024cf846c2b0 Thread added: 0x0000024cf846c2b0
Event: 0.388 Thread 0x0000024cf846c2b0 Thread added: 0x0000024cf852cc10
Event: 0.388 Thread 0x0000024cf846c2b0 Thread added: 0x0000024cf852e8b0
Event: 0.388 Thread 0x0000024cf846c2b0 Thread added: 0x0000024cffee7bd0
Event: 0.388 Thread 0x0000024cf846c2b0 Thread added: 0x0000024cffeea640
Event: 0.388 Thread 0x0000024cf846c2b0 Thread added: 0x0000024cffeec690
Event: 0.389 Thread 0x0000024cf846c2b0 Thread added: 0x0000024cffeee650
Event: 0.389 Thread 0x0000024cf846c2b0 Thread added: 0x0000024cffef9370
Event: 0.389 Thread 0x0000024cf846c2b0 Thread added: 0x0000024cfff01210
Event: 0.566 Thread 0x0000024cf846c2b0 Thread added: 0x0000024cd1aee450


Dynamic libraries:
0x00007ff78ec20000 - 0x00007ff78ec2e000 	c:\Users\Razza\.vscode\extensions\redhat.java-1.54.0-win32-x64\jre\21.0.10-win32-x86_64\bin\java.exe
0x00007ffa76cc0000 - 0x00007ffa76f28000 	C:\WINDOWS\SYSTEM32\ntdll.dll
0x00007ffa74f80000 - 0x00007ffa75049000 	C:\WINDOWS\System32\KERNEL32.DLL
0x00007ffa74010000 - 0x00007ffa74408000 	C:\WINDOWS\System32\KERNELBASE.dll
0x00007ffa73ec0000 - 0x00007ffa7400b000 	C:\WINDOWS\System32\ucrtbase.dll
0x00007ffa69ab0000 - 0x00007ffa69ace000 	c:\Users\Razza\.vscode\extensions\redhat.java-1.54.0-win32-x64\jre\21.0.10-win32-x86_64\bin\VCRUNTIME140.dll
0x00007ffa422c0000 - 0x00007ffa422d8000 	c:\Users\Razza\.vscode\extensions\redhat.java-1.54.0-win32-x64\jre\21.0.10-win32-x86_64\bin\jli.dll
0x00007ffa75960000 - 0x00007ffa75b27000 	C:\WINDOWS\System32\USER32.dll
0x00007ffa74900000 - 0x00007ffa74927000 	C:\WINDOWS\System32\win32u.dll
0x00007ffa74de0000 - 0x00007ffa74e0b000 	C:\WINDOWS\System32\GDI32.dll
0x00007ffa5b980000 - 0x00007ffa5bc14000 	C:\WINDOWS\WinSxS\amd64_microsoft.windows.common-controls_6595b64144ccf1df_6.0.26100.7019_none_3e06ffa0e335b8a8\COMCTL32.dll
0x00007ffa74930000 - 0x00007ffa74a5c000 	C:\WINDOWS\System32\gdi32full.dll
0x00007ffa75ba0000 - 0x00007ffa75c49000 	C:\WINDOWS\System32\msvcrt.dll
0x00007ffa74850000 - 0x00007ffa748f3000 	C:\WINDOWS\System32\msvcp_win.dll
0x00007ffa75b60000 - 0x00007ffa75b91000 	C:\WINDOWS\System32\IMM32.DLL
0x00007ffa70390000 - 0x00007ffa7039c000 	c:\Users\Razza\.vscode\extensions\redhat.java-1.54.0-win32-x64\jre\21.0.10-win32-x86_64\bin\vcruntime140_1.dll
0x00007ffa394f0000 - 0x00007ffa3957d000 	c:\Users\Razza\.vscode\extensions\redhat.java-1.54.0-win32-x64\jre\21.0.10-win32-x86_64\bin\msvcp140.dll
0x00007ff9f55f0000 - 0x00007ff9f6391000 	c:\Users\Razza\.vscode\extensions\redhat.java-1.54.0-win32-x64\jre\21.0.10-win32-x86_64\bin\server\jvm.dll
0x00007ffa75060000 - 0x00007ffa75114000 	C:\WINDOWS\System32\ADVAPI32.dll
0x00007ffa76020000 - 0x00007ffa760c6000 	C:\WINDOWS\System32\sechost.dll
0x00007ffa74cc0000 - 0x00007ffa74dd8000 	C:\WINDOWS\System32\RPCRT4.dll
0x00007ffa74bb0000 - 0x00007ffa74c24000 	C:\WINDOWS\System32\WS2_32.dll
0x00007ffa73c70000 - 0x00007ffa73cce000 	C:\WINDOWS\SYSTEM32\POWRPROF.dll
0x00007ffa6a110000 - 0x00007ffa6a145000 	C:\WINDOWS\SYSTEM32\WINMM.dll
0x00007ffa69b70000 - 0x00007ffa69b7b000 	C:\WINDOWS\SYSTEM32\VERSION.dll
0x00007ffa73c50000 - 0x00007ffa73c64000 	C:\WINDOWS\SYSTEM32\UMPDC.dll
0x00007ffa72bd0000 - 0x00007ffa72beb000 	C:\WINDOWS\SYSTEM32\kernel.appcore.dll
0x00007ffa68570000 - 0x00007ffa6857a000 	c:\Users\Razza\.vscode\extensions\redhat.java-1.54.0-win32-x64\jre\21.0.10-win32-x86_64\bin\jimage.dll
0x00007ffa66080000 - 0x00007ffa662c2000 	C:\WINDOWS\SYSTEM32\DBGHELP.DLL
0x00007ffa768a0000 - 0x00007ffa76c2b000 	C:\WINDOWS\System32\combase.dll
0x00007ffa75140000 - 0x00007ffa75217000 	C:\WINDOWS\System32\OLEAUT32.dll
0x00007ffa50d30000 - 0x00007ffa50d6c000 	C:\WINDOWS\SYSTEM32\dbgcore.DLL
0x00007ffa73e10000 - 0x00007ffa73eb5000 	C:\WINDOWS\System32\bcryptPrimitives.dll
0x00007ffa66ff0000 - 0x00007ffa66fff000 	c:\Users\Razza\.vscode\extensions\redhat.java-1.54.0-win32-x64\jre\21.0.10-win32-x86_64\bin\instrument.dll
0x00007ffa31e20000 - 0x00007ffa31e40000 	c:\Users\Razza\.vscode\extensions\redhat.java-1.54.0-win32-x64\jre\21.0.10-win32-x86_64\bin\java.dll
0x00007ffa76140000 - 0x00007ffa7688f000 	C:\WINDOWS\System32\SHELL32.dll
0x00007ffa74410000 - 0x00007ffa7457b000 	C:\WINDOWS\System32\wintypes.dll
0x00007ffa71a30000 - 0x00007ffa7228d000 	C:\WINDOWS\SYSTEM32\windows.storage.dll
0x00007ffa75c50000 - 0x00007ffa75d42000 	C:\WINDOWS\System32\SHCORE.dll
0x00007ffa75d50000 - 0x00007ffa75db7000 	C:\WINDOWS\System32\shlwapi.dll
0x00007ffa73d30000 - 0x00007ffa73d59000 	C:\WINDOWS\SYSTEM32\profapi.dll
0x00007ffa60fa0000 - 0x00007ffa60fb8000 	c:\Users\Razza\.vscode\extensions\redhat.java-1.54.0-win32-x64\jre\21.0.10-win32-x86_64\bin\zip.dll
0x00007ffa61370000 - 0x00007ffa61380000 	C:\Users\Razza\.vscode\extensions\redhat.java-1.54.0-win32-x64\jre\21.0.10-win32-x86_64\bin\net.dll
0x00007ffa68d20000 - 0x00007ffa68e48000 	C:\WINDOWS\SYSTEM32\WINHTTP.dll
0x00007ffa73140000 - 0x00007ffa731ab000 	C:\WINDOWS\system32\mswsock.dll
0x00007ffa30cb0000 - 0x00007ffa30cc6000 	C:\Users\Razza\.vscode\extensions\redhat.java-1.54.0-win32-x64\jre\21.0.10-win32-x86_64\bin\nio.dll

JVMTI agents:
c:\Users\Razza\.vscode\extensions\redhat.java-1.54.0-win32-x64\lombok\lombok-1.18.39-4050.jar path:c:\Users\Razza\.vscode\extensions\redhat.java-1.54.0-win32-x64\jre\21.0.10-win32-x86_64\bin\instrument.dll, loaded, initialized, instrumentlib options:none

dbghelp: loaded successfully - version: 4.0.5 - missing functions: none
symbol engine: initialized successfully - sym options: 0x614 - pdb path: .;c:\Users\Razza\.vscode\extensions\redhat.java-1.54.0-win32-x64\jre\21.0.10-win32-x86_64\bin;C:\WINDOWS\SYSTEM32;C:\WINDOWS\WinSxS\amd64_microsoft.windows.common-controls_6595b64144ccf1df_6.0.26100.7019_none_3e06ffa0e335b8a8;c:\Users\Razza\.vscode\extensions\redhat.java-1.54.0-win32-x64\jre\21.0.10-win32-x86_64\bin\server

VM Arguments:
jvm_args: --add-modules=ALL-SYSTEM --add-opens=java.base/java.util=ALL-UNNAMED --add-opens=java.base/java.lang=ALL-UNNAMED --add-opens=java.base/sun.nio.fs=ALL-UNNAMED -Declipse.application=org.eclipse.jdt.ls.core.id1 -Dosgi.bundles.defaultStartLevel=4 -Declipse.product=org.eclipse.jdt.ls.core.product -Djava.import.generatesMetadataFilesAtProjectRoot=false -DDetectVMInstallationsJob.disabled=true -Dfile.encoding=utf8 -XX:+UseParallelGC -XX:GCTimeRatio=4 -XX:AdaptiveSizePolicyWeight=90 -Dsun.zip.disableMemoryMapping=true -Xmx2G -Xms100m -Xlog:disable -javaagent:c:\Users\Razza\.vscode\extensions\redhat.java-1.54.0-win32-x64\lombok\lombok-1.18.39-4050.jar 
java_command: c:\Users\Razza\.vscode\extensions\redhat.java-1.54.0-win32-x64\server\plugins\org.eclipse.equinox.launcher_1.7.100.v20251111-0406.jar -configuration c:\Users\Razza\AppData\Roaming\Code\User\globalStorage\redhat.java\1.54.0\config_ss_win -data c:\Users\Razza\AppData\Roaming\Code\User\workspaceStorage\258973467f62c406ef5ee91e612777d0\redhat.java\ss_ws --pipe=\\.\pipe\lsp-018821a05f2c4cadac1593174775b7c1-sock
java_class_path (initial): c:\Users\Razza\.vscode\extensions\redhat.java-1.54.0-win32-x64\server\plugins\org.eclipse.equinox.launcher_1.7.100.v20251111-0406.jar
Launcher Type: SUN_STANDARD

[Global flags]
    uintx AdaptiveSizePolicyWeight                 = 90                                        {product} {command line}
     intx CICompilerCount                          = 4                                         {product} {ergonomic}
    uintx GCTimeRatio                              = 4                                         {product} {command line}
   size_t InitialHeapSize                          = 104857600                                 {product} {command line}
   size_t MaxHeapSize                              = 2147483648                                {product} {command line}
   size_t MaxNewSize                               = 715653120                                 {product} {ergonomic}
   size_t MinHeapDeltaBytes                        = 524288                                    {product} {ergonomic}
   size_t MinHeapSize                              = 104857600                                 {product} {command line}
   size_t NewSize                                  = 34603008                                  {product} {ergonomic}
    uintx NonNMethodCodeHeapSize                   = 5839372                                {pd product} {ergonomic}
    uintx NonProfiledCodeHeapSize                  = 122909434                              {pd product} {ergonomic}
   size_t OldSize                                  = 70254592                                  {product} {ergonomic}
    uintx ProfiledCodeHeapSize                     = 122909434                              {pd product} {ergonomic}
    uintx ReservedCodeCacheSize                    = 251658240                              {pd product} {ergonomic}
     bool SegmentedCodeCache                       = true                                      {product} {ergonomic}
   size_t SoftMaxHeapSize                          = 2147483648                             {manageable} {ergonomic}
     bool UseCompressedOops                        = true                           {product lp64_product} {ergonomic}
     bool UseLargePagesIndividualAllocation        = false                                  {pd product} {ergonomic}
     bool UseParallelGC                            = true                                      {product} {command line}

Logging:
Log output configuration:
 #0: stdout all=off uptime,level,tags foldmultilines=false
 #1: stderr all=off uptime,level,tags foldmultilines=false

Release file:
<release file has not been read>
Environment Variables:
PATH=C:\Users\Razza\AppData\Local\Programs\Microsoft VS Code;C:\Program Files\Common Files\Oracle\Java\javapath;C:\WINDOWS\system32;C:\WINDOWS;C:\WINDOWS\System32\Wbem;C:\WINDOWS\System32\WindowsPowerShell\v1.0\;C:\WINDOWS\System32\OpenSSH\;C:\Program Files\nodejs\;C:\Program Files\Git\cmd;C:\Program Files\dotnet\;C:\Program Files\PuTTY\;C:\Program Files\Cloudflare\Cloudflare WARP\;C:\Users\Razza\.local\bin;C:\Users\Razza\AppData\Local\Programs\Eclipse Adoptium\jdk-25.0.2.10-hotspot\bin;C:\Users\Razza\AppData\Local\Programs\Python\Launcher\;C:\Program Files\Common Files\Oracle\Java\javapath;C:\WINDOWS\system32;C:\WINDOWS;C:\WINDOWS\System32\Wbem;C:\WINDOWS\System32\WindowsPowerShell\v1.0\;C:\WINDOWS\System32\OpenSSH\;C:\Program Files\PuTTY\;C:\Program Files\nodejs\;C:\Program Files\Git\cmd;C:\Program Files\Cloudflare\Cloudflare WARP\;C:\Program Files\dotnet\;C:\Users\Razza\AppData\Local\Microsoft\WindowsApps;C:\xampp\php;C:\Users\Razza\AppData\Local\ComposerSetup\bin;C:\Users\Razza\AppData\Roaming\Composer\vendor\bin;C:\Users\Razza\AppData\Roaming\npm;C:\Users\Razza\AppData\Local\Python\PythonCore-3.14-64\Scripts;C:\Program Files (x86)\Nmap;C:\Users\Razza\AppData\Local\Programs\Windsurf\bin;C:\Users\Razza\AppData\Local\Kiro-Cli\;C:\Users\Razza\AppData\Local\Programs\Microsoft VS Code\bin;C:\Users\Razza\AppData\Local\Programs\Kiro\bin
USERNAME=Razza
OS=Windows_NT
PROCESSOR_IDENTIFIER=AMD64 Family 23 Model 160 Stepping 0, AuthenticAMD
TMP=C:\Users\Razza\AppData\Local\Temp
TEMP=C:\Users\Razza\AppData\Local\Temp




Periodic native trim disabled

---------------  S Y S T E M  ---------------

OS:
 Windows 11 , 64 bit Build 26100 (10.0.26100.7019)
OS uptime: 0 days 1:37 hours
Hyper-V role detected

CPU: total 8 (initial active 8) (8 cores per cpu, 2 threads per core) family 23 model 160 stepping 0 microcode 0x8a0000a, cx8, cmov, fxsr, ht, mmx, 3dnowpref, sse, sse2, sse3, ssse3, sse4a, sse4.1, sse4.2, popcnt, lzcnt, tsc, tscinvbit, avx, avx2, aes, clmul, bmi1, bmi2, adx, sha, fma, vzeroupper, clflush, clflushopt, hv, rdtscp, rdpid, f16c
Processor Information for the first 8 processors :
  Max Mhz: 2801, Current Mhz: 2801, Mhz Limit: 2801

Memory: 4k page, system-wide physical 15610M (2636M free)
TotalPageFile size 24045M (AvailPageFile size 0M)
current process WorkingSet (physical memory assigned to process): 42M, peak: 42M
current process commit charge ("private bytes"): 223M, peak: 223M

vm_info: OpenJDK 64-Bit Server VM (21.0.10+7-LTS) for windows-amd64 JRE (21.0.10+7-LTS), built on 2026-01-20T00:00:00Z by "admin" with MS VC++ 17.12 (VS2022)

END.
